Component: ARM Compiler 5.06 update 7 (build 960) Tool: armlink [4d3601]

==============================================================================

Section Cross References

    main.o(.text) refers to system_swm320.o(.text) for SystemInit
    main.o(.text) refers to tasks.o(.text) for vTaskStartScheduler
    main.o(.text) refers to task_start.o(.data) for task_start
    io_config.o(.text) refers to printfa.o(i.__0printf) for __2printf
    io_config.o(.text) refers to swm320_port.o(.text) for PORT_Init
    io_config.o(.text) refers to swm320_gpio.o(.text) for GPIO_Init
    io_config.o(.text) refers to io_config.o(.constdata) for .constdata
    io_config.o(.constdata) refers to io_config.o(.conststring) for .conststring
    cmd_line.o(.text) refers to strchr.o(.text) for strchr
    cmd_line.o(.text) refers to printfa.o(i.__0printf) for __2printf
    cmd_line.o(.text) refers to strcmp.o(.text) for strcmp
    cmd_line.o(.text) refers to io_config.o(.text) for io_print_all
    cmd_line.o(.text) refers to tasks.o(.text) for xTaskGetTickCount
    cmd_line.o(.text) refers to memseta.o(.text) for __aeabi_memclr
    cmd_line.o(.text) refers to memcpya.o(.text) for __aeabi_memcpy
    cmd_line.o(.text) refers to cmd_line.o(.constdata) for .constdata
    cmd_line.o(.text) refers to drv_gpio.o(.data) for drv_gpio
    cmd_line.o(.text) refers to system_swm320.o(.data) for SystemCoreClock
    cmd_line.o(.text) refers to cmd_line.o(.data) for .data
    cmd_line.o(.text) refers to cmd_line.o(.bss) for .bss
    cmd_line.o(.text) refers to drv_uart0.o(.data) for uart0
    cmd_line.o(.constdata) refers to cmd_line.o(.conststring) for .conststring
    cmd_line.o(.constdata) refers to cmd_line.o(.text) for cmd_test
    led_board.o(.text) refers to memseta.o(.text) for __aeabi_memset
    led_board.o(.text) refers to led_board.o(.data) for .data
    led_board.o(.text) refers to drv_hc595.o(.data) for hc595_opt
    led_board.o(.text) refers to led_board.o(.bss) for .bss
    led_board.o(.text) refers to led_board.o(.constdata) for .constdata
    led_board.o(.data) refers to led_board.o(.text) for do_init
    led_board.o(.data) refers to led_board.o(.data) for m_led_board
    task_start.o(.text) refers to printfa.o(i.__0printf) for __2printf
    task_start.o(.text) refers to io_config.o(.text) for io_init_all
    task_start.o(.text) refers to tasks.o(.text) for vTaskDelay
    task_start.o(.text) refers to system_swm320.o(.data) for SystemCoreClock
    task_start.o(.text) refers to task_start.o(.conststring) for .conststring
    task_start.o(.text) refers to drv_uart0.o(.data) for uart0
    task_start.o(.text) refers to sysprt.o(.data) for sysprt
    task_start.o(.text) refers to drv_gpio.o(.data) for drv_gpio
    task_start.o(.text) refers to led_board.o(.data) for led_board
    task_start.o(.text) refers to drv_hlw8012.o(.data) for drv_hlw8012
    task_start.o(.text) refers to drv_fuse.o(.data) for drv_fuse
    task_start.o(.text) refers to task_host.o(.data) for task_host
    task_start.o(.text) refers to task_listen.o(.data) for task_listen
    task_start.o(.text) refers to task_ctrl.o(.data) for task_ctrl
    task_start.o(.text) refers to task_start.o(.data) for .data
    task_start.o(.data) refers to task_start.o(.data) for handle
    task_start.o(.data) refers to task_start.o(.conststring) for .conststring
    task_start.o(.data) refers to task_start.o(.text) for create
    task_start.o(.data) refers to task_start.o(.data) for m_task_body
    task_start.o(.data) refers to task_start.o(.data) for m_task_body
    task_host.o(.text) refers to tasks.o(.text) for xTaskGetTickCount
    task_host.o(.text) refers to cmd_line.o(.text) for cmd_line_work
    task_host.o(.text) refers to sysprt.o(.data) for sysprt
    task_host.o(.text) refers to led_board.o(.data) for led_board
    task_host.o(.text) refers to drv_gpio.o(.data) for drv_gpio
    task_host.o(.text) refers to task_host.o(.data) for .data
    task_host.o(.data) refers to task_host.o(.data) for handle
    task_host.o(.data) refers to task_host.o(.conststring) for .conststring
    task_host.o(.data) refers to task_host.o(.text) for create
    task_host.o(.data) refers to task_host.o(.data) for m_task_body
    task_host.o(.data) refers to task_host.o(.data) for m_task_body
    task_ctrl.o(.text) refers to tasks.o(.text) for vTaskDelay
    task_ctrl.o(.text) refers to sysprt.o(.data) for sysprt
    task_ctrl.o(.text) refers to task_ctrl.o(.data) for .data
    task_ctrl.o(.data) refers to task_ctrl.o(.data) for handle
    task_ctrl.o(.data) refers to task_ctrl.o(.conststring) for .conststring
    task_ctrl.o(.data) refers to task_ctrl.o(.text) for create
    task_ctrl.o(.data) refers to task_ctrl.o(.data) for m_task_body
    task_ctrl.o(.data) refers to task_ctrl.o(.data) for m_task_body
    task_listen.o(.text) refers to tasks.o(.text) for vTaskDelay
    task_listen.o(.text) refers to sysprt.o(.data) for sysprt
[...]
    ../fplib/microlib/fpepilogue.c           0x00000000   Number         0  depilogue.o ABSOLUTE
    ../fplib/microlib/fpfix.c                0x00000000   Number         0  dfixul.o ABSOLUTE
    ../fplib/microlib/fpmul.c                0x00000000   Number         0  dmul.o ABSOLUTE
    App\\cmd_line.c                          0x00000000   Number         0  cmd_line.o ABSOLUTE
    App\\io_config.c                         0x00000000   Number         0  io_config.o ABSOLUTE
    App\\led_board.c                         0x00000000   Number         0  led_board.o ABSOLUTE
    App\\main.c                              0x00000000   Number         0  main.o ABSOLUTE
    App\\task\\task_ctrl.c                   0x00000000   Number         0  task_ctrl.o ABSOLUTE
    App\\task\\task_host.c                   0x00000000   Number         0  task_host.o ABSOLUTE
    App\\task\\task_listen.c                 0x00000000   Number         0  task_listen.o ABSOLUTE
    App\\task\\task_start.c                  0x00000000   Number         0  task_start.o ABSOLUTE
    App\cmd_line.c                           0x00000000   Number         0  cmd_line.o ABSOLUTE
    App\io_config.c                          0x00000000   Number         0  io_config.o ABSOLUTE
    App\led_board.c                          0x00000000   Number         0  led_board.o ABSOLUTE
    App\main.c                               0x00000000   Number         0  main.o ABSOLUTE
    App\task\task_ctrl.c                     0x00000000   Number         0  task_ctrl.o ABSOLUTE
    App\task\task_host.c                     0x00000000   Number         0  task_host.o ABSOLUTE
    App\task\task_listen.c                   0x00000000   Number         0  task_listen.o ABSOLUTE
    App\task\task_start.c                    0x00000000   Number         0  task_start.o ABSOLUTE
    CMSIS\\system_SWM320.c                   0x00000000   Number         0  system_swm320.o ABSOLUTE
    CMSIS\startup_SWM320.s                   0x00000000   Number         0  startup_swm320.o ABSOLUTE
    CMSIS\system_SWM320.c                    0x00000000   Number         0  system_swm320.o ABSOLUTE
    FreeRTOS\\portable\\RVDS\\ARM_CM3\\port.c 0x00000000   Number         0  port.o ABSOLUTE
    FreeRTOS\croutine.c                      0x00000000   Number         0  croutine.o ABSOLUTE
    FreeRTOS\event_groups.c                  0x00000000   Number         0  event_groups.o ABSOLUTE
    FreeRTOS\list.c                          0x00000000   Number         0  list.o ABSOLUTE
    FreeRTOS\portable\MemMang\heap_4.c       0x00000000   Number         0  heap_4.o ABSOLUTE
    FreeRTOS\portable\RVDS\ARM_CM3\port.c    0x00000000   Number         0  port.o ABSOLUTE
    FreeRTOS\queue.c                         0x00000000   Number         0  queue.o ABSOLUTE
    FreeRTOS\tasks.c                         0x00000000   Number         0  tasks.o ABSOLUTE
    FreeRTOS\timers.c                        0x00000000   Number         0  timers.o ABSOLUTE
    StdLib\SWM320_adc.c                      0x00000000   Number         0  swm320_adc.o ABSOLUTE
    StdLib\SWM320_can.c                      0x00000000   Number         0  swm320_can.o ABSOLUTE
    StdLib\SWM320_crc.c                      0x00000000   Number         0  swm320_crc.o ABSOLUTE
    StdLib\SWM320_dma.c                      0x00000000   Number         0  swm320_dma.o ABSOLUTE
    StdLib\SWM320_exti.c                     0x00000000   Number         0  swm320_exti.o ABSOLUTE
    StdLib\SWM320_flash.c                    0x00000000   Number         0  swm320_flash.o ABSOLUTE
    StdLib\SWM320_gpio.c                     0x00000000   Number         0  swm320_gpio.o ABSOLUTE
    StdLib\SWM320_i2c.c                      0x00000000   Number         0  swm320_i2c.o ABSOLUTE
    StdLib\SWM320_lcd.c                      0x00000000   Number         0  swm320_lcd.o ABSOLUTE
    StdLib\SWM320_port.c                     0x00000000   Number         0  swm320_port.o ABSOLUTE
    StdLib\SWM320_pwm.c                      0x00000000   Number         0  swm320_pwm.o ABSOLUTE
    StdLib\SWM320_rtc.c                      0x00000000   Number         0  swm320_rtc.o ABSOLUTE
    StdLib\SWM320_sdio.c                     0x00000000   Number         0  swm320_sdio.o ABSOLUTE
    StdLib\SWM320_spi.c                      0x00000000   Number         0  swm320_spi.o ABSOLUTE
    StdLib\SWM320_timr.c                     0x00000000   Number         0  swm320_timr.o ABSOLUTE
    StdLib\SWM320_uart.c                     0x00000000   Number         0  swm320_uart.o ABSOLUTE
    StdLib\SWM320_wdt.c                      0x00000000   Number         0  swm320_wdt.o ABSOLUTE
    StdLib\\SWM320_adc.c                     0x00000000   Number         0  swm320_adc.o ABSOLUTE
    StdLib\\SWM320_can.c                     0x00000000   Number         0  swm320_can.o ABSOLUTE
    StdLib\\SWM320_crc.c                     0x00000000   Number         0  swm320_crc.o ABSOLUTE
    StdLib\\SWM320_dma.c                     0x00000000   Number         0  swm320_dma.o ABSOLUTE
    StdLib\\SWM320_exti.c                    0x00000000   Number         0  swm320_exti.o ABSOLUTE
    StdLib\\SWM320_flash.c                   0x00000000   Number         0  swm320_flash.o ABSOLUTE
    StdLib\\SWM320_gpio.c                    0x00000000   Number         0  swm320_gpio.o ABSOLUTE
    StdLib\\SWM320_i2c.c                     0x00000000   Number         0  swm320_i2c.o ABSOLUTE
    StdLib\\SWM320_lcd.c                     0x00000000   Number         0  swm320_lcd.o ABSOLUTE
    StdLib\\SWM320_port.c                    0x00000000   Number         0  swm320_port.o ABSOLUTE
    StdLib\\SWM320_pwm.c                     0x00000000   Number         0  swm320_pwm.o ABSOLUTE
    StdLib\\SWM320_rtc.c                     0x00000000   Number         0  swm320_rtc.o ABSOLUTE
    StdLib\\SWM320_sdio.c                    0x00000000   Number         0  swm320_sdio.o ABSOLUTE
    StdLib\\SWM320_spi.c                     0x00000000   Number         0  swm320_spi.o ABSOLUTE
    StdLib\\SWM320_timr.c                    0x00000000   Number         0  swm320_timr.o ABSOLUTE
    StdLib\\SWM320_uart.c                    0x00000000   Number         0  swm320_uart.o ABSOLUTE
    StdLib\\SWM320_wdt.c                     0x00000000   Number         0  swm320_wdt.o ABSOLUTE
    cdrcmple.s                               0x00000000   Number         0  cdrcmple.o ABSOLUTE
    dc.s                                     0x00000000   Number         0  dc.o ABSOLUTE
    drv\\drv_fuse.c                          0x00000000   Number         0  drv_fuse.o ABSOLUTE
    drv\\drv_hlw8012.c                       0x00000000   Number         0  drv_hlw8012.o ABSOLUTE
    drv\\drv_uart0.c                         0x00000000   Number         0  drv_uart0.o ABSOLUTE
    drv\drv_fuse.c                           0x00000000   Number         0  drv_fuse.o ABSOLUTE
    drv\drv_gpio.c                           0x00000000   Number         0  drv_gpio.o ABSOLUTE
    drv\drv_hc595.c                          0x00000000   Number         0  drv_hc595.o ABSOLUTE
    drv\drv_hlw8012.c                        0x00000000   Number         0  drv_hlw8012.o ABSOLUTE
    drv\drv_loop.c                           0x00000000   Number         0  drv_loop.o ABSOLUTE
    drv\drv_uart0.c                          0x00000000   Number         0  drv_uart0.o ABSOLUTE
    drvp\\drvp_gpio.c                        0x00000000   Number         0  drvp_gpio.o ABSOLUTE
    drvp\\drvp_uart0.c                       0x00000000   Number         0  drvp_uart0.o ABSOLUTE
    drvp\drvp_gpio.c                         0x00000000   Number         0  drvp_gpio.o ABSOLUTE
    drvp\drvp_uart0.c                        0x00000000   Number         0  drvp_uart0.o ABSOLUTE
    handlers.s                               0x00000000   Number         0  handlers.o ABSOLUTE
    init.s                                   0x00000000   Number         0  init.o ABSOLUTE
    softpack\\sysprt\\sysprt.c               0x00000000   Number         0  sysprt.o ABSOLUTE
    softpack\sysprt\sysprt.c                 0x00000000   Number         0  sysprt.o ABSOLUTE
    .ARM.Collect$$$$00000000                 0x00000148   Section        0  entry.o(.ARM.Collect$$$$00000000)
    .ARM.Collect$$$$00000001                 0x00000148   Section        4  entry2.o(.ARM.Collect$$$$00000001)
    .ARM.Collect$$$$00000004                 0x0000014c   Section        4  entry5.o(.ARM.Collect$$$$00000004)
    .ARM.Collect$$$$00000008                 0x00000150   Section        0  entry7b.o(.ARM.Collect$$$$00000008)
    .ARM.Collect$$$$0000000A                 0x00000150   Section        0  entry8b.o(.ARM.Collect$$$$0000000A)
    .ARM.Collect$$$$0000000B                 0x00000150   Section        8  entry9a.o(.ARM.Collect$$$$0000000B)
    .ARM.Collect$$$$0000000E                 0x00000158   Section        4  entry12b.o(.ARM.Collect$$$$0000000E)
    .ARM.Collect$$$$0000000F                 0x0000015c   Section        0  entry10a.o(.ARM.Collect$$$$0000000F)
    .ARM.Collect$$$$00000011                 0x0000015c   Section        0  entry11a.o(.ARM.Collect$$$$00000011)
    .ARM.Collect$$$$00002712                 0x0000015c   Section        4  entry2.o(.ARM.Collect$$$$00002712)
    __lit__00000000                          0x0000015c   Data           4  entry2.o(.ARM.Collect$$$$00002712)
    .emb_text                                0x00000160   Section      150  port.o(.emb_text)
    .text                                    0x000001f8   Section        0  main.o(.text)
    .text                                    0x00000214   Section        0  io_config.o(.text)
    .text                                    0x00000328   Section        0  cmd_line.o(.text)
    split_string_n                           0x00000329   Thumb Code   102  cmd_line.o(.text)
    cmd_test                                 0x0000038f   Thumb Code    40  cmd_line.o(.text)
    cmd_clear                                0x000003b7   Thumb Code    12  cmd_line.o(.text)
    cmd_help                                 0x000003c3   Thumb Code    40  cmd_line.o(.text)
    cmd_reboot                               0x000003eb   Thumb Code    30  cmd_line.o(.text)
    cmd_led                                  0x00000409   Thumb Code    94  cmd_line.o(.text)
    cmd_relay                                0x00000467   Thumb Code   148  cmd_line.o(.text)
    cmd_io                                   0x000004fb   Thumb Code    10  cmd_line.o(.text)
    cmd_info                                 0x00000505   Thumb Code    46  cmd_line.o(.text)
    .text                                    0x00000808   Section        0  led_board.o(.text)
    set_bit                                  0x00000809   Thumb Code    58  led_board.o(.text)
    refresh                                  0x00000843   Thumb Code    28  led_board.o(.text)
    do_init                                  0x0000085f   Thumb Code    62  led_board.o(.text)
    do_set_net                               0x0000089d   Thumb Code    16  led_board.o(.text)
    do_set_fuse                              0x000008ad   Thumb Code    16  led_board.o(.text)
    do_set_sock                              0x000008bd   Thumb Code    82  led_board.o(.text)
    do_work                                  0x0000090f   Thumb Code   132  led_board.o(.text)
    .text                                    0x000009a4   Section        0  task_start.o(.text)
    show_banner                              0x000009a5   Thumb Code    64  task_start.o(.text)
    task_entry                               0x000009e5   Thumb Code   174  task_start.o(.text)
    create                                   0x00000a93   Thumb Code    30  task_start.o(.text)
    .text                                    0x00000bf4   Section        0  task_host.o(.text)
    task_entry                               0x00000bf5   Thumb Code    78  task_host.o(.text)
    create                                   0x00000c43   Thumb Code    30  task_host.o(.text)
    .text                                    0x00000c74   Section        0  task_ctrl.o(.text)
    task_entry                               0x00000c75   Thumb Code    18  task_ctrl.o(.text)
    create                                   0x00000c87   Thumb Code    30  task_ctrl.o(.text)
    .text                                    0x00000cd0   Section        0  task_listen.o(.text)
    task_entry                               0x00000cd1   Thumb Code    56  task_listen.o(.text)
    create                                   0x00000d09   Thumb Code    30  task_listen.o(.text)
    .text                                    0x00000d6c   Section        0  drv_uart0.o(.text)
    uart0_rx_handler                         0x00000d6d   Thumb Code    14  drv_uart0.o(.text)
    uart0_tx_handler                         0x00000d7b   Thumb Code    32  drv_uart0.o(.text)
    kick_tx                                  0x00000d9b   Thumb Code    46  drv_uart0.o(.text)
    do_init                                  0x00000dc9   Thumb Code    72  drv_uart0.o(.text)
    do_read_rx_buf                           0x00000e11   Thumb Code    16  drv_uart0.o(.text)
    do_send                                  0x00000e21   Thumb Code    42  drv_uart0.o(.text)
    do_send_byte                             0x00000e4b   Thumb Code    22  drv_uart0.o(.text)
    do_clear_rx_buf                          0x00000e61   Thumb Code    12  drv_uart0.o(.text)
    .text                                    0x00000e90   Section        0  drv_gpio.o(.text)
    do_read                                  0x00000e91   Thumb Code     8  drv_gpio.o(.text)
    do_write                                 0x00000e99   Thumb Code     8  drv_gpio.o(.text)
    do_set_mode                              0x00000ea1   Thumb Code     8  drv_gpio.o(.text)
    do_attach_irq                            0x00000ea9   Thumb Code    14  drv_gpio.o(.text)
    do_detach_irq                            0x00000eb7   Thumb Code     8  drv_gpio.o(.text)
    do_irq_enable                            0x00000ebf   Thumb Code     8  drv_gpio.o(.text)
    .text                                    0x00000ecc   Section        0  drv_loop.o(.text)
    do_read                                  0x00000ecd   Thumb Code    42  drv_loop.o(.text)
    do_write                                 0x00000ef7   Thumb Code    34  drv_loop.o(.text)
    do_reset                                 0x00000f19   Thumb Code     8  drv_loop.o(.text)
    do_create                                0x00000f21   Thumb Code    22  drv_loop.o(.text)
    .text                                    0x00000f38   Section        0  drv_hc595.o(.text)
    delay_loop                               0x00000f39   Thumb Code    22  drv_hc595.o(.text)
    write_byte                               0x00000f4f   Thumb Code    68  drv_hc595.o(.text)
    do_init                                  0x00000f93   Thumb Code    70  drv_hc595.o(.text)
    do_write                                 0x00000fd9   Thumb Code    32  drv_hc595.o(.text)
    do_update                                0x00000ff9   Thumb Code    40  drv_hc595.o(.text)
    .text                                    0x00001024   Section        0  drv_hlw8012.o(.text)
    pulse_isr                                0x00001025   Thumb Code    34  drv_hlw8012.o(.text)
    do_init                                  0x00001047   Thumb Code    98  drv_hlw8012.o(.text)
    do_work                                  0x000010a9   Thumb Code   176  drv_hlw8012.o(.text)
    do_read_pulse                            0x00001159   Thumb Code    24  drv_hlw8012.o(.text)
    do_get_pulse                             0x00001171   Thumb Code    16  drv_hlw8012.o(.text)
    do_get_last_tick                         0x00001181   Thumb Code    18  drv_hlw8012.o(.text)
    .text                                    0x0000125c   Section        0  drv_fuse.o(.text)
    do_init                                  0x0000125d   Thumb Code    48  drv_fuse.o(.text)
    do_work                                  0x0000128d   Thumb Code   138  drv_fuse.o(.text)
    do_is_err                                0x00001317   Thumb Code     6  drv_fuse.o(.text)
    .text                                    0x00001390   Section        0  drvp_gpio.o(.text)
    get_pin                                  0x00001391   Thumb Code    24  drvp_gpio.o(.text)
    drvp_read                                0x000013a9   Thumb Code    24  drvp_gpio.o(.text)
    drvp_write                               0x000013c1   Thumb Code    40  drvp_gpio.o(.text)
    drvp_set_mode                            0x000013e9   Thumb Code    58  drvp_gpio.o(.text)
    drvp_attach_irq                          0x00001423   Thumb Code    30  drvp_gpio.o(.text)
    drvp_detach_irq                          0x00001441   Thumb Code    24  drvp_gpio.o(.text)
    drvp_irq_enable                          0x00001459   Thumb Code   244  drvp_gpio.o(.text)
    gpio_group_isr                           0x0000154d   Thumb Code   188  drvp_gpio.o(.text)
    .text                                    0x00001640   Section        0  drvp_uart0.o(.text)
    do_init                                  0x00001641   Thumb Code    84  drvp_uart0.o(.text)
    do_open                                  0x00001695   Thumb Code     6  drvp_uart0.o(.text)
    do_close                                 0x0000169b   Thumb Code     6  drvp_uart0.o(.text)
    do_write_byte                            0x000016a1   Thumb Code    24  drvp_uart0.o(.text)
    do_is_tx_busy                            0x000016b9   Thumb Code     6  drvp_uart0.o(.text)
    do_set_rx_callback                       0x000016bf   Thumb Code     6  drvp_uart0.o(.text)
    do_set_tx_callback                       0x000016c5   Thumb Code     6  drvp_uart0.o(.text)
    do_start_tx                              0x000016cb   Thumb Code    22  drvp_uart0.o(.text)
    do_stop_tx                               0x000016e1   Thumb Code    12  drvp_uart0.o(.text)
    do_enable_irq                            0x000016ed   Thumb Code    20  drvp_uart0.o(.text)
    .text                                    0x0000179c   Section        0  tasks.o(.text)
    prvInitialiseTaskLists                   0x0000179d   Thumb Code    78  tasks.o(.text)
    prvAddNewTaskToReadyList                 0x000017eb   Thumb Code   124  tasks.o(.text)
    prvInitialiseNewTask                     0x00001867   Thumb Code   122  tasks.o(.text)
    prvResetNextTaskUnblockTime              0x00001941   Thumb Code    30  tasks.o(.text)
    prvDeleteTCB                             0x0000195f   Thumb Code    20  tasks.o(.text)
    prvAddCurrentTaskToDelayedList           0x00001b53   Thumb Code   118  tasks.o(.text)
    prvTaskIsTaskSuspended                   0x00001e09   Thumb Code    30  tasks.o(.text)
    prvCheckTasksWaitingTermination          0x00001ef5   Thumb Code    76  tasks.o(.text)
    prvIdleTask                              0x00001f41   Thumb Code    30  tasks.o(.text)
    .text                                    0x0000254c   Section        0  queue.o(.text)
    prvInitialiseNewQueue                    0x000025bf   Thumb Code    22  queue.o(.text)
    prvUnlockQueue                           0x00002607   Thumb Code   106  queue.o(.text)
    prvIsQueueFull                           0x00002671   Thumb Code    30  queue.o(.text)
    prvCopyDataToQueue                       0x0000268f   Thumb Code   110  queue.o(.text)
    prvInitialiseMutex                       0x000027f1   Thumb Code    22  queue.o(.text)
    prvIsQueueEmpty                          0x000028d9   Thumb Code    26  queue.o(.text)
    prvCopyDataFromQueue                     0x000028f3   Thumb Code    40  queue.o(.text)
    .text                                    0x00002b3a   Section        0  list.o(.text)
    .text                                    0x00002bc4   Section        0  port.o(.text)
    prvTaskExitError                         0x00002bc5   Thumb Code    16  port.o(.text)
    .text                                    0x00002c84   Section        0  heap_4.o(.text)
    prvInsertBlockIntoFreeList               0x00002c85   Thumb Code    78  heap_4.o(.text)
    prvHeapInit                              0x00002cd3   Thumb Code    68  heap_4.o(.text)
    .text                                    0x00002e00   Section        0  swm320_exti.o(.text)
    .text                                    0x00002e98   Section        0  swm320_gpio.o(.text)
    .text                                    0x00003170   Section        0  swm320_flash.o(.text)
    .text                                    0x000031f8   Section        0  swm320_port.o(.text)
    .text                                    0x00003624   Section        0  swm320_uart.o(.text)
    NVIC_EnableIRQ                           0x0000395f   Thumb Code    22  swm320_uart.o(.text)
    NVIC_DisableIRQ                          0x00003975   Thumb Code    22  swm320_uart.o(.text)
    .text                                    0x00003994   Section        0  system_swm320.o(.text)
    delay_3ms                                0x00003a05   Thumb Code    44  system_swm320.o(.text)
    .text                                    0x00003bb8   Section      156  startup_swm320.o(.text)
    .text                                    0x00003c54   Section        0  sysprt.o(.text)
    do_send                                  0x00003c55   Thumb Code    56  sysprt.o(.text)
    do_send_from_isr                         0x00003c8d   Thumb Code    80  sysprt.o(.text)
    sysprt_log                               0x00003cdd   Thumb Code    22  sysprt.o(.text)
    sysprt_dlog                              0x00003cf3   Thumb Code    18  sysprt.o(.text)
    sysprt_alog                              0x00003d05   Thumb Code    18  sysprt.o(.text)
    sysprt_derr                              0x00003d17   Thumb Code    18  sysprt.o(.text)
    sysprt_aerr                              0x00003d29   Thumb Code    18  sysprt.o(.text)
    sysprt_irq_log                           0x00003d3b   Thumb Code    16  sysprt.o(.text)
    do_init                                  0x00003d4b   Thumb Code    30  sysprt.o(.text)
    do_work                                  0x00003d69   Thumb Code   106  sysprt.o(.text)
    .text                                    0x00003df4   Section        0  memcpya.o(.text)
    .text                                    0x00003e18   Section        0  memseta.o(.text)
    .text                                    0x00003e3c   Section        0  strchr.o(.text)
    .text                                    0x00003e50   Section        0  strcmp.o(.text)
    .text                                    0x00003e6c   Section        0  uidiv.o(.text)
    .text                                    0x00003e98   Section        0  uldiv.o(.text)
    .text                                    0x00003efa   Section        0  dadd.o(.text)
    .text                                    0x00003efa   Section        0  iusefp.o(.text)
    .text                                    0x00004048   Section        0  dmul.o(.text)
    .text                                    0x0000412c   Section        0  ddiv.o(.text)
    .text                                    0x0000420a   Section        0  dfixul.o(.text)
    .text                                    0x0000423c   Section       48  cdrcmple.o(.text)
    .text                                    0x0000426c   Section       36  init.o(.text)
    .text                                    0x00004290   Section        0  llshl.o(.text)
    .text                                    0x000042ae   Section        0  llushr.o(.text)
    .text                                    0x000042ce   Section        0  llsshr.o(.text)
    .text                                    0x000042f2   Section        0  depilogue.o(.text)
    .text                                    0x000043ac   Section        0  __dczerorl2.o(.text)
    i.__0printf                              0x00004404   Section        0  printfa.o(i.__0printf)
    i.__0vsnprintf                           0x00004424   Section        0  printfa.o(i.__0vsnprintf)
    i.__scatterload_copy                     0x00004458   Section       14  handlers.o(i.__scatterload_copy)
    i.__scatterload_null                     0x00004466   Section        2  handlers.o(i.__scatterload_null)
    i.__scatterload_zeroinit                 0x00004468   Section       14  handlers.o(i.__scatterload_zeroinit)
    i._fp_digits                             0x00004478   Section        0  printfa.o(i._fp_digits)
    _fp_digits                               0x00004479   Thumb Code   366  printfa.o(i._fp_digits)
    i._printf_core                           0x000045fc   Section        0  printfa.o(i._printf_core)
    _printf_core                             0x000045fd   Thumb Code  1704  printfa.o(i._printf_core)
    i._printf_post_padding                   0x00004cb0   Section        0  printfa.o(i._printf_post_padding)
    _printf_post_padding                     0x00004cb1   Thumb Code    36  printfa.o(i._printf_post_padding)
    i._printf_pre_padding                    0x00004cd4   Section        0  printfa.o(i._printf_pre_padding)
    _printf_pre_padding                      0x00004cd5   Thumb Code    46  printfa.o(i._printf_pre_padding)
    i._snputc                                0x00004d02   Section        0  printfa.o(i._snputc)
    _snputc                                  0x00004d03   Thumb Code    22  printfa.o(i._snputc)
    .constdata                               0x00004d18   Section      168  io_config.o(.constdata)
    .constdata                               0x00004dc0   Section       73  cmd_line.o(.constdata)
    cmd_list                                 0x00004dc0   Data          64  cmd_line.o(.constdata)
    __func__                                 0x00004e00   Data           9  cmd_line.o(.constdata)
    .constdata                               0x00004e09   Section       14  led_board.o(.constdata)
    sock_led_map                             0x00004e09   Data          14  led_board.o(.constdata)
    .constdata                               0x00004e18   Section        8  drv_hlw8012.o(.constdata)
    pin_map                                  0x00004e18   Data           8  drv_hlw8012.o(.constdata)
    .conststring                             0x00004e20   Section       55  io_config.o(.conststring)
    .conststring                             0x00004e58   Section       54  cmd_line.o(.conststring)
    .conststring                             0x00004e90   Section       25  task_start.o(.conststring)
    .conststring                             0x00004eac   Section       65  task_start.o(.conststring)
    .conststring                             0x00004ef0   Section       25  task_host.o(.conststring)
    .conststring                             0x00004f0c   Section       25  task_ctrl.o(.conststring)
    .conststring                             0x00004f28   Section       25  task_listen.o(.conststring)
    .conststring                             0x00004f44   Section      253  drvp_gpio.o(.conststring)
    .data                                    0x20000000   Section        8  cmd_line.o(.data)
    cmd_len                                  0x20000000   Data           4  cmd_line.o(.data)
    sta                                      0x20000004   Data           4  cmd_line.o(.data)
    .data                                    0x20000008   Section       20  led_board.o(.data)
    m_led_board                              0x20000008   Data          20  led_board.o(.data)
    .data                                    0x2000001c   Section        4  led_board.o(.data)
    .data                                    0x20000020   Section       12  led_board.o(.data)
    disp                                     0x20000020   Data           2  led_board.o(.data)
    sock_mode                                0x20000022   Data           2  led_board.o(.data)
    sock_pos                                 0x20000024   Data           2  led_board.o(.data)
    work_tick                                0x20000028   Data           4  led_board.o(.data)
    .data                                    0x2000002c   Section       36  task_start.o(.data)
    m_task_body                              0x2000002c   Data          36  task_start.o(.data)
    .data                                    0x20000050   Section        4  task_start.o(.data)
    task_body                                0x20000050   Data           4  task_start.o(.data)
    .data                                    0x20000054   Section        4  task_start.o(.data)
    .data                                    0x20000058   Section        4  task_start.o(.data)
    handle                                   0x20000058   Data           4  task_start.o(.data)
    .data                                    0x2000005c   Section       36  task_host.o(.data)
    m_task_body                              0x2000005c   Data          36  task_host.o(.data)
    .data                                    0x20000080   Section        4  task_host.o(.data)
    task_body                                0x20000080   Data           4  task_host.o(.data)
    .data                                    0x20000084   Section        4  task_host.o(.data)
    .data                                    0x20000088   Section        4  task_host.o(.data)
    handle                                   0x20000088   Data           4  task_host.o(.data)
    .data                                    0x2000008c   Section       36  task_ctrl.o(.data)
    m_task_body                              0x2000008c   Data          36  task_ctrl.o(.data)
    .data                                    0x200000b0   Section        4  task_ctrl.o(.data)
    task_body                                0x200000b0   Data           4  task_ctrl.o(.data)
    .data                                    0x200000b4   Section        4  task_ctrl.o(.data)
    .data                                    0x200000b8   Section        4  task_ctrl.o(.data)
    handle                                   0x200000b8   Data           4  task_ctrl.o(.data)
    .data                                    0x200000bc   Section       36  task_listen.o(.data)
    m_task_body                              0x200000bc   Data          36  task_listen.o(.data)
    .data                                    0x200000e0   Section        4  task_listen.o(.data)
    task_body                                0x200000e0   Data           4  task_listen.o(.data)
    .data                                    0x200000e4   Section        4  task_listen.o(.data)
    .data                                    0x200000e8   Section        4  task_listen.o(.data)
    handle                                   0x200000e8   Data           4  task_listen.o(.data)
    .data                                    0x200000ec   Section       12  drv_uart0.o(.data)
    g_uart0_rx                               0x200000ec   Data           4  drv_uart0.o(.data)
    g_uart0_tx                               0x200000f0   Data           4  drv_uart0.o(.data)
    tx_running                               0x200000f4   Data           4  drv_uart0.o(.data)
    .data                                    0x200000f8   Section       20  drv_uart0.o(.data)
    m_uart0                                  0x200000f8   Data          20  drv_uart0.o(.data)
    .data                                    0x2000010c   Section        4  drv_uart0.o(.data)
    .data                                    0x20000110   Section       24  drv_gpio.o(.data)
    m_drv_gpio                               0x20000110   Data          24  drv_gpio.o(.data)
    .data                                    0x20000128   Section        4  drv_gpio.o(.data)
    .data                                    0x2000012c   Section       16  drv_loop.o(.data)
    m_loop                                   0x2000012c   Data          16  drv_loop.o(.data)
    .data                                    0x2000013c   Section        4  drv_loop.o(.data)
    .data                                    0x20000140   Section       12  drv_hc595.o(.data)
    m_hc595_opt                              0x20000140   Data          12  drv_hc595.o(.data)
    .data                                    0x2000014c   Section        4  drv_hc595.o(.data)
    .data                                    0x20000150   Section       20  drv_hlw8012.o(.data)
    m_drv_hlw8012                            0x20000150   Data          20  drv_hlw8012.o(.data)
    .data                                    0x20000164   Section        4  drv_hlw8012.o(.data)
    .data                                    0x20000168   Section       40  drv_hlw8012.o(.data)
    otick_cyc                                0x20000168   Data           4  drv_hlw8012.o(.data)
    min_cntr                                 0x2000016c   Data           4  drv_hlw8012.o(.data)
    min_pulse                                0x20000170   Data           8  drv_hlw8012.o(.data)
    pulse                                    0x20000178   Data           8  drv_hlw8012.o(.data)
    last_tick                                0x20000180   Data           8  drv_hlw8012.o(.data)
    isr_arg                                  0x20000188   Data           8  drv_hlw8012.o(.data)
    .data                                    0x20000190   Section       24  drv_fuse.o(.data)
    sta                                      0x20000190   Data           1  drv_fuse.o(.data)
    fuse_err                                 0x20000194   Data           4  drv_fuse.o(.data)
    otick                                    0x20000198   Data           4  drv_fuse.o(.data)
    otick_sec                                0x2000019c   Data           4  drv_fuse.o(.data)
    pulse                                    0x200001a0   Data           4  drv_fuse.o(.data)
    init_done                                0x200001a4   Data           4  drv_fuse.o(.data)
    .data                                    0x200001a8   Section       12  drv_fuse.o(.data)
    m_drv_fuse                               0x200001a8   Data          12  drv_fuse.o(.data)
    .data                                    0x200001b4   Section        4  drv_fuse.o(.data)
    .data                                    0x200001b8   Section     2080  drvp_gpio.o(.data)
    swm32_pin_map                            0x200001b8   Data        2080  drvp_gpio.o(.data)
    .data                                    0x200009d8   Section       24  drvp_gpio.o(.data)
    m_drvp_gpio                              0x200009d8   Data          24  drvp_gpio.o(.data)
    .data                                    0x200009f0   Section        4  drvp_gpio.o(.data)
    .data                                    0x200009f4   Section        8  drvp_uart0.o(.data)
    rx_callback                              0x200009f4   Data           4  drvp_uart0.o(.data)
    tx_callback                              0x200009f8   Data           4  drvp_uart0.o(.data)
    .data                                    0x200009fc   Section       40  drvp_uart0.o(.data)
    m_drvp_uart0                             0x200009fc   Data          40  drvp_uart0.o(.data)
    .data                                    0x20000a24   Section        4  drvp_uart0.o(.data)
    .data                                    0x20000a28   Section       60  tasks.o(.data)
    uxDeletedTasksWaitingCleanUp             0x20000a2c   Data           4  tasks.o(.data)
    uxCurrentNumberOfTasks                   0x20000a30   Data           4  tasks.o(.data)
    xTickCount                               0x20000a34   Data           4  tasks.o(.data)
    uxTopReadyPriority                       0x20000a38   Data           4  tasks.o(.data)
    xSchedulerRunning                        0x20000a3c   Data           4  tasks.o(.data)
    uxPendedTicks                            0x20000a40   Data           4  tasks.o(.data)
    xYieldPending                            0x20000a44   Data           4  tasks.o(.data)
    xNumOfOverflows                          0x20000a48   Data           4  tasks.o(.data)
    uxTaskNumber                             0x20000a4c   Data           4  tasks.o(.data)
    xNextTaskUnblockTime                     0x20000a50   Data           4  tasks.o(.data)
    xIdleTaskHandle                          0x20000a54   Data           4  tasks.o(.data)
    uxSchedulerSuspended                     0x20000a58   Data           4  tasks.o(.data)
    pxDelayedTaskList                        0x20000a5c   Data           4  tasks.o(.data)
    pxOverflowDelayedTaskList                0x20000a60   Data           4  tasks.o(.data)
    .data                                    0x20000a64   Section        4  port.o(.data)
    uxCriticalNesting                        0x20000a64   Data           4  port.o(.data)
    .data                                    0x20000a68   Section       24  heap_4.o(.data)
    pxEnd                                    0x20000a68   Data           4  heap_4.o(.data)
    xFreeBytesRemaining                      0x20000a6c   Data           4  heap_4.o(.data)
    xMinimumEverFreeBytesRemaining           0x20000a70   Data           4  heap_4.o(.data)
    xBlockAllocatedBit                       0x20000a74   Data           4  heap_4.o(.data)
    xStart                                   0x20000a78   Data           8  heap_4.o(.data)
    .data                                    0x20000a80   Section       16  swm320_flash.o(.data)
    .data                                    0x20000a90   Section        8  system_swm320.o(.data)
    .data                                    0x20000a98   Section        4  sysprt.o(.data)
    g_prt_mq                                 0x20000a98   Data           4  sysprt.o(.data)
    .data                                    0x20000a9c   Section       32  sysprt.o(.data)
    m_sysprt                                 0x20000a9c   Data          32  sysprt.o(.data)
    .data                                    0x20000abc   Section        4  sysprt.o(.data)
    .data                                    0x20000ac0   Section        4  stdout.o(.data)
    .bss                                     0x20000ac4   Section      128  cmd_line.o(.bss)
    cmd_buf                                  0x20000ac4   Data         128  cmd_line.o(.bss)
    .bss                                     0x20000b44   Section       12  led_board.o(.bss)
    g_led_bus                                0x20000b44   Data          12  led_board.o(.bss)
    .bss                                     0x20000b50   Section      360  drvp_gpio.o(.bss)
    gpio_index                               0x20000b50   Data         336  drvp_gpio.o(.bss)
    init_done                                0x20000ca0   Data          24  drvp_gpio.o(.bss)
    .bss                                     0x20000cb8   Section      200  tasks.o(.bss)
    pxReadyTasksLists                        0x20000cb8   Data         100  tasks.o(.bss)
    xDelayedTaskList1                        0x20000d1c   Data          20  tasks.o(.bss)
    xDelayedTaskList2                        0x20000d30   Data          20  tasks.o(.bss)
    xPendingReadyList                        0x20000d44   Data          20  tasks.o(.bss)
    xTasksWaitingTermination                 0x20000d58   Data          20  tasks.o(.bss)
    xSuspendedTaskList                       0x20000d6c   Data          20  tasks.o(.bss)
    .bss                                     0x20000d80   Section    92160  heap_4.o(.bss)
    ucHeap                                   0x20000d80   Data       92160  heap_4.o(.bss)
    STACK                                    0x20017580   Section     4096  startup_swm320.o(STACK)

    Global Symbols

    Symbol Name                              Value     Ov Type        Size  Object(Section)

    BuildAttributes$$THM_ISAv4$E$P$D$K$B$S$7EM$PE$A:L22UL41UL21$X:L11$S22US41US21$IEEE1$IW$USESV6$~STKCKD$USESV7$~SHL$OSPACE$ROPI$EBA8$MICROLIB$REQ8$PRES8$EABIv2 0x00000000   Number         0  anon$$obj.o ABSOLUTE
    __ARM_use_no_argv                        0x00000000   Number         0  main.o ABSOLUTE
    __Vectors                                0x00000000   Data           4  startup_swm320.o(RESET)
    _printf_a                                0x00000000   Number         0  stubs.o ABSOLUTE
    _printf_c                                0x00000000   Number         0  stubs.o ABSOLUTE
    _printf_charcount                        0x00000000   Number         0  stubs.o ABSOLUTE
    _printf_d                                0x00000000   Number         0  stubs.o ABSOLUTE
    _printf_e                                0x00000000   Number         0  stubs.o ABSOLUTE
    _printf_f                                0x00000000   Number         0  stubs.o ABSOLUTE
    _printf_flags                            0x00000000   Number         0  stubs.o ABSOLUTE
    _printf_fp_dec                           0x00000000   Number         0  stubs.o ABSOLUTE
    _printf_fp_hex                           0x00000000   Number         0  stubs.o ABSOLUTE
    _printf_g                                0x00000000   Number         0  stubs.o ABSOLUTE
    _printf_i                                0x00000000   Number         0  stubs.o ABSOLUTE
    _printf_int_dec                          0x00000000   Number         0  stubs.o ABSOLUTE
    _printf_l                                0x00000000   Number         0  stubs.o ABSOLUTE
    _printf_lc                               0x00000000   Number         0  stubs.o ABSOLUTE
    _printf_ll                               0x00000000   Number         0  stubs.o ABSOLUTE
    _printf_lld                              0x00000000   Number         0  stubs.o ABSOLUTE
    _printf_lli                              0x00000000   Number         0  stubs.o ABSOLUTE
    _printf_llo                              0x00000000   Number         0  stubs.o ABSOLUTE
    _printf_llu                              0x00000000   Number         0  stubs.o ABSOLUTE
    _printf_llx                              0x00000000   Number         0  stubs.o ABSOLUTE
    _printf_longlong_dec                     0x00000000   Number         0  stubs.o ABSOLUTE
    _printf_longlong_hex                     0x00000000   Number         0  stubs.o ABSOLUTE
    _printf_longlong_oct                     0x00000000   Number         0  stubs.o ABSOLUTE
    _printf_ls                               0x00000000   Number         0  stubs.o ABSOLUTE
    _printf_mbtowc                           0x00000000   Number         0  stubs.o ABSOLUTE
    _printf_n                                0x00000000   Number         0  stubs.o ABSOLUTE
    _printf_o                                0x00000000   Number         0  stubs.o ABSOLUTE
    _printf_p                                0x00000000   Number         0  stubs.o ABSOLUTE
    _printf_percent                          0x00000000   Number         0  stubs.o ABSOLUTE
    _printf_pre_padding                      0x00000000   Number         0  stubs.o ABSOLUTE
    _printf_return_value                     0x00000000   Number         0  stubs.o ABSOLUTE
    _printf_s                                0x00000000   Number         0  stubs.o ABSOLUTE
    _printf_sizespec                         0x00000000   Number         0  stubs.o ABSOLUTE
    _printf_str                              0x00000000   Number         0  stubs.o ABSOLUTE
    _printf_truncate_signed                  0x00000000   Number         0  stubs.o ABSOLUTE
    _printf_truncate_unsigned                0x00000000   Number         0  stubs.o ABSOLUTE
    _printf_u                                0x00000000   Number         0  stubs.o ABSOLUTE
    _printf_wc                               0x00000000   Number         0  stubs.o ABSOLUTE
    _printf_wctomb                           0x00000000   Number         0  stubs.o ABSOLUTE
    _printf_widthprec                        0x00000000   Number         0  stubs.o ABSOLUTE
    _printf_x                                0x00000000   Number         0  stubs.o ABSOLUTE
    __arm_fini_                               - Undefined Weak Reference
    __cpp_initialize__aeabi_                  - Undefined Weak Reference
    __cxa_finalize                            - Undefined Weak Reference
    _clock_init                               - Undefined Weak Reference
    _microlib_exit                            - Undefined Weak Reference
    __Vectors_End                            0x00000148   Data           0  startup_swm320.o(RESET)
    __Vectors_Size                           0x00000148   Number         0  startup_swm320.o ABSOLUTE
    __main                                   0x00000149   Thumb Code     0  entry.o(.ARM.Collect$$$$00000000)
    _main_stk                                0x00000149   Thumb Code     0  entry2.o(.ARM.Collect$$$$00000001)
    _main_scatterload                        0x0000014d   Thumb Code     0  entry5.o(.ARM.Collect$$$$00000004)
    __main_after_scatterload                 0x00000151   Thumb Code     0  entry5.o(.ARM.Collect$$$$00000004)
    _main_clock                              0x00000151   Thumb Code     0  entry7b.o(.ARM.Collect$$$$00000008)
    _main_cpp_init                           0x00000151   Thumb Code     0  entry8b.o(.ARM.Collect$$$$0000000A)
    _main_init                               0x00000151   Thumb Code     0  entry9a.o(.ARM.Collect$$$$0000000B)
    __rt_lib_shutdown_fini                   0x00000159   Thumb Code     0  entry12b.o(.ARM.Collect$$$$0000000E)
    __rt_final_cpp                           0x0000015d   Thumb Code     0  entry10a.o(.ARM.Collect$$$$0000000F)
    __rt_final_exit                          0x0000015d   Thumb Code     0  entry11a.o(.ARM.Collect$$$$00000011)
    SVC_Handler                              0x00000161   Thumb Code    32  port.o(.emb_text)
    __asm___6_port_c_39a90d8d__prvStartFirstTask 0x00000185   Thumb Code    28  port.o(.emb_text)
    PendSV_Handler                           0x000001a5   Thumb Code    72  port.o(.emb_text)
    vPortGetIPSR                             0x000001f1   Thumb Code     6  port.o(.emb_text)
    main                                     0x000001f9   Thumb Code    22  main.o(.text)
    io_init_all                              0x00000215   Thumb Code   112  io_config.o(.text)
    io_print_all                             0x00000285   Thumb Code    48  io_config.o(.text)
    cmd_line_work                            0x00000533   Thumb Code   258  cmd_line.o(.text)
    fputc                                    0x00000e6d   Thumb Code    14  drv_uart0.o(.text)
    GPIOA_Handler                            0x00001609   Thumb Code     4  drvp_gpio.o(.text)
    GPIOB_Handler                            0x0000160d   Thumb Code     4  drvp_gpio.o(.text)
    GPIOC_Handler                            0x00001611   Thumb Code     4  drvp_gpio.o(.text)
    GPIOM_Handler                            0x00001615   Thumb Code     4  drvp_gpio.o(.text)
    GPION_Handler                            0x00001619   Thumb Code     4  drvp_gpio.o(.text)
    GPIOP_Handler                            0x0000161d   Thumb Code     4  drvp_gpio.o(.text)
    UART0_Handler                            0x00001701   Thumb Code   144  drvp_uart0.o(.text)
    xTaskCreate                              0x000018e1   Thumb Code    96  tasks.o(.text)
    vTaskDelete                              0x00001973   Thumb Code   138  tasks.o(.text)
    xTaskIncrementTick                       0x000019fd   Thumb Code   174  tasks.o(.text)
    xTaskResumeAll                           0x00001aab   Thumb Code   168  tasks.o(.text)
    vTaskSuspendAll                          0x00001bc9   Thumb Code    10  tasks.o(.text)
    vTaskDelayUntil                          0x00001bd3   Thumb Code    84  tasks.o(.text)
    vTaskDelay                               0x00001c27   Thumb Code    48  tasks.o(.text)
    uxTaskPriorityGet                        0x00001c57   Thumb Code    24  tasks.o(.text)
    uxTaskPriorityGetFromISR                 0x00001c6f   Thumb Code    34  tasks.o(.text)
    vTaskPrioritySet                         0x00001c91   Thumb Code   172  tasks.o(.text)
    vTaskSwitchContext                       0x00001d3d   Thumb Code    64  tasks.o(.text)
    vTaskSuspend                             0x00001d7d   Thumb Code   140  tasks.o(.text)
    vTaskResume                              0x00001e27   Thumb Code    98  tasks.o(.text)
    xTaskResumeFromISR                       0x00001e89   Thumb Code   108  tasks.o(.text)
    vTaskStartScheduler                      0x00001f5f   Thumb Code    66  tasks.o(.text)
    vTaskEndScheduler                        0x00001fa1   Thumb Code    48  tasks.o(.text)
    xTaskGetTickCount                        0x00001fd1   Thumb Code     6  tasks.o(.text)
    xTaskGetTickCountFromISR                 0x00001fd7   Thumb Code     6  tasks.o(.text)
    uxTaskGetNumberOfTasks                   0x00001fdd   Thumb Code     6  tasks.o(.text)
    pcTaskGetName                            0x00001fe3   Thumb Code    12  tasks.o(.text)
    vTaskPlaceOnEventList                    0x00001fef   Thumb Code    24  tasks.o(.text)
    vTaskPlaceOnUnorderedEventList           0x00002007   Thumb Code    32  tasks.o(.text)
    xTaskRemoveFromEventList                 0x00002027   Thumb Code    92  tasks.o(.text)
    xTaskRemoveFromUnorderedEventList        0x00002083   Thumb Code    74  tasks.o(.text)
    vTaskSetTimeOutState                     0x000020cd   Thumb Code    12  tasks.o(.text)
    xTaskCheckForTimeOut                     0x000020d9   Thumb Code    74  tasks.o(.text)
    vTaskMissedYield                         0x00002123   Thumb Code     8  tasks.o(.text)
    xTaskGetCurrentTaskHandle                0x0000212b   Thumb Code     6  tasks.o(.text)
    vTaskPriorityInherit                     0x00002131   Thumb Code   128  tasks.o(.text)
    xTaskPriorityDisinherit                  0x000021b1   Thumb Code   104  tasks.o(.text)
    uxTaskResetEventItemValue                0x00002219   Thumb Code    20  tasks.o(.text)
    pvTaskIncrementMutexHeldCount            0x0000222d   Thumb Code    20  tasks.o(.text)
    ulTaskNotifyTake                         0x00002241   Thumb Code    96  tasks.o(.text)
    xTaskNotifyWait                          0x000022a1   Thumb Code   134  tasks.o(.text)
    xTaskGenericNotify                       0x00002327   Thumb Code   170  tasks.o(.text)
    xTaskGenericNotifyFromISR                0x000023d1   Thumb Code   192  tasks.o(.text)
    vTaskNotifyGiveFromISR                   0x00002491   Thumb Code   132  tasks.o(.text)
    xTaskNotifyStateClear                    0x00002515   Thumb Code    46  tasks.o(.text)
    xQueueGenericReset                       0x0000254d   Thumb Code   114  queue.o(.text)
    xQueueGenericCreate                      0x000025d5   Thumb Code    50  queue.o(.text)
    xQueueGenericSend                        0x000026fd   Thumb Code   244  queue.o(.text)
    xQueueCreateMutex                        0x00002807   Thumb Code    24  queue.o(.text)
    xQueueGenericSendFromISR                 0x0000281f   Thumb Code   100  queue.o(.text)
    xQueueGiveFromISR                        0x00002883   Thumb Code    86  queue.o(.text)
    xQueueGenericReceive                     0x0000291b   Thumb Code   316  queue.o(.text)
    xQueueReceiveFromISR                     0x00002a57   Thumb Code   100  queue.o(.text)
    xQueuePeekFromISR                        0x00002abb   Thumb Code    50  queue.o(.text)
    uxQueueMessagesWaiting                   0x00002aed   Thumb Code    18  queue.o(.text)
    uxQueueSpacesAvailable                   0x00002aff   Thumb Code    22  queue.o(.text)
    uxQueueMessagesWaitingFromISR            0x00002b15   Thumb Code     4  queue.o(.text)
    vQueueDelete                             0x00002b19   Thumb Code     4  queue.o(.text)
    xQueueIsQueueEmptyFromISR                0x00002b1d   Thumb Code    14  queue.o(.text)
    xQueueIsQueueFullFromISR                 0x00002b2b   Thumb Code    16  queue.o(.text)
    vListInitialise                          0x00002b3b   Thumb Code    22  list.o(.text)
    vListInitialiseItem                      0x00002b51   Thumb Code     6  list.o(.text)
    vListInsertEnd                           0x00002b57   Thumb Code    24  list.o(.text)
    vListInsert                              0x00002b6f   Thumb Code    48  list.o(.text)
    uxListRemove                             0x00002b9f   Thumb Code    36  list.o(.text)
    pxPortInitialiseStack                    0x00002bd5   Thumb Code    24  port.o(.text)
    vPortSetupTimerInterrupt                 0x00002bed   Thumb Code    14  port.o(.text)
    xPortStartScheduler                      0x00002bfb   Thumb Code    38  port.o(.text)
    vPortEndScheduler                        0x00002c21   Thumb Code     2  port.o(.text)
    vPortEnterCritical                       0x00002c23   Thumb Code    24  port.o(.text)
    vPortExitCritical                        0x00002c3b   Thumb Code    18  port.o(.text)
    SysTick_Handler                          0x00002c4d   Thumb Code    40  port.o(.text)
    pvPortMalloc                             0x00002d17   Thumb Code   148  heap_4.o(.text)
    vPortFree                                0x00002dab   Thumb Code    60  heap_4.o(.text)
    xPortGetFreeHeapSize                     0x00002de7   Thumb Code     8  heap_4.o(.text)
    xPortGetMinimumEverFreeHeapSize          0x00002def   Thumb Code     8  heap_4.o(.text)
    vPortInitialiseBlocks                    0x00002df7   Thumb Code     2  heap_4.o(.text)
    EXTI_Close                               0x00002e01   Thumb Code    12  swm320_exti.o(.text)
    EXTI_Init                                0x00002e0d   Thumb Code   100  swm320_exti.o(.text)
    EXTI_Open                                0x00002e71   Thumb Code    12  swm320_exti.o(.text)
    EXTI_State                               0x00002e7d   Thumb Code    10  swm320_exti.o(.text)
    EXTI_RawState                            0x00002e87   Thumb Code    10  swm320_exti.o(.text)
    EXTI_Clear                               0x00002e91   Thumb Code     8  swm320_exti.o(.text)
    GPIO_Init                                0x00002e99   Thumb Code   486  swm320_gpio.o(.text)
    GPIO_SetBit                              0x0000307f   Thumb Code    16  swm320_gpio.o(.text)
    GPIO_ClrBit                              0x0000308f   Thumb Code    16  swm320_gpio.o(.text)
    GPIO_InvBit                              0x0000309f   Thumb Code    20  swm320_gpio.o(.text)
    GPIO_GetBit                              0x000030b3   Thumb Code    10  swm320_gpio.o(.text)
    GPIO_SetBits                             0x000030bd   Thumb Code    20  swm320_gpio.o(.text)
    GPIO_ClrBits                             0x000030d1   Thumb Code    20  swm320_gpio.o(.text)
    GPIO_InvBits                             0x000030e5   Thumb Code    20  swm320_gpio.o(.text)
    GPIO_GetBits                             0x000030f9   Thumb Code    18  swm320_gpio.o(.text)
    GPIO_AtomicSetBits                       0x0000310b   Thumb Code    24  swm320_gpio.o(.text)
    GPIO_AtomicClrBits                       0x00003123   Thumb Code    24  swm320_gpio.o(.text)
    GPIO_AtomicInvBits                       0x0000313b   Thumb Code    24  swm320_gpio.o(.text)
    FLASH_Erase                              0x00003171   Thumb Code    20  swm320_flash.o(.text)
    FLASH_Write                              0x00003185   Thumb Code    38  swm320_flash.o(.text)
    Flash_Param_at_xMHz                      0x000031ab   Thumb Code    58  swm320_flash.o(.text)
    PORT_Init                                0x000031f9   Thumb Code  1058  swm320_port.o(.text)
    UART_Close                               0x00003625   Thumb Code    10  swm320_uart.o(.text)
    UART_Init                                0x0000362f   Thumb Code   428  swm320_uart.o(.text)
    UART_Open                                0x000037db   Thumb Code    10  swm320_uart.o(.text)
    UART_WriteByte                           0x000037e5   Thumb Code     4  swm320_uart.o(.text)
    UART_ReadByte                            0x000037e9   Thumb Code    20  swm320_uart.o(.text)
    UART_IsTXBusy                            0x000037fd   Thumb Code    10  swm320_uart.o(.text)
    UART_IsRXFIFOEmpty                       0x00003807   Thumb Code    10  swm320_uart.o(.text)
    UART_IsTXFIFOFull                        0x00003811   Thumb Code     8  swm320_uart.o(.text)
    UART_SetBaudrate                         0x00003819   Thumb Code    28  swm320_uart.o(.text)
    UART_GetBaudrate                         0x00003835   Thumb Code    20  swm320_uart.o(.text)
    UART_CTSConfig                           0x00003849   Thumb Code    20  swm320_uart.o(.text)
    UART_CTSLineState                        0x0000385d   Thumb Code     8  swm320_uart.o(.text)
    UART_RTSConfig                           0x00003865   Thumb Code    28  swm320_uart.o(.text)
    UART_RTSLineState                        0x00003881   Thumb Code     8  swm320_uart.o(.text)
    UART_LINConfig                           0x00003889   Thumb Code    20  swm320_uart.o(.text)
    UART_LINGenerate                         0x0000389d   Thumb Code    10  swm320_uart.o(.text)
    UART_LINIsDetected                       0x000038a7   Thumb Code     8  swm320_uart.o(.text)
    UART_LINIsGenerated                      0x000038af   Thumb Code     8  swm320_uart.o(.text)
    UART_ABRStart                            0x000038b7   Thumb Code    80  swm320_uart.o(.text)
    UART_ABRIsDone                           0x00003907   Thumb Code    24  swm320_uart.o(.text)
    UART_INTEn                               0x0000391f   Thumb Code     8  swm320_uart.o(.text)
    UART_INTDis                              0x00003927   Thumb Code     8  swm320_uart.o(.text)
    UART_INTStat                             0x0000392f   Thumb Code    48  swm320_uart.o(.text)
    SystemCoreClockUpdate                    0x00003995   Thumb Code   112  system_swm320.o(.text)
    PLLInit                                  0x00003a31   Thumb Code    56  system_swm320.o(.text)
    switchCLK_PLL                            0x00003a69   Thumb Code    36  system_swm320.o(.text)
    switchCLK_XTAL                           0x00003a8d   Thumb Code    38  system_swm320.o(.text)
    switchCLK_32KHz                          0x00003ab3   Thumb Code    46  system_swm320.o(.text)
    switchCLK_40MHz                          0x00003ae1   Thumb Code    34  system_swm320.o(.text)
    switchCLK_20MHz                          0x00003b03   Thumb Code    34  system_swm320.o(.text)
    SystemInit                               0x00003b25   Thumb Code   102  system_swm320.o(.text)
    Reset_Handler                            0x00003bb9   Thumb Code     4  startup_swm320.o(.text)
    NMI_Handler                              0x00003bbd   Thumb Code     2  startup_swm320.o(.text)
    HardFault_Handler                        0x00003bbf   Thumb Code     2  startup_swm320.o(.text)
    MemManage_Handler                        0x00003bc1   Thumb Code     2  startup_swm320.o(.text)
    BusFault_Handler                         0x00003bc3   Thumb Code     2  startup_swm320.o(.text)
    UsageFault_Handler                       0x00003bc5   Thumb Code     2  startup_swm320.o(.text)
    DebugMon_Handler                         0x00003bc9   Thumb Code     2  startup_swm320.o(.text)
    GPIOA0_Handler                           0x00003bcf   Thumb Code     2  startup_swm320.o(.text)
    GPIOA1_Handler                           0x00003bd1   Thumb Code     2  startup_swm320.o(.text)
    GPIOA2_Handler                           0x00003bd3   Thumb Code     2  startup_swm320.o(.text)
    GPIOA3_Handler                           0x00003bd5   Thumb Code     2  startup_swm320.o(.text)
    GPIOA4_Handler                           0x00003bd7   Thumb Code     2  startup_swm320.o(.text)
    GPIOA5_Handler                           0x00003bd9   Thumb Code     2  startup_swm320.o(.text)
    GPIOA6_Handler                           0x00003bdb   Thumb Code     2  startup_swm320.o(.text)
    GPIOA7_Handler                           0x00003bdd   Thumb Code     2  startup_swm320.o(.text)
    GPIOB0_Handler                           0x00003bdf   Thumb Code     2  startup_swm320.o(.text)
    GPIOB1_Handler                           0x00003be1   Thumb Code     2  startup_swm320.o(.text)
    GPIOB2_Handler                           0x00003be3   Thumb Code     2  startup_swm320.o(.text)
    GPIOB3_Handler                           0x00003be5   Thumb Code     2  startup_swm320.o(.text)
    GPIOB4_Handler                           0x00003be7   Thumb Code     2  startup_swm320.o(.text)
    GPIOB5_Handler                           0x00003be9   Thumb Code     2  startup_swm320.o(.text)
    GPIOB6_Handler                           0x00003beb   Thumb Code     2  startup_swm320.o(.text)
    GPIOB7_Handler                           0x00003bed   Thumb Code     2  startup_swm320.o(.text)
    GPIOC0_Handler                           0x00003bef   Thumb Code     2  startup_swm320.o(.text)
    GPIOC1_Handler                           0x00003bf1   Thumb Code     2  startup_swm320.o(.text)
    GPIOC2_Handler                           0x00003bf3   Thumb Code     2  startup_swm320.o(.text)
    GPIOC3_Handler                           0x00003bf5   Thumb Code     2  startup_swm320.o(.text)
    GPIOC4_Handler                           0x00003bf7   Thumb Code     2  startup_swm320.o(.text)
    GPIOC5_Handler                           0x00003bf9   Thumb Code     2  startup_swm320.o(.text)
    GPIOC6_Handler                           0x00003bfb   Thumb Code     2  startup_swm320.o(.text)
    GPIOC7_Handler                           0x00003bfd   Thumb Code     2  startup_swm320.o(.text)
    GPIOM0_Handler                           0x00003bff   Thumb Code     2  startup_swm320.o(.text)
    GPIOM1_Handler                           0x00003c01   Thumb Code     2  startup_swm320.o(.text)
    GPIOM2_Handler                           0x00003c03   Thumb Code     2  startup_swm320.o(.text)
    GPIOM3_Handler                           0x00003c05   Thumb Code     2  startup_swm320.o(.text)
    GPIOM4_Handler                           0x00003c07   Thumb Code     2  startup_swm320.o(.text)
    GPIOM5_Handler                           0x00003c09   Thumb Code     2  startup_swm320.o(.text)
    GPIOM6_Handler                           0x00003c0b   Thumb Code     2  startup_swm320.o(.text)
    GPIOM7_Handler                           0x00003c0d   Thumb Code     2  startup_swm320.o(.text)
    DMA_Handler                              0x00003c0f   Thumb Code     2  startup_swm320.o(.text)
    LCD_Handler                              0x00003c11   Thumb Code     2  startup_swm320.o(.text)
    NORFLC_Handler                           0x00003c13   Thumb Code     2  startup_swm320.o(.text)
    CAN_Handler                              0x00003c15   Thumb Code     2  startup_swm320.o(.text)
    PULSE_Handler                            0x00003c17   Thumb Code     2  startup_swm320.o(.text)
    WDT_Handler                              0x00003c19   Thumb Code     2  startup_swm320.o(.text)
    PWM_Handler                              0x00003c1b   Thumb Code     2  startup_swm320.o(.text)
    UART1_Handler                            0x00003c1f   Thumb Code     2  startup_swm320.o(.text)
    UART2_Handler                            0x00003c21   Thumb Code     2  startup_swm320.o(.text)
    UART3_Handler                            0x00003c23   Thumb Code     2  startup_swm320.o(.text)
    I2C0_Handler                             0x00003c25   Thumb Code     2  startup_swm320.o(.text)
    I2C1_Handler                             0x00003c27   Thumb Code     2  startup_swm320.o(.text)
    SPI0_Handler                             0x00003c29   Thumb Code     2  startup_swm320.o(.text)
    ADC0_Handler                             0x00003c2b   Thumb Code     2  startup_swm320.o(.text)
    RTC_Handler                              0x00003c2d   Thumb Code     2  startup_swm320.o(.text)
    BOD_Handler                              0x00003c2f   Thumb Code     2  startup_swm320.o(.text)
    SDIO_Handler                             0x00003c31   Thumb Code     2  startup_swm320.o(.text)
    ADC1_Handler                             0x00003c3f   Thumb Code     2  startup_swm320.o(.text)
    FPU_Handler                              0x00003c41   Thumb Code     2  startup_swm320.o(.text)
    SPI1_Handler                             0x00003c43   Thumb Code     2  startup_swm320.o(.text)
    TIMR0_Handler                            0x00003c45   Thumb Code     2  startup_swm320.o(.text)
    TIMR1_Handler                            0x00003c47   Thumb Code     2  startup_swm320.o(.text)
    TIMR2_Handler                            0x00003c49   Thumb Code     2  startup_swm320.o(.text)
    TIMR3_Handler                            0x00003c4b   Thumb Code     2  startup_swm320.o(.text)
    TIMR4_Handler                            0x00003c4d   Thumb Code     2  startup_swm320.o(.text)
    TIMR5_Handler                            0x00003c4f   Thumb Code     2  startup_swm320.o(.text)
    __aeabi_memcpy                           0x00003df5   Thumb Code    36  memcpya.o(.text)
    __aeabi_memcpy4                          0x00003df5   Thumb Code     0  memcpya.o(.text)
    __aeabi_memcpy8                          0x00003df5   Thumb Code     0  memcpya.o(.text)
    __aeabi_memset                           0x00003e19   Thumb Code    14  memseta.o(.text)
    __aeabi_memset4                          0x00003e19   Thumb Code     0  memseta.o(.text)
    __aeabi_memset8                          0x00003e19   Thumb Code     0  memseta.o(.text)
    __aeabi_memclr                           0x00003e27   Thumb Code     4  memseta.o(.text)
    __aeabi_memclr4                          0x00003e27   Thumb Code     0  memseta.o(.text)
    __aeabi_memclr8                          0x00003e27   Thumb Code     0  memseta.o(.text)
    _memset$wrapper                          0x00003e2b   Thumb Code    18  memseta.o(.text)
    strchr                                   0x00003e3d   Thumb Code    20  strchr.o(.text)
    strcmp                                   0x00003e51   Thumb Code    28  strcmp.o(.text)
    __aeabi_uidiv                            0x00003e6d   Thumb Code     0  uidiv.o(.text)
    __aeabi_uidivmod                         0x00003e6d   Thumb Code    44  uidiv.o(.text)
    __aeabi_uldivmod                         0x00003e99   Thumb Code    98  uldiv.o(.text)
    __I$use$fp                               0x00003efb   Thumb Code     0  iusefp.o(.text)
    __aeabi_dadd                             0x00003efb   Thumb Code   322  dadd.o(.text)
    __aeabi_dsub                             0x0000403d   Thumb Code     6  dadd.o(.text)
    __aeabi_drsub                            0x00004043   Thumb Code     6  dadd.o(.text)
    __aeabi_dmul                             0x00004049   Thumb Code   228  dmul.o(.text)
    __aeabi_ddiv                             0x0000412d   Thumb Code   222  ddiv.o(.text)
    __aeabi_d2ulz                            0x0000420b   Thumb Code    48  dfixul.o(.text)
    __aeabi_cdrcmple                         0x0000423d   Thumb Code    48  cdrcmple.o(.text)
    __scatterload                            0x0000426d   Thumb Code    28  init.o(.text)
    __scatterload_rt2                        0x0000426d   Thumb Code     0  init.o(.text)
    __aeabi_llsl                             0x00004291   Thumb Code    30  llshl.o(.text)
    _ll_shift_l                              0x00004291   Thumb Code     0  llshl.o(.text)
    __aeabi_llsr                             0x000042af   Thumb Code    32  llushr.o(.text)
    _ll_ushift_r                             0x000042af   Thumb Code     0  llushr.o(.text)
    __aeabi_lasr                             0x000042cf   Thumb Code    36  llsshr.o(.text)
    _ll_sshift_r                             0x000042cf   Thumb Code     0  llsshr.o(.text)
    _double_round                            0x000042f3   Thumb Code    30  depilogue.o(.text)
    _double_epilogue                         0x00004311   Thumb Code   156  depilogue.o(.text)
    __decompress                             0x000043ad   Thumb Code     0  __dczerorl2.o(.text)
    __decompress1                            0x000043ad   Thumb Code    86  __dczerorl2.o(.text)
    __0printf                                0x00004405   Thumb Code    22  printfa.o(i.__0printf)
    __1printf                                0x00004405   Thumb Code     0  printfa.o(i.__0printf)
    __2printf                                0x00004405   Thumb Code     0  printfa.o(i.__0printf)
    __c89printf                              0x00004405   Thumb Code     0  printfa.o(i.__0printf)
    printf                                   0x00004405   Thumb Code     0  printfa.o(i.__0printf)
    __0vsnprintf                             0x00004425   Thumb Code    46  printfa.o(i.__0vsnprintf)
    __1vsnprintf                             0x00004425   Thumb Code     0  printfa.o(i.__0vsnprintf)
    __2vsnprintf                             0x00004425   Thumb Code     0  printfa.o(i.__0vsnprintf)
    __c89vsnprintf                           0x00004425   Thumb Code     0  printfa.o(i.__0vsnprintf)
    vsnprintf                                0x00004425   Thumb Code     0  printfa.o(i.__0vsnprintf)
    __scatterload_copy                       0x00004459   Thumb Code    14  handlers.o(i.__scatterload_copy)
    __scatterload_null                       0x00004467   Thumb Code     2  handlers.o(i.__scatterload_null)
    __scatterload_zeroinit                   0x00004469   Thumb Code    14  handlers.o(i.__scatterload_zeroinit)
    io_table                                 0x00004d18   Data         168  io_config.o(.constdata)
    Region$$Table$$Base                      0x00005044   Number         0  anon$$obj.o(Region$$Table)
    Region$$Table$$Limit                     0x00005064   Number         0  anon$$obj.o(Region$$Table)
    led_board                                0x2000001c   Data           4  led_board.o(.data)
    task_start                               0x20000054   Data           4  task_start.o(.data)
    task_host                                0x20000084   Data           4  task_host.o(.data)
    task_ctrl                                0x200000b4   Data           4  task_ctrl.o(.data)
    task_listen                              0x200000e4   Data           4  task_listen.o(.data)
    uart0                                    0x2000010c   Data           4  drv_uart0.o(.data)
    drv_gpio                                 0x20000128   Data           4  drv_gpio.o(.data)
    loop                                     0x2000013c   Data           4  drv_loop.o(.data)
    hc595_opt                                0x2000014c   Data           4  drv_hc595.o(.data)
    drv_hlw8012                              0x20000164   Data           4  drv_hlw8012.o(.data)
    drv_fuse                                 0x200001b4   Data           4  drv_fuse.o(.data)
    drvp_gpio                                0x200009f0   Data           4  drvp_gpio.o(.data)
    drvp_uart0                               0x20000a24   Data           4  drvp_uart0.o(.data)
    pxCurrentTCB                             0x20000a28   Data           4  tasks.o(.data)
    IAP_Cache_Reset                          0x20000a80   Data           4  swm320_flash.o(.data)
    IAP_Flash_Param                          0x20000a84   Data           4  swm320_flash.o(.data)
    IAP_Flash_Erase                          0x20000a88   Data           4  swm320_flash.o(.data)
    IAP_Flash_Write                          0x20000a8c   Data           4  swm320_flash.o(.data)
    SystemCoreClock                          0x20000a90   Data           4  system_swm320.o(.data)
    CyclesPerUs                              0x20000a94   Data           4  system_swm320.o(.data)
    sysprt                                   0x20000abc   Data           4  sysprt.o(.data)
    __stdout                                 0x20000ac0   Data           4  stdout.o(.data)
    __initial_sp                             0x20018580   Data           0  startup_swm320.o(STACK)



==============================================================================

Memory Map of the image

  Image Entry point : 0x00000149

  Load Region LR_IROM1 (Base: 0x00000000, Size: 0x00005b28, Max: 0x00080000, ABSOLUTE, COMPRESSED[0x000053cc])

    Execution Region ER_IROM1 (Exec base: 0x00000000, Load base: 0x00000000, Size: 0x00005064, Max: 0x00080000, ABSOLUTE)

    Exec Addr    Load Addr    Size         Type   Attr      Idx    E Section Name        Object

    0x00000000   0x00000000   0x00000148   Data   RO         1312    RESET               startup_swm320.o
    0x00000148   0x00000148   0x00000000   Code   RO         1358  * .ARM.Collect$$$$00000000  mc_w.l(entry.o)
    0x00000148   0x00000148   0x00000004   Code   RO         1632    .ARM.Collect$$$$00000001  mc_w.l(entry2.o)
    0x0000014c   0x0000014c   0x00000004   Code   RO         1635    .ARM.Collect$$$$00000004  mc_w.l(entry5.o)
    0x00000150   0x00000150   0x00000000   Code   RO         1637    .ARM.Collect$$$$00000008  mc_w.l(entry7b.o)
    0x00000150   0x00000150   0x00000000   Code   RO         1639    .ARM.Collect$$$$0000000A  mc_w.l(entry8b.o)
    0x00000150   0x00000150   0x00000008   Code   RO         1640    .ARM.Collect$$$$0000000B  mc_w.l(entry9a.o)
    0x00000158   0x00000158   0x00000004   Code   RO         1647    .ARM.Collect$$$$0000000E  mc_w.l(entry12b.o)
    0x0000015c   0x0000015c   0x00000000   Code   RO         1642    .ARM.Collect$$$$0000000F  mc_w.l(entry10a.o)
    0x0000015c   0x0000015c   0x00000000   Code   RO         1644    .ARM.Collect$$$$00000011  mc_w.l(entry11a.o)
    0x0000015c   0x0000015c   0x00000004   Code   RO         1633    .ARM.Collect$$$$00002712  mc_w.l(entry2.o)
    0x00000160   0x00000160   0x00000096   Code   RO          803    .emb_text           port.o
    0x000001f6   0x000001f6   0x00000002   PAD
    0x000001f8   0x000001f8   0x0000001c   Code   RO            4    .text               main.o
    0x00000214   0x00000214   0x00000114   Code   RO          160    .text               io_config.o
    0x00000328   0x00000328   0x000004e0   Code   RO          191    .text               cmd_line.o
    0x00000808   0x00000808   0x0000019c   Code   RO          254    .text               led_board.o
    0x000009a4   0x000009a4   0x00000250   Code   RO          291    .text               task_start.o
    0x00000bf4   0x00000bf4   0x00000080   Code   RO          362    .text               task_host.o
    0x00000c74   0x00000c74   0x0000005c   Code   RO          399    .text               task_ctrl.o
    0x00000cd0   0x00000cd0   0x0000009c   Code   RO          433    .text               task_listen.o
    0x00000d6c   0x00000d6c   0x00000124   Code   RO          467    .text               drv_uart0.o
    0x00000e90   0x00000e90   0x0000003c   Code   RO          500    .text               drv_gpio.o
    0x00000ecc   0x00000ecc   0x0000006a   Code   RO          518    .text               drv_loop.o
    0x00000f36   0x00000f36   0x00000002   PAD
    0x00000f38   0x00000f38   0x000000ec   Code   RO          536    .text               drv_hc595.o
    0x00001024   0x00001024   0x00000238   Code   RO          561    .text               drv_hlw8012.o
    0x0000125c   0x0000125c   0x00000134   Code   RO          593    .text               drv_fuse.o
    0x00001390   0x00001390   0x000002b0   Code   RO          624    .text               drvp_gpio.o
    0x00001640   0x00001640   0x0000015c   Code   RO          662    .text               drvp_uart0.o
    0x0000179c   0x0000179c   0x00000db0   Code   RO          691    .text               tasks.o
    0x0000254c   0x0000254c   0x000005ee   Code   RO          737    .text               queue.o
    0x00002b3a   0x00002b3a   0x00000088   Code   RO          761    .text               list.o
    0x00002bc2   0x00002bc2   0x00000002   PAD
    0x00002bc4   0x00002bc4   0x000000c0   Code   RO          804    .text               port.o
    0x00002c84   0x00002c84   0x0000017c   Code   RO          833    .text               heap_4.o
    0x00002e00   0x00002e00   0x00000098   Code   RO          875    .text               swm320_exti.o
    0x00002e98   0x00002e98   0x000002d8   Code   RO          899    .text               swm320_gpio.o
    0x00003170   0x00003170   0x00000088   Code   RO         1047    .text               swm320_flash.o
    0x000031f8   0x000031f8   0x0000042c   Code   RO         1077    .text               swm320_port.o
    0x00003624   0x00003624   0x00000370   Code   RO         1252    .text               swm320_uart.o
    0x00003994   0x00003994   0x00000224   Code   RO         1276    .text               system_swm320.o
    0x00003bb8   0x00003bb8   0x0000009c   Code   RO         1313    .text               startup_swm320.o
    0x00003c54   0x00003c54   0x000001a0   Code   RO         1320    .text               sysprt.o
    0x00003df4   0x00003df4   0x00000024   Code   RO         1361    .text               mc_w.l(memcpya.o)
    0x00003e18   0x00003e18   0x00000024   Code   RO         1363    .text               mc_w.l(memseta.o)
    0x00003e3c   0x00003e3c   0x00000014   Code   RO         1365    .text               mc_w.l(strchr.o)
    0x00003e50   0x00003e50   0x0000001c   Code   RO         1367    .text               mc_w.l(strcmp.o)
    0x00003e6c   0x00003e6c   0x0000002c   Code   RO         1649    .text               mc_w.l(uidiv.o)
    0x00003e98   0x00003e98   0x00000062   Code   RO         1651    .text               mc_w.l(uldiv.o)
    0x00003efa   0x00003efa   0x00000000   Code   RO         1653    .text               mc_w.l(iusefp.o)
    0x00003efa   0x00003efa   0x0000014e   Code   RO         1654    .text               mf_w.l(dadd.o)
    0x00004048   0x00004048   0x000000e4   Code   RO         1656    .text               mf_w.l(dmul.o)
    0x0000412c   0x0000412c   0x000000de   Code   RO         1658    .text               mf_w.l(ddiv.o)
    0x0000420a   0x0000420a   0x00000030   Code   RO         1660    .text               mf_w.l(dfixul.o)
    0x0000423a   0x0000423a   0x00000002   PAD
    0x0000423c   0x0000423c   0x00000030   Code   RO         1662    .text               mf_w.l(cdrcmple.o)
    0x0000426c   0x0000426c   0x00000024   Code   RO         1664    .text               mc_w.l(init.o)
    0x00004290   0x00004290   0x0000001e   Code   RO         1666    .text               mc_w.l(llshl.o)
    0x000042ae   0x000042ae   0x00000020   Code   RO         1668    .text               mc_w.l(llushr.o)
    0x000042ce   0x000042ce   0x00000024   Code   RO         1670    .text               mc_w.l(llsshr.o)
    0x000042f2   0x000042f2   0x000000ba   Code   RO         1672    .text               mf_w.l(depilogue.o)
    0x000043ac   0x000043ac   0x00000056   Code   RO         1682    .text               mc_w.l(__dczerorl2.o)
    0x00004402   0x00004402   0x00000002   PAD
    0x00004404   0x00004404   0x00000020   Code   RO         1604    i.__0printf         mc_w.l(printfa.o)
    0x00004424   0x00004424   0x00000034   Code   RO         1609    i.__0vsnprintf      mc_w.l(printfa.o)
    0x00004458   0x00004458   0x0000000e   Code   RO         1676    i.__scatterload_copy  mc_w.l(handlers.o)
    0x00004466   0x00004466   0x00000002   Code   RO         1677    i.__scatterload_null  mc_w.l(handlers.o)
    0x00004468   0x00004468   0x0000000e   Code   RO         1678    i.__scatterload_zeroinit  mc_w.l(handlers.o)
    0x00004476   0x00004476   0x00000002   PAD
    0x00004478   0x00004478   0x00000184   Code   RO         1611    i._fp_digits        mc_w.l(printfa.o)
    0x000045fc   0x000045fc   0x000006b4   Code   RO         1612    i._printf_core      mc_w.l(printfa.o)
    0x00004cb0   0x00004cb0   0x00000024   Code   RO         1613    i._printf_post_padding  mc_w.l(printfa.o)
    0x00004cd4   0x00004cd4   0x0000002e   Code   RO         1614    i._printf_pre_padding  mc_w.l(printfa.o)
    0x00004d02   0x00004d02   0x00000016   Code   RO         1615    i._snputc           mc_w.l(printfa.o)
    0x00004d18   0x00004d18   0x000000a8   Data   RO          161    .constdata          io_config.o
    0x00004dc0   0x00004dc0   0x00000049   Data   RO          193    .constdata          cmd_line.o
    0x00004e09   0x00004e09   0x0000000e   Data   RO          256    .constdata          led_board.o
    0x00004e17   0x00004e17   0x00000001   PAD
    0x00004e18   0x00004e18   0x00000008   Data   RO          562    .constdata          drv_hlw8012.o
    0x00004e20   0x00004e20   0x00000037   Data   RO          162    .conststring        io_config.o
    0x00004e57   0x00004e57   0x00000001   PAD
    0x00004e58   0x00004e58   0x00000036   Data   RO          194    .conststring        cmd_line.o
    0x00004e8e   0x00004e8e   0x00000002   PAD
    0x00004e90   0x00004e90   0x00000019   Data   RO          292    .conststring        task_start.o
    0x00004ea9   0x00004ea9   0x00000003   PAD
    0x00004eac   0x00004eac   0x00000041   Data   RO          293    .conststring        task_start.o
    0x00004eed   0x00004eed   0x00000003   PAD
    0x00004ef0   0x00004ef0   0x00000019   Data   RO          363    .conststring        task_host.o
    0x00004f09   0x00004f09   0x00000003   PAD
    0x00004f0c   0x00004f0c   0x00000019   Data   RO          400    .conststring        task_ctrl.o
    0x00004f25   0x00004f25   0x00000003   PAD
    0x00004f28   0x00004f28   0x00000019   Data   RO          434    .conststring        task_listen.o
    0x00004f41   0x00004f41   0x00000003   PAD
    0x00004f44   0x00004f44   0x000000fd   Data   RO          626    .conststring        drvp_gpio.o
    0x00005041   0x00005041   0x00000003   PAD
    0x00005044   0x00005044   0x00000020   Data   RO         1674    Region$$Table       anon$$obj.o


    Execution Region RW_IRAM1 (Exec base: 0x20000000, Load base: 0x00005064, Size: 0x00018580, Max: 0x00020000, ABSOLUTE, COMPRESSED[0x00000368])

    Exec Addr    Load Addr    Size         Type   Attr      Idx    E Section Name        Object

    0x20000000   COMPRESSED   0x00000008   Data   RW          195    .data               cmd_line.o
    0x20000008   COMPRESSED   0x00000014   Data   RW          257    .data               led_board.o
    0x2000001c   COMPRESSED   0x00000004   Data   RW          258    .data               led_board.o
    0x20000020   COMPRESSED   0x0000000c   Data   RW          259    .data               led_board.o
    0x2000002c   COMPRESSED   0x00000024   Data   RW          294    .data               task_start.o
    0x20000050   COMPRESSED   0x00000004   Data   RW          295    .data               task_start.o
    0x20000054   COMPRESSED   0x00000004   Data   RW          296    .data               task_start.o
    0x20000058   COMPRESSED   0x00000004   Data   RW          297    .data               task_start.o
    0x2000005c   COMPRESSED   0x00000024   Data   RW          364    .data               task_host.o
    0x20000080   COMPRESSED   0x00000004   Data   RW          365    .data               task_host.o
    0x20000084   COMPRESSED   0x00000004   Data   RW          366    .data               task_host.o
    0x20000088   COMPRESSED   0x00000004   Data   RW          367    .data               task_host.o
    0x2000008c   COMPRESSED   0x00000024   Data   RW          401    .data               task_ctrl.o
    0x200000b0   COMPRESSED   0x00000004   Data   RW          402    .data               task_ctrl.o
    0x200000b4   COMPRESSED   0x00000004   Data   RW          403    .data               task_ctrl.o
    0x200000b8   COMPRESSED   0x00000004   Data   RW          404    .data               task_ctrl.o
    0x200000bc   COMPRESSED   0x00000024   Data   RW          435    .data               task_listen.o
    0x200000e0   COMPRESSED   0x00000004   Data   RW          436    .data               task_listen.o
    0x200000e4   COMPRESSED   0x00000004   Data   RW          437    .data               task_listen.o
    0x200000e8   COMPRESSED   0x00000004   Data   RW          438    .data               task_listen.o
    0x200000ec   COMPRESSED   0x0000000c   Data   RW          468    .data               drv_uart0.o
    0x200000f8   COMPRESSED   0x00000014   Data   RW          469    .data               drv_uart0.o
    0x2000010c   COMPRESSED   0x00000004   Data   RW          470    .data               drv_uart0.o
    0x20000110   COMPRESSED   0x00000018   Data   RW          501    .data               drv_gpio.o
    0x20000128   COMPRESSED   0x00000004   Data   RW          502    .data               drv_gpio.o
    0x2000012c   COMPRESSED   0x00000010   Data   RW          519    .data               drv_loop.o
    0x2000013c   COMPRESSED   0x00000004   Data   RW          520    .data               drv_loop.o
    0x20000140   COMPRESSED   0x0000000c   Data   RW          537    .data               drv_hc595.o
    0x2000014c   COMPRESSED   0x00000004   Data   RW          538    .data               drv_hc595.o
    0x20000150   COMPRESSED   0x00000014   Data   RW          563    .data               drv_hlw8012.o
    0x20000164   COMPRESSED   0x00000004   Data   RW          564    .data               drv_hlw8012.o
    0x20000168   COMPRESSED   0x00000028   Data   RW          565    .data               drv_hlw8012.o
    0x20000190   COMPRESSED   0x00000018   Data   RW          594    .data               drv_fuse.o
    0x200001a8   COMPRESSED   0x0000000c   Data   RW          595    .data               drv_fuse.o
    0x200001b4   COMPRESSED   0x00000004   Data   RW          596    .data               drv_fuse.o
    0x200001b8   COMPRESSED   0x00000820   Data   RW          627    .data               drvp_gpio.o
    0x200009d8   COMPRESSED   0x00000018   Data   RW          628    .data               drvp_gpio.o
    0x200009f0   COMPRESSED   0x00000004   Data   RW          629    .data               drvp_gpio.o
    0x200009f4   COMPRESSED   0x00000008   Data   RW          663    .data               drvp_uart0.o
    0x200009fc   COMPRESSED   0x00000028   Data   RW          664    .data               drvp_uart0.o
    0x20000a24   COMPRESSED   0x00000004   Data   RW          665    .data               drvp_uart0.o
    0x20000a28   COMPRESSED   0x0000003c   Data   RW          693    .data               tasks.o
    0x20000a64   COMPRESSED   0x00000004   Data   RW          805    .data               port.o
    0x20000a68   COMPRESSED   0x00000018   Data   RW          835    .data               heap_4.o
    0x20000a80   COMPRESSED   0x00000010   Data   RW         1048    .data               swm320_flash.o
    0x20000a90   COMPRESSED   0x00000008   Data   RW         1277    .data               system_swm320.o
    0x20000a98   COMPRESSED   0x00000004   Data   RW         1321    .data               sysprt.o
    0x20000a9c   COMPRESSED   0x00000020   Data   RW         1322    .data               sysprt.o
    0x20000abc   COMPRESSED   0x00000004   Data   RW         1323    .data               sysprt.o
    0x20000ac0   COMPRESSED   0x00000004   Data   RW         1648    .data               mc_w.l(stdout.o)
    0x20000ac4        -       0x00000080   Zero   RW          192    .bss                cmd_line.o
    0x20000b44        -       0x0000000c   Zero   RW          255    .bss                led_board.o
    0x20000b50        -       0x00000168   Zero   RW          625    .bss                drvp_gpio.o
    0x20000cb8        -       0x000000c8   Zero   RW          692    .bss                tasks.o
    0x20000d80        -       0x00016800   Zero   RW          834    .bss                heap_4.o
    0x20017580        -       0x00001000   Zero   RW         1310    STACK               startup_swm320.o


==============================================================================

Image component sizes


      Code (inc. data)   RO Data    RW Data    ZI Data      Debug   Object Name

      1248        468        127          8        128      27587   cmd_line.o
       308        116          0         40          0       1611   drv_fuse.o
        60          6          0         28          0       2027   drv_gpio.o
       236          4          0         16          0       2476   drv_hc595.o
       568        202          8         64          0       3242   drv_hlw8012.o
       106          0          0         20          0       2003   drv_loop.o
       292         22          0         36          0       3763   drv_uart0.o
       688         44        253       2108        360      28105   drvp_gpio.o
       348         12          0         52          0       2949   drvp_uart0.o
       380          8          0         24      92160       3400   heap_4.o
       276        116        223          0          0       2466   io_config.o
       412         18         14         36         12       3936   led_board.o
       136          0          0          0          0       1830   list.o
        28          6          0          0          0     112431   main.o
       342         28          0          4          0       6972   port.o
      1518          4          0          0          0      19500   queue.o
       156          4        328          0       4096       3332   startup_swm320.o
       152          0          0          0          0       1917   swm320_exti.o
       136         20          0         16          0       2224   swm320_flash.o
       728         30          0          0          0       4065   swm320_gpio.o
      1068         16          0          0          0       1488   swm320_port.o
       880         10          0          0          0       6017   swm320_uart.o
       416         34          0         40          0       3953   sysprt.o
       548         46          0          8          0       2162   system_swm320.o
        92         44         25         48          0        900   task_ctrl.o
       128         20         25         48          0       1052   task_host.o
       156         70         25         48          0        942   task_listen.o
       592        324         90         48          0       4689   task_start.o
      3504         72          0         60        200      30156   tasks.o

    ----------------------------------------------------------------------
     15508       1744       1172       2752      96956     287195   Object Totals
         0          0         32          0          0          0   (incl. Generated)
         6          0         22          0          0          0   (incl. Padding)

    ----------------------------------------------------------------------

      Code (inc. data)   RO Data    RW Data    ZI Data      Debug   Library Member Name

        86          0          0          0          0          0   __dczerorl2.o
         0          0          0          0          0          0   entry.o
         0          0          0          0          0          0   entry10a.o
         0          0          0          0          0          0   entry11a.o
         4          0          0          0          0          0   entry12b.o
         8          4          0          0          0          0   entry2.o
         4          0          0          0          0          0   entry5.o
         0          0          0          0          0          0   entry7b.o
         0          0          0          0          0          0   entry8b.o
         8          4          0          0          0          0   entry9a.o
        30          0          0          0          0          0   handlers.o
        36          8          0          0          0         68   init.o
         0          0          0          0          0          0   iusefp.o
        30          0          0          0          0         68   llshl.o
        36          0          0          0          0         68   llsshr.o
        32          0          0          0          0         68   llushr.o
        36          0          0          0          0         68   memcpya.o
        36          0          0          0          0        108   memseta.o
      2292         96          0          0          0        612   printfa.o
         0          0          0          4          0          0   stdout.o
        20          0          0          0          0         68   strchr.o
        28          0          0          0          0         76   strcmp.o
        44          0          0          0          0         80   uidiv.o
        98          0          0          0          0         92   uldiv.o
        48          0          0          0          0         68   cdrcmple.o
       334          0          0          0          0        148   dadd.o
       222          0          0          0          0        100   ddiv.o
       186          0          0          0          0        176   depilogue.o
        48          0          0          0          0         68   dfixul.o
       228          0          0          0          0         96   dmul.o

    ----------------------------------------------------------------------
      3900        112          0          4          0       2032   Library Totals
         6          0          0          0          0          0   (incl. Padding)

    ----------------------------------------------------------------------

      Code (inc. data)   RO Data    RW Data    ZI Data      Debug   Library Name

      2828        112          0          4          0       1376   mc_w.l
      1066          0          0          0          0        656   mf_w.l

    ----------------------------------------------------------------------
      3900        112          0          4          0       2032   Library Totals

    ----------------------------------------------------------------------

==============================================================================


      Code (inc. data)   RO Data    RW Data    ZI Data      Debug   

     19408       1856       1172       2756      96956     286183   Grand Totals
     19408       1856       1172        872      96956     286183   ELF Image Totals (compressed)
     19408       1856       1172        872          0          0   ROM Totals

==============================================================================

    Total RO  Size (Code + RO Data)                20580 (  20.10kB)
    Total RW  Size (RW Data + ZI Data)             99712 (  97.38kB)
    Total ROM Size (Code + RO Data + RW Data)      21452 (  20.95kB)

==============================================================================

