<html>
<body>
<pre>
<h1>礦ision Build Log</h1>
<h2>Tool Versions:</h2>
IDE-Version: μVision V5.25.3.0
Copyright (C) 2018 ARM Ltd and ARM Germany GmbH. All rights reserved.
License Information: 1 Administrator, Administrator, LIC=LSNXV-P329G-BS2YX-HQLXA-D5AI5-P9TTY
 
Tool Versions:
Toolchain:       MDK-ARM Plus  Version: 5.34.0.0
Toolchain Path:  D:\Keil_v5\ARM\ARMCC\Bin
C Compiler:      Armcc.exe V5.06 update 7 (build 960)
Assembler:       Armasm.exe V5.06 update 7 (build 960)
Linker/Locator:  ArmLink.exe V5.06 update 7 (build 960)
Library Manager: ArmAr.exe V5.06 update 7 (build 960)
Hex Converter:   FromElf.exe V5.06 update 7 (build 960)
CPU DLL:         SARMCM3.DLL V5.34.0.0
Dialog DLL:      DCM.DLL V1.17.3.0
Target DLL:      Segger\JL2CM3.dll V2.99.38.0
Dialog DLL:      TCM.DLL V1.48.0.0
 
<h2>Project:</h2>
D:\Claude demo\智能充电桩\智能充电桩实现\step06_uart_irq\step06_uart_irq.uvprojx
Project File Date:  06/16/2026

<h2>Output:</h2>
*** Using Compiler 'V5.06 update 7 (build 960)', folder: 'D:\Keil_v5\ARM\ARMCC\Bin'
Build target 'SWM320'
compiling frame_parser.c...
linking...
Program Size: Code=6592 RO-data=520 RW-data=40 ZI-data=4376  
FromELF: creating hex file...
After Build - User command #1: fromelf --bin -o "D:\Claude demo\智能充电桩\智能充电桩实现\step06_uart_irq\out\step06_uart_irq.bin" "D:\Claude demo\智能充电桩\智能充电桩实现\step06_uart_irq\out\step06_uart_irq.axf"
After Build - User command #2: cmd /c "if not exist .\Flash mkdir .\Flash && copy "D:\Claude demo\智能充电桩\智能充电桩实现\step06_uart_irq\out\step06_uart_irq.hex" .\Flash\ && copy "D:\Claude demo\智能充电桩\智能充电桩实现\step06_uart_irq\out\step06_uart_irq.bin" .\Flash\"
".\out\step06_uart_irq.axf" - 0 Error(s), 0 Warning(s).

<h2>Software Packages used:</h2>

<h2>Collection of Component include folders:</h2>
  .\RTE\_SWM320

<h2>Collection of Component Files used:</h2>
Build Time Elapsed:  00:00:01
</pre>
</body>
</html>
