<!doctype html public "-//w3c//dtd html 4.0 transitional//en">
<html><head>
<title>Static Call Graph - [.\out\step13_task_arch.axf]</title></head>
<body><HR>
<H1>Static Call Graph for image .\out\step13_task_arch.axf</H1><HR>
<BR><P>#&#060CALLGRAPH&#062# ARM Linker, 5060960: Last Updated: Sat Jun 20 16:21:18 2026
<BR><P>
<H3>Maximum Stack Usage =        224 bytes + Unknown(Cycles, Untraceable Function Pointers)</H3><H3>
Call chain for Maximum Stack Depth:</H3>
task_entry &rArr; cmd_line_work &rArr; split_string_n
<P>
<H3>
Mutually Recursive functions
</H3> <LI><a href="#[24]">NMI_Handler</a>&nbsp;&nbsp;&nbsp;&rArr;&nbsp;&nbsp;&nbsp;<a href="#[24]">NMI_Handler</a><BR>
 <LI><a href="#[25]">HardFault_Handler</a>&nbsp;&nbsp;&nbsp;&rArr;&nbsp;&nbsp;&nbsp;<a href="#[25]">HardFault_Handler</a><BR>
 <LI><a href="#[26]">MemManage_Handler</a>&nbsp;&nbsp;&nbsp;&rArr;&nbsp;&nbsp;&nbsp;<a href="#[26]">MemManage_Handler</a><BR>
 <LI><a href="#[27]">BusFault_Handler</a>&nbsp;&nbsp;&nbsp;&rArr;&nbsp;&nbsp;&nbsp;<a href="#[27]">BusFault_Handler</a><BR>
 <LI><a href="#[28]">UsageFault_Handler</a>&nbsp;&nbsp;&nbsp;&rArr;&nbsp;&nbsp;&nbsp;<a href="#[28]">UsageFault_Handler</a><BR>
 <LI><a href="#[2a]">DebugMon_Handler</a>&nbsp;&nbsp;&nbsp;&rArr;&nbsp;&nbsp;&nbsp;<a href="#[2a]">DebugMon_Handler</a><BR>
 <LI><a href="#[2d]">GPIOA0_Handler</a>&nbsp;&nbsp;&nbsp;&rArr;&nbsp;&nbsp;&nbsp;<a href="#[2d]">GPIOA0_Handler</a><BR>
 <LI><a href="#[2e]">GPIOA1_Handler</a>&nbsp;&nbsp;&nbsp;&rArr;&nbsp;&nbsp;&nbsp;<a href="#[2e]">GPIOA1_Handler</a><BR>
 <LI><a href="#[2f]">GPIOA2_Handler</a>&nbsp;&nbsp;&nbsp;&rArr;&nbsp;&nbsp;&nbsp;<a href="#[2f]">GPIOA2_Handler</a><BR>
 <LI><a href="#[30]">GPIOA3_Handler</a>&nbsp;&nbsp;&nbsp;&rArr;&nbsp;&nbsp;&nbsp;<a href="#[30]">GPIOA3_Handler</a><BR>
 <LI><a href="#[31]">GPIOA4_Handler</a>&nbsp;&nbsp;&nbsp;&rArr;&nbsp;&nbsp;&nbsp;<a href="#[31]">GPIOA4_Handler</a><BR>
 <LI><a href="#[32]">GPIOA5_Handler</a>&nbsp;&nbsp;&nbsp;&rArr;&nbsp;&nbsp;&nbsp;<a href="#[32]">GPIOA5_Handler</a><BR>
 <LI><a href="#[33]">GPIOA6_Handler</a>&nbsp;&nbsp;&nbsp;&rArr;&nbsp;&nbsp;&nbsp;<a href="#[33]">GPIOA6_Handler</a><BR>
 <LI><a href="#[34]">GPIOA7_Handler</a>&nbsp;&nbsp;&nbsp;&rArr;&nbsp;&nbsp;&nbsp;<a href="#[34]">GPIOA7_Handler</a><BR>
 <LI><a href="#[35]">GPIOB0_Handler</a>&nbsp;&nbsp;&nbsp;&rArr;&nbsp;&nbsp;&nbsp;<a href="#[35]">GPIOB0_Handler</a><BR>
 <LI><a href="#[36]">GPIOB1_Handler</a>&nbsp;&nbsp;&nbsp;&rArr;&nbsp;&nbsp;&nbsp;<a href="#[36]">GPIOB1_Handler</a><BR>
 <LI><a href="#[37]">GPIOB2_Handler</a>&nbsp;&nbsp;&nbsp;&rArr;&nbsp;&nbsp;&nbsp;<a href="#[37]">GPIOB2_Handler</a><BR>
 <LI><a href="#[38]">GPIOB3_Handler</a>&nbsp;&nbsp;&nbsp;&rArr;&nbsp;&nbsp;&nbsp;<a href="#[38]">GPIOB3_Handler</a><BR>
 <LI><a href="#[39]">GPIOB4_Handler</a>&nbsp;&nbsp;&nbsp;&rArr;&nbsp;&nbsp;&nbsp;<a href="#[39]">GPIOB4_Handler</a><BR>
 <LI><a href="#[3a]">GPIOB5_Handler</a>&nbsp;&nbsp;&nbsp;&rArr;&nbsp;&nbsp;&nbsp;<a href="#[3a]">GPIOB5_Handler</a><BR>
 <LI><a href="#[3b]">GPIOB6_Handler</a>&nbsp;&nbsp;&nbsp;&rArr;&nbsp;&nbsp;&nbsp;<a href="#[3b]">GPIOB6_Handler</a><BR>
 <LI><a href="#[3c]">GPIOB7_Handler</a>&nbsp;&nbsp;&nbsp;&rArr;&nbsp;&nbsp;&nbsp;<a href="#[3c]">GPIOB7_Handler</a><BR>
 <LI><a href="#[3d]">GPIOC0_Handler</a>&nbsp;&nbsp;&nbsp;&rArr;&nbsp;&nbsp;&nbsp;<a href="#[3d]">GPIOC0_Handler</a><BR>
 <LI><a href="#[3e]">GPIOC1_Handler</a>&nbsp;&nbsp;&nbsp;&rArr;&nbsp;&nbsp;&nbsp;<a href="#[3e]">GPIOC1_Handler</a><BR>
 <LI><a href="#[3f]">GPIOC2_Handler</a>&nbsp;&nbsp;&nbsp;&rArr;&nbsp;&nbsp;&nbsp;<a href="#[3f]">GPIOC2_Handler</a><BR>
 <LI><a href="#[40]">GPIOC3_Handler</a>&nbsp;&nbsp;&nbsp;&rArr;&nbsp;&nbsp;&nbsp;<a href="#[40]">GPIOC3_Handler</a><BR>
 <LI><a href="#[41]">GPIOC4_Handler</a>&nbsp;&nbsp;&nbsp;&rArr;&nbsp;&nbsp;&nbsp;<a href="#[41]">GPIOC4_Handler</a><BR>
 <LI><a href="#[42]">GPIOC5_Handler</a>&nbsp;&nbsp;&nbsp;&rArr;&nbsp;&nbsp;&nbsp;<a href="#[42]">GPIOC5_Handler</a><BR>
 <LI><a href="#[43]">GPIOC6_Handler</a>&nbsp;&nbsp;&nbsp;&rArr;&nbsp;&nbsp;&nbsp;<a href="#[43]">GPIOC6_Handler</a><BR>
 <LI><a href="#[44]">GPIOC7_Handler</a>&nbsp;&nbsp;&nbsp;&rArr;&nbsp;&nbsp;&nbsp;<a href="#[44]">GPIOC7_Handler</a><BR>
 <LI><a href="#[45]">GPIOM0_Handler</a>&nbsp;&nbsp;&nbsp;&rArr;&nbsp;&nbsp;&nbsp;<a href="#[45]">GPIOM0_Handler</a><BR>
 <LI><a href="#[46]">GPIOM1_Handler</a>&nbsp;&nbsp;&nbsp;&rArr;&nbsp;&nbsp;&nbsp;<a href="#[46]">GPIOM1_Handler</a><BR>
 <LI><a href="#[47]">GPIOM2_Handler</a>&nbsp;&nbsp;&nbsp;&rArr;&nbsp;&nbsp;&nbsp;<a href="#[47]">GPIOM2_Handler</a><BR>
 <LI><a href="#[48]">GPIOM3_Handler</a>&nbsp;&nbsp;&nbsp;&rArr;&nbsp;&nbsp;&nbsp;<a href="#[48]">GPIOM3_Handler</a><BR>
 <LI><a href="#[49]">GPIOM4_Handler</a>&nbsp;&nbsp;&nbsp;&rArr;&nbsp;&nbsp;&nbsp;<a href="#[49]">GPIOM4_Handler</a><BR>
 <LI><a href="#[4a]">GPIOM5_Handler</a>&nbsp;&nbsp;&nbsp;&rArr;&nbsp;&nbsp;&nbsp;<a href="#[4a]">GPIOM5_Handler</a><BR>
 <LI><a href="#[4b]">GPIOM6_Handler</a>&nbsp;&nbsp;&nbsp;&rArr;&nbsp;&nbsp;&nbsp;<a href="#[4b]">GPIOM6_Handler</a><BR>
 <LI><a href="#[4c]">GPIOM7_Handler</a>&nbsp;&nbsp;&nbsp;&rArr;&nbsp;&nbsp;&nbsp;<a href="#[4c]">GPIOM7_Handler</a><BR>
 <LI><a href="#[4d]">DMA_Handler</a>&nbsp;&nbsp;&nbsp;&rArr;&nbsp;&nbsp;&nbsp;<a href="#[4d]">DMA_Handler</a><BR>
 <LI><a href="#[4e]">LCD_Handler</a>&nbsp;&nbsp;&nbsp;&rArr;&nbsp;&nbsp;&nbsp;<a href="#[4e]">LCD_Handler</a><BR>
 <LI><a href="#[4f]">NORFLC_Handler</a>&nbsp;&nbsp;&nbsp;&rArr;&nbsp;&nbsp;&nbsp;<a href="#[4f]">NORFLC_Handler</a><BR>
 <LI><a href="#[50]">CAN_Handler</a>&nbsp;&nbsp;&nbsp;&rArr;&nbsp;&nbsp;&nbsp;<a href="#[50]">CAN_Handler</a><BR>
 <LI><a href="#[51]">PULSE_Handler</a>&nbsp;&nbsp;&nbsp;&rArr;&nbsp;&nbsp;&nbsp;<a href="#[51]">PULSE_Handler</a><BR>
 <LI><a href="#[52]">WDT_Handler</a>&nbsp;&nbsp;&nbsp;&rArr;&nbsp;&nbsp;&nbsp;<a href="#[52]">WDT_Handler</a><BR>
 <LI><a href="#[53]">PWM_Handler</a>&nbsp;&nbsp;&nbsp;&rArr;&nbsp;&nbsp;&nbsp;<a href="#[53]">PWM_Handler</a><BR>
 <LI><a href="#[55]">UART1_Handler</a>&nbsp;&nbsp;&nbsp;&rArr;&nbsp;&nbsp;&nbsp;<a href="#[55]">UART1_Handler</a><BR>
 <LI><a href="#[56]">UART2_Handler</a>&nbsp;&nbsp;&nbsp;&rArr;&nbsp;&nbsp;&nbsp;<a href="#[56]">UART2_Handler</a><BR>
 <LI><a href="#[57]">UART3_Handler</a>&nbsp;&nbsp;&nbsp;&rArr;&nbsp;&nbsp;&nbsp;<a href="#[57]">UART3_Handler</a><BR>
 <LI><a href="#[58]">I2C0_Handler</a>&nbsp;&nbsp;&nbsp;&rArr;&nbsp;&nbsp;&nbsp;<a href="#[58]">I2C0_Handler</a><BR>
 <LI><a href="#[59]">I2C1_Handler</a>&nbsp;&nbsp;&nbsp;&rArr;&nbsp;&nbsp;&nbsp;<a href="#[59]">I2C1_Handler</a><BR>
 <LI><a href="#[5a]">SPI0_Handler</a>&nbsp;&nbsp;&nbsp;&rArr;&nbsp;&nbsp;&nbsp;<a href="#[5a]">SPI0_Handler</a><BR>
 <LI><a href="#[5b]">ADC0_Handler</a>&nbsp;&nbsp;&nbsp;&rArr;&nbsp;&nbsp;&nbsp;<a href="#[5b]">ADC0_Handler</a><BR>
 <LI><a href="#[5c]">RTC_Handler</a>&nbsp;&nbsp;&nbsp;&rArr;&nbsp;&nbsp;&nbsp;<a href="#[5c]">RTC_Handler</a><BR>
 <LI><a href="#[5d]">BOD_Handler</a>&nbsp;&nbsp;&nbsp;&rArr;&nbsp;&nbsp;&nbsp;<a href="#[5d]">BOD_Handler</a><BR>
 <LI><a href="#[5e]">SDIO_Handler</a>&nbsp;&nbsp;&nbsp;&rArr;&nbsp;&nbsp;&nbsp;<a href="#[5e]">SDIO_Handler</a><BR>
 <LI><a href="#[65]">ADC1_Handler</a>&nbsp;&nbsp;&nbsp;&rArr;&nbsp;&nbsp;&nbsp;<a href="#[65]">ADC1_Handler</a><BR>
 <LI><a href="#[66]">FPU_Handler</a>&nbsp;&nbsp;&nbsp;&rArr;&nbsp;&nbsp;&nbsp;<a href="#[66]">FPU_Handler</a><BR>
 <LI><a href="#[67]">SPI1_Handler</a>&nbsp;&nbsp;&nbsp;&rArr;&nbsp;&nbsp;&nbsp;<a href="#[67]">SPI1_Handler</a><BR>
 <LI><a href="#[68]">TIMR0_Handler</a>&nbsp;&nbsp;&nbsp;&rArr;&nbsp;&nbsp;&nbsp;<a href="#[68]">TIMR0_Handler</a><BR>
 <LI><a href="#[69]">TIMR1_Handler</a>&nbsp;&nbsp;&nbsp;&rArr;&nbsp;&nbsp;&nbsp;<a href="#[69]">TIMR1_Handler</a><BR>
 <LI><a href="#[6a]">TIMR2_Handler</a>&nbsp;&nbsp;&nbsp;&rArr;&nbsp;&nbsp;&nbsp;<a href="#[6a]">TIMR2_Handler</a><BR>
 <LI><a href="#[6b]">TIMR3_Handler</a>&nbsp;&nbsp;&nbsp;&rArr;&nbsp;&nbsp;&nbsp;<a href="#[6b]">TIMR3_Handler</a><BR>
 <LI><a href="#[6c]">TIMR4_Handler</a>&nbsp;&nbsp;&nbsp;&rArr;&nbsp;&nbsp;&nbsp;<a href="#[6c]">TIMR4_Handler</a><BR>
 <LI><a href="#[6d]">TIMR5_Handler</a>&nbsp;&nbsp;&nbsp;&rArr;&nbsp;&nbsp;&nbsp;<a href="#[6d]">TIMR5_Handler</a><BR>
</UL>
<P>
<H3>
Function Pointers
</H3><UL>
 <LI><a href="#[5b]">ADC0_Handler</a> from startup_swm320.o(.text) referenced from startup_swm320.o(RESET)
 <LI><a href="#[65]">ADC1_Handler</a> from startup_swm320.o(.text) referenced from startup_swm320.o(RESET)
 <LI><a href="#[5d]">BOD_Handler</a> from startup_swm320.o(.text) referenced from startup_swm320.o(RESET)
 <LI><a href="#[27]">BusFault_Handler</a> from startup_swm320.o(.text) referenced from startup_swm320.o(RESET)
 <LI><a href="#[50]">CAN_Handler</a> from startup_swm320.o(.text) referenced from startup_swm320.o(RESET)
 <LI><a href="#[4d]">DMA_Handler</a> from startup_swm320.o(.text) referenced from startup_swm320.o(RESET)
 <LI><a href="#[2a]">DebugMon_Handler</a> from startup_swm320.o(.text) referenced from startup_swm320.o(RESET)
 <LI><a href="#[66]">FPU_Handler</a> from startup_swm320.o(.text) referenced from startup_swm320.o(RESET)
 <LI><a href="#[2d]">GPIOA0_Handler</a> from startup_swm320.o(.text) referenced from startup_swm320.o(RESET)
 <LI><a href="#[2e]">GPIOA1_Handler</a> from startup_swm320.o(.text) referenced from startup_swm320.o(RESET)
 <LI><a href="#[2f]">GPIOA2_Handler</a> from startup_swm320.o(.text) referenced from startup_swm320.o(RESET)
 <LI><a href="#[30]">GPIOA3_Handler</a> from startup_swm320.o(.text) referenced from startup_swm320.o(RESET)
 <LI><a href="#[31]">GPIOA4_Handler</a> from startup_swm320.o(.text) referenced from startup_swm320.o(RESET)
 <LI><a href="#[32]">GPIOA5_Handler</a> from startup_swm320.o(.text) referenced from startup_swm320.o(RESET)
 <LI><a href="#[33]">GPIOA6_Handler</a> from startup_swm320.o(.text) referenced from startup_swm320.o(RESET)
 <LI><a href="#[34]">GPIOA7_Handler</a> from startup_swm320.o(.text) referenced from startup_swm320.o(RESET)
 <LI><a href="#[5f]">GPIOA_Handler</a> from drvp_gpio.o(.text) referenced from startup_swm320.o(RESET)
 <LI><a href="#[35]">GPIOB0_Handler</a> from startup_swm320.o(.text) referenced from startup_swm320.o(RESET)
 <LI><a href="#[36]">GPIOB1_Handler</a> from startup_swm320.o(.text) referenced from startup_swm320.o(RESET)
 <LI><a href="#[37]">GPIOB2_Handler</a> from startup_swm320.o(.text) referenced from startup_swm320.o(RESET)
 <LI><a href="#[38]">GPIOB3_Handler</a> from startup_swm320.o(.text) referenced from startup_swm320.o(RESET)
 <LI><a href="#[39]">GPIOB4_Handler</a> from startup_swm320.o(.text) referenced from startup_swm320.o(RESET)
 <LI><a href="#[3a]">GPIOB5_Handler</a> from startup_swm320.o(.text) referenced from startup_swm320.o(RESET)
 <LI><a href="#[3b]">GPIOB6_Handler</a> from startup_swm320.o(.text) referenced from startup_swm320.o(RESET)
 <LI><a href="#[3c]">GPIOB7_Handler</a> from startup_swm320.o(.text) referenced from startup_swm320.o(RESET)
 <LI><a href="#[60]">GPIOB_Handler</a> from drvp_gpio.o(.text) referenced from startup_swm320.o(RESET)
 <LI><a href="#[3d]">GPIOC0_Handler</a> from startup_swm320.o(.text) referenced from startup_swm320.o(RESET)
 <LI><a href="#[3e]">GPIOC1_Handler</a> from startup_swm320.o(.text) referenced from startup_swm320.o(RESET)
 <LI><a href="#[3f]">GPIOC2_Handler</a> from startup_swm320.o(.text) referenced from startup_swm320.o(RESET)
 <LI><a href="#[40]">GPIOC3_Handler</a> from startup_swm320.o(.text) referenced from startup_swm320.o(RESET)
 <LI><a href="#[41]">GPIOC4_Handler</a> from startup_swm320.o(.text) referenced from startup_swm320.o(RESET)
 <LI><a href="#[42]">GPIOC5_Handler</a> from startup_swm320.o(.text) referenced from startup_swm320.o(RESET)
 <LI><a href="#[43]">GPIOC6_Handler</a> from startup_swm320.o(.text) referenced from startup_swm320.o(RESET)
 <LI><a href="#[44]">GPIOC7_Handler</a> from startup_swm320.o(.text) referenced from startup_swm320.o(RESET)
 <LI><a href="#[61]">GPIOC_Handler</a> from drvp_gpio.o(.text) referenced from startup_swm320.o(RESET)
 <LI><a href="#[45]">GPIOM0_Handler</a> from startup_swm320.o(.text) referenced from startup_swm320.o(RESET)
 <LI><a href="#[46]">GPIOM1_Handler</a> from startup_swm320.o(.text) referenced from startup_swm320.o(RESET)
 <LI><a href="#[47]">GPIOM2_Handler</a> from startup_swm320.o(.text) referenced from startup_swm320.o(RESET)
 <LI><a href="#[48]">GPIOM3_Handler</a> from startup_swm320.o(.text) referenced from startup_swm320.o(RESET)
 <LI><a href="#[49]">GPIOM4_Handler</a> from startup_swm320.o(.text) referenced from startup_swm320.o(RESET)
 <LI><a href="#[4a]">GPIOM5_Handler</a> from startup_swm320.o(.text) referenced from startup_swm320.o(RESET)
 <LI><a href="#[4b]">GPIOM6_Handler</a> from startup_swm320.o(.text) referenced from startup_swm320.o(RESET)
 <LI><a href="#[4c]">GPIOM7_Handler</a> from startup_swm320.o(.text) referenced from startup_swm320.o(RESET)
 <LI><a href="#[62]">GPIOM_Handler</a> from drvp_gpio.o(.text) referenced from startup_swm320.o(RESET)
 <LI><a href="#[63]">GPION_Handler</a> from drvp_gpio.o(.text) referenced from startup_swm320.o(RESET)
 <LI><a href="#[64]">GPIOP_Handler</a> from drvp_gpio.o(.text) referenced from startup_swm320.o(RESET)
 <LI><a href="#[25]">HardFault_Handler</a> from startup_swm320.o(.text) referenced from startup_swm320.o(RESET)
 <LI><a href="#[58]">I2C0_Handler</a> from startup_swm320.o(.text) referenced from startup_swm320.o(RESET)
 <LI><a href="#[59]">I2C1_Handler</a> from startup_swm320.o(.text) referenced from startup_swm320.o(RESET)
 <LI><a href="#[4e]">LCD_Handler</a> from startup_swm320.o(.text) referenced from startup_swm320.o(RESET)
 <LI><a href="#[26]">MemManage_Handler</a> from startup_swm320.o(.text) referenced from startup_swm320.o(RESET)
 <LI><a href="#[24]">NMI_Handler</a> from startup_swm320.o(.text) referenced from startup_swm320.o(RESET)
 <LI><a href="#[4f]">NORFLC_Handler</a> from startup_swm320.o(.text) referenced from startup_swm320.o(RESET)
 <LI><a href="#[51]">PULSE_Handler</a> from startup_swm320.o(.text) referenced from startup_swm320.o(RESET)
 <LI><a href="#[53]">PWM_Handler</a> from startup_swm320.o(.text) referenced from startup_swm320.o(RESET)
 <LI><a href="#[2b]">PendSV_Handler</a> from port.o(.emb_text) referenced from startup_swm320.o(RESET)
 <LI><a href="#[5c]">RTC_Handler</a> from startup_swm320.o(.text) referenced from startup_swm320.o(RESET)
 <LI><a href="#[23]">Reset_Handler</a> from startup_swm320.o(.text) referenced from startup_swm320.o(RESET)
 <LI><a href="#[5e]">SDIO_Handler</a> from startup_swm320.o(.text) referenced from startup_swm320.o(RESET)
 <LI><a href="#[5a]">SPI0_Handler</a> from startup_swm320.o(.text) referenced from startup_swm320.o(RESET)
 <LI><a href="#[67]">SPI1_Handler</a> from startup_swm320.o(.text) referenced from startup_swm320.o(RESET)
 <LI><a href="#[29]">SVC_Handler</a> from port.o(.emb_text) referenced from startup_swm320.o(RESET)
 <LI><a href="#[2c]">SysTick_Handler</a> from port.o(.text) referenced from startup_swm320.o(RESET)
 <LI><a href="#[68]">TIMR0_Handler</a> from startup_swm320.o(.text) referenced from startup_swm320.o(RESET)
 <LI><a href="#[69]">TIMR1_Handler</a> from startup_swm320.o(.text) referenced from startup_swm320.o(RESET)
 <LI><a href="#[6a]">TIMR2_Handler</a> from startup_swm320.o(.text) referenced from startup_swm320.o(RESET)
 <LI><a href="#[6b]">TIMR3_Handler</a> from startup_swm320.o(.text) referenced from startup_swm320.o(RESET)
 <LI><a href="#[6c]">TIMR4_Handler</a> from startup_swm320.o(.text) referenced from startup_swm320.o(RESET)
 <LI><a href="#[6d]">TIMR5_Handler</a> from startup_swm320.o(.text) referenced from startup_swm320.o(RESET)
 <LI><a href="#[54]">UART0_Handler</a> from drvp_uart0.o(.text) referenced from startup_swm320.o(RESET)
 <LI><a href="#[55]">UART1_Handler</a> from startup_swm320.o(.text) referenced from startup_swm320.o(RESET)
 <LI><a href="#[56]">UART2_Handler</a> from startup_swm320.o(.text) referenced from startup_swm320.o(RESET)
 <LI><a href="#[57]">UART3_Handler</a> from startup_swm320.o(.text) referenced from startup_swm320.o(RESET)
 <LI><a href="#[28]">UsageFault_Handler</a> from startup_swm320.o(.text) referenced from startup_swm320.o(RESET)
 <LI><a href="#[52]">WDT_Handler</a> from startup_swm320.o(.text) referenced from startup_swm320.o(RESET)
 <LI><a href="#[77]">__main</a> from entry.o(.ARM.Collect$$$$00000000) referenced from startup_swm320.o(.text)
 <LI><a href="#[7a]">cmd_clear</a> from cmd_line.o(.text) referenced from cmd_line.o(.constdata)
 <LI><a href="#[7b]">cmd_help</a> from cmd_line.o(.text) referenced from cmd_line.o(.constdata)
 <LI><a href="#[80]">cmd_info</a> from cmd_line.o(.text) referenced from cmd_line.o(.constdata)
 <LI><a href="#[7f]">cmd_io</a> from cmd_line.o(.text) referenced from cmd_line.o(.constdata)
 <LI><a href="#[7d]">cmd_led</a> from cmd_line.o(.text) referenced from cmd_line.o(.constdata)
 <LI><a href="#[7c]">cmd_reboot</a> from cmd_line.o(.text) referenced from cmd_line.o(.constdata)
 <LI><a href="#[7e]">cmd_relay</a> from cmd_line.o(.text) referenced from cmd_line.o(.constdata)
 <LI><a href="#[79]">cmd_test</a> from cmd_line.o(.text) referenced from cmd_line.o(.constdata)
 <LI><a href="#[0]">create</a> from task_start.o(.text) referenced 8 times from task_start.o(.data)
 <LI><a href="#[c]">do_attach_irq</a> from drv_gpio.o(.text) referenced 2 times from drv_gpio.o(.data)
 <LI><a href="#[8]">do_clear_rx_buf</a> from drv_uart0.o(.text) referenced 2 times from drv_uart0.o(.data)
 <LI><a href="#[1b]">do_close</a> from drvp_uart0.o(.text) referenced 2 times from drvp_uart0.o(.data)
 <LI><a href="#[12]">do_create</a> from drv_loop.o(.text) referenced 2 times from drv_loop.o(.data)
 <LI><a href="#[d]">do_detach_irq</a> from drv_gpio.o(.text) referenced 2 times from drv_gpio.o(.data)
 <LI><a href="#[22]">do_enable_irq</a> from drvp_uart0.o(.text) referenced 2 times from drvp_uart0.o(.data)
 <LI><a href="#[4]">do_init</a> from drv_uart0.o(.text) referenced 4 times from drv_uart0.o(.data)
 <LI><a href="#[e]">do_irq_enable</a> from drv_gpio.o(.text) referenced 2 times from drv_gpio.o(.data)
 <LI><a href="#[1d]">do_is_tx_busy</a> from drvp_uart0.o(.text) referenced 2 times from drvp_uart0.o(.data)
 <LI><a href="#[1a]">do_open</a> from drvp_uart0.o(.text) referenced 2 times from drvp_uart0.o(.data)
 <LI><a href="#[9]">do_read</a> from drv_gpio.o(.text) referenced 4 times from drv_gpio.o(.data)
 <LI><a href="#[5]">do_read_rx_buf</a> from drv_uart0.o(.text) referenced 2 times from drv_uart0.o(.data)
 <LI><a href="#[11]">do_reset</a> from drv_loop.o(.text) referenced 2 times from drv_loop.o(.data)
 <LI><a href="#[6]">do_send</a> from drv_uart0.o(.text) referenced 2 times from drv_uart0.o(.data)
 <LI><a href="#[7]">do_send_byte</a> from drv_uart0.o(.text) referenced 2 times from drv_uart0.o(.data)
 <LI><a href="#[b]">do_set_mode</a> from drv_gpio.o(.text) referenced 2 times from drv_gpio.o(.data)
 <LI><a href="#[1e]">do_set_rx_callback</a> from drvp_uart0.o(.text) referenced 2 times from drvp_uart0.o(.data)
 <LI><a href="#[1f]">do_set_tx_callback</a> from drvp_uart0.o(.text) referenced 2 times from drvp_uart0.o(.data)
 <LI><a href="#[20]">do_start_tx</a> from drvp_uart0.o(.text) referenced 2 times from drvp_uart0.o(.data)
 <LI><a href="#[21]">do_stop_tx</a> from drvp_uart0.o(.text) referenced 2 times from drvp_uart0.o(.data)
 <LI><a href="#[a]">do_write</a> from drv_gpio.o(.text) referenced 4 times from drv_gpio.o(.data)
 <LI><a href="#[1c]">do_write_byte</a> from drvp_uart0.o(.text) referenced 2 times from drvp_uart0.o(.data)
 <LI><a href="#[16]">drvp_attach_irq</a> from drvp_gpio.o(.text) referenced 2 times from drvp_gpio.o(.data)
 <LI><a href="#[17]">drvp_detach_irq</a> from drvp_gpio.o(.text) referenced 2 times from drvp_gpio.o(.data)
 <LI><a href="#[18]">drvp_irq_enable</a> from drvp_gpio.o(.text) referenced 2 times from drvp_gpio.o(.data)
 <LI><a href="#[13]">drvp_read</a> from drvp_gpio.o(.text) referenced 2 times from drvp_gpio.o(.data)
 <LI><a href="#[15]">drvp_set_mode</a> from drvp_gpio.o(.text) referenced 2 times from drvp_gpio.o(.data)
 <LI><a href="#[14]">drvp_write</a> from drvp_gpio.o(.text) referenced 2 times from drvp_gpio.o(.data)
 <LI><a href="#[78]">fputc</a> from drv_uart0.o(.text) referenced from printf3.o(i.__0printf$3)
 <LI><a href="#[6e]">main</a> from main.o(.text) referenced from entry9a.o(.ARM.Collect$$$$0000000B)
 <LI><a href="#[75]">prvIdleTask</a> from tasks.o(.text) referenced from tasks.o(.text)
 <LI><a href="#[76]">prvTaskExitError</a> from port.o(.text) referenced from port.o(.text)
 <LI><a href="#[6f]">task_entry</a> from task_start.o(.text) referenced 4 times from task_start.o(.text)
 <LI><a href="#[73]">uart0_rx_handler</a> from drv_uart0.o(.text) referenced from drv_uart0.o(.text)
 <LI><a href="#[74]">uart0_tx_handler</a> from drv_uart0.o(.text) referenced from drv_uart0.o(.text)
</UL>
<P>
<H3>
Global Symbols
</H3>
<P><STRONG><a name="[77]"></a>__main</STRONG> (Thumb, 0 bytes, Stack size unknown bytes, entry.o(.ARM.Collect$$$$00000000))
<BR>[Address Reference Count : 1]<UL><LI> startup_swm320.o(.text)
</UL>
<P><STRONG><a name="[eb]"></a>_main_stk</STRONG> (Thumb, 0 bytes, Stack size unknown bytes, entry2.o(.ARM.Collect$$$$00000001))

<P><STRONG><a name="[81]"></a>_main_scatterload</STRONG> (Thumb, 0 bytes, Stack size unknown bytes, entry5.o(.ARM.Collect$$$$00000004))
<BR><BR>[Calls]<UL><LI><a href="#[82]">&gt;&gt;</a>&nbsp;&nbsp;&nbsp;__scatterload
</UL>

<P><STRONG><a name="[e7]"></a>__main_after_scatterload</STRONG> (Thumb, 0 bytes, Stack size unknown bytes, entry5.o(.ARM.Collect$$$$00000004))
<BR><BR>[Called By]<UL><LI><a href="#[82]">&gt;&gt;</a>&nbsp;&nbsp;&nbsp;__scatterload
</UL>

<P><STRONG><a name="[ec]"></a>_main_clock</STRONG> (Thumb, 0 bytes, Stack size unknown bytes, entry7b.o(.ARM.Collect$$$$00000008))

<P><STRONG><a name="[ed]"></a>_main_cpp_init</STRONG> (Thumb, 0 bytes, Stack size unknown bytes, entry8b.o(.ARM.Collect$$$$0000000A))

<P><STRONG><a name="[ee]"></a>_main_init</STRONG> (Thumb, 0 bytes, Stack size unknown bytes, entry9a.o(.ARM.Collect$$$$0000000B))

<P><STRONG><a name="[ef]"></a>__rt_lib_shutdown_fini</STRONG> (Thumb, 0 bytes, Stack size unknown bytes, entry12b.o(.ARM.Collect$$$$0000000E))

<P><STRONG><a name="[f0]"></a>__rt_final_cpp</STRONG> (Thumb, 0 bytes, Stack size unknown bytes, entry10a.o(.ARM.Collect$$$$0000000F))

<P><STRONG><a name="[f1]"></a>__rt_final_exit</STRONG> (Thumb, 0 bytes, Stack size unknown bytes, entry11a.o(.ARM.Collect$$$$00000011))

<P><STRONG><a name="[29]"></a>SVC_Handler</STRONG> (Thumb, 32 bytes, Stack size 0 bytes, port.o(.emb_text))
<BR>[Address Reference Count : 1]<UL><LI> startup_swm320.o(RESET)
</UL>
<P><STRONG><a name="[d7]"></a>__asm___6_port_c_39a90d8d__prvStartFirstTask</STRONG> (Thumb, 28 bytes, Stack size 0 bytes, port.o(.emb_text))
<BR><BR>[Called By]<UL><LI><a href="#[c5]">&gt;&gt;</a>&nbsp;&nbsp;&nbsp;xPortStartScheduler
</UL>

<P><STRONG><a name="[2b]"></a>PendSV_Handler</STRONG> (Thumb, 72 bytes, Stack size 0 bytes, port.o(.emb_text))
<BR><BR>[Calls]<UL><LI><a href="#[83]">&gt;&gt;</a>&nbsp;&nbsp;&nbsp;vTaskSwitchContext
</UL>
<BR>[Address Reference Count : 1]<UL><LI> startup_swm320.o(RESET)
</UL>
<P><STRONG><a name="[f2]"></a>vPortGetIPSR</STRONG> (Thumb, 6 bytes, Stack size 0 bytes, port.o(.emb_text), UNUSED)

<P><STRONG><a name="[6e]"></a>main</STRONG> (Thumb, 22 bytes, Stack size 0 bytes, main.o(.text))
<BR><BR>[Stack]<UL><LI>Max Depth = 144<LI>Call Chain = main &rArr; vTaskStartScheduler &rArr; xTaskCreate &rArr; pvPortMalloc &rArr; xTaskResumeAll &rArr; xTaskIncrementTick
</UL>
<BR>[Calls]<UL><LI><a href="#[85]">&gt;&gt;</a>&nbsp;&nbsp;&nbsp;vTaskStartScheduler
<LI><a href="#[84]">&gt;&gt;</a>&nbsp;&nbsp;&nbsp;SystemInit
</UL>
<BR>[Address Reference Count : 1]<UL><LI> entry9a.o(.ARM.Collect$$$$0000000B)
</UL>
<P><STRONG><a name="[86]"></a>io_init_all</STRONG> (Thumb, 112 bytes, Stack size 24 bytes, io_config.o(.text))
<BR><BR>[Stack]<UL><LI>Max Depth = 116<LI>Call Chain = io_init_all &rArr; GPIO_Init &rArr; PORT_Init
</UL>
<BR>[Calls]<UL><LI><a href="#[88]">&gt;&gt;</a>&nbsp;&nbsp;&nbsp;PORT_Init
<LI><a href="#[89]">&gt;&gt;</a>&nbsp;&nbsp;&nbsp;GPIO_Init
<LI><a href="#[8a]">&gt;&gt;</a>&nbsp;&nbsp;&nbsp;GPIO_ClrBit
<LI><a href="#[87]">&gt;&gt;</a>&nbsp;&nbsp;&nbsp;__2printf
</UL>
<BR>[Called By]<UL><LI><a href="#[6f]">&gt;&gt;</a>&nbsp;&nbsp;&nbsp;task_entry
</UL>

<P><STRONG><a name="[8b]"></a>io_print_all</STRONG> (Thumb, 48 bytes, Stack size 16 bytes, io_config.o(.text))
<BR><BR>[Stack]<UL><LI>Max Depth = 40<LI>Call Chain = io_print_all &rArr; __2printf
</UL>
<BR>[Calls]<UL><LI><a href="#[8c]">&gt;&gt;</a>&nbsp;&nbsp;&nbsp;GPIO_GetBit
<LI><a href="#[87]">&gt;&gt;</a>&nbsp;&nbsp;&nbsp;__2printf
</UL>
<BR>[Called By]<UL><LI><a href="#[7f]">&gt;&gt;</a>&nbsp;&nbsp;&nbsp;cmd_io
</UL>

<P><STRONG><a name="[91]"></a>cmd_line_work</STRONG> (Thumb, 258 bytes, Stack size 200 bytes, cmd_line.o(.text))
<BR><BR>[Stack]<UL><LI>Max Depth = 224<LI>Call Chain = cmd_line_work &rArr; split_string_n
</UL>
<BR>[Calls]<UL><LI><a href="#[8d]">&gt;&gt;</a>&nbsp;&nbsp;&nbsp;split_string_n
<LI><a href="#[87]">&gt;&gt;</a>&nbsp;&nbsp;&nbsp;__2printf
<LI><a href="#[8f]">&gt;&gt;</a>&nbsp;&nbsp;&nbsp;strcmp
<LI><a href="#[92]">&gt;&gt;</a>&nbsp;&nbsp;&nbsp;__aeabi_memclr
<LI><a href="#[93]">&gt;&gt;</a>&nbsp;&nbsp;&nbsp;__aeabi_memcpy
</UL>
<BR>[Called By]<UL><LI><a href="#[70]">&gt;&gt;</a>&nbsp;&nbsp;&nbsp;task_entry
</UL>

<P><STRONG><a name="[78]"></a>fputc</STRONG> (Thumb, 14 bytes, Stack size 8 bytes, drv_uart0.o(.text))
<BR><BR>[Stack]<UL><LI>Max Depth = 32<LI>Call Chain = fputc &rArr; do_send_byte &rArr; kick_tx
</UL>
<BR>[Calls]<UL><LI><a href="#[7]">&gt;&gt;</a>&nbsp;&nbsp;&nbsp;do_send_byte
</UL>
<BR>[Address Reference Count : 1]<UL><LI> printf3.o(i.__0printf$3)
</UL>
<P><STRONG><a name="[5f]"></a>GPIOA_Handler</STRONG> (Thumb, 4 bytes, Stack size 0 bytes, drvp_gpio.o(.text))
<BR><BR>[Stack]<UL><LI>Max Depth = 24<LI>Call Chain = GPIOA_Handler &rArr; gpio_group_isr
</UL>
<BR>[Calls]<UL><LI><a href="#[9e]">&gt;&gt;</a>&nbsp;&nbsp;&nbsp;gpio_group_isr
</UL>
<BR>[Address Reference Count : 1]<UL><LI> startup_swm320.o(RESET)
</UL>
<P><STRONG><a name="[60]"></a>GPIOB_Handler</STRONG> (Thumb, 4 bytes, Stack size 0 bytes, drvp_gpio.o(.text))
<BR><BR>[Stack]<UL><LI>Max Depth = 24<LI>Call Chain = GPIOB_Handler &rArr; gpio_group_isr
</UL>
<BR>[Calls]<UL><LI><a href="#[9e]">&gt;&gt;</a>&nbsp;&nbsp;&nbsp;gpio_group_isr
</UL>
<BR>[Address Reference Count : 1]<UL><LI> startup_swm320.o(RESET)
</UL>
<P><STRONG><a name="[61]"></a>GPIOC_Handler</STRONG> (Thumb, 4 bytes, Stack size 0 bytes, drvp_gpio.o(.text))
<BR><BR>[Stack]<UL><LI>Max Depth = 24<LI>Call Chain = GPIOC_Handler &rArr; gpio_group_isr
</UL>
<BR>[Calls]<UL><LI><a href="#[9e]">&gt;&gt;</a>&nbsp;&nbsp;&nbsp;gpio_group_isr
</UL>
<BR>[Address Reference Count : 1]<UL><LI> startup_swm320.o(RESET)
</UL>
<P><STRONG><a name="[62]"></a>GPIOM_Handler</STRONG> (Thumb, 4 bytes, Stack size 0 bytes, drvp_gpio.o(.text))
<BR><BR>[Stack]<UL><LI>Max Depth = 24<LI>Call Chain = GPIOM_Handler &rArr; gpio_group_isr
</UL>
<BR>[Calls]<UL><LI><a href="#[9e]">&gt;&gt;</a>&nbsp;&nbsp;&nbsp;gpio_group_isr
</UL>
<BR>[Address Reference Count : 1]<UL><LI> startup_swm320.o(RESET)
</UL>
<P><STRONG><a name="[63]"></a>GPION_Handler</STRONG> (Thumb, 4 bytes, Stack size 0 bytes, drvp_gpio.o(.text))
<BR><BR>[Stack]<UL><LI>Max Depth = 24<LI>Call Chain = GPION_Handler &rArr; gpio_group_isr
</UL>
<BR>[Calls]<UL><LI><a href="#[9e]">&gt;&gt;</a>&nbsp;&nbsp;&nbsp;gpio_group_isr
</UL>
<BR>[Address Reference Count : 1]<UL><LI> startup_swm320.o(RESET)
</UL>
<P><STRONG><a name="[64]"></a>GPIOP_Handler</STRONG> (Thumb, 4 bytes, Stack size 0 bytes, drvp_gpio.o(.text))
<BR><BR>[Stack]<UL><LI>Max Depth = 24<LI>Call Chain = GPIOP_Handler &rArr; gpio_group_isr
</UL>
<BR>[Calls]<UL><LI><a href="#[9e]">&gt;&gt;</a>&nbsp;&nbsp;&nbsp;gpio_group_isr
</UL>
<BR>[Address Reference Count : 1]<UL><LI> startup_swm320.o(RESET)
</UL>
<P><STRONG><a name="[54]"></a>UART0_Handler</STRONG> (Thumb, 144 bytes, Stack size 24 bytes, drvp_uart0.o(.text))
<BR><BR>[Stack]<UL><LI>Max Depth = 24<LI>Call Chain = UART0_Handler
</UL>
<BR>[Calls]<UL><LI><a href="#[a4]">&gt;&gt;</a>&nbsp;&nbsp;&nbsp;UART_WriteByte
<LI><a href="#[a7]">&gt;&gt;</a>&nbsp;&nbsp;&nbsp;UART_ReadByte
<LI><a href="#[a9]">&gt;&gt;</a>&nbsp;&nbsp;&nbsp;UART_IsTXFIFOFull
<LI><a href="#[a8]">&gt;&gt;</a>&nbsp;&nbsp;&nbsp;UART_IsRXFIFOEmpty
<LI><a href="#[a6]">&gt;&gt;</a>&nbsp;&nbsp;&nbsp;UART_INTStat
<LI><a href="#[21]">&gt;&gt;</a>&nbsp;&nbsp;&nbsp;do_stop_tx
</UL>
<BR>[Address Reference Count : 1]<UL><LI> startup_swm320.o(RESET)
</UL>
<P><STRONG><a name="[96]"></a>xTaskCreate</STRONG> (Thumb, 96 bytes, Stack size 56 bytes, tasks.o(.text))
<BR><BR>[Stack]<UL><LI>Max Depth = 128<LI>Call Chain = xTaskCreate &rArr; pvPortMalloc &rArr; xTaskResumeAll &rArr; xTaskIncrementTick
</UL>
<BR>[Calls]<UL><LI><a href="#[b3]">&gt;&gt;</a>&nbsp;&nbsp;&nbsp;vPortFree
<LI><a href="#[b0]">&gt;&gt;</a>&nbsp;&nbsp;&nbsp;prvInitialiseNewTask
<LI><a href="#[ac]">&gt;&gt;</a>&nbsp;&nbsp;&nbsp;prvAddNewTaskToReadyList
<LI><a href="#[98]">&gt;&gt;</a>&nbsp;&nbsp;&nbsp;pvPortMalloc
</UL>
<BR>[Called By]<UL><LI><a href="#[3]">&gt;&gt;</a>&nbsp;&nbsp;&nbsp;create
<LI><a href="#[2]">&gt;&gt;</a>&nbsp;&nbsp;&nbsp;create
<LI><a href="#[1]">&gt;&gt;</a>&nbsp;&nbsp;&nbsp;create
<LI><a href="#[0]">&gt;&gt;</a>&nbsp;&nbsp;&nbsp;create
<LI><a href="#[85]">&gt;&gt;</a>&nbsp;&nbsp;&nbsp;vTaskStartScheduler
</UL>

<P><STRONG><a name="[b5]"></a>vTaskDelete</STRONG> (Thumb, 138 bytes, Stack size 16 bytes, tasks.o(.text), UNUSED)
<BR><BR>[Calls]<UL><LI><a href="#[af]">&gt;&gt;</a>&nbsp;&nbsp;&nbsp;vPortExitCritical
<LI><a href="#[ad]">&gt;&gt;</a>&nbsp;&nbsp;&nbsp;vPortEnterCritical
<LI><a href="#[ae]">&gt;&gt;</a>&nbsp;&nbsp;&nbsp;vListInsertEnd
<LI><a href="#[b6]">&gt;&gt;</a>&nbsp;&nbsp;&nbsp;uxListRemove
<LI><a href="#[b4]">&gt;&gt;</a>&nbsp;&nbsp;&nbsp;prvDeleteTCB
<LI><a href="#[b7]">&gt;&gt;</a>&nbsp;&nbsp;&nbsp;prvResetNextTaskUnblockTime
</UL>

<P><STRONG><a name="[b8]"></a>xTaskIncrementTick</STRONG> (Thumb, 174 bytes, Stack size 24 bytes, tasks.o(.text))
<BR><BR>[Stack]<UL><LI>Max Depth = 24<LI>Call Chain = xTaskIncrementTick
</UL>
<BR>[Calls]<UL><LI><a href="#[ae]">&gt;&gt;</a>&nbsp;&nbsp;&nbsp;vListInsertEnd
<LI><a href="#[b6]">&gt;&gt;</a>&nbsp;&nbsp;&nbsp;uxListRemove
<LI><a href="#[b7]">&gt;&gt;</a>&nbsp;&nbsp;&nbsp;prvResetNextTaskUnblockTime
</UL>
<BR>[Called By]<UL><LI><a href="#[b9]">&gt;&gt;</a>&nbsp;&nbsp;&nbsp;xTaskResumeAll
<LI><a href="#[2c]">&gt;&gt;</a>&nbsp;&nbsp;&nbsp;SysTick_Handler
</UL>

<P><STRONG><a name="[b9]"></a>xTaskResumeAll</STRONG> (Thumb, 168 bytes, Stack size 24 bytes, tasks.o(.text))
<BR><BR>[Stack]<UL><LI>Max Depth = 48<LI>Call Chain = xTaskResumeAll &rArr; xTaskIncrementTick
</UL>
<BR>[Calls]<UL><LI><a href="#[af]">&gt;&gt;</a>&nbsp;&nbsp;&nbsp;vPortExitCritical
<LI><a href="#[ad]">&gt;&gt;</a>&nbsp;&nbsp;&nbsp;vPortEnterCritical
<LI><a href="#[ae]">&gt;&gt;</a>&nbsp;&nbsp;&nbsp;vListInsertEnd
<LI><a href="#[b6]">&gt;&gt;</a>&nbsp;&nbsp;&nbsp;uxListRemove
<LI><a href="#[b8]">&gt;&gt;</a>&nbsp;&nbsp;&nbsp;xTaskIncrementTick
<LI><a href="#[b7]">&gt;&gt;</a>&nbsp;&nbsp;&nbsp;prvResetNextTaskUnblockTime
</UL>
<BR>[Called By]<UL><LI><a href="#[b3]">&gt;&gt;</a>&nbsp;&nbsp;&nbsp;vPortFree
<LI><a href="#[bc]">&gt;&gt;</a>&nbsp;&nbsp;&nbsp;vTaskDelayUntil
<LI><a href="#[c4]">&gt;&gt;</a>&nbsp;&nbsp;&nbsp;prvCheckTasksWaitingTermination
<LI><a href="#[98]">&gt;&gt;</a>&nbsp;&nbsp;&nbsp;pvPortMalloc
<LI><a href="#[95]">&gt;&gt;</a>&nbsp;&nbsp;&nbsp;vTaskDelay
</UL>

<P><STRONG><a name="[bd]"></a>vTaskSuspendAll</STRONG> (Thumb, 10 bytes, Stack size 0 bytes, tasks.o(.text))
<BR><BR>[Called By]<UL><LI><a href="#[b3]">&gt;&gt;</a>&nbsp;&nbsp;&nbsp;vPortFree
<LI><a href="#[bc]">&gt;&gt;</a>&nbsp;&nbsp;&nbsp;vTaskDelayUntil
<LI><a href="#[c4]">&gt;&gt;</a>&nbsp;&nbsp;&nbsp;prvCheckTasksWaitingTermination
<LI><a href="#[98]">&gt;&gt;</a>&nbsp;&nbsp;&nbsp;pvPortMalloc
<LI><a href="#[95]">&gt;&gt;</a>&nbsp;&nbsp;&nbsp;vTaskDelay
</UL>

<P><STRONG><a name="[bc]"></a>vTaskDelayUntil</STRONG> (Thumb, 84 bytes, Stack size 16 bytes, tasks.o(.text), UNUSED)
<BR><BR>[Calls]<UL><LI><a href="#[bd]">&gt;&gt;</a>&nbsp;&nbsp;&nbsp;vTaskSuspendAll
<LI><a href="#[b9]">&gt;&gt;</a>&nbsp;&nbsp;&nbsp;xTaskResumeAll
<LI><a href="#[ba]">&gt;&gt;</a>&nbsp;&nbsp;&nbsp;prvAddCurrentTaskToDelayedList
</UL>

<P><STRONG><a name="[95]"></a>vTaskDelay</STRONG> (Thumb, 48 bytes, Stack size 8 bytes, tasks.o(.text))
<BR><BR>[Stack]<UL><LI>Max Depth = 56<LI>Call Chain = vTaskDelay &rArr; xTaskResumeAll &rArr; xTaskIncrementTick
</UL>
<BR>[Calls]<UL><LI><a href="#[bd]">&gt;&gt;</a>&nbsp;&nbsp;&nbsp;vTaskSuspendAll
<LI><a href="#[b9]">&gt;&gt;</a>&nbsp;&nbsp;&nbsp;xTaskResumeAll
<LI><a href="#[ba]">&gt;&gt;</a>&nbsp;&nbsp;&nbsp;prvAddCurrentTaskToDelayedList
</UL>
<BR>[Called By]<UL><LI><a href="#[72]">&gt;&gt;</a>&nbsp;&nbsp;&nbsp;task_entry
<LI><a href="#[71]">&gt;&gt;</a>&nbsp;&nbsp;&nbsp;task_entry
<LI><a href="#[70]">&gt;&gt;</a>&nbsp;&nbsp;&nbsp;task_entry
<LI><a href="#[6f]">&gt;&gt;</a>&nbsp;&nbsp;&nbsp;task_entry
</UL>

<P><STRONG><a name="[be]"></a>uxTaskPriorityGet</STRONG> (Thumb, 24 bytes, Stack size 8 bytes, tasks.o(.text), UNUSED)
<BR><BR>[Calls]<UL><LI><a href="#[af]">&gt;&gt;</a>&nbsp;&nbsp;&nbsp;vPortExitCritical
<LI><a href="#[ad]">&gt;&gt;</a>&nbsp;&nbsp;&nbsp;vPortEnterCritical
</UL>

<P><STRONG><a name="[f3]"></a>uxTaskPriorityGetFromISR</STRONG> (Thumb, 34 bytes, Stack size 0 bytes, tasks.o(.text), UNUSED)

<P><STRONG><a name="[bf]"></a>vTaskPrioritySet</STRONG> (Thumb, 172 bytes, Stack size 24 bytes, tasks.o(.text), UNUSED)
<BR><BR>[Calls]<UL><LI><a href="#[af]">&gt;&gt;</a>&nbsp;&nbsp;&nbsp;vPortExitCritical
<LI><a href="#[ad]">&gt;&gt;</a>&nbsp;&nbsp;&nbsp;vPortEnterCritical
<LI><a href="#[ae]">&gt;&gt;</a>&nbsp;&nbsp;&nbsp;vListInsertEnd
<LI><a href="#[b6]">&gt;&gt;</a>&nbsp;&nbsp;&nbsp;uxListRemove
</UL>

<P><STRONG><a name="[83]"></a>vTaskSwitchContext</STRONG> (Thumb, 64 bytes, Stack size 0 bytes, tasks.o(.text))
<BR><BR>[Called By]<UL><LI><a href="#[c0]">&gt;&gt;</a>&nbsp;&nbsp;&nbsp;vTaskSuspend
<LI><a href="#[2b]">&gt;&gt;</a>&nbsp;&nbsp;&nbsp;PendSV_Handler
</UL>

<P><STRONG><a name="[c0]"></a>vTaskSuspend</STRONG> (Thumb, 140 bytes, Stack size 16 bytes, tasks.o(.text), UNUSED)
<BR><BR>[Calls]<UL><LI><a href="#[af]">&gt;&gt;</a>&nbsp;&nbsp;&nbsp;vPortExitCritical
<LI><a href="#[ad]">&gt;&gt;</a>&nbsp;&nbsp;&nbsp;vPortEnterCritical
<LI><a href="#[ae]">&gt;&gt;</a>&nbsp;&nbsp;&nbsp;vListInsertEnd
<LI><a href="#[b6]">&gt;&gt;</a>&nbsp;&nbsp;&nbsp;uxListRemove
<LI><a href="#[83]">&gt;&gt;</a>&nbsp;&nbsp;&nbsp;vTaskSwitchContext
<LI><a href="#[b7]">&gt;&gt;</a>&nbsp;&nbsp;&nbsp;prvResetNextTaskUnblockTime
</UL>

<P><STRONG><a name="[c1]"></a>vTaskResume</STRONG> (Thumb, 98 bytes, Stack size 16 bytes, tasks.o(.text), UNUSED)
<BR><BR>[Calls]<UL><LI><a href="#[af]">&gt;&gt;</a>&nbsp;&nbsp;&nbsp;vPortExitCritical
<LI><a href="#[ad]">&gt;&gt;</a>&nbsp;&nbsp;&nbsp;vPortEnterCritical
<LI><a href="#[ae]">&gt;&gt;</a>&nbsp;&nbsp;&nbsp;vListInsertEnd
<LI><a href="#[b6]">&gt;&gt;</a>&nbsp;&nbsp;&nbsp;uxListRemove
<LI><a href="#[c2]">&gt;&gt;</a>&nbsp;&nbsp;&nbsp;prvTaskIsTaskSuspended
</UL>

<P><STRONG><a name="[c3]"></a>xTaskResumeFromISR</STRONG> (Thumb, 108 bytes, Stack size 24 bytes, tasks.o(.text), UNUSED)
<BR><BR>[Calls]<UL><LI><a href="#[ae]">&gt;&gt;</a>&nbsp;&nbsp;&nbsp;vListInsertEnd
<LI><a href="#[b6]">&gt;&gt;</a>&nbsp;&nbsp;&nbsp;uxListRemove
<LI><a href="#[c2]">&gt;&gt;</a>&nbsp;&nbsp;&nbsp;prvTaskIsTaskSuspended
</UL>

<P><STRONG><a name="[85]"></a>vTaskStartScheduler</STRONG> (Thumb, 66 bytes, Stack size 16 bytes, tasks.o(.text))
<BR><BR>[Stack]<UL><LI>Max Depth = 144<LI>Call Chain = vTaskStartScheduler &rArr; xTaskCreate &rArr; pvPortMalloc &rArr; xTaskResumeAll &rArr; xTaskIncrementTick
</UL>
<BR>[Calls]<UL><LI><a href="#[c5]">&gt;&gt;</a>&nbsp;&nbsp;&nbsp;xPortStartScheduler
<LI><a href="#[96]">&gt;&gt;</a>&nbsp;&nbsp;&nbsp;xTaskCreate
</UL>
<BR>[Called By]<UL><LI><a href="#[6e]">&gt;&gt;</a>&nbsp;&nbsp;&nbsp;main
</UL>

<P><STRONG><a name="[c6]"></a>vTaskEndScheduler</STRONG> (Thumb, 48 bytes, Stack size 0 bytes, tasks.o(.text), UNUSED)
<BR><BR>[Calls]<UL><LI><a href="#[c7]">&gt;&gt;</a>&nbsp;&nbsp;&nbsp;vPortEndScheduler
</UL>

<P><STRONG><a name="[90]"></a>xTaskGetTickCount</STRONG> (Thumb, 6 bytes, Stack size 0 bytes, tasks.o(.text))
<BR><BR>[Called By]<UL><LI><a href="#[70]">&gt;&gt;</a>&nbsp;&nbsp;&nbsp;task_entry
<LI><a href="#[80]">&gt;&gt;</a>&nbsp;&nbsp;&nbsp;cmd_info
</UL>

<P><STRONG><a name="[f4]"></a>xTaskGetTickCountFromISR</STRONG> (Thumb, 6 bytes, Stack size 0 bytes, tasks.o(.text), UNUSED)

<P><STRONG><a name="[f5]"></a>uxTaskGetNumberOfTasks</STRONG> (Thumb, 6 bytes, Stack size 0 bytes, tasks.o(.text), UNUSED)

<P><STRONG><a name="[f6]"></a>pcTaskGetName</STRONG> (Thumb, 12 bytes, Stack size 0 bytes, tasks.o(.text), UNUSED)

<P><STRONG><a name="[c8]"></a>vTaskPlaceOnEventList</STRONG> (Thumb, 24 bytes, Stack size 8 bytes, tasks.o(.text), UNUSED)
<BR><BR>[Calls]<UL><LI><a href="#[bb]">&gt;&gt;</a>&nbsp;&nbsp;&nbsp;vListInsert
<LI><a href="#[ba]">&gt;&gt;</a>&nbsp;&nbsp;&nbsp;prvAddCurrentTaskToDelayedList
</UL>

<P><STRONG><a name="[c9]"></a>vTaskPlaceOnUnorderedEventList</STRONG> (Thumb, 32 bytes, Stack size 16 bytes, tasks.o(.text), UNUSED)
<BR><BR>[Calls]<UL><LI><a href="#[ae]">&gt;&gt;</a>&nbsp;&nbsp;&nbsp;vListInsertEnd
<LI><a href="#[ba]">&gt;&gt;</a>&nbsp;&nbsp;&nbsp;prvAddCurrentTaskToDelayedList
</UL>

<P><STRONG><a name="[ca]"></a>xTaskRemoveFromEventList</STRONG> (Thumb, 92 bytes, Stack size 24 bytes, tasks.o(.text), UNUSED)
<BR><BR>[Calls]<UL><LI><a href="#[ae]">&gt;&gt;</a>&nbsp;&nbsp;&nbsp;vListInsertEnd
<LI><a href="#[b6]">&gt;&gt;</a>&nbsp;&nbsp;&nbsp;uxListRemove
</UL>

<P><STRONG><a name="[cb]"></a>xTaskRemoveFromUnorderedEventList</STRONG> (Thumb, 74 bytes, Stack size 16 bytes, tasks.o(.text), UNUSED)
<BR><BR>[Calls]<UL><LI><a href="#[ae]">&gt;&gt;</a>&nbsp;&nbsp;&nbsp;vListInsertEnd
<LI><a href="#[b6]">&gt;&gt;</a>&nbsp;&nbsp;&nbsp;uxListRemove
</UL>

<P><STRONG><a name="[cd]"></a>vTaskSetTimeOutState</STRONG> (Thumb, 12 bytes, Stack size 0 bytes, tasks.o(.text), UNUSED)
<BR><BR>[Called By]<UL><LI><a href="#[cc]">&gt;&gt;</a>&nbsp;&nbsp;&nbsp;xTaskCheckForTimeOut
</UL>

<P><STRONG><a name="[cc]"></a>xTaskCheckForTimeOut</STRONG> (Thumb, 74 bytes, Stack size 16 bytes, tasks.o(.text), UNUSED)
<BR><BR>[Calls]<UL><LI><a href="#[af]">&gt;&gt;</a>&nbsp;&nbsp;&nbsp;vPortExitCritical
<LI><a href="#[ad]">&gt;&gt;</a>&nbsp;&nbsp;&nbsp;vPortEnterCritical
<LI><a href="#[cd]">&gt;&gt;</a>&nbsp;&nbsp;&nbsp;vTaskSetTimeOutState
</UL>

<P><STRONG><a name="[f7]"></a>vTaskMissedYield</STRONG> (Thumb, 8 bytes, Stack size 0 bytes, tasks.o(.text), UNUSED)

<P><STRONG><a name="[f8]"></a>xTaskGetCurrentTaskHandle</STRONG> (Thumb, 6 bytes, Stack size 0 bytes, tasks.o(.text), UNUSED)

<P><STRONG><a name="[ce]"></a>vTaskPriorityInherit</STRONG> (Thumb, 128 bytes, Stack size 16 bytes, tasks.o(.text), UNUSED)
<BR><BR>[Calls]<UL><LI><a href="#[ae]">&gt;&gt;</a>&nbsp;&nbsp;&nbsp;vListInsertEnd
<LI><a href="#[b6]">&gt;&gt;</a>&nbsp;&nbsp;&nbsp;uxListRemove
</UL>

<P><STRONG><a name="[cf]"></a>xTaskPriorityDisinherit</STRONG> (Thumb, 104 bytes, Stack size 16 bytes, tasks.o(.text), UNUSED)
<BR><BR>[Calls]<UL><LI><a href="#[ae]">&gt;&gt;</a>&nbsp;&nbsp;&nbsp;vListInsertEnd
<LI><a href="#[b6]">&gt;&gt;</a>&nbsp;&nbsp;&nbsp;uxListRemove
</UL>

<P><STRONG><a name="[f9]"></a>uxTaskResetEventItemValue</STRONG> (Thumb, 20 bytes, Stack size 0 bytes, tasks.o(.text), UNUSED)

<P><STRONG><a name="[fa]"></a>pvTaskIncrementMutexHeldCount</STRONG> (Thumb, 20 bytes, Stack size 0 bytes, tasks.o(.text), UNUSED)

<P><STRONG><a name="[d0]"></a>ulTaskNotifyTake</STRONG> (Thumb, 96 bytes, Stack size 16 bytes, tasks.o(.text), UNUSED)
<BR><BR>[Calls]<UL><LI><a href="#[af]">&gt;&gt;</a>&nbsp;&nbsp;&nbsp;vPortExitCritical
<LI><a href="#[ad]">&gt;&gt;</a>&nbsp;&nbsp;&nbsp;vPortEnterCritical
<LI><a href="#[ba]">&gt;&gt;</a>&nbsp;&nbsp;&nbsp;prvAddCurrentTaskToDelayedList
</UL>

<P><STRONG><a name="[d1]"></a>xTaskNotifyWait</STRONG> (Thumb, 134 bytes, Stack size 32 bytes, tasks.o(.text), UNUSED)
<BR><BR>[Calls]<UL><LI><a href="#[af]">&gt;&gt;</a>&nbsp;&nbsp;&nbsp;vPortExitCritical
<LI><a href="#[ad]">&gt;&gt;</a>&nbsp;&nbsp;&nbsp;vPortEnterCritical
<LI><a href="#[ba]">&gt;&gt;</a>&nbsp;&nbsp;&nbsp;prvAddCurrentTaskToDelayedList
</UL>

<P><STRONG><a name="[d2]"></a>xTaskGenericNotify</STRONG> (Thumb, 170 bytes, Stack size 24 bytes, tasks.o(.text), UNUSED)
<BR><BR>[Calls]<UL><LI><a href="#[af]">&gt;&gt;</a>&nbsp;&nbsp;&nbsp;vPortExitCritical
<LI><a href="#[ad]">&gt;&gt;</a>&nbsp;&nbsp;&nbsp;vPortEnterCritical
<LI><a href="#[ae]">&gt;&gt;</a>&nbsp;&nbsp;&nbsp;vListInsertEnd
<LI><a href="#[b6]">&gt;&gt;</a>&nbsp;&nbsp;&nbsp;uxListRemove
</UL>

<P><STRONG><a name="[d3]"></a>xTaskGenericNotifyFromISR</STRONG> (Thumb, 192 bytes, Stack size 32 bytes, tasks.o(.text), UNUSED)
<BR><BR>[Calls]<UL><LI><a href="#[ae]">&gt;&gt;</a>&nbsp;&nbsp;&nbsp;vListInsertEnd
<LI><a href="#[b6]">&gt;&gt;</a>&nbsp;&nbsp;&nbsp;uxListRemove
</UL>

<P><STRONG><a name="[d4]"></a>vTaskNotifyGiveFromISR</STRONG> (Thumb, 132 bytes, Stack size 24 bytes, tasks.o(.text), UNUSED)
<BR><BR>[Calls]<UL><LI><a href="#[ae]">&gt;&gt;</a>&nbsp;&nbsp;&nbsp;vListInsertEnd
<LI><a href="#[b6]">&gt;&gt;</a>&nbsp;&nbsp;&nbsp;uxListRemove
</UL>

<P><STRONG><a name="[d5]"></a>xTaskNotifyStateClear</STRONG> (Thumb, 46 bytes, Stack size 8 bytes, tasks.o(.text), UNUSED)
<BR><BR>[Calls]<UL><LI><a href="#[af]">&gt;&gt;</a>&nbsp;&nbsp;&nbsp;vPortExitCritical
<LI><a href="#[ad]">&gt;&gt;</a>&nbsp;&nbsp;&nbsp;vPortEnterCritical
</UL>

<P><STRONG><a name="[ab]"></a>vListInitialise</STRONG> (Thumb, 22 bytes, Stack size 0 bytes, list.o(.text))
<BR><BR>[Called By]<UL><LI><a href="#[aa]">&gt;&gt;</a>&nbsp;&nbsp;&nbsp;prvInitialiseTaskLists
</UL>

<P><STRONG><a name="[b1]"></a>vListInitialiseItem</STRONG> (Thumb, 6 bytes, Stack size 0 bytes, list.o(.text))
<BR><BR>[Called By]<UL><LI><a href="#[b0]">&gt;&gt;</a>&nbsp;&nbsp;&nbsp;prvInitialiseNewTask
</UL>

<P><STRONG><a name="[ae]"></a>vListInsertEnd</STRONG> (Thumb, 24 bytes, Stack size 0 bytes, list.o(.text))
<BR><BR>[Called By]<UL><LI><a href="#[d4]">&gt;&gt;</a>&nbsp;&nbsp;&nbsp;vTaskNotifyGiveFromISR
<LI><a href="#[d3]">&gt;&gt;</a>&nbsp;&nbsp;&nbsp;xTaskGenericNotifyFromISR
<LI><a href="#[d2]">&gt;&gt;</a>&nbsp;&nbsp;&nbsp;xTaskGenericNotify
<LI><a href="#[cf]">&gt;&gt;</a>&nbsp;&nbsp;&nbsp;xTaskPriorityDisinherit
<LI><a href="#[ce]">&gt;&gt;</a>&nbsp;&nbsp;&nbsp;vTaskPriorityInherit
<LI><a href="#[cb]">&gt;&gt;</a>&nbsp;&nbsp;&nbsp;xTaskRemoveFromUnorderedEventList
<LI><a href="#[ca]">&gt;&gt;</a>&nbsp;&nbsp;&nbsp;xTaskRemoveFromEventList
<LI><a href="#[c9]">&gt;&gt;</a>&nbsp;&nbsp;&nbsp;vTaskPlaceOnUnorderedEventList
<LI><a href="#[c3]">&gt;&gt;</a>&nbsp;&nbsp;&nbsp;xTaskResumeFromISR
<LI><a href="#[c1]">&gt;&gt;</a>&nbsp;&nbsp;&nbsp;vTaskResume
<LI><a href="#[c0]">&gt;&gt;</a>&nbsp;&nbsp;&nbsp;vTaskSuspend
<LI><a href="#[bf]">&gt;&gt;</a>&nbsp;&nbsp;&nbsp;vTaskPrioritySet
<LI><a href="#[b9]">&gt;&gt;</a>&nbsp;&nbsp;&nbsp;xTaskResumeAll
<LI><a href="#[b8]">&gt;&gt;</a>&nbsp;&nbsp;&nbsp;xTaskIncrementTick
<LI><a href="#[b5]">&gt;&gt;</a>&nbsp;&nbsp;&nbsp;vTaskDelete
<LI><a href="#[ba]">&gt;&gt;</a>&nbsp;&nbsp;&nbsp;prvAddCurrentTaskToDelayedList
<LI><a href="#[ac]">&gt;&gt;</a>&nbsp;&nbsp;&nbsp;prvAddNewTaskToReadyList
</UL>

<P><STRONG><a name="[bb]"></a>vListInsert</STRONG> (Thumb, 48 bytes, Stack size 12 bytes, list.o(.text))
<BR><BR>[Stack]<UL><LI>Max Depth = 12<LI>Call Chain = vListInsert
</UL>
<BR>[Called By]<UL><LI><a href="#[c8]">&gt;&gt;</a>&nbsp;&nbsp;&nbsp;vTaskPlaceOnEventList
<LI><a href="#[ba]">&gt;&gt;</a>&nbsp;&nbsp;&nbsp;prvAddCurrentTaskToDelayedList
</UL>

<P><STRONG><a name="[b6]"></a>uxListRemove</STRONG> (Thumb, 36 bytes, Stack size 0 bytes, list.o(.text))
<BR><BR>[Called By]<UL><LI><a href="#[d4]">&gt;&gt;</a>&nbsp;&nbsp;&nbsp;vTaskNotifyGiveFromISR
<LI><a href="#[d3]">&gt;&gt;</a>&nbsp;&nbsp;&nbsp;xTaskGenericNotifyFromISR
<LI><a href="#[d2]">&gt;&gt;</a>&nbsp;&nbsp;&nbsp;xTaskGenericNotify
<LI><a href="#[cf]">&gt;&gt;</a>&nbsp;&nbsp;&nbsp;xTaskPriorityDisinherit
<LI><a href="#[ce]">&gt;&gt;</a>&nbsp;&nbsp;&nbsp;vTaskPriorityInherit
<LI><a href="#[cb]">&gt;&gt;</a>&nbsp;&nbsp;&nbsp;xTaskRemoveFromUnorderedEventList
<LI><a href="#[ca]">&gt;&gt;</a>&nbsp;&nbsp;&nbsp;xTaskRemoveFromEventList
<LI><a href="#[c3]">&gt;&gt;</a>&nbsp;&nbsp;&nbsp;xTaskResumeFromISR
<LI><a href="#[c1]">&gt;&gt;</a>&nbsp;&nbsp;&nbsp;vTaskResume
<LI><a href="#[c0]">&gt;&gt;</a>&nbsp;&nbsp;&nbsp;vTaskSuspend
<LI><a href="#[bf]">&gt;&gt;</a>&nbsp;&nbsp;&nbsp;vTaskPrioritySet
<LI><a href="#[b9]">&gt;&gt;</a>&nbsp;&nbsp;&nbsp;xTaskResumeAll
<LI><a href="#[b8]">&gt;&gt;</a>&nbsp;&nbsp;&nbsp;xTaskIncrementTick
<LI><a href="#[b5]">&gt;&gt;</a>&nbsp;&nbsp;&nbsp;vTaskDelete
<LI><a href="#[c4]">&gt;&gt;</a>&nbsp;&nbsp;&nbsp;prvCheckTasksWaitingTermination
<LI><a href="#[ba]">&gt;&gt;</a>&nbsp;&nbsp;&nbsp;prvAddCurrentTaskToDelayedList
</UL>

<P><STRONG><a name="[b2]"></a>pxPortInitialiseStack</STRONG> (Thumb, 24 bytes, Stack size 0 bytes, port.o(.text))
<BR><BR>[Called By]<UL><LI><a href="#[b0]">&gt;&gt;</a>&nbsp;&nbsp;&nbsp;prvInitialiseNewTask
</UL>

<P><STRONG><a name="[d6]"></a>vPortSetupTimerInterrupt</STRONG> (Thumb, 14 bytes, Stack size 0 bytes, port.o(.text))
<BR><BR>[Called By]<UL><LI><a href="#[c5]">&gt;&gt;</a>&nbsp;&nbsp;&nbsp;xPortStartScheduler
</UL>

<P><STRONG><a name="[c5]"></a>xPortStartScheduler</STRONG> (Thumb, 38 bytes, Stack size 8 bytes, port.o(.text))
<BR><BR>[Stack]<UL><LI>Max Depth = 8<LI>Call Chain = xPortStartScheduler
</UL>
<BR>[Calls]<UL><LI><a href="#[d6]">&gt;&gt;</a>&nbsp;&nbsp;&nbsp;vPortSetupTimerInterrupt
<LI><a href="#[d7]">&gt;&gt;</a>&nbsp;&nbsp;&nbsp;__asm___6_port_c_39a90d8d__prvStartFirstTask
</UL>
<BR>[Called By]<UL><LI><a href="#[85]">&gt;&gt;</a>&nbsp;&nbsp;&nbsp;vTaskStartScheduler
</UL>

<P><STRONG><a name="[c7]"></a>vPortEndScheduler</STRONG> (Thumb, 2 bytes, Stack size 0 bytes, port.o(.text), UNUSED)
<BR><BR>[Called By]<UL><LI><a href="#[c6]">&gt;&gt;</a>&nbsp;&nbsp;&nbsp;vTaskEndScheduler
</UL>

<P><STRONG><a name="[ad]"></a>vPortEnterCritical</STRONG> (Thumb, 24 bytes, Stack size 0 bytes, port.o(.text))
<BR><BR>[Called By]<UL><LI><a href="#[d5]">&gt;&gt;</a>&nbsp;&nbsp;&nbsp;xTaskNotifyStateClear
<LI><a href="#[d2]">&gt;&gt;</a>&nbsp;&nbsp;&nbsp;xTaskGenericNotify
<LI><a href="#[d1]">&gt;&gt;</a>&nbsp;&nbsp;&nbsp;xTaskNotifyWait
<LI><a href="#[d0]">&gt;&gt;</a>&nbsp;&nbsp;&nbsp;ulTaskNotifyTake
<LI><a href="#[cc]">&gt;&gt;</a>&nbsp;&nbsp;&nbsp;xTaskCheckForTimeOut
<LI><a href="#[c1]">&gt;&gt;</a>&nbsp;&nbsp;&nbsp;vTaskResume
<LI><a href="#[c0]">&gt;&gt;</a>&nbsp;&nbsp;&nbsp;vTaskSuspend
<LI><a href="#[bf]">&gt;&gt;</a>&nbsp;&nbsp;&nbsp;vTaskPrioritySet
<LI><a href="#[be]">&gt;&gt;</a>&nbsp;&nbsp;&nbsp;uxTaskPriorityGet
<LI><a href="#[b9]">&gt;&gt;</a>&nbsp;&nbsp;&nbsp;xTaskResumeAll
<LI><a href="#[b5]">&gt;&gt;</a>&nbsp;&nbsp;&nbsp;vTaskDelete
<LI><a href="#[c4]">&gt;&gt;</a>&nbsp;&nbsp;&nbsp;prvCheckTasksWaitingTermination
<LI><a href="#[ac]">&gt;&gt;</a>&nbsp;&nbsp;&nbsp;prvAddNewTaskToReadyList
</UL>

<P><STRONG><a name="[af]"></a>vPortExitCritical</STRONG> (Thumb, 18 bytes, Stack size 0 bytes, port.o(.text))
<BR><BR>[Called By]<UL><LI><a href="#[d5]">&gt;&gt;</a>&nbsp;&nbsp;&nbsp;xTaskNotifyStateClear
<LI><a href="#[d2]">&gt;&gt;</a>&nbsp;&nbsp;&nbsp;xTaskGenericNotify
<LI><a href="#[d1]">&gt;&gt;</a>&nbsp;&nbsp;&nbsp;xTaskNotifyWait
<LI><a href="#[d0]">&gt;&gt;</a>&nbsp;&nbsp;&nbsp;ulTaskNotifyTake
<LI><a href="#[cc]">&gt;&gt;</a>&nbsp;&nbsp;&nbsp;xTaskCheckForTimeOut
<LI><a href="#[c1]">&gt;&gt;</a>&nbsp;&nbsp;&nbsp;vTaskResume
<LI><a href="#[c0]">&gt;&gt;</a>&nbsp;&nbsp;&nbsp;vTaskSuspend
<LI><a href="#[bf]">&gt;&gt;</a>&nbsp;&nbsp;&nbsp;vTaskPrioritySet
<LI><a href="#[be]">&gt;&gt;</a>&nbsp;&nbsp;&nbsp;uxTaskPriorityGet
<LI><a href="#[b9]">&gt;&gt;</a>&nbsp;&nbsp;&nbsp;xTaskResumeAll
<LI><a href="#[b5]">&gt;&gt;</a>&nbsp;&nbsp;&nbsp;vTaskDelete
<LI><a href="#[c4]">&gt;&gt;</a>&nbsp;&nbsp;&nbsp;prvCheckTasksWaitingTermination
<LI><a href="#[ac]">&gt;&gt;</a>&nbsp;&nbsp;&nbsp;prvAddNewTaskToReadyList
</UL>

<P><STRONG><a name="[2c]"></a>SysTick_Handler</STRONG> (Thumb, 40 bytes, Stack size 8 bytes, port.o(.text))
<BR><BR>[Stack]<UL><LI>Max Depth = 32<LI>Call Chain = SysTick_Handler &rArr; xTaskIncrementTick
</UL>
<BR>[Calls]<UL><LI><a href="#[b8]">&gt;&gt;</a>&nbsp;&nbsp;&nbsp;xTaskIncrementTick
</UL>
<BR>[Address Reference Count : 1]<UL><LI> startup_swm320.o(RESET)
</UL>
<P><STRONG><a name="[98]"></a>pvPortMalloc</STRONG> (Thumb, 148 bytes, Stack size 24 bytes, heap_4.o(.text))
<BR><BR>[Stack]<UL><LI>Max Depth = 72<LI>Call Chain = pvPortMalloc &rArr; xTaskResumeAll &rArr; xTaskIncrementTick
</UL>
<BR>[Calls]<UL><LI><a href="#[bd]">&gt;&gt;</a>&nbsp;&nbsp;&nbsp;vTaskSuspendAll
<LI><a href="#[b9]">&gt;&gt;</a>&nbsp;&nbsp;&nbsp;xTaskResumeAll
<LI><a href="#[d8]">&gt;&gt;</a>&nbsp;&nbsp;&nbsp;prvHeapInit
<LI><a href="#[d9]">&gt;&gt;</a>&nbsp;&nbsp;&nbsp;prvInsertBlockIntoFreeList
</UL>
<BR>[Called By]<UL><LI><a href="#[12]">&gt;&gt;</a>&nbsp;&nbsp;&nbsp;do_create
<LI><a href="#[96]">&gt;&gt;</a>&nbsp;&nbsp;&nbsp;xTaskCreate
</UL>

<P><STRONG><a name="[b3]"></a>vPortFree</STRONG> (Thumb, 60 bytes, Stack size 16 bytes, heap_4.o(.text))
<BR><BR>[Stack]<UL><LI>Max Depth = 64<LI>Call Chain = vPortFree &rArr; xTaskResumeAll &rArr; xTaskIncrementTick
</UL>
<BR>[Calls]<UL><LI><a href="#[bd]">&gt;&gt;</a>&nbsp;&nbsp;&nbsp;vTaskSuspendAll
<LI><a href="#[b9]">&gt;&gt;</a>&nbsp;&nbsp;&nbsp;xTaskResumeAll
<LI><a href="#[d9]">&gt;&gt;</a>&nbsp;&nbsp;&nbsp;prvInsertBlockIntoFreeList
</UL>
<BR>[Called By]<UL><LI><a href="#[b4]">&gt;&gt;</a>&nbsp;&nbsp;&nbsp;prvDeleteTCB
<LI><a href="#[96]">&gt;&gt;</a>&nbsp;&nbsp;&nbsp;xTaskCreate
</UL>

<P><STRONG><a name="[fb]"></a>xPortGetFreeHeapSize</STRONG> (Thumb, 8 bytes, Stack size 0 bytes, heap_4.o(.text), UNUSED)

<P><STRONG><a name="[fc]"></a>xPortGetMinimumEverFreeHeapSize</STRONG> (Thumb, 8 bytes, Stack size 0 bytes, heap_4.o(.text), UNUSED)

<P><STRONG><a name="[fd]"></a>vPortInitialiseBlocks</STRONG> (Thumb, 2 bytes, Stack size 0 bytes, heap_4.o(.text), UNUSED)

<P><STRONG><a name="[9b]"></a>EXTI_Close</STRONG> (Thumb, 12 bytes, Stack size 0 bytes, swm320_exti.o(.text))
<BR><BR>[Called By]<UL><LI><a href="#[9c]">&gt;&gt;</a>&nbsp;&nbsp;&nbsp;EXTI_Init
<LI><a href="#[18]">&gt;&gt;</a>&nbsp;&nbsp;&nbsp;drvp_irq_enable
</UL>

<P><STRONG><a name="[9c]"></a>EXTI_Init</STRONG> (Thumb, 100 bytes, Stack size 16 bytes, swm320_exti.o(.text))
<BR><BR>[Stack]<UL><LI>Max Depth = 16<LI>Call Chain = EXTI_Init
</UL>
<BR>[Calls]<UL><LI><a href="#[9b]">&gt;&gt;</a>&nbsp;&nbsp;&nbsp;EXTI_Close
</UL>
<BR>[Called By]<UL><LI><a href="#[18]">&gt;&gt;</a>&nbsp;&nbsp;&nbsp;drvp_irq_enable
</UL>

<P><STRONG><a name="[9d]"></a>EXTI_Open</STRONG> (Thumb, 12 bytes, Stack size 0 bytes, swm320_exti.o(.text))
<BR><BR>[Called By]<UL><LI><a href="#[18]">&gt;&gt;</a>&nbsp;&nbsp;&nbsp;drvp_irq_enable
</UL>

<P><STRONG><a name="[9f]"></a>EXTI_State</STRONG> (Thumb, 10 bytes, Stack size 0 bytes, swm320_exti.o(.text))
<BR><BR>[Called By]<UL><LI><a href="#[9e]">&gt;&gt;</a>&nbsp;&nbsp;&nbsp;gpio_group_isr
</UL>

<P><STRONG><a name="[fe]"></a>EXTI_RawState</STRONG> (Thumb, 10 bytes, Stack size 0 bytes, swm320_exti.o(.text), UNUSED)

<P><STRONG><a name="[a0]"></a>EXTI_Clear</STRONG> (Thumb, 8 bytes, Stack size 0 bytes, swm320_exti.o(.text))
<BR><BR>[Called By]<UL><LI><a href="#[9e]">&gt;&gt;</a>&nbsp;&nbsp;&nbsp;gpio_group_isr
</UL>

<P><STRONG><a name="[89]"></a>GPIO_Init</STRONG> (Thumb, 486 bytes, Stack size 32 bytes, swm320_gpio.o(.text))
<BR><BR>[Stack]<UL><LI>Max Depth = 92<LI>Call Chain = GPIO_Init &rArr; PORT_Init
</UL>
<BR>[Calls]<UL><LI><a href="#[88]">&gt;&gt;</a>&nbsp;&nbsp;&nbsp;PORT_Init
</UL>
<BR>[Called By]<UL><LI><a href="#[18]">&gt;&gt;</a>&nbsp;&nbsp;&nbsp;drvp_irq_enable
<LI><a href="#[15]">&gt;&gt;</a>&nbsp;&nbsp;&nbsp;drvp_set_mode
<LI><a href="#[86]">&gt;&gt;</a>&nbsp;&nbsp;&nbsp;io_init_all
</UL>

<P><STRONG><a name="[9a]"></a>GPIO_SetBit</STRONG> (Thumb, 16 bytes, Stack size 0 bytes, swm320_gpio.o(.text))
<BR><BR>[Called By]<UL><LI><a href="#[14]">&gt;&gt;</a>&nbsp;&nbsp;&nbsp;drvp_write
</UL>

<P><STRONG><a name="[8a]"></a>GPIO_ClrBit</STRONG> (Thumb, 16 bytes, Stack size 0 bytes, swm320_gpio.o(.text))
<BR><BR>[Called By]<UL><LI><a href="#[14]">&gt;&gt;</a>&nbsp;&nbsp;&nbsp;drvp_write
<LI><a href="#[86]">&gt;&gt;</a>&nbsp;&nbsp;&nbsp;io_init_all
</UL>

<P><STRONG><a name="[ff]"></a>GPIO_InvBit</STRONG> (Thumb, 20 bytes, Stack size 0 bytes, swm320_gpio.o(.text), UNUSED)

<P><STRONG><a name="[8c]"></a>GPIO_GetBit</STRONG> (Thumb, 10 bytes, Stack size 0 bytes, swm320_gpio.o(.text))
<BR><BR>[Called By]<UL><LI><a href="#[13]">&gt;&gt;</a>&nbsp;&nbsp;&nbsp;drvp_read
<LI><a href="#[8b]">&gt;&gt;</a>&nbsp;&nbsp;&nbsp;io_print_all
</UL>

<P><STRONG><a name="[100]"></a>GPIO_SetBits</STRONG> (Thumb, 20 bytes, Stack size 0 bytes, swm320_gpio.o(.text), UNUSED)

<P><STRONG><a name="[101]"></a>GPIO_ClrBits</STRONG> (Thumb, 20 bytes, Stack size 0 bytes, swm320_gpio.o(.text), UNUSED)

<P><STRONG><a name="[102]"></a>GPIO_InvBits</STRONG> (Thumb, 20 bytes, Stack size 0 bytes, swm320_gpio.o(.text), UNUSED)

<P><STRONG><a name="[103]"></a>GPIO_GetBits</STRONG> (Thumb, 18 bytes, Stack size 0 bytes, swm320_gpio.o(.text), UNUSED)

<P><STRONG><a name="[104]"></a>GPIO_AtomicSetBits</STRONG> (Thumb, 24 bytes, Stack size 0 bytes, swm320_gpio.o(.text), UNUSED)

<P><STRONG><a name="[105]"></a>GPIO_AtomicClrBits</STRONG> (Thumb, 24 bytes, Stack size 0 bytes, swm320_gpio.o(.text), UNUSED)

<P><STRONG><a name="[106]"></a>GPIO_AtomicInvBits</STRONG> (Thumb, 24 bytes, Stack size 0 bytes, swm320_gpio.o(.text), UNUSED)

<P><STRONG><a name="[107]"></a>FLASH_Erase</STRONG> (Thumb, 20 bytes, Stack size 8 bytes, swm320_flash.o(.text), UNUSED)

<P><STRONG><a name="[108]"></a>FLASH_Write</STRONG> (Thumb, 38 bytes, Stack size 8 bytes, swm320_flash.o(.text), UNUSED)

<P><STRONG><a name="[e3]"></a>Flash_Param_at_xMHz</STRONG> (Thumb, 58 bytes, Stack size 8 bytes, swm320_flash.o(.text))
<BR><BR>[Stack]<UL><LI>Max Depth = 8<LI>Call Chain = Flash_Param_at_xMHz
</UL>
<BR>[Called By]<UL><LI><a href="#[84]">&gt;&gt;</a>&nbsp;&nbsp;&nbsp;SystemInit
</UL>

<P><STRONG><a name="[88]"></a>PORT_Init</STRONG> (Thumb, 1058 bytes, Stack size 60 bytes, swm320_port.o(.text))
<BR><BR>[Stack]<UL><LI>Max Depth = 60<LI>Call Chain = PORT_Init
</UL>
<BR>[Called By]<UL><LI><a href="#[19]">&gt;&gt;</a>&nbsp;&nbsp;&nbsp;do_init
<LI><a href="#[89]">&gt;&gt;</a>&nbsp;&nbsp;&nbsp;GPIO_Init
<LI><a href="#[86]">&gt;&gt;</a>&nbsp;&nbsp;&nbsp;io_init_all
</UL>

<P><STRONG><a name="[a3]"></a>UART_Close</STRONG> (Thumb, 10 bytes, Stack size 0 bytes, swm320_uart.o(.text))
<BR><BR>[Called By]<UL><LI><a href="#[a1]">&gt;&gt;</a>&nbsp;&nbsp;&nbsp;UART_Init
<LI><a href="#[1b]">&gt;&gt;</a>&nbsp;&nbsp;&nbsp;do_close
</UL>

<P><STRONG><a name="[a1]"></a>UART_Init</STRONG> (Thumb, 428 bytes, Stack size 32 bytes, swm320_uart.o(.text))
<BR><BR>[Stack]<UL><LI>Max Depth = 32<LI>Call Chain = UART_Init
</UL>
<BR>[Calls]<UL><LI><a href="#[a3]">&gt;&gt;</a>&nbsp;&nbsp;&nbsp;UART_Close
<LI><a href="#[da]">&gt;&gt;</a>&nbsp;&nbsp;&nbsp;NVIC_DisableIRQ
<LI><a href="#[db]">&gt;&gt;</a>&nbsp;&nbsp;&nbsp;NVIC_EnableIRQ
</UL>
<BR>[Called By]<UL><LI><a href="#[19]">&gt;&gt;</a>&nbsp;&nbsp;&nbsp;do_init
</UL>

<P><STRONG><a name="[a2]"></a>UART_Open</STRONG> (Thumb, 10 bytes, Stack size 0 bytes, swm320_uart.o(.text))
<BR><BR>[Called By]<UL><LI><a href="#[1a]">&gt;&gt;</a>&nbsp;&nbsp;&nbsp;do_open
</UL>

<P><STRONG><a name="[a4]"></a>UART_WriteByte</STRONG> (Thumb, 4 bytes, Stack size 0 bytes, swm320_uart.o(.text))
<BR><BR>[Called By]<UL><LI><a href="#[54]">&gt;&gt;</a>&nbsp;&nbsp;&nbsp;UART0_Handler
<LI><a href="#[20]">&gt;&gt;</a>&nbsp;&nbsp;&nbsp;do_start_tx
<LI><a href="#[1c]">&gt;&gt;</a>&nbsp;&nbsp;&nbsp;do_write_byte
</UL>

<P><STRONG><a name="[a7]"></a>UART_ReadByte</STRONG> (Thumb, 20 bytes, Stack size 0 bytes, swm320_uart.o(.text))
<BR><BR>[Called By]<UL><LI><a href="#[54]">&gt;&gt;</a>&nbsp;&nbsp;&nbsp;UART0_Handler
</UL>

<P><STRONG><a name="[a5]"></a>UART_IsTXBusy</STRONG> (Thumb, 10 bytes, Stack size 0 bytes, swm320_uart.o(.text))
<BR><BR>[Called By]<UL><LI><a href="#[1d]">&gt;&gt;</a>&nbsp;&nbsp;&nbsp;do_is_tx_busy
<LI><a href="#[1c]">&gt;&gt;</a>&nbsp;&nbsp;&nbsp;do_write_byte
</UL>

<P><STRONG><a name="[a8]"></a>UART_IsRXFIFOEmpty</STRONG> (Thumb, 10 bytes, Stack size 0 bytes, swm320_uart.o(.text))
<BR><BR>[Called By]<UL><LI><a href="#[54]">&gt;&gt;</a>&nbsp;&nbsp;&nbsp;UART0_Handler
</UL>

<P><STRONG><a name="[a9]"></a>UART_IsTXFIFOFull</STRONG> (Thumb, 8 bytes, Stack size 0 bytes, swm320_uart.o(.text))
<BR><BR>[Called By]<UL><LI><a href="#[54]">&gt;&gt;</a>&nbsp;&nbsp;&nbsp;UART0_Handler
</UL>

<P><STRONG><a name="[109]"></a>UART_SetBaudrate</STRONG> (Thumb, 28 bytes, Stack size 0 bytes, swm320_uart.o(.text), UNUSED)

<P><STRONG><a name="[10a]"></a>UART_GetBaudrate</STRONG> (Thumb, 20 bytes, Stack size 0 bytes, swm320_uart.o(.text), UNUSED)

<P><STRONG><a name="[10b]"></a>UART_CTSConfig</STRONG> (Thumb, 20 bytes, Stack size 0 bytes, swm320_uart.o(.text), UNUSED)

<P><STRONG><a name="[10c]"></a>UART_CTSLineState</STRONG> (Thumb, 8 bytes, Stack size 0 bytes, swm320_uart.o(.text), UNUSED)

<P><STRONG><a name="[10d]"></a>UART_RTSConfig</STRONG> (Thumb, 28 bytes, Stack size 8 bytes, swm320_uart.o(.text), UNUSED)

<P><STRONG><a name="[10e]"></a>UART_RTSLineState</STRONG> (Thumb, 8 bytes, Stack size 0 bytes, swm320_uart.o(.text), UNUSED)

<P><STRONG><a name="[10f]"></a>UART_LINConfig</STRONG> (Thumb, 20 bytes, Stack size 0 bytes, swm320_uart.o(.text), UNUSED)

<P><STRONG><a name="[110]"></a>UART_LINGenerate</STRONG> (Thumb, 10 bytes, Stack size 0 bytes, swm320_uart.o(.text), UNUSED)

<P><STRONG><a name="[111]"></a>UART_LINIsDetected</STRONG> (Thumb, 8 bytes, Stack size 0 bytes, swm320_uart.o(.text), UNUSED)

<P><STRONG><a name="[112]"></a>UART_LINIsGenerated</STRONG> (Thumb, 8 bytes, Stack size 0 bytes, swm320_uart.o(.text), UNUSED)

<P><STRONG><a name="[113]"></a>UART_ABRStart</STRONG> (Thumb, 80 bytes, Stack size 0 bytes, swm320_uart.o(.text), UNUSED)

<P><STRONG><a name="[114]"></a>UART_ABRIsDone</STRONG> (Thumb, 24 bytes, Stack size 0 bytes, swm320_uart.o(.text), UNUSED)

<P><STRONG><a name="[115]"></a>UART_INTEn</STRONG> (Thumb, 8 bytes, Stack size 0 bytes, swm320_uart.o(.text), UNUSED)

<P><STRONG><a name="[116]"></a>UART_INTDis</STRONG> (Thumb, 8 bytes, Stack size 0 bytes, swm320_uart.o(.text), UNUSED)

<P><STRONG><a name="[a6]"></a>UART_INTStat</STRONG> (Thumb, 48 bytes, Stack size 0 bytes, swm320_uart.o(.text))
<BR><BR>[Called By]<UL><LI><a href="#[54]">&gt;&gt;</a>&nbsp;&nbsp;&nbsp;UART0_Handler
</UL>

<P><STRONG><a name="[e4]"></a>SystemCoreClockUpdate</STRONG> (Thumb, 112 bytes, Stack size 12 bytes, system_swm320.o(.text))
<BR><BR>[Stack]<UL><LI>Max Depth = 12<LI>Call Chain = SystemCoreClockUpdate
</UL>
<BR>[Called By]<UL><LI><a href="#[84]">&gt;&gt;</a>&nbsp;&nbsp;&nbsp;SystemInit
</UL>

<P><STRONG><a name="[dc]"></a>PLLInit</STRONG> (Thumb, 56 bytes, Stack size 8 bytes, system_swm320.o(.text))
<BR><BR>[Stack]<UL><LI>Max Depth = 8<LI>Call Chain = PLLInit
</UL>
<BR>[Calls]<UL><LI><a href="#[dd]">&gt;&gt;</a>&nbsp;&nbsp;&nbsp;delay_3ms
</UL>
<BR>[Called By]<UL><LI><a href="#[de]">&gt;&gt;</a>&nbsp;&nbsp;&nbsp;switchCLK_PLL
</UL>

<P><STRONG><a name="[de]"></a>switchCLK_PLL</STRONG> (Thumb, 36 bytes, Stack size 8 bytes, system_swm320.o(.text))
<BR><BR>[Stack]<UL><LI>Max Depth = 16<LI>Call Chain = switchCLK_PLL &rArr; PLLInit
</UL>
<BR>[Calls]<UL><LI><a href="#[dc]">&gt;&gt;</a>&nbsp;&nbsp;&nbsp;PLLInit
</UL>
<BR>[Called By]<UL><LI><a href="#[84]">&gt;&gt;</a>&nbsp;&nbsp;&nbsp;SystemInit
</UL>

<P><STRONG><a name="[df]"></a>switchCLK_XTAL</STRONG> (Thumb, 38 bytes, Stack size 8 bytes, system_swm320.o(.text), UNUSED)
<BR><BR>[Calls]<UL><LI><a href="#[dd]">&gt;&gt;</a>&nbsp;&nbsp;&nbsp;delay_3ms
</UL>

<P><STRONG><a name="[e0]"></a>switchCLK_32KHz</STRONG> (Thumb, 46 bytes, Stack size 8 bytes, system_swm320.o(.text), UNUSED)
<BR><BR>[Calls]<UL><LI><a href="#[dd]">&gt;&gt;</a>&nbsp;&nbsp;&nbsp;delay_3ms
</UL>

<P><STRONG><a name="[e1]"></a>switchCLK_40MHz</STRONG> (Thumb, 34 bytes, Stack size 8 bytes, system_swm320.o(.text), UNUSED)
<BR><BR>[Calls]<UL><LI><a href="#[dd]">&gt;&gt;</a>&nbsp;&nbsp;&nbsp;delay_3ms
</UL>

<P><STRONG><a name="[e2]"></a>switchCLK_20MHz</STRONG> (Thumb, 34 bytes, Stack size 8 bytes, system_swm320.o(.text), UNUSED)
<BR><BR>[Calls]<UL><LI><a href="#[dd]">&gt;&gt;</a>&nbsp;&nbsp;&nbsp;delay_3ms
</UL>

<P><STRONG><a name="[84]"></a>SystemInit</STRONG> (Thumb, 102 bytes, Stack size 8 bytes, system_swm320.o(.text))
<BR><BR>[Stack]<UL><LI>Max Depth = 24<LI>Call Chain = SystemInit &rArr; switchCLK_PLL &rArr; PLLInit
</UL>
<BR>[Calls]<UL><LI><a href="#[de]">&gt;&gt;</a>&nbsp;&nbsp;&nbsp;switchCLK_PLL
<LI><a href="#[e4]">&gt;&gt;</a>&nbsp;&nbsp;&nbsp;SystemCoreClockUpdate
<LI><a href="#[e3]">&gt;&gt;</a>&nbsp;&nbsp;&nbsp;Flash_Param_at_xMHz
</UL>
<BR>[Called By]<UL><LI><a href="#[6e]">&gt;&gt;</a>&nbsp;&nbsp;&nbsp;main
</UL>

<P><STRONG><a name="[23]"></a>Reset_Handler</STRONG> (Thumb, 4 bytes, Stack size 0 bytes, startup_swm320.o(.text))
<BR>[Address Reference Count : 1]<UL><LI> startup_swm320.o(RESET)
</UL>
<P><STRONG><a name="[24]"></a>NMI_Handler</STRONG> (Thumb, 2 bytes, Stack size 0 bytes, startup_swm320.o(.text))
<BR><BR>[Calls]<UL><LI><a href="#[24]">&gt;&gt;</a>&nbsp;&nbsp;&nbsp;NMI_Handler
</UL>
<BR>[Called By]<UL><LI><a href="#[24]">&gt;&gt;</a>&nbsp;&nbsp;&nbsp;NMI_Handler
</UL>
<BR>[Address Reference Count : 1]<UL><LI> startup_swm320.o(RESET)
</UL>
<P><STRONG><a name="[25]"></a>HardFault_Handler</STRONG> (Thumb, 2 bytes, Stack size 0 bytes, startup_swm320.o(.text))
<BR><BR>[Calls]<UL><LI><a href="#[25]">&gt;&gt;</a>&nbsp;&nbsp;&nbsp;HardFault_Handler
</UL>
<BR>[Called By]<UL><LI><a href="#[25]">&gt;&gt;</a>&nbsp;&nbsp;&nbsp;HardFault_Handler
</UL>
<BR>[Address Reference Count : 1]<UL><LI> startup_swm320.o(RESET)
</UL>
<P><STRONG><a name="[26]"></a>MemManage_Handler</STRONG> (Thumb, 2 bytes, Stack size 0 bytes, startup_swm320.o(.text))
<BR><BR>[Calls]<UL><LI><a href="#[26]">&gt;&gt;</a>&nbsp;&nbsp;&nbsp;MemManage_Handler
</UL>
<BR>[Called By]<UL><LI><a href="#[26]">&gt;&gt;</a>&nbsp;&nbsp;&nbsp;MemManage_Handler
</UL>
<BR>[Address Reference Count : 1]<UL><LI> startup_swm320.o(RESET)
</UL>
<P><STRONG><a name="[27]"></a>BusFault_Handler</STRONG> (Thumb, 2 bytes, Stack size 0 bytes, startup_swm320.o(.text))
<BR><BR>[Calls]<UL><LI><a href="#[27]">&gt;&gt;</a>&nbsp;&nbsp;&nbsp;BusFault_Handler
</UL>
<BR>[Called By]<UL><LI><a href="#[27]">&gt;&gt;</a>&nbsp;&nbsp;&nbsp;BusFault_Handler
</UL>
<BR>[Address Reference Count : 1]<UL><LI> startup_swm320.o(RESET)
</UL>
<P><STRONG><a name="[28]"></a>UsageFault_Handler</STRONG> (Thumb, 2 bytes, Stack size 0 bytes, startup_swm320.o(.text))
<BR><BR>[Calls]<UL><LI><a href="#[28]">&gt;&gt;</a>&nbsp;&nbsp;&nbsp;UsageFault_Handler
</UL>
<BR>[Called By]<UL><LI><a href="#[28]">&gt;&gt;</a>&nbsp;&nbsp;&nbsp;UsageFault_Handler
</UL>
<BR>[Address Reference Count : 1]<UL><LI> startup_swm320.o(RESET)
</UL>
<P><STRONG><a name="[2a]"></a>DebugMon_Handler</STRONG> (Thumb, 2 bytes, Stack size 0 bytes, startup_swm320.o(.text))
<BR><BR>[Calls]<UL><LI><a href="#[2a]">&gt;&gt;</a>&nbsp;&nbsp;&nbsp;DebugMon_Handler
</UL>
<BR>[Called By]<UL><LI><a href="#[2a]">&gt;&gt;</a>&nbsp;&nbsp;&nbsp;DebugMon_Handler
</UL>
<BR>[Address Reference Count : 1]<UL><LI> startup_swm320.o(RESET)
</UL>
<P><STRONG><a name="[2d]"></a>GPIOA0_Handler</STRONG> (Thumb, 2 bytes, Stack size 0 bytes, startup_swm320.o(.text))
<BR><BR>[Calls]<UL><LI><a href="#[2d]">&gt;&gt;</a>&nbsp;&nbsp;&nbsp;GPIOA0_Handler
</UL>
<BR>[Called By]<UL><LI><a href="#[2d]">&gt;&gt;</a>&nbsp;&nbsp;&nbsp;GPIOA0_Handler
</UL>
<BR>[Address Reference Count : 1]<UL><LI> startup_swm320.o(RESET)
</UL>
<P><STRONG><a name="[2e]"></a>GPIOA1_Handler</STRONG> (Thumb, 2 bytes, Stack size 0 bytes, startup_swm320.o(.text))
<BR><BR>[Calls]<UL><LI><a href="#[2e]">&gt;&gt;</a>&nbsp;&nbsp;&nbsp;GPIOA1_Handler
</UL>
<BR>[Called By]<UL><LI><a href="#[2e]">&gt;&gt;</a>&nbsp;&nbsp;&nbsp;GPIOA1_Handler
</UL>
<BR>[Address Reference Count : 1]<UL><LI> startup_swm320.o(RESET)
</UL>
<P><STRONG><a name="[2f]"></a>GPIOA2_Handler</STRONG> (Thumb, 2 bytes, Stack size 0 bytes, startup_swm320.o(.text))
<BR><BR>[Calls]<UL><LI><a href="#[2f]">&gt;&gt;</a>&nbsp;&nbsp;&nbsp;GPIOA2_Handler
</UL>
<BR>[Called By]<UL><LI><a href="#[2f]">&gt;&gt;</a>&nbsp;&nbsp;&nbsp;GPIOA2_Handler
</UL>
<BR>[Address Reference Count : 1]<UL><LI> startup_swm320.o(RESET)
</UL>
<P><STRONG><a name="[30]"></a>GPIOA3_Handler</STRONG> (Thumb, 2 bytes, Stack size 0 bytes, startup_swm320.o(.text))
<BR><BR>[Calls]<UL><LI><a href="#[30]">&gt;&gt;</a>&nbsp;&nbsp;&nbsp;GPIOA3_Handler
</UL>
<BR>[Called By]<UL><LI><a href="#[30]">&gt;&gt;</a>&nbsp;&nbsp;&nbsp;GPIOA3_Handler
</UL>
<BR>[Address Reference Count : 1]<UL><LI> startup_swm320.o(RESET)
</UL>
<P><STRONG><a name="[31]"></a>GPIOA4_Handler</STRONG> (Thumb, 2 bytes, Stack size 0 bytes, startup_swm320.o(.text))
<BR><BR>[Calls]<UL><LI><a href="#[31]">&gt;&gt;</a>&nbsp;&nbsp;&nbsp;GPIOA4_Handler
</UL>
<BR>[Called By]<UL><LI><a href="#[31]">&gt;&gt;</a>&nbsp;&nbsp;&nbsp;GPIOA4_Handler
</UL>
<BR>[Address Reference Count : 1]<UL><LI> startup_swm320.o(RESET)
</UL>
<P><STRONG><a name="[32]"></a>GPIOA5_Handler</STRONG> (Thumb, 2 bytes, Stack size 0 bytes, startup_swm320.o(.text))
<BR><BR>[Calls]<UL><LI><a href="#[32]">&gt;&gt;</a>&nbsp;&nbsp;&nbsp;GPIOA5_Handler
</UL>
<BR>[Called By]<UL><LI><a href="#[32]">&gt;&gt;</a>&nbsp;&nbsp;&nbsp;GPIOA5_Handler
</UL>
<BR>[Address Reference Count : 1]<UL><LI> startup_swm320.o(RESET)
</UL>
<P><STRONG><a name="[33]"></a>GPIOA6_Handler</STRONG> (Thumb, 2 bytes, Stack size 0 bytes, startup_swm320.o(.text))
<BR><BR>[Calls]<UL><LI><a href="#[33]">&gt;&gt;</a>&nbsp;&nbsp;&nbsp;GPIOA6_Handler
</UL>
<BR>[Called By]<UL><LI><a href="#[33]">&gt;&gt;</a>&nbsp;&nbsp;&nbsp;GPIOA6_Handler
</UL>
<BR>[Address Reference Count : 1]<UL><LI> startup_swm320.o(RESET)
</UL>
<P><STRONG><a name="[34]"></a>GPIOA7_Handler</STRONG> (Thumb, 2 bytes, Stack size 0 bytes, startup_swm320.o(.text))
<BR><BR>[Calls]<UL><LI><a href="#[34]">&gt;&gt;</a>&nbsp;&nbsp;&nbsp;GPIOA7_Handler
</UL>
<BR>[Called By]<UL><LI><a href="#[34]">&gt;&gt;</a>&nbsp;&nbsp;&nbsp;GPIOA7_Handler
</UL>
<BR>[Address Reference Count : 1]<UL><LI> startup_swm320.o(RESET)
</UL>
<P><STRONG><a name="[35]"></a>GPIOB0_Handler</STRONG> (Thumb, 2 bytes, Stack size 0 bytes, startup_swm320.o(.text))
<BR><BR>[Calls]<UL><LI><a href="#[35]">&gt;&gt;</a>&nbsp;&nbsp;&nbsp;GPIOB0_Handler
</UL>
<BR>[Called By]<UL><LI><a href="#[35]">&gt;&gt;</a>&nbsp;&nbsp;&nbsp;GPIOB0_Handler
</UL>
<BR>[Address Reference Count : 1]<UL><LI> startup_swm320.o(RESET)
</UL>
<P><STRONG><a name="[36]"></a>GPIOB1_Handler</STRONG> (Thumb, 2 bytes, Stack size 0 bytes, startup_swm320.o(.text))
<BR><BR>[Calls]<UL><LI><a href="#[36]">&gt;&gt;</a>&nbsp;&nbsp;&nbsp;GPIOB1_Handler
</UL>
<BR>[Called By]<UL><LI><a href="#[36]">&gt;&gt;</a>&nbsp;&nbsp;&nbsp;GPIOB1_Handler
</UL>
<BR>[Address Reference Count : 1]<UL><LI> startup_swm320.o(RESET)
</UL>
<P><STRONG><a name="[37]"></a>GPIOB2_Handler</STRONG> (Thumb, 2 bytes, Stack size 0 bytes, startup_swm320.o(.text))
<BR><BR>[Calls]<UL><LI><a href="#[37]">&gt;&gt;</a>&nbsp;&nbsp;&nbsp;GPIOB2_Handler
</UL>
<BR>[Called By]<UL><LI><a href="#[37]">&gt;&gt;</a>&nbsp;&nbsp;&nbsp;GPIOB2_Handler
</UL>
<BR>[Address Reference Count : 1]<UL><LI> startup_swm320.o(RESET)
</UL>
<P><STRONG><a name="[38]"></a>GPIOB3_Handler</STRONG> (Thumb, 2 bytes, Stack size 0 bytes, startup_swm320.o(.text))
<BR><BR>[Calls]<UL><LI><a href="#[38]">&gt;&gt;</a>&nbsp;&nbsp;&nbsp;GPIOB3_Handler
</UL>
<BR>[Called By]<UL><LI><a href="#[38]">&gt;&gt;</a>&nbsp;&nbsp;&nbsp;GPIOB3_Handler
</UL>
<BR>[Address Reference Count : 1]<UL><LI> startup_swm320.o(RESET)
</UL>
<P><STRONG><a name="[39]"></a>GPIOB4_Handler</STRONG> (Thumb, 2 bytes, Stack size 0 bytes, startup_swm320.o(.text))
<BR><BR>[Calls]<UL><LI><a href="#[39]">&gt;&gt;</a>&nbsp;&nbsp;&nbsp;GPIOB4_Handler
</UL>
<BR>[Called By]<UL><LI><a href="#[39]">&gt;&gt;</a>&nbsp;&nbsp;&nbsp;GPIOB4_Handler
</UL>
<BR>[Address Reference Count : 1]<UL><LI> startup_swm320.o(RESET)
</UL>
<P><STRONG><a name="[3a]"></a>GPIOB5_Handler</STRONG> (Thumb, 2 bytes, Stack size 0 bytes, startup_swm320.o(.text))
<BR><BR>[Calls]<UL><LI><a href="#[3a]">&gt;&gt;</a>&nbsp;&nbsp;&nbsp;GPIOB5_Handler
</UL>
<BR>[Called By]<UL><LI><a href="#[3a]">&gt;&gt;</a>&nbsp;&nbsp;&nbsp;GPIOB5_Handler
</UL>
<BR>[Address Reference Count : 1]<UL><LI> startup_swm320.o(RESET)
</UL>
<P><STRONG><a name="[3b]"></a>GPIOB6_Handler</STRONG> (Thumb, 2 bytes, Stack size 0 bytes, startup_swm320.o(.text))
<BR><BR>[Calls]<UL><LI><a href="#[3b]">&gt;&gt;</a>&nbsp;&nbsp;&nbsp;GPIOB6_Handler
</UL>
<BR>[Called By]<UL><LI><a href="#[3b]">&gt;&gt;</a>&nbsp;&nbsp;&nbsp;GPIOB6_Handler
</UL>
<BR>[Address Reference Count : 1]<UL><LI> startup_swm320.o(RESET)
</UL>
<P><STRONG><a name="[3c]"></a>GPIOB7_Handler</STRONG> (Thumb, 2 bytes, Stack size 0 bytes, startup_swm320.o(.text))
<BR><BR>[Calls]<UL><LI><a href="#[3c]">&gt;&gt;</a>&nbsp;&nbsp;&nbsp;GPIOB7_Handler
</UL>
<BR>[Called By]<UL><LI><a href="#[3c]">&gt;&gt;</a>&nbsp;&nbsp;&nbsp;GPIOB7_Handler
</UL>
<BR>[Address Reference Count : 1]<UL><LI> startup_swm320.o(RESET)
</UL>
<P><STRONG><a name="[3d]"></a>GPIOC0_Handler</STRONG> (Thumb, 2 bytes, Stack size 0 bytes, startup_swm320.o(.text))
<BR><BR>[Calls]<UL><LI><a href="#[3d]">&gt;&gt;</a>&nbsp;&nbsp;&nbsp;GPIOC0_Handler
</UL>
<BR>[Called By]<UL><LI><a href="#[3d]">&gt;&gt;</a>&nbsp;&nbsp;&nbsp;GPIOC0_Handler
</UL>
<BR>[Address Reference Count : 1]<UL><LI> startup_swm320.o(RESET)
</UL>
<P><STRONG><a name="[3e]"></a>GPIOC1_Handler</STRONG> (Thumb, 2 bytes, Stack size 0 bytes, startup_swm320.o(.text))
<BR><BR>[Calls]<UL><LI><a href="#[3e]">&gt;&gt;</a>&nbsp;&nbsp;&nbsp;GPIOC1_Handler
</UL>
<BR>[Called By]<UL><LI><a href="#[3e]">&gt;&gt;</a>&nbsp;&nbsp;&nbsp;GPIOC1_Handler
</UL>
<BR>[Address Reference Count : 1]<UL><LI> startup_swm320.o(RESET)
</UL>
<P><STRONG><a name="[3f]"></a>GPIOC2_Handler</STRONG> (Thumb, 2 bytes, Stack size 0 bytes, startup_swm320.o(.text))
<BR><BR>[Calls]<UL><LI><a href="#[3f]">&gt;&gt;</a>&nbsp;&nbsp;&nbsp;GPIOC2_Handler
</UL>
<BR>[Called By]<UL><LI><a href="#[3f]">&gt;&gt;</a>&nbsp;&nbsp;&nbsp;GPIOC2_Handler
</UL>
<BR>[Address Reference Count : 1]<UL><LI> startup_swm320.o(RESET)
</UL>
<P><STRONG><a name="[40]"></a>GPIOC3_Handler</STRONG> (Thumb, 2 bytes, Stack size 0 bytes, startup_swm320.o(.text))
<BR><BR>[Calls]<UL><LI><a href="#[40]">&gt;&gt;</a>&nbsp;&nbsp;&nbsp;GPIOC3_Handler
</UL>
<BR>[Called By]<UL><LI><a href="#[40]">&gt;&gt;</a>&nbsp;&nbsp;&nbsp;GPIOC3_Handler
</UL>
<BR>[Address Reference Count : 1]<UL><LI> startup_swm320.o(RESET)
</UL>
<P><STRONG><a name="[41]"></a>GPIOC4_Handler</STRONG> (Thumb, 2 bytes, Stack size 0 bytes, startup_swm320.o(.text))
<BR><BR>[Calls]<UL><LI><a href="#[41]">&gt;&gt;</a>&nbsp;&nbsp;&nbsp;GPIOC4_Handler
</UL>
<BR>[Called By]<UL><LI><a href="#[41]">&gt;&gt;</a>&nbsp;&nbsp;&nbsp;GPIOC4_Handler
</UL>
<BR>[Address Reference Count : 1]<UL><LI> startup_swm320.o(RESET)
</UL>
<P><STRONG><a name="[42]"></a>GPIOC5_Handler</STRONG> (Thumb, 2 bytes, Stack size 0 bytes, startup_swm320.o(.text))
<BR><BR>[Calls]<UL><LI><a href="#[42]">&gt;&gt;</a>&nbsp;&nbsp;&nbsp;GPIOC5_Handler
</UL>
<BR>[Called By]<UL><LI><a href="#[42]">&gt;&gt;</a>&nbsp;&nbsp;&nbsp;GPIOC5_Handler
</UL>
<BR>[Address Reference Count : 1]<UL><LI> startup_swm320.o(RESET)
</UL>
<P><STRONG><a name="[43]"></a>GPIOC6_Handler</STRONG> (Thumb, 2 bytes, Stack size 0 bytes, startup_swm320.o(.text))
<BR><BR>[Calls]<UL><LI><a href="#[43]">&gt;&gt;</a>&nbsp;&nbsp;&nbsp;GPIOC6_Handler
</UL>
<BR>[Called By]<UL><LI><a href="#[43]">&gt;&gt;</a>&nbsp;&nbsp;&nbsp;GPIOC6_Handler
</UL>
<BR>[Address Reference Count : 1]<UL><LI> startup_swm320.o(RESET)
</UL>
<P><STRONG><a name="[44]"></a>GPIOC7_Handler</STRONG> (Thumb, 2 bytes, Stack size 0 bytes, startup_swm320.o(.text))
<BR><BR>[Calls]<UL><LI><a href="#[44]">&gt;&gt;</a>&nbsp;&nbsp;&nbsp;GPIOC7_Handler
</UL>
<BR>[Called By]<UL><LI><a href="#[44]">&gt;&gt;</a>&nbsp;&nbsp;&nbsp;GPIOC7_Handler
</UL>
<BR>[Address Reference Count : 1]<UL><LI> startup_swm320.o(RESET)
</UL>
<P><STRONG><a name="[45]"></a>GPIOM0_Handler</STRONG> (Thumb, 2 bytes, Stack size 0 bytes, startup_swm320.o(.text))
<BR><BR>[Calls]<UL><LI><a href="#[45]">&gt;&gt;</a>&nbsp;&nbsp;&nbsp;GPIOM0_Handler
</UL>
<BR>[Called By]<UL><LI><a href="#[45]">&gt;&gt;</a>&nbsp;&nbsp;&nbsp;GPIOM0_Handler
</UL>
<BR>[Address Reference Count : 1]<UL><LI> startup_swm320.o(RESET)
</UL>
<P><STRONG><a name="[46]"></a>GPIOM1_Handler</STRONG> (Thumb, 2 bytes, Stack size 0 bytes, startup_swm320.o(.text))
<BR><BR>[Calls]<UL><LI><a href="#[46]">&gt;&gt;</a>&nbsp;&nbsp;&nbsp;GPIOM1_Handler
</UL>
<BR>[Called By]<UL><LI><a href="#[46]">&gt;&gt;</a>&nbsp;&nbsp;&nbsp;GPIOM1_Handler
</UL>
<BR>[Address Reference Count : 1]<UL><LI> startup_swm320.o(RESET)
</UL>
<P><STRONG><a name="[47]"></a>GPIOM2_Handler</STRONG> (Thumb, 2 bytes, Stack size 0 bytes, startup_swm320.o(.text))
<BR><BR>[Calls]<UL><LI><a href="#[47]">&gt;&gt;</a>&nbsp;&nbsp;&nbsp;GPIOM2_Handler
</UL>
<BR>[Called By]<UL><LI><a href="#[47]">&gt;&gt;</a>&nbsp;&nbsp;&nbsp;GPIOM2_Handler
</UL>
<BR>[Address Reference Count : 1]<UL><LI> startup_swm320.o(RESET)
</UL>
<P><STRONG><a name="[48]"></a>GPIOM3_Handler</STRONG> (Thumb, 2 bytes, Stack size 0 bytes, startup_swm320.o(.text))
<BR><BR>[Calls]<UL><LI><a href="#[48]">&gt;&gt;</a>&nbsp;&nbsp;&nbsp;GPIOM3_Handler
</UL>
<BR>[Called By]<UL><LI><a href="#[48]">&gt;&gt;</a>&nbsp;&nbsp;&nbsp;GPIOM3_Handler
</UL>
<BR>[Address Reference Count : 1]<UL><LI> startup_swm320.o(RESET)
</UL>
<P><STRONG><a name="[49]"></a>GPIOM4_Handler</STRONG> (Thumb, 2 bytes, Stack size 0 bytes, startup_swm320.o(.text))
<BR><BR>[Calls]<UL><LI><a href="#[49]">&gt;&gt;</a>&nbsp;&nbsp;&nbsp;GPIOM4_Handler
</UL>
<BR>[Called By]<UL><LI><a href="#[49]">&gt;&gt;</a>&nbsp;&nbsp;&nbsp;GPIOM4_Handler
</UL>
<BR>[Address Reference Count : 1]<UL><LI> startup_swm320.o(RESET)
</UL>
<P><STRONG><a name="[4a]"></a>GPIOM5_Handler</STRONG> (Thumb, 2 bytes, Stack size 0 bytes, startup_swm320.o(.text))
<BR><BR>[Calls]<UL><LI><a href="#[4a]">&gt;&gt;</a>&nbsp;&nbsp;&nbsp;GPIOM5_Handler
</UL>
<BR>[Called By]<UL><LI><a href="#[4a]">&gt;&gt;</a>&nbsp;&nbsp;&nbsp;GPIOM5_Handler
</UL>
<BR>[Address Reference Count : 1]<UL><LI> startup_swm320.o(RESET)
</UL>
<P><STRONG><a name="[4b]"></a>GPIOM6_Handler</STRONG> (Thumb, 2 bytes, Stack size 0 bytes, startup_swm320.o(.text))
<BR><BR>[Calls]<UL><LI><a href="#[4b]">&gt;&gt;</a>&nbsp;&nbsp;&nbsp;GPIOM6_Handler
</UL>
<BR>[Called By]<UL><LI><a href="#[4b]">&gt;&gt;</a>&nbsp;&nbsp;&nbsp;GPIOM6_Handler
</UL>
<BR>[Address Reference Count : 1]<UL><LI> startup_swm320.o(RESET)
</UL>
<P><STRONG><a name="[4c]"></a>GPIOM7_Handler</STRONG> (Thumb, 2 bytes, Stack size 0 bytes, startup_swm320.o(.text))
<BR><BR>[Calls]<UL><LI><a href="#[4c]">&gt;&gt;</a>&nbsp;&nbsp;&nbsp;GPIOM7_Handler
</UL>
<BR>[Called By]<UL><LI><a href="#[4c]">&gt;&gt;</a>&nbsp;&nbsp;&nbsp;GPIOM7_Handler
</UL>
<BR>[Address Reference Count : 1]<UL><LI> startup_swm320.o(RESET)
</UL>
<P><STRONG><a name="[4d]"></a>DMA_Handler</STRONG> (Thumb, 2 bytes, Stack size 0 bytes, startup_swm320.o(.text))
<BR><BR>[Calls]<UL><LI><a href="#[4d]">&gt;&gt;</a>&nbsp;&nbsp;&nbsp;DMA_Handler
</UL>
<BR>[Called By]<UL><LI><a href="#[4d]">&gt;&gt;</a>&nbsp;&nbsp;&nbsp;DMA_Handler
</UL>
<BR>[Address Reference Count : 1]<UL><LI> startup_swm320.o(RESET)
</UL>
<P><STRONG><a name="[4e]"></a>LCD_Handler</STRONG> (Thumb, 2 bytes, Stack size 0 bytes, startup_swm320.o(.text))
<BR><BR>[Calls]<UL><LI><a href="#[4e]">&gt;&gt;</a>&nbsp;&nbsp;&nbsp;LCD_Handler
</UL>
<BR>[Called By]<UL><LI><a href="#[4e]">&gt;&gt;</a>&nbsp;&nbsp;&nbsp;LCD_Handler
</UL>
<BR>[Address Reference Count : 1]<UL><LI> startup_swm320.o(RESET)
</UL>
<P><STRONG><a name="[4f]"></a>NORFLC_Handler</STRONG> (Thumb, 2 bytes, Stack size 0 bytes, startup_swm320.o(.text))
<BR><BR>[Calls]<UL><LI><a href="#[4f]">&gt;&gt;</a>&nbsp;&nbsp;&nbsp;NORFLC_Handler
</UL>
<BR>[Called By]<UL><LI><a href="#[4f]">&gt;&gt;</a>&nbsp;&nbsp;&nbsp;NORFLC_Handler
</UL>
<BR>[Address Reference Count : 1]<UL><LI> startup_swm320.o(RESET)
</UL>
<P><STRONG><a name="[50]"></a>CAN_Handler</STRONG> (Thumb, 2 bytes, Stack size 0 bytes, startup_swm320.o(.text))
<BR><BR>[Calls]<UL><LI><a href="#[50]">&gt;&gt;</a>&nbsp;&nbsp;&nbsp;CAN_Handler
</UL>
<BR>[Called By]<UL><LI><a href="#[50]">&gt;&gt;</a>&nbsp;&nbsp;&nbsp;CAN_Handler
</UL>
<BR>[Address Reference Count : 1]<UL><LI> startup_swm320.o(RESET)
</UL>
<P><STRONG><a name="[51]"></a>PULSE_Handler</STRONG> (Thumb, 2 bytes, Stack size 0 bytes, startup_swm320.o(.text))
<BR><BR>[Calls]<UL><LI><a href="#[51]">&gt;&gt;</a>&nbsp;&nbsp;&nbsp;PULSE_Handler
</UL>
<BR>[Called By]<UL><LI><a href="#[51]">&gt;&gt;</a>&nbsp;&nbsp;&nbsp;PULSE_Handler
</UL>
<BR>[Address Reference Count : 1]<UL><LI> startup_swm320.o(RESET)
</UL>
<P><STRONG><a name="[52]"></a>WDT_Handler</STRONG> (Thumb, 2 bytes, Stack size 0 bytes, startup_swm320.o(.text))
<BR><BR>[Calls]<UL><LI><a href="#[52]">&gt;&gt;</a>&nbsp;&nbsp;&nbsp;WDT_Handler
</UL>
<BR>[Called By]<UL><LI><a href="#[52]">&gt;&gt;</a>&nbsp;&nbsp;&nbsp;WDT_Handler
</UL>
<BR>[Address Reference Count : 1]<UL><LI> startup_swm320.o(RESET)
</UL>
<P><STRONG><a name="[53]"></a>PWM_Handler</STRONG> (Thumb, 2 bytes, Stack size 0 bytes, startup_swm320.o(.text))
<BR><BR>[Calls]<UL><LI><a href="#[53]">&gt;&gt;</a>&nbsp;&nbsp;&nbsp;PWM_Handler
</UL>
<BR>[Called By]<UL><LI><a href="#[53]">&gt;&gt;</a>&nbsp;&nbsp;&nbsp;PWM_Handler
</UL>
<BR>[Address Reference Count : 1]<UL><LI> startup_swm320.o(RESET)
</UL>
<P><STRONG><a name="[55]"></a>UART1_Handler</STRONG> (Thumb, 2 bytes, Stack size 0 bytes, startup_swm320.o(.text))
<BR><BR>[Calls]<UL><LI><a href="#[55]">&gt;&gt;</a>&nbsp;&nbsp;&nbsp;UART1_Handler
</UL>
<BR>[Called By]<UL><LI><a href="#[55]">&gt;&gt;</a>&nbsp;&nbsp;&nbsp;UART1_Handler
</UL>
<BR>[Address Reference Count : 1]<UL><LI> startup_swm320.o(RESET)
</UL>
<P><STRONG><a name="[56]"></a>UART2_Handler</STRONG> (Thumb, 2 bytes, Stack size 0 bytes, startup_swm320.o(.text))
<BR><BR>[Calls]<UL><LI><a href="#[56]">&gt;&gt;</a>&nbsp;&nbsp;&nbsp;UART2_Handler
</UL>
<BR>[Called By]<UL><LI><a href="#[56]">&gt;&gt;</a>&nbsp;&nbsp;&nbsp;UART2_Handler
</UL>
<BR>[Address Reference Count : 1]<UL><LI> startup_swm320.o(RESET)
</UL>
<P><STRONG><a name="[57]"></a>UART3_Handler</STRONG> (Thumb, 2 bytes, Stack size 0 bytes, startup_swm320.o(.text))
<BR><BR>[Calls]<UL><LI><a href="#[57]">&gt;&gt;</a>&nbsp;&nbsp;&nbsp;UART3_Handler
</UL>
<BR>[Called By]<UL><LI><a href="#[57]">&gt;&gt;</a>&nbsp;&nbsp;&nbsp;UART3_Handler
</UL>
<BR>[Address Reference Count : 1]<UL><LI> startup_swm320.o(RESET)
</UL>
<P><STRONG><a name="[58]"></a>I2C0_Handler</STRONG> (Thumb, 2 bytes, Stack size 0 bytes, startup_swm320.o(.text))
<BR><BR>[Calls]<UL><LI><a href="#[58]">&gt;&gt;</a>&nbsp;&nbsp;&nbsp;I2C0_Handler
</UL>
<BR>[Called By]<UL><LI><a href="#[58]">&gt;&gt;</a>&nbsp;&nbsp;&nbsp;I2C0_Handler
</UL>
<BR>[Address Reference Count : 1]<UL><LI> startup_swm320.o(RESET)
</UL>
<P><STRONG><a name="[59]"></a>I2C1_Handler</STRONG> (Thumb, 2 bytes, Stack size 0 bytes, startup_swm320.o(.text))
<BR><BR>[Calls]<UL><LI><a href="#[59]">&gt;&gt;</a>&nbsp;&nbsp;&nbsp;I2C1_Handler
</UL>
<BR>[Called By]<UL><LI><a href="#[59]">&gt;&gt;</a>&nbsp;&nbsp;&nbsp;I2C1_Handler
</UL>
<BR>[Address Reference Count : 1]<UL><LI> startup_swm320.o(RESET)
</UL>
[...]
<LI><a href="#[91]">&gt;&gt;</a>&nbsp;&nbsp;&nbsp;cmd_line_work
</UL>
<BR>[Address Reference Count : 1]<UL><LI> task_host.o(.text)
</UL>
<P><STRONG><a name="[1]"></a>create</STRONG> (Thumb, 30 bytes, Stack size 16 bytes, task_host.o(.text))
<BR><BR>[Stack]<UL><LI>Max Depth = 144<LI>Call Chain = create &rArr; xTaskCreate &rArr; pvPortMalloc &rArr; xTaskResumeAll &rArr; xTaskIncrementTick
</UL>
<BR>[Calls]<UL><LI><a href="#[96]">&gt;&gt;</a>&nbsp;&nbsp;&nbsp;xTaskCreate
</UL>
<BR>[Address Reference Count : 1]<UL><LI> task_host.o(.data)
</UL>
<P><STRONG><a name="[71]"></a>task_entry</STRONG> (Thumb, 14 bytes, Stack size 0 bytes, task_ctrl.o(.text))
<BR><BR>[Stack]<UL><LI>Max Depth = 56<LI>Call Chain = task_entry &rArr; vTaskDelay &rArr; xTaskResumeAll &rArr; xTaskIncrementTick
</UL>
<BR>[Calls]<UL><LI><a href="#[95]">&gt;&gt;</a>&nbsp;&nbsp;&nbsp;vTaskDelay
<LI><a href="#[87]">&gt;&gt;</a>&nbsp;&nbsp;&nbsp;__2printf
</UL>
<BR>[Address Reference Count : 1]<UL><LI> task_ctrl.o(.text)
</UL>
<P><STRONG><a name="[2]"></a>create</STRONG> (Thumb, 30 bytes, Stack size 16 bytes, task_ctrl.o(.text))
<BR><BR>[Stack]<UL><LI>Max Depth = 144<LI>Call Chain = create &rArr; xTaskCreate &rArr; pvPortMalloc &rArr; xTaskResumeAll &rArr; xTaskIncrementTick
</UL>
<BR>[Calls]<UL><LI><a href="#[96]">&gt;&gt;</a>&nbsp;&nbsp;&nbsp;xTaskCreate
</UL>
<BR>[Address Reference Count : 1]<UL><LI> task_ctrl.o(.data)
</UL>
<P><STRONG><a name="[72]"></a>task_entry</STRONG> (Thumb, 14 bytes, Stack size 0 bytes, task_listen.o(.text))
<BR><BR>[Stack]<UL><LI>Max Depth = 56<LI>Call Chain = task_entry &rArr; vTaskDelay &rArr; xTaskResumeAll &rArr; xTaskIncrementTick
</UL>
<BR>[Calls]<UL><LI><a href="#[95]">&gt;&gt;</a>&nbsp;&nbsp;&nbsp;vTaskDelay
<LI><a href="#[87]">&gt;&gt;</a>&nbsp;&nbsp;&nbsp;__2printf
</UL>
<BR>[Address Reference Count : 1]<UL><LI> task_listen.o(.text)
</UL>
<P><STRONG><a name="[3]"></a>create</STRONG> (Thumb, 30 bytes, Stack size 16 bytes, task_listen.o(.text))
<BR><BR>[Stack]<UL><LI>Max Depth = 144<LI>Call Chain = create &rArr; xTaskCreate &rArr; pvPortMalloc &rArr; xTaskResumeAll &rArr; xTaskIncrementTick
</UL>
<BR>[Calls]<UL><LI><a href="#[96]">&gt;&gt;</a>&nbsp;&nbsp;&nbsp;xTaskCreate
</UL>
<BR>[Address Reference Count : 1]<UL><LI> task_listen.o(.data)
</UL>
<P><STRONG><a name="[73]"></a>uart0_rx_handler</STRONG> (Thumb, 14 bytes, Stack size 0 bytes, drv_uart0.o(.text))
<BR>[Address Reference Count : 1]<UL><LI> drv_uart0.o(.text)
</UL>
<P><STRONG><a name="[74]"></a>uart0_tx_handler</STRONG> (Thumb, 32 bytes, Stack size 8 bytes, drv_uart0.o(.text))
<BR><BR>[Stack]<UL><LI>Max Depth = 8<LI>Call Chain = uart0_tx_handler
</UL>
<BR>[Address Reference Count : 1]<UL><LI> drv_uart0.o(.text)
</UL>
<P><STRONG><a name="[97]"></a>kick_tx</STRONG> (Thumb, 46 bytes, Stack size 16 bytes, drv_uart0.o(.text))
<BR><BR>[Stack]<UL><LI>Max Depth = 16<LI>Call Chain = kick_tx
</UL>
<BR>[Called By]<UL><LI><a href="#[7]">&gt;&gt;</a>&nbsp;&nbsp;&nbsp;do_send_byte
<LI><a href="#[6]">&gt;&gt;</a>&nbsp;&nbsp;&nbsp;do_send
</UL>

<P><STRONG><a name="[4]"></a>do_init</STRONG> (Thumb, 72 bytes, Stack size 16 bytes, drv_uart0.o(.text))
<BR><BR>[Stack]<UL><LI>Max Depth = 16<LI>Call Chain = do_init
</UL>
<BR>[Address Reference Count : 1]<UL><LI> drv_uart0.o(.data)
</UL>
<P><STRONG><a name="[5]"></a>do_read_rx_buf</STRONG> (Thumb, 16 bytes, Stack size 0 bytes, drv_uart0.o(.text))
<BR>[Address Reference Count : 1]<UL><LI> drv_uart0.o(.data)
</UL>
<P><STRONG><a name="[6]"></a>do_send</STRONG> (Thumb, 42 bytes, Stack size 24 bytes, drv_uart0.o(.text))
<BR><BR>[Stack]<UL><LI>Max Depth = 40<LI>Call Chain = do_send &rArr; kick_tx
</UL>
<BR>[Calls]<UL><LI><a href="#[97]">&gt;&gt;</a>&nbsp;&nbsp;&nbsp;kick_tx
</UL>
<BR>[Address Reference Count : 1]<UL><LI> drv_uart0.o(.data)
</UL>
<P><STRONG><a name="[7]"></a>do_send_byte</STRONG> (Thumb, 22 bytes, Stack size 8 bytes, drv_uart0.o(.text))
<BR><BR>[Stack]<UL><LI>Max Depth = 24<LI>Call Chain = do_send_byte &rArr; kick_tx
</UL>
<BR>[Calls]<UL><LI><a href="#[97]">&gt;&gt;</a>&nbsp;&nbsp;&nbsp;kick_tx
</UL>
<BR>[Called By]<UL><LI><a href="#[78]">&gt;&gt;</a>&nbsp;&nbsp;&nbsp;fputc
</UL>
<BR>[Address Reference Count : 1]<UL><LI> drv_uart0.o(.data)
</UL>
<P><STRONG><a name="[8]"></a>do_clear_rx_buf</STRONG> (Thumb, 12 bytes, Stack size 0 bytes, drv_uart0.o(.text))
<BR>[Address Reference Count : 1]<UL><LI> drv_uart0.o(.data)
</UL>
<P><STRONG><a name="[9]"></a>do_read</STRONG> (Thumb, 8 bytes, Stack size 0 bytes, drv_gpio.o(.text))
<BR>[Address Reference Count : 1]<UL><LI> drv_gpio.o(.data)
</UL>
<P><STRONG><a name="[a]"></a>do_write</STRONG> (Thumb, 8 bytes, Stack size 0 bytes, drv_gpio.o(.text))
<BR>[Address Reference Count : 1]<UL><LI> drv_gpio.o(.data)
</UL>
<P><STRONG><a name="[b]"></a>do_set_mode</STRONG> (Thumb, 8 bytes, Stack size 0 bytes, drv_gpio.o(.text))
<BR>[Address Reference Count : 1]<UL><LI> drv_gpio.o(.data)
</UL>
<P><STRONG><a name="[c]"></a>do_attach_irq</STRONG> (Thumb, 14 bytes, Stack size 8 bytes, drv_gpio.o(.text))
<BR><BR>[Stack]<UL><LI>Max Depth = 8<LI>Call Chain = do_attach_irq
</UL>
<BR>[Address Reference Count : 1]<UL><LI> drv_gpio.o(.data)
</UL>
<P><STRONG><a name="[d]"></a>do_detach_irq</STRONG> (Thumb, 8 bytes, Stack size 0 bytes, drv_gpio.o(.text))
<BR>[Address Reference Count : 1]<UL><LI> drv_gpio.o(.data)
</UL>
<P><STRONG><a name="[e]"></a>do_irq_enable</STRONG> (Thumb, 8 bytes, Stack size 0 bytes, drv_gpio.o(.text))
<BR>[Address Reference Count : 1]<UL><LI> drv_gpio.o(.data)
</UL>
<P><STRONG><a name="[f]"></a>do_read</STRONG> (Thumb, 42 bytes, Stack size 16 bytes, drv_loop.o(.text))
<BR><BR>[Stack]<UL><LI>Max Depth = 16<LI>Call Chain = do_read
</UL>
<BR>[Address Reference Count : 1]<UL><LI> drv_loop.o(.data)
</UL>
<P><STRONG><a name="[10]"></a>do_write</STRONG> (Thumb, 34 bytes, Stack size 8 bytes, drv_loop.o(.text))
<BR><BR>[Stack]<UL><LI>Max Depth = 8<LI>Call Chain = do_write
</UL>
<BR>[Address Reference Count : 1]<UL><LI> drv_loop.o(.data)
</UL>
<P><STRONG><a name="[11]"></a>do_reset</STRONG> (Thumb, 8 bytes, Stack size 0 bytes, drv_loop.o(.text))
<BR>[Address Reference Count : 1]<UL><LI> drv_loop.o(.data)
</UL>
<P><STRONG><a name="[12]"></a>do_create</STRONG> (Thumb, 22 bytes, Stack size 8 bytes, drv_loop.o(.text))
<BR><BR>[Stack]<UL><LI>Max Depth = 80<LI>Call Chain = do_create &rArr; pvPortMalloc &rArr; xTaskResumeAll &rArr; xTaskIncrementTick
</UL>
<BR>[Calls]<UL><LI><a href="#[98]">&gt;&gt;</a>&nbsp;&nbsp;&nbsp;pvPortMalloc
</UL>
<BR>[Address Reference Count : 1]<UL><LI> drv_loop.o(.data)
</UL>
<P><STRONG><a name="[99]"></a>get_pin</STRONG> (Thumb, 28 bytes, Stack size 0 bytes, drvp_gpio.o(.text))
<BR><BR>[Called By]<UL><LI><a href="#[9e]">&gt;&gt;</a>&nbsp;&nbsp;&nbsp;gpio_group_isr
<LI><a href="#[18]">&gt;&gt;</a>&nbsp;&nbsp;&nbsp;drvp_irq_enable
<LI><a href="#[17]">&gt;&gt;</a>&nbsp;&nbsp;&nbsp;drvp_detach_irq
<LI><a href="#[16]">&gt;&gt;</a>&nbsp;&nbsp;&nbsp;drvp_attach_irq
<LI><a href="#[15]">&gt;&gt;</a>&nbsp;&nbsp;&nbsp;drvp_set_mode
<LI><a href="#[14]">&gt;&gt;</a>&nbsp;&nbsp;&nbsp;drvp_write
<LI><a href="#[13]">&gt;&gt;</a>&nbsp;&nbsp;&nbsp;drvp_read
</UL>

<P><STRONG><a name="[13]"></a>drvp_read</STRONG> (Thumb, 24 bytes, Stack size 8 bytes, drvp_gpio.o(.text))
<BR><BR>[Stack]<UL><LI>Max Depth = 8<LI>Call Chain = drvp_read
</UL>
<BR>[Calls]<UL><LI><a href="#[99]">&gt;&gt;</a>&nbsp;&nbsp;&nbsp;get_pin
<LI><a href="#[8c]">&gt;&gt;</a>&nbsp;&nbsp;&nbsp;GPIO_GetBit
</UL>
<BR>[Address Reference Count : 1]<UL><LI> drvp_gpio.o(.data)
</UL>
<P><STRONG><a name="[14]"></a>drvp_write</STRONG> (Thumb, 40 bytes, Stack size 8 bytes, drvp_gpio.o(.text))
<BR><BR>[Stack]<UL><LI>Max Depth = 8<LI>Call Chain = drvp_write
</UL>
<BR>[Calls]<UL><LI><a href="#[9a]">&gt;&gt;</a>&nbsp;&nbsp;&nbsp;GPIO_SetBit
<LI><a href="#[99]">&gt;&gt;</a>&nbsp;&nbsp;&nbsp;get_pin
<LI><a href="#[8a]">&gt;&gt;</a>&nbsp;&nbsp;&nbsp;GPIO_ClrBit
</UL>
<BR>[Address Reference Count : 1]<UL><LI> drvp_gpio.o(.data)
</UL>
<P><STRONG><a name="[15]"></a>drvp_set_mode</STRONG> (Thumb, 58 bytes, Stack size 16 bytes, drvp_gpio.o(.text))
<BR><BR>[Stack]<UL><LI>Max Depth = 108<LI>Call Chain = drvp_set_mode &rArr; GPIO_Init &rArr; PORT_Init
</UL>
<BR>[Calls]<UL><LI><a href="#[99]">&gt;&gt;</a>&nbsp;&nbsp;&nbsp;get_pin
<LI><a href="#[89]">&gt;&gt;</a>&nbsp;&nbsp;&nbsp;GPIO_Init
</UL>
<BR>[Address Reference Count : 1]<UL><LI> drvp_gpio.o(.data)
</UL>
<P><STRONG><a name="[16]"></a>drvp_attach_irq</STRONG> (Thumb, 26 bytes, Stack size 16 bytes, drvp_gpio.o(.text))
<BR><BR>[Stack]<UL><LI>Max Depth = 16<LI>Call Chain = drvp_attach_irq
</UL>
<BR>[Calls]<UL><LI><a href="#[99]">&gt;&gt;</a>&nbsp;&nbsp;&nbsp;get_pin
</UL>
<BR>[Address Reference Count : 1]<UL><LI> drvp_gpio.o(.data)
</UL>
<P><STRONG><a name="[17]"></a>drvp_detach_irq</STRONG> (Thumb, 24 bytes, Stack size 8 bytes, drvp_gpio.o(.text))
<BR><BR>[Stack]<UL><LI>Max Depth = 8<LI>Call Chain = drvp_detach_irq
</UL>
<BR>[Calls]<UL><LI><a href="#[99]">&gt;&gt;</a>&nbsp;&nbsp;&nbsp;get_pin
</UL>
<BR>[Address Reference Count : 1]<UL><LI> drvp_gpio.o(.data)
</UL>
<P><STRONG><a name="[18]"></a>drvp_irq_enable</STRONG> (Thumb, 244 bytes, Stack size 24 bytes, drvp_gpio.o(.text))
<BR><BR>[Stack]<UL><LI>Max Depth = 116<LI>Call Chain = drvp_irq_enable &rArr; GPIO_Init &rArr; PORT_Init
</UL>
<BR>[Calls]<UL><LI><a href="#[9d]">&gt;&gt;</a>&nbsp;&nbsp;&nbsp;EXTI_Open
<LI><a href="#[9c]">&gt;&gt;</a>&nbsp;&nbsp;&nbsp;EXTI_Init
<LI><a href="#[9b]">&gt;&gt;</a>&nbsp;&nbsp;&nbsp;EXTI_Close
<LI><a href="#[99]">&gt;&gt;</a>&nbsp;&nbsp;&nbsp;get_pin
<LI><a href="#[89]">&gt;&gt;</a>&nbsp;&nbsp;&nbsp;GPIO_Init
</UL>
<BR>[Address Reference Count : 1]<UL><LI> drvp_gpio.o(.data)
</UL>
<P><STRONG><a name="[9e]"></a>gpio_group_isr</STRONG> (Thumb, 192 bytes, Stack size 24 bytes, drvp_gpio.o(.text))
<BR><BR>[Stack]<UL><LI>Max Depth = 24<LI>Call Chain = gpio_group_isr
</UL>
<BR>[Calls]<UL><LI><a href="#[9f]">&gt;&gt;</a>&nbsp;&nbsp;&nbsp;EXTI_State
<LI><a href="#[a0]">&gt;&gt;</a>&nbsp;&nbsp;&nbsp;EXTI_Clear
<LI><a href="#[99]">&gt;&gt;</a>&nbsp;&nbsp;&nbsp;get_pin
</UL>
<BR>[Called By]<UL><LI><a href="#[64]">&gt;&gt;</a>&nbsp;&nbsp;&nbsp;GPIOP_Handler
<LI><a href="#[63]">&gt;&gt;</a>&nbsp;&nbsp;&nbsp;GPION_Handler
<LI><a href="#[62]">&gt;&gt;</a>&nbsp;&nbsp;&nbsp;GPIOM_Handler
<LI><a href="#[61]">&gt;&gt;</a>&nbsp;&nbsp;&nbsp;GPIOC_Handler
<LI><a href="#[60]">&gt;&gt;</a>&nbsp;&nbsp;&nbsp;GPIOB_Handler
<LI><a href="#[5f]">&gt;&gt;</a>&nbsp;&nbsp;&nbsp;GPIOA_Handler
</UL>

<P><STRONG><a name="[19]"></a>do_init</STRONG> (Thumb, 84 bytes, Stack size 24 bytes, drvp_uart0.o(.text))
<BR><BR>[Stack]<UL><LI>Max Depth = 84<LI>Call Chain = do_init &rArr; PORT_Init
</UL>
<BR>[Calls]<UL><LI><a href="#[a1]">&gt;&gt;</a>&nbsp;&nbsp;&nbsp;UART_Init
<LI><a href="#[88]">&gt;&gt;</a>&nbsp;&nbsp;&nbsp;PORT_Init
</UL>
<BR>[Address Reference Count : 1]<UL><LI> drvp_uart0.o(.data)
</UL>
<P><STRONG><a name="[1a]"></a>do_open</STRONG> (Thumb, 6 bytes, Stack size 0 bytes, drvp_uart0.o(.text))
<BR><BR>[Calls]<UL><LI><a href="#[a2]">&gt;&gt;</a>&nbsp;&nbsp;&nbsp;UART_Open
</UL>
<BR>[Address Reference Count : 1]<UL><LI> drvp_uart0.o(.data)
</UL>
<P><STRONG><a name="[1b]"></a>do_close</STRONG> (Thumb, 6 bytes, Stack size 0 bytes, drvp_uart0.o(.text))
<BR><BR>[Calls]<UL><LI><a href="#[a3]">&gt;&gt;</a>&nbsp;&nbsp;&nbsp;UART_Close
</UL>
<BR>[Address Reference Count : 1]<UL><LI> drvp_uart0.o(.data)
</UL>
<P><STRONG><a name="[1c]"></a>do_write_byte</STRONG> (Thumb, 24 bytes, Stack size 8 bytes, drvp_uart0.o(.text))
<BR><BR>[Stack]<UL><LI>Max Depth = 8<LI>Call Chain = do_write_byte
</UL>
<BR>[Calls]<UL><LI><a href="#[a4]">&gt;&gt;</a>&nbsp;&nbsp;&nbsp;UART_WriteByte
<LI><a href="#[a5]">&gt;&gt;</a>&nbsp;&nbsp;&nbsp;UART_IsTXBusy
</UL>
<BR>[Address Reference Count : 1]<UL><LI> drvp_uart0.o(.data)
</UL>
<P><STRONG><a name="[1d]"></a>do_is_tx_busy</STRONG> (Thumb, 6 bytes, Stack size 0 bytes, drvp_uart0.o(.text))
<BR><BR>[Calls]<UL><LI><a href="#[a5]">&gt;&gt;</a>&nbsp;&nbsp;&nbsp;UART_IsTXBusy
</UL>
<BR>[Address Reference Count : 1]<UL><LI> drvp_uart0.o(.data)
</UL>
<P><STRONG><a name="[1e]"></a>do_set_rx_callback</STRONG> (Thumb, 6 bytes, Stack size 0 bytes, drvp_uart0.o(.text))
<BR>[Address Reference Count : 1]<UL><LI> drvp_uart0.o(.data)
</UL>
<P><STRONG><a name="[1f]"></a>do_set_tx_callback</STRONG> (Thumb, 6 bytes, Stack size 0 bytes, drvp_uart0.o(.text))
<BR>[Address Reference Count : 1]<UL><LI> drvp_uart0.o(.data)
</UL>
<P><STRONG><a name="[20]"></a>do_start_tx</STRONG> (Thumb, 22 bytes, Stack size 8 bytes, drvp_uart0.o(.text))
<BR><BR>[Stack]<UL><LI>Max Depth = 8<LI>Call Chain = do_start_tx
</UL>
<BR>[Calls]<UL><LI><a href="#[a4]">&gt;&gt;</a>&nbsp;&nbsp;&nbsp;UART_WriteByte
</UL>
<BR>[Address Reference Count : 1]<UL><LI> drvp_uart0.o(.data)
</UL>
<P><STRONG><a name="[21]"></a>do_stop_tx</STRONG> (Thumb, 12 bytes, Stack size 0 bytes, drvp_uart0.o(.text))
<BR><BR>[Called By]<UL><LI><a href="#[54]">&gt;&gt;</a>&nbsp;&nbsp;&nbsp;UART0_Handler
</UL>
<BR>[Address Reference Count : 1]<UL><LI> drvp_uart0.o(.data)
</UL>
<P><STRONG><a name="[22]"></a>do_enable_irq</STRONG> (Thumb, 20 bytes, Stack size 0 bytes, drvp_uart0.o(.text))
<BR>[Address Reference Count : 1]<UL><LI> drvp_uart0.o(.data)
</UL>
<P><STRONG><a name="[aa]"></a>prvInitialiseTaskLists</STRONG> (Thumb, 78 bytes, Stack size 16 bytes, tasks.o(.text))
<BR><BR>[Stack]<UL><LI>Max Depth = 16<LI>Call Chain = prvInitialiseTaskLists
</UL>
<BR>[Calls]<UL><LI><a href="#[ab]">&gt;&gt;</a>&nbsp;&nbsp;&nbsp;vListInitialise
</UL>
<BR>[Called By]<UL><LI><a href="#[ac]">&gt;&gt;</a>&nbsp;&nbsp;&nbsp;prvAddNewTaskToReadyList
</UL>

<P><STRONG><a name="[ac]"></a>prvAddNewTaskToReadyList</STRONG> (Thumb, 124 bytes, Stack size 16 bytes, tasks.o(.text))
<BR><BR>[Stack]<UL><LI>Max Depth = 32<LI>Call Chain = prvAddNewTaskToReadyList &rArr; prvInitialiseTaskLists
</UL>
<BR>[Calls]<UL><LI><a href="#[af]">&gt;&gt;</a>&nbsp;&nbsp;&nbsp;vPortExitCritical
<LI><a href="#[ad]">&gt;&gt;</a>&nbsp;&nbsp;&nbsp;vPortEnterCritical
<LI><a href="#[ae]">&gt;&gt;</a>&nbsp;&nbsp;&nbsp;vListInsertEnd
<LI><a href="#[aa]">&gt;&gt;</a>&nbsp;&nbsp;&nbsp;prvInitialiseTaskLists
</UL>
<BR>[Called By]<UL><LI><a href="#[96]">&gt;&gt;</a>&nbsp;&nbsp;&nbsp;xTaskCreate
</UL>

<P><STRONG><a name="[b0]"></a>prvInitialiseNewTask</STRONG> (Thumb, 122 bytes, Stack size 32 bytes, tasks.o(.text))
<BR><BR>[Stack]<UL><LI>Max Depth = 32<LI>Call Chain = prvInitialiseNewTask
</UL>
<BR>[Calls]<UL><LI><a href="#[b1]">&gt;&gt;</a>&nbsp;&nbsp;&nbsp;vListInitialiseItem
<LI><a href="#[b2]">&gt;&gt;</a>&nbsp;&nbsp;&nbsp;pxPortInitialiseStack
</UL>
<BR>[Called By]<UL><LI><a href="#[96]">&gt;&gt;</a>&nbsp;&nbsp;&nbsp;xTaskCreate
</UL>

<P><STRONG><a name="[b7]"></a>prvResetNextTaskUnblockTime</STRONG> (Thumb, 30 bytes, Stack size 0 bytes, tasks.o(.text))
<BR><BR>[Called By]<UL><LI><a href="#[c0]">&gt;&gt;</a>&nbsp;&nbsp;&nbsp;vTaskSuspend
<LI><a href="#[b9]">&gt;&gt;</a>&nbsp;&nbsp;&nbsp;xTaskResumeAll
<LI><a href="#[b8]">&gt;&gt;</a>&nbsp;&nbsp;&nbsp;xTaskIncrementTick
<LI><a href="#[b5]">&gt;&gt;</a>&nbsp;&nbsp;&nbsp;vTaskDelete
</UL>

<P><STRONG><a name="[b4]"></a>prvDeleteTCB</STRONG> (Thumb, 20 bytes, Stack size 8 bytes, tasks.o(.text))
<BR><BR>[Stack]<UL><LI>Max Depth = 72<LI>Call Chain = prvDeleteTCB &rArr; vPortFree &rArr; xTaskResumeAll &rArr; xTaskIncrementTick
</UL>
<BR>[Calls]<UL><LI><a href="#[b3]">&gt;&gt;</a>&nbsp;&nbsp;&nbsp;vPortFree
</UL>
<BR>[Called By]<UL><LI><a href="#[b5]">&gt;&gt;</a>&nbsp;&nbsp;&nbsp;vTaskDelete
<LI><a href="#[c4]">&gt;&gt;</a>&nbsp;&nbsp;&nbsp;prvCheckTasksWaitingTermination
</UL>

<P><STRONG><a name="[ba]"></a>prvAddCurrentTaskToDelayedList</STRONG> (Thumb, 118 bytes, Stack size 24 bytes, tasks.o(.text))
<BR><BR>[Stack]<UL><LI>Max Depth = 36<LI>Call Chain = prvAddCurrentTaskToDelayedList &rArr; vListInsert
</UL>
<BR>[Calls]<UL><LI><a href="#[ae]">&gt;&gt;</a>&nbsp;&nbsp;&nbsp;vListInsertEnd
<LI><a href="#[bb]">&gt;&gt;</a>&nbsp;&nbsp;&nbsp;vListInsert
<LI><a href="#[b6]">&gt;&gt;</a>&nbsp;&nbsp;&nbsp;uxListRemove
</UL>
<BR>[Called By]<UL><LI><a href="#[d1]">&gt;&gt;</a>&nbsp;&nbsp;&nbsp;xTaskNotifyWait
<LI><a href="#[d0]">&gt;&gt;</a>&nbsp;&nbsp;&nbsp;ulTaskNotifyTake
<LI><a href="#[c9]">&gt;&gt;</a>&nbsp;&nbsp;&nbsp;vTaskPlaceOnUnorderedEventList
<LI><a href="#[c8]">&gt;&gt;</a>&nbsp;&nbsp;&nbsp;vTaskPlaceOnEventList
<LI><a href="#[bc]">&gt;&gt;</a>&nbsp;&nbsp;&nbsp;vTaskDelayUntil
<LI><a href="#[95]">&gt;&gt;</a>&nbsp;&nbsp;&nbsp;vTaskDelay
</UL>

<P><STRONG><a name="[c2]"></a>prvTaskIsTaskSuspended</STRONG> (Thumb, 30 bytes, Stack size 0 bytes, tasks.o(.text), UNUSED)
<BR><BR>[Called By]<UL><LI><a href="#[c3]">&gt;&gt;</a>&nbsp;&nbsp;&nbsp;xTaskResumeFromISR
<LI><a href="#[c1]">&gt;&gt;</a>&nbsp;&nbsp;&nbsp;vTaskResume
</UL>

<P><STRONG><a name="[c4]"></a>prvCheckTasksWaitingTermination</STRONG> (Thumb, 76 bytes, Stack size 16 bytes, tasks.o(.text))
<BR><BR>[Stack]<UL><LI>Max Depth = 88<LI>Call Chain = prvCheckTasksWaitingTermination &rArr; prvDeleteTCB &rArr; vPortFree &rArr; xTaskResumeAll &rArr; xTaskIncrementTick
</UL>
<BR>[Calls]<UL><LI><a href="#[af]">&gt;&gt;</a>&nbsp;&nbsp;&nbsp;vPortExitCritical
<LI><a href="#[ad]">&gt;&gt;</a>&nbsp;&nbsp;&nbsp;vPortEnterCritical
<LI><a href="#[b6]">&gt;&gt;</a>&nbsp;&nbsp;&nbsp;uxListRemove
<LI><a href="#[bd]">&gt;&gt;</a>&nbsp;&nbsp;&nbsp;vTaskSuspendAll
<LI><a href="#[b9]">&gt;&gt;</a>&nbsp;&nbsp;&nbsp;xTaskResumeAll
<LI><a href="#[b4]">&gt;&gt;</a>&nbsp;&nbsp;&nbsp;prvDeleteTCB
</UL>
<BR>[Called By]<UL><LI><a href="#[75]">&gt;&gt;</a>&nbsp;&nbsp;&nbsp;prvIdleTask
</UL>

<P><STRONG><a name="[75]"></a>prvIdleTask</STRONG> (Thumb, 30 bytes, Stack size 0 bytes, tasks.o(.text))
<BR><BR>[Stack]<UL><LI>Max Depth = 88<LI>Call Chain = prvIdleTask &rArr; prvCheckTasksWaitingTermination &rArr; prvDeleteTCB &rArr; vPortFree &rArr; xTaskResumeAll &rArr; xTaskIncrementTick
</UL>
<BR>[Calls]<UL><LI><a href="#[c4]">&gt;&gt;</a>&nbsp;&nbsp;&nbsp;prvCheckTasksWaitingTermination
</UL>
<BR>[Address Reference Count : 1]<UL><LI> tasks.o(.text)
</UL>
<P><STRONG><a name="[76]"></a>prvTaskExitError</STRONG> (Thumb, 16 bytes, Stack size 0 bytes, port.o(.text))
<BR>[Address Reference Count : 1]<UL><LI> port.o(.text)
</UL>
<P><STRONG><a name="[d9]"></a>prvInsertBlockIntoFreeList</STRONG> (Thumb, 78 bytes, Stack size 12 bytes, heap_4.o(.text))
<BR><BR>[Stack]<UL><LI>Max Depth = 12<LI>Call Chain = prvInsertBlockIntoFreeList
</UL>
<BR>[Called By]<UL><LI><a href="#[b3]">&gt;&gt;</a>&nbsp;&nbsp;&nbsp;vPortFree
<LI><a href="#[98]">&gt;&gt;</a>&nbsp;&nbsp;&nbsp;pvPortMalloc
</UL>

<P><STRONG><a name="[d8]"></a>prvHeapInit</STRONG> (Thumb, 68 bytes, Stack size 0 bytes, heap_4.o(.text))
<BR><BR>[Called By]<UL><LI><a href="#[98]">&gt;&gt;</a>&nbsp;&nbsp;&nbsp;pvPortMalloc
</UL>

<P><STRONG><a name="[db]"></a>NVIC_EnableIRQ</STRONG> (Thumb, 22 bytes, Stack size 0 bytes, swm320_uart.o(.text))
<BR><BR>[Called By]<UL><LI><a href="#[a1]">&gt;&gt;</a>&nbsp;&nbsp;&nbsp;UART_Init
</UL>

<P><STRONG><a name="[da]"></a>NVIC_DisableIRQ</STRONG> (Thumb, 22 bytes, Stack size 0 bytes, swm320_uart.o(.text))
<BR><BR>[Called By]<UL><LI><a href="#[a1]">&gt;&gt;</a>&nbsp;&nbsp;&nbsp;UART_Init
</UL>

<P><STRONG><a name="[dd]"></a>delay_3ms</STRONG> (Thumb, 44 bytes, Stack size 0 bytes, system_swm320.o(.text))
<BR><BR>[Called By]<UL><LI><a href="#[e2]">&gt;&gt;</a>&nbsp;&nbsp;&nbsp;switchCLK_20MHz
<LI><a href="#[e1]">&gt;&gt;</a>&nbsp;&nbsp;&nbsp;switchCLK_40MHz
<LI><a href="#[e0]">&gt;&gt;</a>&nbsp;&nbsp;&nbsp;switchCLK_32KHz
<LI><a href="#[df]">&gt;&gt;</a>&nbsp;&nbsp;&nbsp;switchCLK_XTAL
<LI><a href="#[dc]">&gt;&gt;</a>&nbsp;&nbsp;&nbsp;PLLInit
</UL>

<P><STRONG><a name="[e9]"></a>_printf_core</STRONG> (Thumb, 436 bytes, Stack size 96 bytes, printf3.o(i._printf_core), UNUSED)
<BR><BR>[Calls]<UL><LI><a href="#[ea]">&gt;&gt;</a>&nbsp;&nbsp;&nbsp;__aeabi_uidivmod
</UL>
<BR>[Called By]<UL><LI><a href="#[e8]">&gt;&gt;</a>&nbsp;&nbsp;&nbsp;__0printf$3
</UL>
<P>
<H3>
Undefined Global Symbols
</H3><HR></body></html>
