<!doctype html public "-//w3c//dtd html 4.0 transitional//en">
<html><head>
<title>Static Call Graph - [.\out\step25_app.axf]</title></head>
<body><HR>
<H1>Static Call Graph for image .\out\step25_app.axf</H1><HR>
<BR><P>#&#060CALLGRAPH&#062# ARM Linker, 5060960: Last Updated: Sat Jun 27 09:23:31 2026
<BR><P>
<H3>Maximum Stack Usage =        352 bytes + Unknown(Cycles, Untraceable Function Pointers)</H3><H3>
Call chain for Maximum Stack Depth:</H3>
do_work &rArr; vTaskDelay &rArr; xTaskResumeAll &rArr; xTaskIncrementTick
<P>
<H3>
Mutually Recursive functions
</H3> <LI><a href="#[7a]">NMI_Handler</a>&nbsp;&nbsp;&nbsp;&rArr;&nbsp;&nbsp;&nbsp;<a href="#[7a]">NMI_Handler</a><BR>
 <LI><a href="#[7b]">HardFault_Handler</a>&nbsp;&nbsp;&nbsp;&rArr;&nbsp;&nbsp;&nbsp;<a href="#[7b]">HardFault_Handler</a><BR>
 <LI><a href="#[7c]">MemManage_Handler</a>&nbsp;&nbsp;&nbsp;&rArr;&nbsp;&nbsp;&nbsp;<a href="#[7c]">MemManage_Handler</a><BR>
 <LI><a href="#[7d]">BusFault_Handler</a>&nbsp;&nbsp;&nbsp;&rArr;&nbsp;&nbsp;&nbsp;<a href="#[7d]">BusFault_Handler</a><BR>
 <LI><a href="#[7e]">UsageFault_Handler</a>&nbsp;&nbsp;&nbsp;&rArr;&nbsp;&nbsp;&nbsp;<a href="#[7e]">UsageFault_Handler</a><BR>
 <LI><a href="#[80]">DebugMon_Handler</a>&nbsp;&nbsp;&nbsp;&rArr;&nbsp;&nbsp;&nbsp;<a href="#[80]">DebugMon_Handler</a><BR>
 <LI><a href="#[83]">GPIOA0_Handler</a>&nbsp;&nbsp;&nbsp;&rArr;&nbsp;&nbsp;&nbsp;<a href="#[83]">GPIOA0_Handler</a><BR>
 <LI><a href="#[84]">GPIOA1_Handler</a>&nbsp;&nbsp;&nbsp;&rArr;&nbsp;&nbsp;&nbsp;<a href="#[84]">GPIOA1_Handler</a><BR>
 <LI><a href="#[85]">GPIOA2_Handler</a>&nbsp;&nbsp;&nbsp;&rArr;&nbsp;&nbsp;&nbsp;<a href="#[85]">GPIOA2_Handler</a><BR>
 <LI><a href="#[86]">GPIOA3_Handler</a>&nbsp;&nbsp;&nbsp;&rArr;&nbsp;&nbsp;&nbsp;<a href="#[86]">GPIOA3_Handler</a><BR>
 <LI><a href="#[87]">GPIOA4_Handler</a>&nbsp;&nbsp;&nbsp;&rArr;&nbsp;&nbsp;&nbsp;<a href="#[87]">GPIOA4_Handler</a><BR>
 <LI><a href="#[88]">GPIOA5_Handler</a>&nbsp;&nbsp;&nbsp;&rArr;&nbsp;&nbsp;&nbsp;<a href="#[88]">GPIOA5_Handler</a><BR>
 <LI><a href="#[89]">GPIOA6_Handler</a>&nbsp;&nbsp;&nbsp;&rArr;&nbsp;&nbsp;&nbsp;<a href="#[89]">GPIOA6_Handler</a><BR>
 <LI><a href="#[8a]">GPIOA7_Handler</a>&nbsp;&nbsp;&nbsp;&rArr;&nbsp;&nbsp;&nbsp;<a href="#[8a]">GPIOA7_Handler</a><BR>
 <LI><a href="#[8b]">GPIOB0_Handler</a>&nbsp;&nbsp;&nbsp;&rArr;&nbsp;&nbsp;&nbsp;<a href="#[8b]">GPIOB0_Handler</a><BR>
 <LI><a href="#[8c]">GPIOB1_Handler</a>&nbsp;&nbsp;&nbsp;&rArr;&nbsp;&nbsp;&nbsp;<a href="#[8c]">GPIOB1_Handler</a><BR>
 <LI><a href="#[8d]">GPIOB2_Handler</a>&nbsp;&nbsp;&nbsp;&rArr;&nbsp;&nbsp;&nbsp;<a href="#[8d]">GPIOB2_Handler</a><BR>
 <LI><a href="#[8e]">GPIOB3_Handler</a>&nbsp;&nbsp;&nbsp;&rArr;&nbsp;&nbsp;&nbsp;<a href="#[8e]">GPIOB3_Handler</a><BR>
 <LI><a href="#[8f]">GPIOB4_Handler</a>&nbsp;&nbsp;&nbsp;&rArr;&nbsp;&nbsp;&nbsp;<a href="#[8f]">GPIOB4_Handler</a><BR>
 <LI><a href="#[90]">GPIOB5_Handler</a>&nbsp;&nbsp;&nbsp;&rArr;&nbsp;&nbsp;&nbsp;<a href="#[90]">GPIOB5_Handler</a><BR>
 <LI><a href="#[91]">GPIOB6_Handler</a>&nbsp;&nbsp;&nbsp;&rArr;&nbsp;&nbsp;&nbsp;<a href="#[91]">GPIOB6_Handler</a><BR>
 <LI><a href="#[92]">GPIOB7_Handler</a>&nbsp;&nbsp;&nbsp;&rArr;&nbsp;&nbsp;&nbsp;<a href="#[92]">GPIOB7_Handler</a><BR>
 <LI><a href="#[93]">GPIOC0_Handler</a>&nbsp;&nbsp;&nbsp;&rArr;&nbsp;&nbsp;&nbsp;<a href="#[93]">GPIOC0_Handler</a><BR>
 <LI><a href="#[94]">GPIOC1_Handler</a>&nbsp;&nbsp;&nbsp;&rArr;&nbsp;&nbsp;&nbsp;<a href="#[94]">GPIOC1_Handler</a><BR>
 <LI><a href="#[95]">GPIOC2_Handler</a>&nbsp;&nbsp;&nbsp;&rArr;&nbsp;&nbsp;&nbsp;<a href="#[95]">GPIOC2_Handler</a><BR>
 <LI><a href="#[96]">GPIOC3_Handler</a>&nbsp;&nbsp;&nbsp;&rArr;&nbsp;&nbsp;&nbsp;<a href="#[96]">GPIOC3_Handler</a><BR>
 <LI><a href="#[97]">GPIOC4_Handler</a>&nbsp;&nbsp;&nbsp;&rArr;&nbsp;&nbsp;&nbsp;<a href="#[97]">GPIOC4_Handler</a><BR>
 <LI><a href="#[98]">GPIOC5_Handler</a>&nbsp;&nbsp;&nbsp;&rArr;&nbsp;&nbsp;&nbsp;<a href="#[98]">GPIOC5_Handler</a><BR>
 <LI><a href="#[99]">GPIOC6_Handler</a>&nbsp;&nbsp;&nbsp;&rArr;&nbsp;&nbsp;&nbsp;<a href="#[99]">GPIOC6_Handler</a><BR>
 <LI><a href="#[9a]">GPIOC7_Handler</a>&nbsp;&nbsp;&nbsp;&rArr;&nbsp;&nbsp;&nbsp;<a href="#[9a]">GPIOC7_Handler</a><BR>
 <LI><a href="#[9b]">GPIOM0_Handler</a>&nbsp;&nbsp;&nbsp;&rArr;&nbsp;&nbsp;&nbsp;<a href="#[9b]">GPIOM0_Handler</a><BR>
 <LI><a href="#[9c]">GPIOM1_Handler</a>&nbsp;&nbsp;&nbsp;&rArr;&nbsp;&nbsp;&nbsp;<a href="#[9c]">GPIOM1_Handler</a><BR>
 <LI><a href="#[9d]">GPIOM2_Handler</a>&nbsp;&nbsp;&nbsp;&rArr;&nbsp;&nbsp;&nbsp;<a href="#[9d]">GPIOM2_Handler</a><BR>
 <LI><a href="#[9e]">GPIOM3_Handler</a>&nbsp;&nbsp;&nbsp;&rArr;&nbsp;&nbsp;&nbsp;<a href="#[9e]">GPIOM3_Handler</a><BR>
 <LI><a href="#[9f]">GPIOM4_Handler</a>&nbsp;&nbsp;&nbsp;&rArr;&nbsp;&nbsp;&nbsp;<a href="#[9f]">GPIOM4_Handler</a><BR>
 <LI><a href="#[a0]">GPIOM5_Handler</a>&nbsp;&nbsp;&nbsp;&rArr;&nbsp;&nbsp;&nbsp;<a href="#[a0]">GPIOM5_Handler</a><BR>
 <LI><a href="#[a1]">GPIOM6_Handler</a>&nbsp;&nbsp;&nbsp;&rArr;&nbsp;&nbsp;&nbsp;<a href="#[a1]">GPIOM6_Handler</a><BR>
 <LI><a href="#[a2]">GPIOM7_Handler</a>&nbsp;&nbsp;&nbsp;&rArr;&nbsp;&nbsp;&nbsp;<a href="#[a2]">GPIOM7_Handler</a><BR>
 <LI><a href="#[a3]">DMA_Handler</a>&nbsp;&nbsp;&nbsp;&rArr;&nbsp;&nbsp;&nbsp;<a href="#[a3]">DMA_Handler</a><BR>
 <LI><a href="#[a4]">LCD_Handler</a>&nbsp;&nbsp;&nbsp;&rArr;&nbsp;&nbsp;&nbsp;<a href="#[a4]">LCD_Handler</a><BR>
 <LI><a href="#[a5]">NORFLC_Handler</a>&nbsp;&nbsp;&nbsp;&rArr;&nbsp;&nbsp;&nbsp;<a href="#[a5]">NORFLC_Handler</a><BR>
 <LI><a href="#[a6]">CAN_Handler</a>&nbsp;&nbsp;&nbsp;&rArr;&nbsp;&nbsp;&nbsp;<a href="#[a6]">CAN_Handler</a><BR>
 <LI><a href="#[a7]">PULSE_Handler</a>&nbsp;&nbsp;&nbsp;&rArr;&nbsp;&nbsp;&nbsp;<a href="#[a7]">PULSE_Handler</a><BR>
 <LI><a href="#[a8]">WDT_Handler</a>&nbsp;&nbsp;&nbsp;&rArr;&nbsp;&nbsp;&nbsp;<a href="#[a8]">WDT_Handler</a><BR>
 <LI><a href="#[a9]">PWM_Handler</a>&nbsp;&nbsp;&nbsp;&rArr;&nbsp;&nbsp;&nbsp;<a href="#[a9]">PWM_Handler</a><BR>
 <LI><a href="#[ac]">UART2_Handler</a>&nbsp;&nbsp;&nbsp;&rArr;&nbsp;&nbsp;&nbsp;<a href="#[ac]">UART2_Handler</a><BR>
 <LI><a href="#[ad]">UART3_Handler</a>&nbsp;&nbsp;&nbsp;&rArr;&nbsp;&nbsp;&nbsp;<a href="#[ad]">UART3_Handler</a><BR>
 <LI><a href="#[ae]">I2C0_Handler</a>&nbsp;&nbsp;&nbsp;&rArr;&nbsp;&nbsp;&nbsp;<a href="#[ae]">I2C0_Handler</a><BR>
 <LI><a href="#[af]">I2C1_Handler</a>&nbsp;&nbsp;&nbsp;&rArr;&nbsp;&nbsp;&nbsp;<a href="#[af]">I2C1_Handler</a><BR>
 <LI><a href="#[b0]">SPI0_Handler</a>&nbsp;&nbsp;&nbsp;&rArr;&nbsp;&nbsp;&nbsp;<a href="#[b0]">SPI0_Handler</a><BR>
 <LI><a href="#[b1]">ADC0_Handler</a>&nbsp;&nbsp;&nbsp;&rArr;&nbsp;&nbsp;&nbsp;<a href="#[b1]">ADC0_Handler</a><BR>
 <LI><a href="#[b3]">BOD_Handler</a>&nbsp;&nbsp;&nbsp;&rArr;&nbsp;&nbsp;&nbsp;<a href="#[b3]">BOD_Handler</a><BR>
 <LI><a href="#[b4]">SDIO_Handler</a>&nbsp;&nbsp;&nbsp;&rArr;&nbsp;&nbsp;&nbsp;<a href="#[b4]">SDIO_Handler</a><BR>
 <LI><a href="#[bb]">ADC1_Handler</a>&nbsp;&nbsp;&nbsp;&rArr;&nbsp;&nbsp;&nbsp;<a href="#[bb]">ADC1_Handler</a><BR>
 <LI><a href="#[bc]">FPU_Handler</a>&nbsp;&nbsp;&nbsp;&rArr;&nbsp;&nbsp;&nbsp;<a href="#[bc]">FPU_Handler</a><BR>
 <LI><a href="#[bd]">SPI1_Handler</a>&nbsp;&nbsp;&nbsp;&rArr;&nbsp;&nbsp;&nbsp;<a href="#[bd]">SPI1_Handler</a><BR>
 <LI><a href="#[be]">TIMR0_Handler</a>&nbsp;&nbsp;&nbsp;&rArr;&nbsp;&nbsp;&nbsp;<a href="#[be]">TIMR0_Handler</a><BR>
 <LI><a href="#[bf]">TIMR1_Handler</a>&nbsp;&nbsp;&nbsp;&rArr;&nbsp;&nbsp;&nbsp;<a href="#[bf]">TIMR1_Handler</a><BR>
 <LI><a href="#[c0]">TIMR2_Handler</a>&nbsp;&nbsp;&nbsp;&rArr;&nbsp;&nbsp;&nbsp;<a href="#[c0]">TIMR2_Handler</a><BR>
 <LI><a href="#[c1]">TIMR3_Handler</a>&nbsp;&nbsp;&nbsp;&rArr;&nbsp;&nbsp;&nbsp;<a href="#[c1]">TIMR3_Handler</a><BR>
 <LI><a href="#[c2]">TIMR4_Handler</a>&nbsp;&nbsp;&nbsp;&rArr;&nbsp;&nbsp;&nbsp;<a href="#[c2]">TIMR4_Handler</a><BR>
 <LI><a href="#[c3]">TIMR5_Handler</a>&nbsp;&nbsp;&nbsp;&rArr;&nbsp;&nbsp;&nbsp;<a href="#[c3]">TIMR5_Handler</a><BR>
</UL>
<P>
<H3>
Function Pointers
</H3><UL>
 <LI><a href="#[b1]">ADC0_Handler</a> from startup_swm320.o(.text) referenced from startup_swm320.o(RESET)
 <LI><a href="#[bb]">ADC1_Handler</a> from startup_swm320.o(.text) referenced from startup_swm320.o(RESET)
 <LI><a href="#[b3]">BOD_Handler</a> from startup_swm320.o(.text) referenced from startup_swm320.o(RESET)
 <LI><a href="#[7d]">BusFault_Handler</a> from startup_swm320.o(.text) referenced from startup_swm320.o(RESET)
 <LI><a href="#[a6]">CAN_Handler</a> from startup_swm320.o(.text) referenced from startup_swm320.o(RESET)
 <LI><a href="#[a3]">DMA_Handler</a> from startup_swm320.o(.text) referenced from startup_swm320.o(RESET)
 <LI><a href="#[80]">DebugMon_Handler</a> from startup_swm320.o(.text) referenced from startup_swm320.o(RESET)
 <LI><a href="#[bc]">FPU_Handler</a> from startup_swm320.o(.text) referenced from startup_swm320.o(RESET)
 <LI><a href="#[83]">GPIOA0_Handler</a> from startup_swm320.o(.text) referenced from startup_swm320.o(RESET)
 <LI><a href="#[84]">GPIOA1_Handler</a> from startup_swm320.o(.text) referenced from startup_swm320.o(RESET)
 <LI><a href="#[85]">GPIOA2_Handler</a> from startup_swm320.o(.text) referenced from startup_swm320.o(RESET)
 <LI><a href="#[86]">GPIOA3_Handler</a> from startup_swm320.o(.text) referenced from startup_swm320.o(RESET)
 <LI><a href="#[87]">GPIOA4_Handler</a> from startup_swm320.o(.text) referenced from startup_swm320.o(RESET)
 <LI><a href="#[88]">GPIOA5_Handler</a> from startup_swm320.o(.text) referenced from startup_swm320.o(RESET)
 <LI><a href="#[89]">GPIOA6_Handler</a> from startup_swm320.o(.text) referenced from startup_swm320.o(RESET)
 <LI><a href="#[8a]">GPIOA7_Handler</a> from startup_swm320.o(.text) referenced from startup_swm320.o(RESET)
 <LI><a href="#[b5]">GPIOA_Handler</a> from drvp_gpio.o(.text) referenced from startup_swm320.o(RESET)
 <LI><a href="#[8b]">GPIOB0_Handler</a> from startup_swm320.o(.text) referenced from startup_swm320.o(RESET)
 <LI><a href="#[8c]">GPIOB1_Handler</a> from startup_swm320.o(.text) referenced from startup_swm320.o(RESET)
 <LI><a href="#[8d]">GPIOB2_Handler</a> from startup_swm320.o(.text) referenced from startup_swm320.o(RESET)
 <LI><a href="#[8e]">GPIOB3_Handler</a> from startup_swm320.o(.text) referenced from startup_swm320.o(RESET)
 <LI><a href="#[8f]">GPIOB4_Handler</a> from startup_swm320.o(.text) referenced from startup_swm320.o(RESET)
 <LI><a href="#[90]">GPIOB5_Handler</a> from startup_swm320.o(.text) referenced from startup_swm320.o(RESET)
 <LI><a href="#[91]">GPIOB6_Handler</a> from startup_swm320.o(.text) referenced from startup_swm320.o(RESET)
 <LI><a href="#[92]">GPIOB7_Handler</a> from startup_swm320.o(.text) referenced from startup_swm320.o(RESET)
 <LI><a href="#[b6]">GPIOB_Handler</a> from drvp_gpio.o(.text) referenced from startup_swm320.o(RESET)
 <LI><a href="#[93]">GPIOC0_Handler</a> from startup_swm320.o(.text) referenced from startup_swm320.o(RESET)
 <LI><a href="#[94]">GPIOC1_Handler</a> from startup_swm320.o(.text) referenced from startup_swm320.o(RESET)
 <LI><a href="#[95]">GPIOC2_Handler</a> from startup_swm320.o(.text) referenced from startup_swm320.o(RESET)
 <LI><a href="#[96]">GPIOC3_Handler</a> from startup_swm320.o(.text) referenced from startup_swm320.o(RESET)
 <LI><a href="#[97]">GPIOC4_Handler</a> from startup_swm320.o(.text) referenced from startup_swm320.o(RESET)
 <LI><a href="#[98]">GPIOC5_Handler</a> from startup_swm320.o(.text) referenced from startup_swm320.o(RESET)
 <LI><a href="#[99]">GPIOC6_Handler</a> from startup_swm320.o(.text) referenced from startup_swm320.o(RESET)
 <LI><a href="#[9a]">GPIOC7_Handler</a> from startup_swm320.o(.text) referenced from startup_swm320.o(RESET)
 <LI><a href="#[b7]">GPIOC_Handler</a> from drvp_gpio.o(.text) referenced from startup_swm320.o(RESET)
 <LI><a href="#[9b]">GPIOM0_Handler</a> from startup_swm320.o(.text) referenced from startup_swm320.o(RESET)
 <LI><a href="#[9c]">GPIOM1_Handler</a> from startup_swm320.o(.text) referenced from startup_swm320.o(RESET)
 <LI><a href="#[9d]">GPIOM2_Handler</a> from startup_swm320.o(.text) referenced from startup_swm320.o(RESET)
 <LI><a href="#[9e]">GPIOM3_Handler</a> from startup_swm320.o(.text) referenced from startup_swm320.o(RESET)
 <LI><a href="#[9f]">GPIOM4_Handler</a> from startup_swm320.o(.text) referenced from startup_swm320.o(RESET)
 <LI><a href="#[a0]">GPIOM5_Handler</a> from startup_swm320.o(.text) referenced from startup_swm320.o(RESET)
 <LI><a href="#[a1]">GPIOM6_Handler</a> from startup_swm320.o(.text) referenced from startup_swm320.o(RESET)
 <LI><a href="#[a2]">GPIOM7_Handler</a> from startup_swm320.o(.text) referenced from startup_swm320.o(RESET)
 <LI><a href="#[b8]">GPIOM_Handler</a> from drvp_gpio.o(.text) referenced from startup_swm320.o(RESET)
 <LI><a href="#[b9]">GPION_Handler</a> from drvp_gpio.o(.text) referenced from startup_swm320.o(RESET)
 <LI><a href="#[ba]">GPIOP_Handler</a> from drvp_gpio.o(.text) referenced from startup_swm320.o(RESET)
 <LI><a href="#[7b]">HardFault_Handler</a> from startup_swm320.o(.text) referenced from startup_swm320.o(RESET)
 <LI><a href="#[ae]">I2C0_Handler</a> from startup_swm320.o(.text) referenced from startup_swm320.o(RESET)
 <LI><a href="#[af]">I2C1_Handler</a> from startup_swm320.o(.text) referenced from startup_swm320.o(RESET)
 <LI><a href="#[a4]">LCD_Handler</a> from startup_swm320.o(.text) referenced from startup_swm320.o(RESET)
 <LI><a href="#[7c]">MemManage_Handler</a> from startup_swm320.o(.text) referenced from startup_swm320.o(RESET)
 <LI><a href="#[7a]">NMI_Handler</a> from startup_swm320.o(.text) referenced from startup_swm320.o(RESET)
 <LI><a href="#[a5]">NORFLC_Handler</a> from startup_swm320.o(.text) referenced from startup_swm320.o(RESET)
 <LI><a href="#[a7]">PULSE_Handler</a> from startup_swm320.o(.text) referenced from startup_swm320.o(RESET)
 <LI><a href="#[a9]">PWM_Handler</a> from startup_swm320.o(.text) referenced from startup_swm320.o(RESET)
 <LI><a href="#[81]">PendSV_Handler</a> from port.o(.emb_text) referenced from startup_swm320.o(RESET)
 <LI><a href="#[b2]">RTC_Handler</a> from drvp_rtc.o(.text) referenced from startup_swm320.o(RESET)
 <LI><a href="#[79]">Reset_Handler</a> from startup_swm320.o(.text) referenced from startup_swm320.o(RESET)
 <LI><a href="#[b4]">SDIO_Handler</a> from startup_swm320.o(.text) referenced from startup_swm320.o(RESET)
 <LI><a href="#[b0]">SPI0_Handler</a> from startup_swm320.o(.text) referenced from startup_swm320.o(RESET)
 <LI><a href="#[bd]">SPI1_Handler</a> from startup_swm320.o(.text) referenced from startup_swm320.o(RESET)
 <LI><a href="#[7f]">SVC_Handler</a> from port.o(.emb_text) referenced from startup_swm320.o(RESET)
 <LI><a href="#[82]">SysTick_Handler</a> from port.o(.text) referenced from startup_swm320.o(RESET)
 <LI><a href="#[be]">TIMR0_Handler</a> from startup_swm320.o(.text) referenced from startup_swm320.o(RESET)
 <LI><a href="#[bf]">TIMR1_Handler</a> from startup_swm320.o(.text) referenced from startup_swm320.o(RESET)
 <LI><a href="#[c0]">TIMR2_Handler</a> from startup_swm320.o(.text) referenced from startup_swm320.o(RESET)
 <LI><a href="#[c1]">TIMR3_Handler</a> from startup_swm320.o(.text) referenced from startup_swm320.o(RESET)
 <LI><a href="#[c2]">TIMR4_Handler</a> from startup_swm320.o(.text) referenced from startup_swm320.o(RESET)
 <LI><a href="#[c3]">TIMR5_Handler</a> from startup_swm320.o(.text) referenced from startup_swm320.o(RESET)
 <LI><a href="#[aa]">UART0_Handler</a> from drvp_uart0.o(.text) referenced from startup_swm320.o(RESET)
 <LI><a href="#[ab]">UART1_Handler</a> from drvp_uart1.o(.text) referenced from startup_swm320.o(RESET)
 <LI><a href="#[ac]">UART2_Handler</a> from startup_swm320.o(.text) referenced from startup_swm320.o(RESET)
 <LI><a href="#[ad]">UART3_Handler</a> from startup_swm320.o(.text) referenced from startup_swm320.o(RESET)
 <LI><a href="#[7e]">UsageFault_Handler</a> from startup_swm320.o(.text) referenced from startup_swm320.o(RESET)
 <LI><a href="#[a8]">WDT_Handler</a> from startup_swm320.o(.text) referenced from startup_swm320.o(RESET)
 <LI><a href="#[d0]">__main</a> from entry.o(.ARM.Collect$$$$00000000) referenced from startup_swm320.o(.text)
 <LI><a href="#[e0]">_sbackspace</a> from _sgetc.o(.text) referenced from __0sscanf.o(.text)
 <LI><a href="#[e1]">_scanf_char_input</a> from scanf_char.o(.text) referenced from scanf_char.o(.text)
 <LI><a href="#[df]">_sgetc</a> from _sgetc.o(.text) referenced from __0sscanf.o(.text)
 <LI><a href="#[e4]">_snputc</a> from printfa.o(i._snputc) referenced from printfa.o(i.__0snprintf)
 <LI><a href="#[e4]">_snputc</a> from printfa.o(i._snputc) referenced from printfa.o(i.__0vsnprintf)
 <LI><a href="#[e6]">cmd_clear</a> from cmd_line.o(.text) referenced from cmd_line.o(.constdata)
 <LI><a href="#[e7]">cmd_help</a> from cmd_line.o(.text) referenced from cmd_line.o(.constdata)
 <LI><a href="#[ec]">cmd_info</a> from cmd_line.o(.text) referenced from cmd_line.o(.constdata)
 <LI><a href="#[eb]">cmd_io</a> from cmd_line.o(.text) referenced from cmd_line.o(.constdata)
 <LI><a href="#[e9]">cmd_led</a> from cmd_line.o(.text) referenced from cmd_line.o(.constdata)
 <LI><a href="#[e8]">cmd_reboot</a> from cmd_line.o(.text) referenced from cmd_line.o(.constdata)
 <LI><a href="#[ed]">cmd_reboot_ota</a> from cmd_line.o(.text) referenced from cmd_line.o(.constdata)
 <LI><a href="#[ea]">cmd_relay</a> from cmd_line.o(.text) referenced from cmd_line.o(.constdata)
 <LI><a href="#[e5]">cmd_test</a> from cmd_line.o(.text) referenced from cmd_line.o(.constdata)
 <LI><a href="#[5]">create</a> from task_start.o(.text) referenced 8 times from task_start.o(.data)
 <LI><a href="#[d1]">do_AT</a> from air_man.o(.text) referenced from air_man.o(.text)
 <LI><a href="#[d5]">do_CGATT</a> from air_man.o(.text) referenced from air_man.o(.text)
 <LI><a href="#[d6]">do_CGMI</a> from air_man.o(.text) referenced from air_man.o(.text)
 <LI><a href="#[d7]">do_CGMR</a> from air_man.o(.text) referenced from air_man.o(.text)
 <LI><a href="#[dc]">do_CIFSR</a> from air_man.o(.text) referenced from air_man.o(.text)
 <LI><a href="#[db]">do_CIICR</a> from air_man.o(.text) referenced from air_man.o(.text)
 <LI><a href="#[de]">do_CIPCLOSE</a> from air_man.o(.text) referenced from air_man.o(.text)
 <LI><a href="#[d8]">do_CIPMODE</a> from air_man.o(.text) referenced from air_man.o(.text)
 <LI><a href="#[d9]">do_CIPMUX</a> from air_man.o(.text) referenced from air_man.o(.text)
 <LI><a href="#[dd]">do_CIPSTART</a> from air_man.o(.text) referenced from air_man.o(.text)
 <LI><a href="#[d2]">do_CPIN</a> from air_man.o(.text) referenced from air_man.o(.text)
 <LI><a href="#[d4]">do_CREG</a> from air_man.o(.text) referenced from air_man.o(.text)
 <LI><a href="#[d3]">do_CSQ</a> from air_man.o(.text) referenced from air_man.o(.text)
 <LI><a href="#[da]">do_CSTT</a> from air_man.o(.text) referenced from air_man.o(.text)
 <LI><a href="#[66]">do_ack_event</a> from message.o(.text) referenced 2 times from message.o(.data)
 <LI><a href="#[65]">do_add_event</a> from message.o(.text) referenced 2 times from message.o(.data)
 <LI><a href="#[76]">do_add_minutes</a> from calendar.o(.text) referenced 2 times from calendar.o(.data)
 <LI><a href="#[11]">do_attach_irq</a> from drv_gpio.o(.text) referenced 2 times from drv_gpio.o(.data)
 <LI><a href="#[55]">do_auto_baud</a> from at_dev.o(.text) referenced 2 times from at_dev.o(.data)
 <LI><a href="#[74]">do_calculate_overlap</a> from calendar.o(.text) referenced 2 times from calendar.o(.data)
 <LI><a href="#[d]">do_clear_rx_buf</a> from drv_uart0.o(.text) referenced 4 times from drv_uart0.o(.data)
 <LI><a href="#[30]">do_close</a> from drvp_uart0.o(.text) referenced 4 times from drvp_uart0.o(.data)
 <LI><a href="#[5a]">do_clr_rxbuf</a> from air_man.o(.text) referenced 2 times from air_man.o(.data)
 <LI><a href="#[17]">do_create</a> from drv_loop.o(.text) referenced 4 times from drv_loop.o(.data)
 <LI><a href="#[57]">do_create_dev</a> from air_man.o(.text) referenced 2 times from air_man.o(.data)
 <LI><a href="#[75]">do_datetime_to_minutes</a> from calendar.o(.text) referenced 2 times from calendar.o(.data)
 <LI><a href="#[53]">do_delete_dev</a> from at_dev.o(.text) referenced 4 times from at_dev.o(.data)
 <LI><a href="#[12]">do_detach_irq</a> from drv_gpio.o(.text) referenced 2 times from drv_gpio.o(.data)
 <LI><a href="#[56]">do_dump_rx</a> from at_dev.o(.text) referenced 2 times from at_dev.o(.data)
 <LI><a href="#[37]">do_enable_irq</a> from drvp_uart0.o(.text) referenced 4 times from drvp_uart0.o(.data)
 <LI><a href="#[60]">do_force_reset</a> from net_man.o(.text) referenced 2 times from net_man.o(.data)
 <LI><a href="#[51]">do_get</a> from flashdb.o(.text) referenced 2 times from flashdb.o(.data)
 <LI><a href="#[70]">do_get_dt</a> from calendar.o(.text) referenced 2 times from calendar.o(.data)
 <LI><a href="#[1f]">do_get_last_tick</a> from drv_hlw8012.o(.text) referenced 2 times from drv_hlw8012.o(.data)
 <LI><a href="#[1e]">do_get_pulse</a> from drv_hlw8012.o(.text) referenced 2 times from drv_hlw8012.o(.data)
 <LI><a href="#[78]">do_get_slots</a> from calendar.o(.text) referenced 2 times from calendar.o(.data)
 <LI><a href="#[5f]">do_get_state</a> from net_man.o(.text) referenced 4 times from net_man.o(.data)
 <LI><a href="#[73]">do_get_time_segments</a> from calendar.o(.text) referenced 2 times from calendar.o(.data)
 <LI><a href="#[0]">do_init</a> from led_board.o(.text) referenced 28 times from led_board.o(.data)
 <LI><a href="#[13]">do_irq_enable</a> from drv_gpio.o(.text) referenced 2 times from drv_gpio.o(.data)
 <LI><a href="#[6b]">do_is_charging</a> from sock_ctrl.o(.text) referenced 2 times from sock_ctrl.o(.data)
 <LI><a href="#[22]">do_is_err</a> from drv_fuse.o(.text) referenced 2 times from drv_fuse.o(.data)
 <LI><a href="#[63]">do_is_online</a> from message.o(.text) referenced 2 times from message.o(.data)
 <LI><a href="#[5e]">do_is_ready</a> from net_man.o(.text) referenced 2 times from net_man.o(.data)
 <LI><a href="#[32]">do_is_tx_busy</a> from drvp_uart0.o(.text) referenced 4 times from drvp_uart0.o(.data)
 <LI><a href="#[50]">do_load</a> from flashdb.o(.text) referenced 2 times from flashdb.o(.data)
 <LI><a href="#[2f]">do_open</a> from drvp_uart0.o(.text) referenced 4 times from drvp_uart0.o(.data)
 <LI><a href="#[77]">do_parse_jfpg</a> from calendar.o(.text) referenced 2 times from calendar.o(.data)
 <LI><a href="#[5b]">do_ptf_rxbuf</a> from air_man.o(.text) referenced 2 times from air_man.o(.data)
 <LI><a href="#[e]">do_read</a> from drv_gpio.o(.text) referenced 4 times from drv_gpio.o(.data)
 <LI><a href="#[1d]">do_read_pulse</a> from drv_hlw8012.o(.text) referenced 2 times from drv_hlw8012.o(.data)
 <LI><a href="#[a]">do_read_rx_buf</a> from drv_uart0.o(.text) referenced 4 times from drv_uart0.o(.data)
 <LI><a href="#[16]">do_reset</a> from drv_loop.o(.text) referenced 2 times from drv_loop.o(.data)
 <LI><a href="#[4f]">do_save</a> from flashdb.o(.text) referenced 2 times from flashdb.o(.data)
 <LI><a href="#[b]">do_send</a> from drv_uart0.o(.text) referenced 4 times from drv_uart0.o(.data)
 <LI><a href="#[c]">do_send_byte</a> from drv_uart0.o(.text) referenced 4 times from drv_uart0.o(.data)
 <LI><a href="#[54]">do_send_cmd</a> from at_dev.o(.text) referenced 2 times from at_dev.o(.data)
 <LI><a href="#[64]">do_send_line</a> from message.o(.text) referenced 2 times from message.o(.data)
 <LI><a href="#[6a]">do_send_order</a> from sock_ctrl.o(.text) referenced 2 times from sock_ctrl.o(.data)
 <LI><a href="#[59]">do_send_str</a> from air_man.o(.text) referenced 2 times from air_man.o(.data)
 <LI><a href="#[71]">do_set_dt</a> from calendar.o(.text) referenced 2 times from calendar.o(.data)
 <LI><a href="#[2]">do_set_fuse</a> from led_board.o(.text) referenced 2 times from led_board.o(.data)
 <LI><a href="#[10]">do_set_mode</a> from drv_gpio.o(.text) referenced 2 times from drv_gpio.o(.data)
 <LI><a href="#[1]">do_set_net</a> from led_board.o(.text) referenced 2 times from led_board.o(.data)
 <LI><a href="#[67]">do_set_online</a> from message.o(.text) referenced 2 times from message.o(.data)
 <LI><a href="#[33]">do_set_rx_callback</a> from drvp_uart0.o(.text) referenced 4 times from drvp_uart0.o(.data)
 <LI><a href="#[3]">do_set_sock</a> from led_board.o(.text) referenced 2 times from led_board.o(.data)
 <LI><a href="#[34]">do_set_tx_callback</a> from drvp_uart0.o(.text) referenced 4 times from drvp_uart0.o(.data)
 <LI><a href="#[35]">do_start_tx</a> from drvp_uart0.o(.text) referenced 4 times from drvp_uart0.o(.data)
 <LI><a href="#[36]">do_stop_tx</a> from drvp_uart0.o(.text) referenced 4 times from drvp_uart0.o(.data)
 <LI><a href="#[6f]">do_sync_by_str</a> from calendar.o(.text) referenced 2 times from calendar.o(.data)
 <LI><a href="#[72]">do_to_minutes</a> from calendar.o(.text) referenced 2 times from calendar.o(.data)
 <LI><a href="#[1a]">do_update</a> from drv_hc595.o(.text) referenced 2 times from drv_hc595.o(.data)
 <LI><a href="#[4]">do_work</a> from led_board.o(.text) referenced 16 times from led_board.o(.data)
 <LI><a href="#[f]">do_write</a> from drv_gpio.o(.text) referenced 6 times from drv_gpio.o(.data)
 <LI><a href="#[31]">do_write_byte</a> from drvp_uart0.o(.text) referenced 4 times from drvp_uart0.o(.data)
 <LI><a href="#[2b]">drvp_attach_irq</a> from drvp_gpio.o(.text) referenced 2 times from drvp_gpio.o(.data)
 <LI><a href="#[2c]">drvp_detach_irq</a> from drvp_gpio.o(.text) referenced 2 times from drvp_gpio.o(.data)
 <LI><a href="#[2d]">drvp_irq_enable</a> from drvp_gpio.o(.text) referenced 2 times from drvp_gpio.o(.data)
 <LI><a href="#[28]">drvp_read</a> from drvp_gpio.o(.text) referenced 2 times from drvp_gpio.o(.data)
 <LI><a href="#[2a]">drvp_set_mode</a> from drvp_gpio.o(.text) referenced 2 times from drvp_gpio.o(.data)
 <LI><a href="#[29]">drvp_write</a> from drvp_gpio.o(.text) referenced 2 times from drvp_gpio.o(.data)
 <LI><a href="#[e3]">fputc</a> from drv_uart0.o(.text) referenced from printfa.o(i.__0printf)
 <LI><a href="#[fe]">h_CLOSED</a> from message.o(.text) referenced from message.o(.constdata)
 <LI><a href="#[f4]">h_PARAM</a> from message.o(.text) referenced from message.o(.constdata)
 <LI><a href="#[f5]">h_STATU</a> from message.o(.text) referenced from message.o(.constdata)
 <LI><a href="#[f9]">h_getstatu</a> from message.o(.text) referenced from message.o(.constdata)
 <LI><a href="#[f6]">h_jfpg</a> from message.o(.text) referenced from message.o(.constdata)
 <LI><a href="#[f2]">h_log</a> from message.o(.text) referenced from message.o(.constdata)
 <LI><a href="#[ee]">h_logon</a> from message.o(.text) referenced from message.o(.constdata)
 <LI><a href="#[f0]">h_nologin</a> from message.o(.text) referenced from message.o(.constdata)
 <LI><a href="#[fc]">h_off</a> from message.o(.text) referenced from message.o(.constdata)
 <LI><a href="#[fb]">h_on</a> from message.o(.text) referenced from message.o(.constdata)
 <LI><a href="#[f1]">h_over</a> from message.o(.text) referenced from message.o(.constdata)
 <LI><a href="#[f3]">h_pong</a> from message.o(.text) referenced from message.o(.constdata)
 <LI><a href="#[fd]">h_reboot</a> from message.o(.text) referenced from message.o(.constdata)
 <LI><a href="#[ef]">h_relogin</a> from message.o(.text) referenced from message.o(.constdata)
 <LI><a href="#[f8]">h_setparam</a> from message.o(.text) referenced from message.o(.constdata)
 <LI><a href="#[f7]">h_time</a> from message.o(.text) referenced from message.o(.constdata)
 <LI><a href="#[fa]">h_update</a> from message.o(.text) referenced from message.o(.constdata)
 <LI><a href="#[42]">init</a> from drvp_rtc.o(.text) referenced 2 times from drvp_rtc.o(.data)
 <LI><a href="#[e2]">isspace</a> from isspace_o.o(.text) referenced from scanf_char.o(.text)
 <LI><a href="#[c4]">main</a> from main.o(.text) referenced from entry9a.o(.ARM.Collect$$$$0000000B)
 <LI><a href="#[ce]">prvIdleTask</a> from tasks.o(.text) referenced from tasks.o(.text)
 <LI><a href="#[cf]">prvTaskExitError</a> from port.o(.text) referenced from port.o(.text)
 <LI><a href="#[cb]">pulse_isr</a> from drv_hlw8012.o(.text) referenced from drv_hlw8012.o(.text)
 <LI><a href="#[45]">read</a> from drvp_rtc.o(.text) referenced 2 times from drvp_rtc.o(.data)
 <LI><a href="#[43]">start</a> from drvp_rtc.o(.text) referenced 2 times from drvp_rtc.o(.data)
 <LI><a href="#[44]">stop</a> from drvp_rtc.o(.text) referenced 2 times from drvp_rtc.o(.data)
 <LI><a href="#[4c]">sysprt_aerr</a> from sysprt.o(.text) referenced 2 times from sysprt.o(.data)
 <LI><a href="#[4a]">sysprt_alog</a> from sysprt.o(.text) referenced 2 times from sysprt.o(.data)
 <LI><a href="#[4b]">sysprt_derr</a> from sysprt.o(.text) referenced 2 times from sysprt.o(.data)
 <LI><a href="#[49]">sysprt_dlog</a> from sysprt.o(.text) referenced 2 times from sysprt.o(.data)
 <LI><a href="#[4d]">sysprt_irq_log</a> from sysprt.o(.text) referenced 2 times from sysprt.o(.data)
 <LI><a href="#[48]">sysprt_log</a> from sysprt.o(.text) referenced 2 times from sysprt.o(.data)
 <LI><a href="#[c5]">task_entry</a> from task_start.o(.text) referenced 4 times from task_start.o(.text)
 <LI><a href="#[c9]">uart0_rx_handler</a> from drv_uart0.o(.text) referenced from drv_uart0.o(.text)
 <LI><a href="#[ca]">uart0_tx_handler</a> from drv_uart0.o(.text) referenced from drv_uart0.o(.text)
 <LI><a href="#[cc]">uart1_rx_handler</a> from drv_uart1.o(.text) referenced from drv_uart1.o(.text)
 <LI><a href="#[cd]">uart1_tx_handler</a> from drv_uart1.o(.text) referenced from drv_uart1.o(.text)
</UL>
<P>
<H3>
Global Symbols
</H3>
<P><STRONG><a name="[d0]"></a>__main</STRONG> (Thumb, 0 bytes, Stack size unknown bytes, entry.o(.ARM.Collect$$$$00000000))
<BR>[Address Reference Count : 1]<UL><LI> startup_swm320.o(.text)
</UL>
<P><STRONG><a name="[1cd]"></a>_main_stk</STRONG> (Thumb, 0 bytes, Stack size unknown bytes, entry2.o(.ARM.Collect$$$$00000001))

<P><STRONG><a name="[ff]"></a>_main_scatterload</STRONG> (Thumb, 0 bytes, Stack size unknown bytes, entry5.o(.ARM.Collect$$$$00000004))
<BR><BR>[Calls]<UL><LI><a href="#[100]">&gt;&gt;</a>&nbsp;&nbsp;&nbsp;__scatterload
</UL>

<P><STRONG><a name="[1c3]"></a>__main_after_scatterload</STRONG> (Thumb, 0 bytes, Stack size unknown bytes, entry5.o(.ARM.Collect$$$$00000004))
<BR><BR>[Called By]<UL><LI><a href="#[100]">&gt;&gt;</a>&nbsp;&nbsp;&nbsp;__scatterload
</UL>

<P><STRONG><a name="[1ce]"></a>_main_clock</STRONG> (Thumb, 0 bytes, Stack size unknown bytes, entry7b.o(.ARM.Collect$$$$00000008))

<P><STRONG><a name="[1cf]"></a>_main_cpp_init</STRONG> (Thumb, 0 bytes, Stack size unknown bytes, entry8b.o(.ARM.Collect$$$$0000000A))

<P><STRONG><a name="[1d0]"></a>_main_init</STRONG> (Thumb, 0 bytes, Stack size unknown bytes, entry9a.o(.ARM.Collect$$$$0000000B))

<P><STRONG><a name="[1d1]"></a>__rt_lib_shutdown_fini</STRONG> (Thumb, 0 bytes, Stack size unknown bytes, entry12b.o(.ARM.Collect$$$$0000000E))

<P><STRONG><a name="[1d2]"></a>__rt_final_cpp</STRONG> (Thumb, 0 bytes, Stack size unknown bytes, entry10a.o(.ARM.Collect$$$$0000000F))

<P><STRONG><a name="[1d3]"></a>__rt_final_exit</STRONG> (Thumb, 0 bytes, Stack size unknown bytes, entry11a.o(.ARM.Collect$$$$00000011))

<P><STRONG><a name="[7f]"></a>SVC_Handler</STRONG> (Thumb, 32 bytes, Stack size 0 bytes, port.o(.emb_text))
<BR>[Address Reference Count : 1]<UL><LI> startup_swm320.o(RESET)
</UL>
<P><STRONG><a name="[17d]"></a>__asm___6_port_c_39a90d8d__prvStartFirstTask</STRONG> (Thumb, 28 bytes, Stack size 0 bytes, port.o(.emb_text))
<BR><BR>[Called By]<UL><LI><a href="#[156]">&gt;&gt;</a>&nbsp;&nbsp;&nbsp;xPortStartScheduler
</UL>

<P><STRONG><a name="[81]"></a>PendSV_Handler</STRONG> (Thumb, 72 bytes, Stack size 0 bytes, port.o(.emb_text))
<BR><BR>[Calls]<UL><LI><a href="#[101]">&gt;&gt;</a>&nbsp;&nbsp;&nbsp;vTaskSwitchContext
</UL>
<BR>[Address Reference Count : 1]<UL><LI> startup_swm320.o(RESET)
</UL>
<P><STRONG><a name="[1d4]"></a>vPortGetIPSR</STRONG> (Thumb, 6 bytes, Stack size 0 bytes, port.o(.emb_text), UNUSED)

<P><STRONG><a name="[c4]"></a>main</STRONG> (Thumb, 30 bytes, Stack size 0 bytes, main.o(.text))
<BR><BR>[Stack]<UL><LI>Max Depth = 144<LI>Call Chain = main &rArr; vTaskStartScheduler &rArr; xTaskCreate &rArr; pvPortMalloc &rArr; xTaskResumeAll &rArr; xTaskIncrementTick
</UL>
<BR>[Calls]<UL><LI><a href="#[103]">&gt;&gt;</a>&nbsp;&nbsp;&nbsp;vTaskStartScheduler
<LI><a href="#[102]">&gt;&gt;</a>&nbsp;&nbsp;&nbsp;SystemInit
</UL>
<BR>[Address Reference Count : 1]<UL><LI> entry9a.o(.ARM.Collect$$$$0000000B)
</UL>
<P><STRONG><a name="[104]"></a>io_init_all</STRONG> (Thumb, 112 bytes, Stack size 24 bytes, io_config.o(.text))
<BR><BR>[Stack]<UL><LI>Max Depth = 116<LI>Call Chain = io_init_all &rArr; GPIO_Init &rArr; PORT_Init
</UL>
<BR>[Calls]<UL><LI><a href="#[106]">&gt;&gt;</a>&nbsp;&nbsp;&nbsp;PORT_Init
<LI><a href="#[107]">&gt;&gt;</a>&nbsp;&nbsp;&nbsp;GPIO_Init
<LI><a href="#[108]">&gt;&gt;</a>&nbsp;&nbsp;&nbsp;GPIO_ClrBit
<LI><a href="#[105]">&gt;&gt;</a>&nbsp;&nbsp;&nbsp;__2printf
</UL>
<BR>[Called By]<UL><LI><a href="#[c5]">&gt;&gt;</a>&nbsp;&nbsp;&nbsp;task_entry
</UL>

<P><STRONG><a name="[109]"></a>io_print_all</STRONG> (Thumb, 48 bytes, Stack size 16 bytes, io_config.o(.text))
<BR><BR>[Stack]<UL><LI>Max Depth = 40<LI>Call Chain = io_print_all &rArr; __2printf
</UL>
<BR>[Calls]<UL><LI><a href="#[10a]">&gt;&gt;</a>&nbsp;&nbsp;&nbsp;GPIO_GetBit
<LI><a href="#[105]">&gt;&gt;</a>&nbsp;&nbsp;&nbsp;__2printf
</UL>
<BR>[Called By]<UL><LI><a href="#[eb]">&gt;&gt;</a>&nbsp;&nbsp;&nbsp;cmd_io
</UL>

<P><STRONG><a name="[113]"></a>cmd_line_work</STRONG> (Thumb, 258 bytes, Stack size 200 bytes, cmd_line.o(.text))
<BR><BR>[Stack]<UL><LI>Max Depth = 224<LI>Call Chain = cmd_line_work &rArr; split_string_n
</UL>
<BR>[Calls]<UL><LI><a href="#[10b]">&gt;&gt;</a>&nbsp;&nbsp;&nbsp;split_string_n
<LI><a href="#[111]">&gt;&gt;</a>&nbsp;&nbsp;&nbsp;strcmp
<LI><a href="#[114]">&gt;&gt;</a>&nbsp;&nbsp;&nbsp;__aeabi_memclr
<LI><a href="#[115]">&gt;&gt;</a>&nbsp;&nbsp;&nbsp;__aeabi_memcpy
<LI><a href="#[105]">&gt;&gt;</a>&nbsp;&nbsp;&nbsp;__2printf
</UL>
<BR>[Called By]<UL><LI><a href="#[c6]">&gt;&gt;</a>&nbsp;&nbsp;&nbsp;task_entry
</UL>

<P><STRONG><a name="[e3]"></a>fputc</STRONG> (Thumb, 14 bytes, Stack size 8 bytes, drv_uart0.o(.text))
<BR><BR>[Stack]<UL><LI>Max Depth = 32<LI>Call Chain = fputc &rArr; do_send_byte &rArr; kick_tx
</UL>
<BR>[Calls]<UL><LI><a href="#[c]">&gt;&gt;</a>&nbsp;&nbsp;&nbsp;do_send_byte
</UL>
<BR>[Address Reference Count : 1]<UL><LI> printfa.o(i.__0printf)
</UL>
<P><STRONG><a name="[b5]"></a>GPIOA_Handler</STRONG> (Thumb, 4 bytes, Stack size 0 bytes, drvp_gpio.o(.text))
<BR><BR>[Stack]<UL><LI>Max Depth = 24<LI>Call Chain = GPIOA_Handler &rArr; gpio_group_isr
</UL>
<BR>[Calls]<UL><LI><a href="#[127]">&gt;&gt;</a>&nbsp;&nbsp;&nbsp;gpio_group_isr
</UL>
<BR>[Address Reference Count : 1]<UL><LI> startup_swm320.o(RESET)
</UL>
<P><STRONG><a name="[b6]"></a>GPIOB_Handler</STRONG> (Thumb, 4 bytes, Stack size 0 bytes, drvp_gpio.o(.text))
<BR><BR>[Stack]<UL><LI>Max Depth = 24<LI>Call Chain = GPIOB_Handler &rArr; gpio_group_isr
</UL>
<BR>[Calls]<UL><LI><a href="#[127]">&gt;&gt;</a>&nbsp;&nbsp;&nbsp;gpio_group_isr
</UL>
<BR>[Address Reference Count : 1]<UL><LI> startup_swm320.o(RESET)
</UL>
<P><STRONG><a name="[b7]"></a>GPIOC_Handler</STRONG> (Thumb, 4 bytes, Stack size 0 bytes, drvp_gpio.o(.text))
<BR><BR>[Stack]<UL><LI>Max Depth = 24<LI>Call Chain = GPIOC_Handler &rArr; gpio_group_isr
</UL>
<BR>[Calls]<UL><LI><a href="#[127]">&gt;&gt;</a>&nbsp;&nbsp;&nbsp;gpio_group_isr
</UL>
<BR>[Address Reference Count : 1]<UL><LI> startup_swm320.o(RESET)
</UL>
<P><STRONG><a name="[b8]"></a>GPIOM_Handler</STRONG> (Thumb, 4 bytes, Stack size 0 bytes, drvp_gpio.o(.text))
<BR><BR>[Stack]<UL><LI>Max Depth = 24<LI>Call Chain = GPIOM_Handler &rArr; gpio_group_isr
</UL>
<BR>[Calls]<UL><LI><a href="#[127]">&gt;&gt;</a>&nbsp;&nbsp;&nbsp;gpio_group_isr
</UL>
<BR>[Address Reference Count : 1]<UL><LI> startup_swm320.o(RESET)
</UL>
<P><STRONG><a name="[b9]"></a>GPION_Handler</STRONG> (Thumb, 4 bytes, Stack size 0 bytes, drvp_gpio.o(.text))
<BR><BR>[Stack]<UL><LI>Max Depth = 24<LI>Call Chain = GPION_Handler &rArr; gpio_group_isr
</UL>
<BR>[Calls]<UL><LI><a href="#[127]">&gt;&gt;</a>&nbsp;&nbsp;&nbsp;gpio_group_isr
</UL>
<BR>[Address Reference Count : 1]<UL><LI> startup_swm320.o(RESET)
</UL>
<P><STRONG><a name="[ba]"></a>GPIOP_Handler</STRONG> (Thumb, 4 bytes, Stack size 0 bytes, drvp_gpio.o(.text))
<BR><BR>[Stack]<UL><LI>Max Depth = 24<LI>Call Chain = GPIOP_Handler &rArr; gpio_group_isr
</UL>
<BR>[Calls]<UL><LI><a href="#[127]">&gt;&gt;</a>&nbsp;&nbsp;&nbsp;gpio_group_isr
</UL>
<BR>[Address Reference Count : 1]<UL><LI> startup_swm320.o(RESET)
</UL>
<P><STRONG><a name="[aa]"></a>UART0_Handler</STRONG> (Thumb, 144 bytes, Stack size 24 bytes, drvp_uart0.o(.text))
<BR><BR>[Stack]<UL><LI>Max Depth = 24<LI>Call Chain = UART0_Handler
</UL>
<BR>[Calls]<UL><LI><a href="#[12d]">&gt;&gt;</a>&nbsp;&nbsp;&nbsp;UART_WriteByte
<LI><a href="#[130]">&gt;&gt;</a>&nbsp;&nbsp;&nbsp;UART_ReadByte
<LI><a href="#[132]">&gt;&gt;</a>&nbsp;&nbsp;&nbsp;UART_IsTXFIFOFull
<LI><a href="#[131]">&gt;&gt;</a>&nbsp;&nbsp;&nbsp;UART_IsRXFIFOEmpty
<LI><a href="#[12f]">&gt;&gt;</a>&nbsp;&nbsp;&nbsp;UART_INTStat
<LI><a href="#[36]">&gt;&gt;</a>&nbsp;&nbsp;&nbsp;do_stop_tx
</UL>
<BR>[Address Reference Count : 1]<UL><LI> startup_swm320.o(RESET)
</UL>
<P><STRONG><a name="[ab]"></a>UART1_Handler</STRONG> (Thumb, 144 bytes, Stack size 24 bytes, drvp_uart1.o(.text))
<BR><BR>[Stack]<UL><LI>Max Depth = 24<LI>Call Chain = UART1_Handler
</UL>
<BR>[Calls]<UL><LI><a href="#[40]">&gt;&gt;</a>&nbsp;&nbsp;&nbsp;do_stop_tx
<LI><a href="#[12d]">&gt;&gt;</a>&nbsp;&nbsp;&nbsp;UART_WriteByte
<LI><a href="#[130]">&gt;&gt;</a>&nbsp;&nbsp;&nbsp;UART_ReadByte
<LI><a href="#[132]">&gt;&gt;</a>&nbsp;&nbsp;&nbsp;UART_IsTXFIFOFull
<LI><a href="#[131]">&gt;&gt;</a>&nbsp;&nbsp;&nbsp;UART_IsRXFIFOEmpty
<LI><a href="#[12f]">&gt;&gt;</a>&nbsp;&nbsp;&nbsp;UART_INTStat
</UL>
<BR>[Address Reference Count : 1]<UL><LI> startup_swm320.o(RESET)
</UL>
<P><STRONG><a name="[b2]"></a>RTC_Handler</STRONG> (Thumb, 56 bytes, Stack size 8 bytes, drvp_rtc.o(.text))
<BR><BR>[Stack]<UL><LI>Max Depth = 8<LI>Call Chain = RTC_Handler
</UL>
<BR>[Calls]<UL><LI><a href="#[137]">&gt;&gt;</a>&nbsp;&nbsp;&nbsp;RTC_IntSecondStat
<LI><a href="#[138]">&gt;&gt;</a>&nbsp;&nbsp;&nbsp;RTC_IntSecondClr
<LI><a href="#[139]">&gt;&gt;</a>&nbsp;&nbsp;&nbsp;RTC_IntMinuteStat
<LI><a href="#[13a]">&gt;&gt;</a>&nbsp;&nbsp;&nbsp;RTC_IntMinuteClr
<LI><a href="#[136]">&gt;&gt;</a>&nbsp;&nbsp;&nbsp;RTC_GetDateTime
</UL>
<BR>[Address Reference Count : 1]<UL><LI> startup_swm320.o(RESET)
</UL>
<P><STRONG><a name="[11b]"></a>xTaskCreate</STRONG> (Thumb, 96 bytes, Stack size 56 bytes, tasks.o(.text))
<BR><BR>[Stack]<UL><LI>Max Depth = 128<LI>Call Chain = xTaskCreate &rArr; pvPortMalloc &rArr; xTaskResumeAll &rArr; xTaskIncrementTick
</UL>
<BR>[Calls]<UL><LI><a href="#[11d]">&gt;&gt;</a>&nbsp;&nbsp;&nbsp;pvPortMalloc
<LI><a href="#[144]">&gt;&gt;</a>&nbsp;&nbsp;&nbsp;vPortFree
<LI><a href="#[141]">&gt;&gt;</a>&nbsp;&nbsp;&nbsp;prvInitialiseNewTask
<LI><a href="#[13d]">&gt;&gt;</a>&nbsp;&nbsp;&nbsp;prvAddNewTaskToReadyList
</UL>
<BR>[Called By]<UL><LI><a href="#[8]">&gt;&gt;</a>&nbsp;&nbsp;&nbsp;create
<LI><a href="#[7]">&gt;&gt;</a>&nbsp;&nbsp;&nbsp;create
<LI><a href="#[6]">&gt;&gt;</a>&nbsp;&nbsp;&nbsp;create
<LI><a href="#[5]">&gt;&gt;</a>&nbsp;&nbsp;&nbsp;create
<LI><a href="#[103]">&gt;&gt;</a>&nbsp;&nbsp;&nbsp;vTaskStartScheduler
</UL>

<P><STRONG><a name="[146]"></a>vTaskDelete</STRONG> (Thumb, 138 bytes, Stack size 16 bytes, tasks.o(.text), UNUSED)
<BR><BR>[Calls]<UL><LI><a href="#[140]">&gt;&gt;</a>&nbsp;&nbsp;&nbsp;vPortExitCritical
<LI><a href="#[13e]">&gt;&gt;</a>&nbsp;&nbsp;&nbsp;vPortEnterCritical
<LI><a href="#[13f]">&gt;&gt;</a>&nbsp;&nbsp;&nbsp;vListInsertEnd
<LI><a href="#[147]">&gt;&gt;</a>&nbsp;&nbsp;&nbsp;uxListRemove
<LI><a href="#[145]">&gt;&gt;</a>&nbsp;&nbsp;&nbsp;prvDeleteTCB
<LI><a href="#[148]">&gt;&gt;</a>&nbsp;&nbsp;&nbsp;prvResetNextTaskUnblockTime
</UL>

<P><STRONG><a name="[149]"></a>xTaskIncrementTick</STRONG> (Thumb, 174 bytes, Stack size 24 bytes, tasks.o(.text))
<BR><BR>[Stack]<UL><LI>Max Depth = 24<LI>Call Chain = xTaskIncrementTick
</UL>
<BR>[Calls]<UL><LI><a href="#[13f]">&gt;&gt;</a>&nbsp;&nbsp;&nbsp;vListInsertEnd
<LI><a href="#[147]">&gt;&gt;</a>&nbsp;&nbsp;&nbsp;uxListRemove
<LI><a href="#[148]">&gt;&gt;</a>&nbsp;&nbsp;&nbsp;prvResetNextTaskUnblockTime
</UL>
<BR>[Called By]<UL><LI><a href="#[82]">&gt;&gt;</a>&nbsp;&nbsp;&nbsp;SysTick_Handler
<LI><a href="#[14a]">&gt;&gt;</a>&nbsp;&nbsp;&nbsp;xTaskResumeAll
</UL>

<P><STRONG><a name="[14a]"></a>xTaskResumeAll</STRONG> (Thumb, 168 bytes, Stack size 24 bytes, tasks.o(.text))
<BR><BR>[Stack]<UL><LI>Max Depth = 48<LI>Call Chain = xTaskResumeAll &rArr; xTaskIncrementTick
</UL>
<BR>[Calls]<UL><LI><a href="#[140]">&gt;&gt;</a>&nbsp;&nbsp;&nbsp;vPortExitCritical
<LI><a href="#[13e]">&gt;&gt;</a>&nbsp;&nbsp;&nbsp;vPortEnterCritical
<LI><a href="#[13f]">&gt;&gt;</a>&nbsp;&nbsp;&nbsp;vListInsertEnd
<LI><a href="#[147]">&gt;&gt;</a>&nbsp;&nbsp;&nbsp;uxListRemove
<LI><a href="#[149]">&gt;&gt;</a>&nbsp;&nbsp;&nbsp;xTaskIncrementTick
<LI><a href="#[148]">&gt;&gt;</a>&nbsp;&nbsp;&nbsp;prvResetNextTaskUnblockTime
</UL>
<BR>[Called By]<UL><LI><a href="#[11d]">&gt;&gt;</a>&nbsp;&nbsp;&nbsp;pvPortMalloc
<LI><a href="#[11a]">&gt;&gt;</a>&nbsp;&nbsp;&nbsp;vTaskDelay
<LI><a href="#[175]">&gt;&gt;</a>&nbsp;&nbsp;&nbsp;xQueueGenericReceive
<LI><a href="#[16e]">&gt;&gt;</a>&nbsp;&nbsp;&nbsp;xQueueGenericSend
<LI><a href="#[144]">&gt;&gt;</a>&nbsp;&nbsp;&nbsp;vPortFree
<LI><a href="#[14d]">&gt;&gt;</a>&nbsp;&nbsp;&nbsp;vTaskDelayUntil
<LI><a href="#[155]">&gt;&gt;</a>&nbsp;&nbsp;&nbsp;prvCheckTasksWaitingTermination
</UL>

<P><STRONG><a name="[14e]"></a>vTaskSuspendAll</STRONG> (Thumb, 10 bytes, Stack size 0 bytes, tasks.o(.text))
<BR><BR>[Called By]<UL><LI><a href="#[11d]">&gt;&gt;</a>&nbsp;&nbsp;&nbsp;pvPortMalloc
<LI><a href="#[11a]">&gt;&gt;</a>&nbsp;&nbsp;&nbsp;vTaskDelay
<LI><a href="#[175]">&gt;&gt;</a>&nbsp;&nbsp;&nbsp;xQueueGenericReceive
<LI><a href="#[16e]">&gt;&gt;</a>&nbsp;&nbsp;&nbsp;xQueueGenericSend
<LI><a href="#[144]">&gt;&gt;</a>&nbsp;&nbsp;&nbsp;vPortFree
<LI><a href="#[14d]">&gt;&gt;</a>&nbsp;&nbsp;&nbsp;vTaskDelayUntil
<LI><a href="#[155]">&gt;&gt;</a>&nbsp;&nbsp;&nbsp;prvCheckTasksWaitingTermination
</UL>

<P><STRONG><a name="[14d]"></a>vTaskDelayUntil</STRONG> (Thumb, 84 bytes, Stack size 16 bytes, tasks.o(.text), UNUSED)
<BR><BR>[Calls]<UL><LI><a href="#[14e]">&gt;&gt;</a>&nbsp;&nbsp;&nbsp;vTaskSuspendAll
<LI><a href="#[14a]">&gt;&gt;</a>&nbsp;&nbsp;&nbsp;xTaskResumeAll
<LI><a href="#[14b]">&gt;&gt;</a>&nbsp;&nbsp;&nbsp;prvAddCurrentTaskToDelayedList
</UL>

<P><STRONG><a name="[11a]"></a>vTaskDelay</STRONG> (Thumb, 48 bytes, Stack size 8 bytes, tasks.o(.text))
<BR><BR>[Stack]<UL><LI>Max Depth = 56<LI>Call Chain = vTaskDelay &rArr; xTaskResumeAll &rArr; xTaskIncrementTick
</UL>
<BR>[Calls]<UL><LI><a href="#[14e]">&gt;&gt;</a>&nbsp;&nbsp;&nbsp;vTaskSuspendAll
<LI><a href="#[14a]">&gt;&gt;</a>&nbsp;&nbsp;&nbsp;xTaskResumeAll
<LI><a href="#[14b]">&gt;&gt;</a>&nbsp;&nbsp;&nbsp;prvAddCurrentTaskToDelayedList
</UL>
<BR>[Called By]<UL><LI><a href="#[c8]">&gt;&gt;</a>&nbsp;&nbsp;&nbsp;task_entry
<LI><a href="#[c7]">&gt;&gt;</a>&nbsp;&nbsp;&nbsp;task_entry
<LI><a href="#[c6]">&gt;&gt;</a>&nbsp;&nbsp;&nbsp;task_entry
<LI><a href="#[c5]">&gt;&gt;</a>&nbsp;&nbsp;&nbsp;task_entry
<LI><a href="#[fd]">&gt;&gt;</a>&nbsp;&nbsp;&nbsp;h_reboot
<LI><a href="#[5d]">&gt;&gt;</a>&nbsp;&nbsp;&nbsp;do_work
<LI><a href="#[198]">&gt;&gt;</a>&nbsp;&nbsp;&nbsp;try_baud
<LI><a href="#[54]">&gt;&gt;</a>&nbsp;&nbsp;&nbsp;do_send_cmd
</UL>

<P><STRONG><a name="[14f]"></a>uxTaskPriorityGet</STRONG> (Thumb, 24 bytes, Stack size 8 bytes, tasks.o(.text), UNUSED)
<BR><BR>[Calls]<UL><LI><a href="#[140]">&gt;&gt;</a>&nbsp;&nbsp;&nbsp;vPortExitCritical
<LI><a href="#[13e]">&gt;&gt;</a>&nbsp;&nbsp;&nbsp;vPortEnterCritical
</UL>

<P><STRONG><a name="[1d5]"></a>uxTaskPriorityGetFromISR</STRONG> (Thumb, 34 bytes, Stack size 0 bytes, tasks.o(.text), UNUSED)

<P><STRONG><a name="[150]"></a>vTaskPrioritySet</STRONG> (Thumb, 172 bytes, Stack size 24 bytes, tasks.o(.text), UNUSED)
<BR><BR>[Calls]<UL><LI><a href="#[140]">&gt;&gt;</a>&nbsp;&nbsp;&nbsp;vPortExitCritical
<LI><a href="#[13e]">&gt;&gt;</a>&nbsp;&nbsp;&nbsp;vPortEnterCritical
<LI><a href="#[13f]">&gt;&gt;</a>&nbsp;&nbsp;&nbsp;vListInsertEnd
<LI><a href="#[147]">&gt;&gt;</a>&nbsp;&nbsp;&nbsp;uxListRemove
</UL>

<P><STRONG><a name="[101]"></a>vTaskSwitchContext</STRONG> (Thumb, 64 bytes, Stack size 0 bytes, tasks.o(.text))
<BR><BR>[Called By]<UL><LI><a href="#[81]">&gt;&gt;</a>&nbsp;&nbsp;&nbsp;PendSV_Handler
<LI><a href="#[151]">&gt;&gt;</a>&nbsp;&nbsp;&nbsp;vTaskSuspend
</UL>

<P><STRONG><a name="[151]"></a>vTaskSuspend</STRONG> (Thumb, 140 bytes, Stack size 16 bytes, tasks.o(.text), UNUSED)
<BR><BR>[Calls]<UL><LI><a href="#[140]">&gt;&gt;</a>&nbsp;&nbsp;&nbsp;vPortExitCritical
<LI><a href="#[13e]">&gt;&gt;</a>&nbsp;&nbsp;&nbsp;vPortEnterCritical
<LI><a href="#[13f]">&gt;&gt;</a>&nbsp;&nbsp;&nbsp;vListInsertEnd
<LI><a href="#[147]">&gt;&gt;</a>&nbsp;&nbsp;&nbsp;uxListRemove
<LI><a href="#[101]">&gt;&gt;</a>&nbsp;&nbsp;&nbsp;vTaskSwitchContext
<LI><a href="#[148]">&gt;&gt;</a>&nbsp;&nbsp;&nbsp;prvResetNextTaskUnblockTime
</UL>

<P><STRONG><a name="[152]"></a>vTaskResume</STRONG> (Thumb, 98 bytes, Stack size 16 bytes, tasks.o(.text), UNUSED)
<BR><BR>[Calls]<UL><LI><a href="#[140]">&gt;&gt;</a>&nbsp;&nbsp;&nbsp;vPortExitCritical
<LI><a href="#[13e]">&gt;&gt;</a>&nbsp;&nbsp;&nbsp;vPortEnterCritical
<LI><a href="#[13f]">&gt;&gt;</a>&nbsp;&nbsp;&nbsp;vListInsertEnd
<LI><a href="#[147]">&gt;&gt;</a>&nbsp;&nbsp;&nbsp;uxListRemove
<LI><a href="#[153]">&gt;&gt;</a>&nbsp;&nbsp;&nbsp;prvTaskIsTaskSuspended
</UL>

<P><STRONG><a name="[154]"></a>xTaskResumeFromISR</STRONG> (Thumb, 108 bytes, Stack size 24 bytes, tasks.o(.text), UNUSED)
<BR><BR>[Calls]<UL><LI><a href="#[13f]">&gt;&gt;</a>&nbsp;&nbsp;&nbsp;vListInsertEnd
<LI><a href="#[147]">&gt;&gt;</a>&nbsp;&nbsp;&nbsp;uxListRemove
<LI><a href="#[153]">&gt;&gt;</a>&nbsp;&nbsp;&nbsp;prvTaskIsTaskSuspended
</UL>

<P><STRONG><a name="[103]"></a>vTaskStartScheduler</STRONG> (Thumb, 66 bytes, Stack size 16 bytes, tasks.o(.text))
<BR><BR>[Stack]<UL><LI>Max Depth = 144<LI>Call Chain = vTaskStartScheduler &rArr; xTaskCreate &rArr; pvPortMalloc &rArr; xTaskResumeAll &rArr; xTaskIncrementTick
</UL>
<BR>[Calls]<UL><LI><a href="#[11b]">&gt;&gt;</a>&nbsp;&nbsp;&nbsp;xTaskCreate
<LI><a href="#[156]">&gt;&gt;</a>&nbsp;&nbsp;&nbsp;xPortStartScheduler
</UL>
<BR>[Called By]<UL><LI><a href="#[c4]">&gt;&gt;</a>&nbsp;&nbsp;&nbsp;main
</UL>

<P><STRONG><a name="[157]"></a>vTaskEndScheduler</STRONG> (Thumb, 48 bytes, Stack size 0 bytes, tasks.o(.text), UNUSED)
<BR><BR>[Calls]<UL><LI><a href="#[158]">&gt;&gt;</a>&nbsp;&nbsp;&nbsp;vPortEndScheduler
</UL>

<P><STRONG><a name="[112]"></a>xTaskGetTickCount</STRONG> (Thumb, 6 bytes, Stack size 0 bytes, tasks.o(.text))
<BR><BR>[Called By]<UL><LI><a href="#[21]">&gt;&gt;</a>&nbsp;&nbsp;&nbsp;do_work
<LI><a href="#[1c]">&gt;&gt;</a>&nbsp;&nbsp;&nbsp;do_work
<LI><a href="#[c6]">&gt;&gt;</a>&nbsp;&nbsp;&nbsp;task_entry
<LI><a href="#[ec]">&gt;&gt;</a>&nbsp;&nbsp;&nbsp;cmd_info
<LI><a href="#[69]">&gt;&gt;</a>&nbsp;&nbsp;&nbsp;do_work
<LI><a href="#[1ab]">&gt;&gt;</a>&nbsp;&nbsp;&nbsp;process_orders
<LI><a href="#[67]">&gt;&gt;</a>&nbsp;&nbsp;&nbsp;do_set_online
<LI><a href="#[62]">&gt;&gt;</a>&nbsp;&nbsp;&nbsp;do_work
<LI><a href="#[61]">&gt;&gt;</a>&nbsp;&nbsp;&nbsp;do_init
<LI><a href="#[1a7]">&gt;&gt;</a>&nbsp;&nbsp;&nbsp;pool_work
<LI><a href="#[65]">&gt;&gt;</a>&nbsp;&nbsp;&nbsp;do_add_event
<LI><a href="#[1a4]">&gt;&gt;</a>&nbsp;&nbsp;&nbsp;msg_check_timeout
<LI><a href="#[1a3]">&gt;&gt;</a>&nbsp;&nbsp;&nbsp;msg_ping
<LI><a href="#[5d]">&gt;&gt;</a>&nbsp;&nbsp;&nbsp;do_work
<LI><a href="#[54]">&gt;&gt;</a>&nbsp;&nbsp;&nbsp;do_send_cmd
<LI><a href="#[47]">&gt;&gt;</a>&nbsp;&nbsp;&nbsp;do_work
</UL>

<P><STRONG><a name="[120]"></a>xTaskGetTickCountFromISR</STRONG> (Thumb, 6 bytes, Stack size 0 bytes, tasks.o(.text))
<BR><BR>[Called By]<UL><LI><a href="#[cb]">&gt;&gt;</a>&nbsp;&nbsp;&nbsp;pulse_isr
</UL>

<P><STRONG><a name="[1d6]"></a>uxTaskGetNumberOfTasks</STRONG> (Thumb, 6 bytes, Stack size 0 bytes, tasks.o(.text), UNUSED)

<P><STRONG><a name="[1d7]"></a>pcTaskGetName</STRONG> (Thumb, 12 bytes, Stack size 0 bytes, tasks.o(.text), UNUSED)

<P><STRONG><a name="[159]"></a>vTaskPlaceOnEventList</STRONG> (Thumb, 24 bytes, Stack size 8 bytes, tasks.o(.text))
<BR><BR>[Stack]<UL><LI>Max Depth = 44<LI>Call Chain = vTaskPlaceOnEventList &rArr; prvAddCurrentTaskToDelayedList &rArr; vListInsert
</UL>
<BR>[Calls]<UL><LI><a href="#[14c]">&gt;&gt;</a>&nbsp;&nbsp;&nbsp;vListInsert
<LI><a href="#[14b]">&gt;&gt;</a>&nbsp;&nbsp;&nbsp;prvAddCurrentTaskToDelayedList
</UL>
<BR>[Called By]<UL><LI><a href="#[175]">&gt;&gt;</a>&nbsp;&nbsp;&nbsp;xQueueGenericReceive
<LI><a href="#[16e]">&gt;&gt;</a>&nbsp;&nbsp;&nbsp;xQueueGenericSend
</UL>

<P><STRONG><a name="[15a]"></a>vTaskPlaceOnUnorderedEventList</STRONG> (Thumb, 32 bytes, Stack size 16 bytes, tasks.o(.text), UNUSED)
<BR><BR>[Calls]<UL><LI><a href="#[13f]">&gt;&gt;</a>&nbsp;&nbsp;&nbsp;vListInsertEnd
<LI><a href="#[14b]">&gt;&gt;</a>&nbsp;&nbsp;&nbsp;prvAddCurrentTaskToDelayedList
</UL>

<P><STRONG><a name="[15b]"></a>xTaskRemoveFromEventList</STRONG> (Thumb, 92 bytes, Stack size 24 bytes, tasks.o(.text))
<BR><BR>[Stack]<UL><LI>Max Depth = 24<LI>Call Chain = xTaskRemoveFromEventList
</UL>
<BR>[Calls]<UL><LI><a href="#[13f]">&gt;&gt;</a>&nbsp;&nbsp;&nbsp;vListInsertEnd
<LI><a href="#[147]">&gt;&gt;</a>&nbsp;&nbsp;&nbsp;uxListRemove
</UL>
<BR>[Called By]<UL><LI><a href="#[177]">&gt;&gt;</a>&nbsp;&nbsp;&nbsp;xQueueReceiveFromISR
<LI><a href="#[175]">&gt;&gt;</a>&nbsp;&nbsp;&nbsp;xQueueGenericReceive
<LI><a href="#[172]">&gt;&gt;</a>&nbsp;&nbsp;&nbsp;xQueueGiveFromISR
<LI><a href="#[171]">&gt;&gt;</a>&nbsp;&nbsp;&nbsp;xQueueGenericSendFromISR
<LI><a href="#[16e]">&gt;&gt;</a>&nbsp;&nbsp;&nbsp;xQueueGenericSend
<LI><a href="#[167]">&gt;&gt;</a>&nbsp;&nbsp;&nbsp;xQueueGenericReset
<LI><a href="#[16a]">&gt;&gt;</a>&nbsp;&nbsp;&nbsp;prvUnlockQueue
</UL>

<P><STRONG><a name="[15c]"></a>xTaskRemoveFromUnorderedEventList</STRONG> (Thumb, 74 bytes, Stack size 16 bytes, tasks.o(.text), UNUSED)
<BR><BR>[Calls]<UL><LI><a href="#[13f]">&gt;&gt;</a>&nbsp;&nbsp;&nbsp;vListInsertEnd
<LI><a href="#[147]">&gt;&gt;</a>&nbsp;&nbsp;&nbsp;uxListRemove
</UL>

<P><STRONG><a name="[15e]"></a>vTaskSetTimeOutState</STRONG> (Thumb, 12 bytes, Stack size 0 bytes, tasks.o(.text))
<BR><BR>[Called By]<UL><LI><a href="#[175]">&gt;&gt;</a>&nbsp;&nbsp;&nbsp;xQueueGenericReceive
<LI><a href="#[16e]">&gt;&gt;</a>&nbsp;&nbsp;&nbsp;xQueueGenericSend
<LI><a href="#[15d]">&gt;&gt;</a>&nbsp;&nbsp;&nbsp;xTaskCheckForTimeOut
</UL>

<P><STRONG><a name="[15d]"></a>xTaskCheckForTimeOut</STRONG> (Thumb, 74 bytes, Stack size 16 bytes, tasks.o(.text))
<BR><BR>[Stack]<UL><LI>Max Depth = 16<LI>Call Chain = xTaskCheckForTimeOut
</UL>
<BR>[Calls]<UL><LI><a href="#[140]">&gt;&gt;</a>&nbsp;&nbsp;&nbsp;vPortExitCritical
<LI><a href="#[13e]">&gt;&gt;</a>&nbsp;&nbsp;&nbsp;vPortEnterCritical
<LI><a href="#[15e]">&gt;&gt;</a>&nbsp;&nbsp;&nbsp;vTaskSetTimeOutState
</UL>
<BR>[Called By]<UL><LI><a href="#[175]">&gt;&gt;</a>&nbsp;&nbsp;&nbsp;xQueueGenericReceive
<LI><a href="#[16e]">&gt;&gt;</a>&nbsp;&nbsp;&nbsp;xQueueGenericSend
</UL>

<P><STRONG><a name="[16b]"></a>vTaskMissedYield</STRONG> (Thumb, 8 bytes, Stack size 0 bytes, tasks.o(.text))
<BR><BR>[Called By]<UL><LI><a href="#[16a]">&gt;&gt;</a>&nbsp;&nbsp;&nbsp;prvUnlockQueue
</UL>

<P><STRONG><a name="[1d8]"></a>xTaskGetCurrentTaskHandle</STRONG> (Thumb, 6 bytes, Stack size 0 bytes, tasks.o(.text), UNUSED)

<P><STRONG><a name="[15f]"></a>vTaskPriorityInherit</STRONG> (Thumb, 128 bytes, Stack size 16 bytes, tasks.o(.text))
<BR><BR>[Stack]<UL><LI>Max Depth = 16<LI>Call Chain = vTaskPriorityInherit
</UL>
<BR>[Calls]<UL><LI><a href="#[13f]">&gt;&gt;</a>&nbsp;&nbsp;&nbsp;vListInsertEnd
<LI><a href="#[147]">&gt;&gt;</a>&nbsp;&nbsp;&nbsp;uxListRemove
</UL>
<BR>[Called By]<UL><LI><a href="#[175]">&gt;&gt;</a>&nbsp;&nbsp;&nbsp;xQueueGenericReceive
</UL>

<P><STRONG><a name="[160]"></a>xTaskPriorityDisinherit</STRONG> (Thumb, 104 bytes, Stack size 16 bytes, tasks.o(.text))
<BR><BR>[Stack]<UL><LI>Max Depth = 16<LI>Call Chain = xTaskPriorityDisinherit
</UL>
<BR>[Calls]<UL><LI><a href="#[13f]">&gt;&gt;</a>&nbsp;&nbsp;&nbsp;vListInsertEnd
<LI><a href="#[147]">&gt;&gt;</a>&nbsp;&nbsp;&nbsp;uxListRemove
</UL>
<BR>[Called By]<UL><LI><a href="#[16d]">&gt;&gt;</a>&nbsp;&nbsp;&nbsp;prvCopyDataToQueue
</UL>

<P><STRONG><a name="[1d9]"></a>uxTaskResetEventItemValue</STRONG> (Thumb, 20 bytes, Stack size 0 bytes, tasks.o(.text), UNUSED)

<P><STRONG><a name="[176]"></a>pvTaskIncrementMutexHeldCount</STRONG> (Thumb, 20 bytes, Stack size 0 bytes, tasks.o(.text))
<BR><BR>[Called By]<UL><LI><a href="#[175]">&gt;&gt;</a>&nbsp;&nbsp;&nbsp;xQueueGenericReceive
</UL>

<P><STRONG><a name="[161]"></a>ulTaskNotifyTake</STRONG> (Thumb, 96 bytes, Stack size 16 bytes, tasks.o(.text), UNUSED)
<BR><BR>[Calls]<UL><LI><a href="#[140]">&gt;&gt;</a>&nbsp;&nbsp;&nbsp;vPortExitCritical
<LI><a href="#[13e]">&gt;&gt;</a>&nbsp;&nbsp;&nbsp;vPortEnterCritical
<LI><a href="#[14b]">&gt;&gt;</a>&nbsp;&nbsp;&nbsp;prvAddCurrentTaskToDelayedList
</UL>

<P><STRONG><a name="[162]"></a>xTaskNotifyWait</STRONG> (Thumb, 134 bytes, Stack size 32 bytes, tasks.o(.text), UNUSED)
<BR><BR>[Calls]<UL><LI><a href="#[140]">&gt;&gt;</a>&nbsp;&nbsp;&nbsp;vPortExitCritical
<LI><a href="#[13e]">&gt;&gt;</a>&nbsp;&nbsp;&nbsp;vPortEnterCritical
<LI><a href="#[14b]">&gt;&gt;</a>&nbsp;&nbsp;&nbsp;prvAddCurrentTaskToDelayedList
</UL>

<P><STRONG><a name="[163]"></a>xTaskGenericNotify</STRONG> (Thumb, 170 bytes, Stack size 24 bytes, tasks.o(.text), UNUSED)
<BR><BR>[Calls]<UL><LI><a href="#[140]">&gt;&gt;</a>&nbsp;&nbsp;&nbsp;vPortExitCritical
<LI><a href="#[13e]">&gt;&gt;</a>&nbsp;&nbsp;&nbsp;vPortEnterCritical
<LI><a href="#[13f]">&gt;&gt;</a>&nbsp;&nbsp;&nbsp;vListInsertEnd
<LI><a href="#[147]">&gt;&gt;</a>&nbsp;&nbsp;&nbsp;uxListRemove
</UL>

<P><STRONG><a name="[164]"></a>xTaskGenericNotifyFromISR</STRONG> (Thumb, 192 bytes, Stack size 32 bytes, tasks.o(.text), UNUSED)
<BR><BR>[Calls]<UL><LI><a href="#[13f]">&gt;&gt;</a>&nbsp;&nbsp;&nbsp;vListInsertEnd
<LI><a href="#[147]">&gt;&gt;</a>&nbsp;&nbsp;&nbsp;uxListRemove
</UL>

<P><STRONG><a name="[165]"></a>vTaskNotifyGiveFromISR</STRONG> (Thumb, 132 bytes, Stack size 24 bytes, tasks.o(.text), UNUSED)
<BR><BR>[Calls]<UL><LI><a href="#[13f]">&gt;&gt;</a>&nbsp;&nbsp;&nbsp;vListInsertEnd
<LI><a href="#[147]">&gt;&gt;</a>&nbsp;&nbsp;&nbsp;uxListRemove
</UL>

<P><STRONG><a name="[166]"></a>xTaskNotifyStateClear</STRONG> (Thumb, 46 bytes, Stack size 8 bytes, tasks.o(.text), UNUSED)
<BR><BR>[Calls]<UL><LI><a href="#[140]">&gt;&gt;</a>&nbsp;&nbsp;&nbsp;vPortExitCritical
<LI><a href="#[13e]">&gt;&gt;</a>&nbsp;&nbsp;&nbsp;vPortEnterCritical
</UL>

<P><STRONG><a name="[167]"></a>xQueueGenericReset</STRONG> (Thumb, 114 bytes, Stack size 16 bytes, queue.o(.text))
<BR><BR>[Stack]<UL><LI>Max Depth = 40<LI>Call Chain = xQueueGenericReset &rArr; xTaskRemoveFromEventList
</UL>
<BR>[Calls]<UL><LI><a href="#[140]">&gt;&gt;</a>&nbsp;&nbsp;&nbsp;vPortExitCritical
<LI><a href="#[13e]">&gt;&gt;</a>&nbsp;&nbsp;&nbsp;vPortEnterCritical
<LI><a href="#[13c]">&gt;&gt;</a>&nbsp;&nbsp;&nbsp;vListInitialise
<LI><a href="#[15b]">&gt;&gt;</a>&nbsp;&nbsp;&nbsp;xTaskRemoveFromEventList
</UL>
<BR>[Called By]<UL><LI><a href="#[168]">&gt;&gt;</a>&nbsp;&nbsp;&nbsp;prvInitialiseNewQueue
</UL>

<P><STRONG><a name="[169]"></a>xQueueGenericCreate</STRONG> (Thumb, 50 bytes, Stack size 24 bytes, queue.o(.text))
<BR><BR>[Stack]<UL><LI>Max Depth = 96<LI>Call Chain = xQueueGenericCreate &rArr; pvPortMalloc &rArr; xTaskResumeAll &rArr; xTaskIncrementTick
</UL>
<BR>[Calls]<UL><LI><a href="#[11d]">&gt;&gt;</a>&nbsp;&nbsp;&nbsp;pvPortMalloc
<LI><a href="#[168]">&gt;&gt;</a>&nbsp;&nbsp;&nbsp;prvInitialiseNewQueue
</UL>
<BR>[Called By]<UL><LI><a href="#[170]">&gt;&gt;</a>&nbsp;&nbsp;&nbsp;xQueueCreateMutex
<LI><a href="#[68]">&gt;&gt;</a>&nbsp;&nbsp;&nbsp;do_init
<LI><a href="#[46]">&gt;&gt;</a>&nbsp;&nbsp;&nbsp;do_init
</UL>

<P><STRONG><a name="[16e]"></a>xQueueGenericSend</STRONG> (Thumb, 244 bytes, Stack size 56 bytes, queue.o(.text))
<BR><BR>[Stack]<UL><LI>Max Depth = 104<LI>Call Chain = xQueueGenericSend &rArr; prvUnlockQueue &rArr; xTaskRemoveFromEventList
</UL>
<BR>[Calls]<UL><LI><a href="#[16d]">&gt;&gt;</a>&nbsp;&nbsp;&nbsp;prvCopyDataToQueue
<LI><a href="#[16c]">&gt;&gt;</a>&nbsp;&nbsp;&nbsp;prvIsQueueFull
<LI><a href="#[16a]">&gt;&gt;</a>&nbsp;&nbsp;&nbsp;prvUnlockQueue
<LI><a href="#[140]">&gt;&gt;</a>&nbsp;&nbsp;&nbsp;vPortExitCritical
<LI><a href="#[13e]">&gt;&gt;</a>&nbsp;&nbsp;&nbsp;vPortEnterCritical
<LI><a href="#[15d]">&gt;&gt;</a>&nbsp;&nbsp;&nbsp;xTaskCheckForTimeOut
<LI><a href="#[15e]">&gt;&gt;</a>&nbsp;&nbsp;&nbsp;vTaskSetTimeOutState
<LI><a href="#[15b]">&gt;&gt;</a>&nbsp;&nbsp;&nbsp;xTaskRemoveFromEventList
<LI><a href="#[159]">&gt;&gt;</a>&nbsp;&nbsp;&nbsp;vTaskPlaceOnEventList
<LI><a href="#[14e]">&gt;&gt;</a>&nbsp;&nbsp;&nbsp;vTaskSuspendAll
<LI><a href="#[14a]">&gt;&gt;</a>&nbsp;&nbsp;&nbsp;xTaskResumeAll
</UL>
<BR>[Called By]<UL><LI><a href="#[16f]">&gt;&gt;</a>&nbsp;&nbsp;&nbsp;prvInitialiseMutex
<LI><a href="#[6a]">&gt;&gt;</a>&nbsp;&nbsp;&nbsp;do_send_order
<LI><a href="#[18e]">&gt;&gt;</a>&nbsp;&nbsp;&nbsp;do_send
</UL>

<P><STRONG><a name="[170]"></a>xQueueCreateMutex</STRONG> (Thumb, 24 bytes, Stack size 8 bytes, queue.o(.text), UNUSED)
<BR><BR>[Calls]<UL><LI><a href="#[169]">&gt;&gt;</a>&nbsp;&nbsp;&nbsp;xQueueGenericCreate
<LI><a href="#[16f]">&gt;&gt;</a>&nbsp;&nbsp;&nbsp;prvInitialiseMutex
</UL>

<P><STRONG><a name="[171]"></a>xQueueGenericSendFromISR</STRONG> (Thumb, 100 bytes, Stack size 24 bytes, queue.o(.text))
<BR><BR>[Stack]<UL><LI>Max Depth = 64<LI>Call Chain = xQueueGenericSendFromISR &rArr; prvCopyDataToQueue &rArr; xTaskPriorityDisinherit
</UL>
<BR>[Calls]<UL><LI><a href="#[16d]">&gt;&gt;</a>&nbsp;&nbsp;&nbsp;prvCopyDataToQueue
<LI><a href="#[15b]">&gt;&gt;</a>&nbsp;&nbsp;&nbsp;xTaskRemoveFromEventList
</UL>
<BR>[Called By]<UL><LI><a href="#[190]">&gt;&gt;</a>&nbsp;&nbsp;&nbsp;do_send_from_isr
</UL>

<P><STRONG><a name="[172]"></a>xQueueGiveFromISR</STRONG> (Thumb, 86 bytes, Stack size 16 bytes, queue.o(.text), UNUSED)
<BR><BR>[Calls]<UL><LI><a href="#[15b]">&gt;&gt;</a>&nbsp;&nbsp;&nbsp;xTaskRemoveFromEventList
</UL>

<P><STRONG><a name="[175]"></a>xQueueGenericReceive</STRONG> (Thumb, 316 bytes, Stack size 64 bytes, queue.o(.text))
<BR><BR>[Stack]<UL><LI>Max Depth = 112<LI>Call Chain = xQueueGenericReceive &rArr; prvUnlockQueue &rArr; xTaskRemoveFromEventList
</UL>
<BR>[Calls]<UL><LI><a href="#[174]">&gt;&gt;</a>&nbsp;&nbsp;&nbsp;prvCopyDataFromQueue
<LI><a href="#[173]">&gt;&gt;</a>&nbsp;&nbsp;&nbsp;prvIsQueueEmpty
<LI><a href="#[16a]">&gt;&gt;</a>&nbsp;&nbsp;&nbsp;prvUnlockQueue
<LI><a href="#[140]">&gt;&gt;</a>&nbsp;&nbsp;&nbsp;vPortExitCritical
<LI><a href="#[13e]">&gt;&gt;</a>&nbsp;&nbsp;&nbsp;vPortEnterCritical
<LI><a href="#[176]">&gt;&gt;</a>&nbsp;&nbsp;&nbsp;pvTaskIncrementMutexHeldCount
<LI><a href="#[15f]">&gt;&gt;</a>&nbsp;&nbsp;&nbsp;vTaskPriorityInherit
<LI><a href="#[15d]">&gt;&gt;</a>&nbsp;&nbsp;&nbsp;xTaskCheckForTimeOut
<LI><a href="#[15e]">&gt;&gt;</a>&nbsp;&nbsp;&nbsp;vTaskSetTimeOutState
<LI><a href="#[15b]">&gt;&gt;</a>&nbsp;&nbsp;&nbsp;xTaskRemoveFromEventList
<LI><a href="#[159]">&gt;&gt;</a>&nbsp;&nbsp;&nbsp;vTaskPlaceOnEventList
<LI><a href="#[14e]">&gt;&gt;</a>&nbsp;&nbsp;&nbsp;vTaskSuspendAll
<LI><a href="#[14a]">&gt;&gt;</a>&nbsp;&nbsp;&nbsp;xTaskResumeAll
</UL>
<BR>[Called By]<UL><LI><a href="#[1ab]">&gt;&gt;</a>&nbsp;&nbsp;&nbsp;process_orders
<LI><a href="#[47]">&gt;&gt;</a>&nbsp;&nbsp;&nbsp;do_work
</UL>

<P><STRONG><a name="[177]"></a>xQueueReceiveFromISR</STRONG> (Thumb, 100 bytes, Stack size 24 bytes, queue.o(.text), UNUSED)
<BR><BR>[Calls]<UL><LI><a href="#[174]">&gt;&gt;</a>&nbsp;&nbsp;&nbsp;prvCopyDataFromQueue
<LI><a href="#[15b]">&gt;&gt;</a>&nbsp;&nbsp;&nbsp;xTaskRemoveFromEventList
</UL>

<P><STRONG><a name="[178]"></a>xQueuePeekFromISR</STRONG> (Thumb, 50 bytes, Stack size 16 bytes, queue.o(.text), UNUSED)
<BR><BR>[Calls]<UL><LI><a href="#[174]">&gt;&gt;</a>&nbsp;&nbsp;&nbsp;prvCopyDataFromQueue
</UL>

<P><STRONG><a name="[179]"></a>uxQueueMessagesWaiting</STRONG> (Thumb, 18 bytes, Stack size 8 bytes, queue.o(.text), UNUSED)
<BR><BR>[Calls]<UL><LI><a href="#[140]">&gt;&gt;</a>&nbsp;&nbsp;&nbsp;vPortExitCritical
<LI><a href="#[13e]">&gt;&gt;</a>&nbsp;&nbsp;&nbsp;vPortEnterCritical
</UL>

<P><STRONG><a name="[17a]"></a>uxQueueSpacesAvailable</STRONG> (Thumb, 22 bytes, Stack size 8 bytes, queue.o(.text), UNUSED)
<BR><BR>[Calls]<UL><LI><a href="#[140]">&gt;&gt;</a>&nbsp;&nbsp;&nbsp;vPortExitCritical
<LI><a href="#[13e]">&gt;&gt;</a>&nbsp;&nbsp;&nbsp;vPortEnterCritical
</UL>

<P><STRONG><a name="[1da]"></a>uxQueueMessagesWaitingFromISR</STRONG> (Thumb, 4 bytes, Stack size 0 bytes, queue.o(.text), UNUSED)

<P><STRONG><a name="[17b]"></a>vQueueDelete</STRONG> (Thumb, 4 bytes, Stack size 0 bytes, queue.o(.text), UNUSED)
<BR><BR>[Calls]<UL><LI><a href="#[144]">&gt;&gt;</a>&nbsp;&nbsp;&nbsp;vPortFree
</UL>

<P><STRONG><a name="[1db]"></a>xQueueIsQueueEmptyFromISR</STRONG> (Thumb, 14 bytes, Stack size 0 bytes, queue.o(.text), UNUSED)

<P><STRONG><a name="[1dc]"></a>xQueueIsQueueFullFromISR</STRONG> (Thumb, 16 bytes, Stack size 0 bytes, queue.o(.text), UNUSED)

<P><STRONG><a name="[13c]"></a>vListInitialise</STRONG> (Thumb, 22 bytes, Stack size 0 bytes, list.o(.text))
<BR><BR>[Called By]<UL><LI><a href="#[167]">&gt;&gt;</a>&nbsp;&nbsp;&nbsp;xQueueGenericReset
<LI><a href="#[13b]">&gt;&gt;</a>&nbsp;&nbsp;&nbsp;prvInitialiseTaskLists
</UL>

<P><STRONG><a name="[142]"></a>vListInitialiseItem</STRONG> (Thumb, 6 bytes, Stack size 0 bytes, list.o(.text))
<BR><BR>[Called By]<UL><LI><a href="#[141]">&gt;&gt;</a>&nbsp;&nbsp;&nbsp;prvInitialiseNewTask
</UL>

<P><STRONG><a name="[13f]"></a>vListInsertEnd</STRONG> (Thumb, 24 bytes, Stack size 0 bytes, list.o(.text))
<BR><BR>[Called By]<UL><LI><a href="#[165]">&gt;&gt;</a>&nbsp;&nbsp;&nbsp;vTaskNotifyGiveFromISR
<LI><a href="#[164]">&gt;&gt;</a>&nbsp;&nbsp;&nbsp;xTaskGenericNotifyFromISR
<LI><a href="#[163]">&gt;&gt;</a>&nbsp;&nbsp;&nbsp;xTaskGenericNotify
<LI><a href="#[160]">&gt;&gt;</a>&nbsp;&nbsp;&nbsp;xTaskPriorityDisinherit
<LI><a href="#[15f]">&gt;&gt;</a>&nbsp;&nbsp;&nbsp;vTaskPriorityInherit
<LI><a href="#[15c]">&gt;&gt;</a>&nbsp;&nbsp;&nbsp;xTaskRemoveFromUnorderedEventList
<LI><a href="#[15b]">&gt;&gt;</a>&nbsp;&nbsp;&nbsp;xTaskRemoveFromEventList
<LI><a href="#[15a]">&gt;&gt;</a>&nbsp;&nbsp;&nbsp;vTaskPlaceOnUnorderedEventList
<LI><a href="#[154]">&gt;&gt;</a>&nbsp;&nbsp;&nbsp;xTaskResumeFromISR
<LI><a href="#[152]">&gt;&gt;</a>&nbsp;&nbsp;&nbsp;vTaskResume
<LI><a href="#[151]">&gt;&gt;</a>&nbsp;&nbsp;&nbsp;vTaskSuspend
<LI><a href="#[150]">&gt;&gt;</a>&nbsp;&nbsp;&nbsp;vTaskPrioritySet
<LI><a href="#[14a]">&gt;&gt;</a>&nbsp;&nbsp;&nbsp;xTaskResumeAll
<LI><a href="#[149]">&gt;&gt;</a>&nbsp;&nbsp;&nbsp;xTaskIncrementTick
<LI><a href="#[146]">&gt;&gt;</a>&nbsp;&nbsp;&nbsp;vTaskDelete
<LI><a href="#[14b]">&gt;&gt;</a>&nbsp;&nbsp;&nbsp;prvAddCurrentTaskToDelayedList
<LI><a href="#[13d]">&gt;&gt;</a>&nbsp;&nbsp;&nbsp;prvAddNewTaskToReadyList
</UL>

<P><STRONG><a name="[14c]"></a>vListInsert</STRONG> (Thumb, 48 bytes, Stack size 12 bytes, list.o(.text))
<BR><BR>[Stack]<UL><LI>Max Depth = 12<LI>Call Chain = vListInsert
</UL>
<BR>[Called By]<UL><LI><a href="#[159]">&gt;&gt;</a>&nbsp;&nbsp;&nbsp;vTaskPlaceOnEventList
<LI><a href="#[14b]">&gt;&gt;</a>&nbsp;&nbsp;&nbsp;prvAddCurrentTaskToDelayedList
</UL>

<P><STRONG><a name="[147]"></a>uxListRemove</STRONG> (Thumb, 36 bytes, Stack size 0 bytes, list.o(.text))
<BR><BR>[Called By]<UL><LI><a href="#[165]">&gt;&gt;</a>&nbsp;&nbsp;&nbsp;vTaskNotifyGiveFromISR
<LI><a href="#[164]">&gt;&gt;</a>&nbsp;&nbsp;&nbsp;xTaskGenericNotifyFromISR
<LI><a href="#[163]">&gt;&gt;</a>&nbsp;&nbsp;&nbsp;xTaskGenericNotify
<LI><a href="#[160]">&gt;&gt;</a>&nbsp;&nbsp;&nbsp;xTaskPriorityDisinherit
<LI><a href="#[15f]">&gt;&gt;</a>&nbsp;&nbsp;&nbsp;vTaskPriorityInherit
<LI><a href="#[15c]">&gt;&gt;</a>&nbsp;&nbsp;&nbsp;xTaskRemoveFromUnorderedEventList
<LI><a href="#[15b]">&gt;&gt;</a>&nbsp;&nbsp;&nbsp;xTaskRemoveFromEventList
<LI><a href="#[154]">&gt;&gt;</a>&nbsp;&nbsp;&nbsp;xTaskResumeFromISR
<LI><a href="#[152]">&gt;&gt;</a>&nbsp;&nbsp;&nbsp;vTaskResume
<LI><a href="#[151]">&gt;&gt;</a>&nbsp;&nbsp;&nbsp;vTaskSuspend
<LI><a href="#[150]">&gt;&gt;</a>&nbsp;&nbsp;&nbsp;vTaskPrioritySet
<LI><a href="#[14a]">&gt;&gt;</a>&nbsp;&nbsp;&nbsp;xTaskResumeAll
<LI><a href="#[149]">&gt;&gt;</a>&nbsp;&nbsp;&nbsp;xTaskIncrementTick
<LI><a href="#[146]">&gt;&gt;</a>&nbsp;&nbsp;&nbsp;vTaskDelete
<LI><a href="#[155]">&gt;&gt;</a>&nbsp;&nbsp;&nbsp;prvCheckTasksWaitingTermination
<LI><a href="#[14b]">&gt;&gt;</a>&nbsp;&nbsp;&nbsp;prvAddCurrentTaskToDelayedList
</UL>

<P><STRONG><a name="[143]"></a>pxPortInitialiseStack</STRONG> (Thumb, 24 bytes, Stack size 0 bytes, port.o(.text))
<BR><BR>[Called By]<UL><LI><a href="#[141]">&gt;&gt;</a>&nbsp;&nbsp;&nbsp;prvInitialiseNewTask
</UL>

<P><STRONG><a name="[17c]"></a>vPortSetupTimerInterrupt</STRONG> (Thumb, 14 bytes, Stack size 0 bytes, port.o(.text))
<BR><BR>[Called By]<UL><LI><a href="#[156]">&gt;&gt;</a>&nbsp;&nbsp;&nbsp;xPortStartScheduler
</UL>

<P><STRONG><a name="[156]"></a>xPortStartScheduler</STRONG> (Thumb, 38 bytes, Stack size 8 bytes, port.o(.text))
<BR><BR>[Stack]<UL><LI>Max Depth = 8<LI>Call Chain = xPortStartScheduler
</UL>
<BR>[Calls]<UL><LI><a href="#[17c]">&gt;&gt;</a>&nbsp;&nbsp;&nbsp;vPortSetupTimerInterrupt
<LI><a href="#[17d]">&gt;&gt;</a>&nbsp;&nbsp;&nbsp;__asm___6_port_c_39a90d8d__prvStartFirstTask
</UL>
<BR>[Called By]<UL><LI><a href="#[103]">&gt;&gt;</a>&nbsp;&nbsp;&nbsp;vTaskStartScheduler
</UL>

<P><STRONG><a name="[158]"></a>vPortEndScheduler</STRONG> (Thumb, 2 bytes, Stack size 0 bytes, port.o(.text), UNUSED)
<BR><BR>[Called By]<UL><LI><a href="#[157]">&gt;&gt;</a>&nbsp;&nbsp;&nbsp;vTaskEndScheduler
</UL>

<P><STRONG><a name="[13e]"></a>vPortEnterCritical</STRONG> (Thumb, 24 bytes, Stack size 0 bytes, port.o(.text))
<BR><BR>[Called By]<UL><LI><a href="#[17a]">&gt;&gt;</a>&nbsp;&nbsp;&nbsp;uxQueueSpacesAvailable
<LI><a href="#[179]">&gt;&gt;</a>&nbsp;&nbsp;&nbsp;uxQueueMessagesWaiting
<LI><a href="#[175]">&gt;&gt;</a>&nbsp;&nbsp;&nbsp;xQueueGenericReceive
<LI><a href="#[16e]">&gt;&gt;</a>&nbsp;&nbsp;&nbsp;xQueueGenericSend
<LI><a href="#[167]">&gt;&gt;</a>&nbsp;&nbsp;&nbsp;xQueueGenericReset
<LI><a href="#[173]">&gt;&gt;</a>&nbsp;&nbsp;&nbsp;prvIsQueueEmpty
<LI><a href="#[16c]">&gt;&gt;</a>&nbsp;&nbsp;&nbsp;prvIsQueueFull
<LI><a href="#[16a]">&gt;&gt;</a>&nbsp;&nbsp;&nbsp;prvUnlockQueue
<LI><a href="#[166]">&gt;&gt;</a>&nbsp;&nbsp;&nbsp;xTaskNotifyStateClear
<LI><a href="#[163]">&gt;&gt;</a>&nbsp;&nbsp;&nbsp;xTaskGenericNotify
<LI><a href="#[162]">&gt;&gt;</a>&nbsp;&nbsp;&nbsp;xTaskNotifyWait
<LI><a href="#[161]">&gt;&gt;</a>&nbsp;&nbsp;&nbsp;ulTaskNotifyTake
<LI><a href="#[15d]">&gt;&gt;</a>&nbsp;&nbsp;&nbsp;xTaskCheckForTimeOut
<LI><a href="#[152]">&gt;&gt;</a>&nbsp;&nbsp;&nbsp;vTaskResume
<LI><a href="#[151]">&gt;&gt;</a>&nbsp;&nbsp;&nbsp;vTaskSuspend
<LI><a href="#[150]">&gt;&gt;</a>&nbsp;&nbsp;&nbsp;vTaskPrioritySet
<LI><a href="#[14f]">&gt;&gt;</a>&nbsp;&nbsp;&nbsp;uxTaskPriorityGet
<LI><a href="#[14a]">&gt;&gt;</a>&nbsp;&nbsp;&nbsp;xTaskResumeAll
<LI><a href="#[146]">&gt;&gt;</a>&nbsp;&nbsp;&nbsp;vTaskDelete
<LI><a href="#[155]">&gt;&gt;</a>&nbsp;&nbsp;&nbsp;prvCheckTasksWaitingTermination
<LI><a href="#[13d]">&gt;&gt;</a>&nbsp;&nbsp;&nbsp;prvAddNewTaskToReadyList
</UL>

<P><STRONG><a name="[140]"></a>vPortExitCritical</STRONG> (Thumb, 18 bytes, Stack size 0 bytes, port.o(.text))
<BR><BR>[Called By]<UL><LI><a href="#[17a]">&gt;&gt;</a>&nbsp;&nbsp;&nbsp;uxQueueSpacesAvailable
<LI><a href="#[179]">&gt;&gt;</a>&nbsp;&nbsp;&nbsp;uxQueueMessagesWaiting
<LI><a href="#[175]">&gt;&gt;</a>&nbsp;&nbsp;&nbsp;xQueueGenericReceive
<LI><a href="#[16e]">&gt;&gt;</a>&nbsp;&nbsp;&nbsp;xQueueGenericSend
<LI><a href="#[167]">&gt;&gt;</a>&nbsp;&nbsp;&nbsp;xQueueGenericReset
<LI><a href="#[173]">&gt;&gt;</a>&nbsp;&nbsp;&nbsp;prvIsQueueEmpty
<LI><a href="#[16c]">&gt;&gt;</a>&nbsp;&nbsp;&nbsp;prvIsQueueFull
<LI><a href="#[16a]">&gt;&gt;</a>&nbsp;&nbsp;&nbsp;prvUnlockQueue
<LI><a href="#[166]">&gt;&gt;</a>&nbsp;&nbsp;&nbsp;xTaskNotifyStateClear
<LI><a href="#[163]">&gt;&gt;</a>&nbsp;&nbsp;&nbsp;xTaskGenericNotify
<LI><a href="#[162]">&gt;&gt;</a>&nbsp;&nbsp;&nbsp;xTaskNotifyWait
<LI><a href="#[161]">&gt;&gt;</a>&nbsp;&nbsp;&nbsp;ulTaskNotifyTake
<LI><a href="#[15d]">&gt;&gt;</a>&nbsp;&nbsp;&nbsp;xTaskCheckForTimeOut
<LI><a href="#[152]">&gt;&gt;</a>&nbsp;&nbsp;&nbsp;vTaskResume
<LI><a href="#[151]">&gt;&gt;</a>&nbsp;&nbsp;&nbsp;vTaskSuspend
<LI><a href="#[150]">&gt;&gt;</a>&nbsp;&nbsp;&nbsp;vTaskPrioritySet
<LI><a href="#[14f]">&gt;&gt;</a>&nbsp;&nbsp;&nbsp;uxTaskPriorityGet
<LI><a href="#[14a]">&gt;&gt;</a>&nbsp;&nbsp;&nbsp;xTaskResumeAll
<LI><a href="#[146]">&gt;&gt;</a>&nbsp;&nbsp;&nbsp;vTaskDelete
<LI><a href="#[155]">&gt;&gt;</a>&nbsp;&nbsp;&nbsp;prvCheckTasksWaitingTermination
<LI><a href="#[13d]">&gt;&gt;</a>&nbsp;&nbsp;&nbsp;prvAddNewTaskToReadyList
</UL>

<P><STRONG><a name="[82]"></a>SysTick_Handler</STRONG> (Thumb, 40 bytes, Stack size 8 bytes, port.o(.text))
<BR><BR>[Stack]<UL><LI>Max Depth = 32<LI>Call Chain = SysTick_Handler &rArr; xTaskIncrementTick
</UL>
<BR>[Calls]<UL><LI><a href="#[149]">&gt;&gt;</a>&nbsp;&nbsp;&nbsp;xTaskIncrementTick
</UL>
<BR>[Address Reference Count : 1]<UL><LI> startup_swm320.o(RESET)
</UL>
<P><STRONG><a name="[11d]"></a>pvPortMalloc</STRONG> (Thumb, 148 bytes, Stack size 24 bytes, heap_4.o(.text))
<BR><BR>[Stack]<UL><LI>Max Depth = 72<LI>Call Chain = pvPortMalloc &rArr; xTaskResumeAll &rArr; xTaskIncrementTick
</UL>
<BR>[Calls]<UL><LI><a href="#[17e]">&gt;&gt;</a>&nbsp;&nbsp;&nbsp;prvHeapInit
<LI><a href="#[17f]">&gt;&gt;</a>&nbsp;&nbsp;&nbsp;prvInsertBlockIntoFreeList
<LI><a href="#[14e]">&gt;&gt;</a>&nbsp;&nbsp;&nbsp;vTaskSuspendAll
<LI><a href="#[14a]">&gt;&gt;</a>&nbsp;&nbsp;&nbsp;xTaskResumeAll
</UL>
<BR>[Called By]<UL><LI><a href="#[17]">&gt;&gt;</a>&nbsp;&nbsp;&nbsp;do_create
<LI><a href="#[11b]">&gt;&gt;</a>&nbsp;&nbsp;&nbsp;xTaskCreate
<LI><a href="#[169]">&gt;&gt;</a>&nbsp;&nbsp;&nbsp;xQueueGenericCreate
<LI><a href="#[57]">&gt;&gt;</a>&nbsp;&nbsp;&nbsp;do_create_dev
<LI><a href="#[52]">&gt;&gt;</a>&nbsp;&nbsp;&nbsp;do_create
</UL>

<P><STRONG><a name="[144]"></a>vPortFree</STRONG> (Thumb, 60 bytes, Stack size 16 bytes, heap_4.o(.text))
<BR><BR>[Stack]<UL><LI>Max Depth = 64<LI>Call Chain = vPortFree &rArr; xTaskResumeAll &rArr; xTaskIncrementTick
</UL>
<BR>[Calls]<UL><LI><a href="#[17f]">&gt;&gt;</a>&nbsp;&nbsp;&nbsp;prvInsertBlockIntoFreeList
<LI><a href="#[14e]">&gt;&gt;</a>&nbsp;&nbsp;&nbsp;vTaskSuspendAll
<LI><a href="#[14a]">&gt;&gt;</a>&nbsp;&nbsp;&nbsp;xTaskResumeAll
</UL>
<BR>[Called By]<UL><LI><a href="#[11b]">&gt;&gt;</a>&nbsp;&nbsp;&nbsp;xTaskCreate
<LI><a href="#[17b]">&gt;&gt;</a>&nbsp;&nbsp;&nbsp;vQueueDelete
<LI><a href="#[145]">&gt;&gt;</a>&nbsp;&nbsp;&nbsp;prvDeleteTCB
<LI><a href="#[58]">&gt;&gt;</a>&nbsp;&nbsp;&nbsp;do_delete_dev
<LI><a href="#[57]">&gt;&gt;</a>&nbsp;&nbsp;&nbsp;do_create_dev
<LI><a href="#[53]">&gt;&gt;</a>&nbsp;&nbsp;&nbsp;do_delete_dev
<LI><a href="#[52]">&gt;&gt;</a>&nbsp;&nbsp;&nbsp;do_create
</UL>

<P><STRONG><a name="[1dd]"></a>xPortGetFreeHeapSize</STRONG> (Thumb, 8 bytes, Stack size 0 bytes, heap_4.o(.text), UNUSED)

<P><STRONG><a name="[1de]"></a>xPortGetMinimumEverFreeHeapSize</STRONG> (Thumb, 8 bytes, Stack size 0 bytes, heap_4.o(.text), UNUSED)

<P><STRONG><a name="[1df]"></a>vPortInitialiseBlocks</STRONG> (Thumb, 2 bytes, Stack size 0 bytes, heap_4.o(.text), UNUSED)

<P><STRONG><a name="[124]"></a>EXTI_Close</STRONG> (Thumb, 12 bytes, Stack size 0 bytes, swm320_exti.o(.text))
<BR><BR>[Called By]<UL><LI><a href="#[125]">&gt;&gt;</a>&nbsp;&nbsp;&nbsp;EXTI_Init
<LI><a href="#[2d]">&gt;&gt;</a>&nbsp;&nbsp;&nbsp;drvp_irq_enable
</UL>

<P><STRONG><a name="[125]"></a>EXTI_Init</STRONG> (Thumb, 100 bytes, Stack size 16 bytes, swm320_exti.o(.text))
<BR><BR>[Stack]<UL><LI>Max Depth = 16<LI>Call Chain = EXTI_Init
</UL>
<BR>[Calls]<UL><LI><a href="#[124]">&gt;&gt;</a>&nbsp;&nbsp;&nbsp;EXTI_Close
</UL>
<BR>[Called By]<UL><LI><a href="#[2d]">&gt;&gt;</a>&nbsp;&nbsp;&nbsp;drvp_irq_enable
</UL>

<P><STRONG><a name="[126]"></a>EXTI_Open</STRONG> (Thumb, 12 bytes, Stack size 0 bytes, swm320_exti.o(.text))
<BR><BR>[Called By]<UL><LI><a href="#[2d]">&gt;&gt;</a>&nbsp;&nbsp;&nbsp;drvp_irq_enable
</UL>

<P><STRONG><a name="[128]"></a>EXTI_State</STRONG> (Thumb, 10 bytes, Stack size 0 bytes, swm320_exti.o(.text))
<BR><BR>[Called By]<UL><LI><a href="#[127]">&gt;&gt;</a>&nbsp;&nbsp;&nbsp;gpio_group_isr
</UL>

<P><STRONG><a name="[1e0]"></a>EXTI_RawState</STRONG> (Thumb, 10 bytes, Stack size 0 bytes, swm320_exti.o(.text), UNUSED)

<P><STRONG><a name="[129]"></a>EXTI_Clear</STRONG> (Thumb, 8 bytes, Stack size 0 bytes, swm320_exti.o(.text))
<BR><BR>[Called By]<UL><LI><a href="#[127]">&gt;&gt;</a>&nbsp;&nbsp;&nbsp;gpio_group_isr
</UL>

<P><STRONG><a name="[107]"></a>GPIO_Init</STRONG> (Thumb, 486 bytes, Stack size 32 bytes, swm320_gpio.o(.text))
<BR><BR>[Stack]<UL><LI>Max Depth = 92<LI>Call Chain = GPIO_Init &rArr; PORT_Init
</UL>
<BR>[Calls]<UL><LI><a href="#[106]">&gt;&gt;</a>&nbsp;&nbsp;&nbsp;PORT_Init
</UL>
<BR>[Called By]<UL><LI><a href="#[104]">&gt;&gt;</a>&nbsp;&nbsp;&nbsp;io_init_all
<LI><a href="#[2d]">&gt;&gt;</a>&nbsp;&nbsp;&nbsp;drvp_irq_enable
<LI><a href="#[2a]">&gt;&gt;</a>&nbsp;&nbsp;&nbsp;drvp_set_mode
</UL>

<P><STRONG><a name="[123]"></a>GPIO_SetBit</STRONG> (Thumb, 16 bytes, Stack size 0 bytes, swm320_gpio.o(.text))
<BR><BR>[Called By]<UL><LI><a href="#[29]">&gt;&gt;</a>&nbsp;&nbsp;&nbsp;drvp_write
</UL>

<P><STRONG><a name="[108]"></a>GPIO_ClrBit</STRONG> (Thumb, 16 bytes, Stack size 0 bytes, swm320_gpio.o(.text))
<BR><BR>[Called By]<UL><LI><a href="#[104]">&gt;&gt;</a>&nbsp;&nbsp;&nbsp;io_init_all
<LI><a href="#[29]">&gt;&gt;</a>&nbsp;&nbsp;&nbsp;drvp_write
</UL>

<P><STRONG><a name="[1e1]"></a>GPIO_InvBit</STRONG> (Thumb, 20 bytes, Stack size 0 bytes, swm320_gpio.o(.text), UNUSED)

<P><STRONG><a name="[10a]"></a>GPIO_GetBit</STRONG> (Thumb, 10 bytes, Stack size 0 bytes, swm320_gpio.o(.text))
<BR><BR>[Called By]<UL><LI><a href="#[109]">&gt;&gt;</a>&nbsp;&nbsp;&nbsp;io_print_all
<LI><a href="#[28]">&gt;&gt;</a>&nbsp;&nbsp;&nbsp;drvp_read
</UL>

<P><STRONG><a name="[1e2]"></a>GPIO_SetBits</STRONG> (Thumb, 20 bytes, Stack size 0 bytes, swm320_gpio.o(.text), UNUSED)

<P><STRONG><a name="[1e3]"></a>GPIO_ClrBits</STRONG> (Thumb, 20 bytes, Stack size 0 bytes, swm320_gpio.o(.text), UNUSED)

<P><STRONG><a name="[1e4]"></a>GPIO_InvBits</STRONG> (Thumb, 20 bytes, Stack size 0 bytes, swm320_gpio.o(.text), UNUSED)

<P><STRONG><a name="[1e5]"></a>GPIO_GetBits</STRONG> (Thumb, 18 bytes, Stack size 0 bytes, swm320_gpio.o(.text), UNUSED)

<P><STRONG><a name="[1e6]"></a>GPIO_AtomicSetBits</STRONG> (Thumb, 24 bytes, Stack size 0 bytes, swm320_gpio.o(.text), UNUSED)

<P><STRONG><a name="[1e7]"></a>GPIO_AtomicClrBits</STRONG> (Thumb, 24 bytes, Stack size 0 bytes, swm320_gpio.o(.text), UNUSED)

<P><STRONG><a name="[1e8]"></a>GPIO_AtomicInvBits</STRONG> (Thumb, 24 bytes, Stack size 0 bytes, swm320_gpio.o(.text), UNUSED)

<P><STRONG><a name="[10f]"></a>FLASH_Erase</STRONG> (Thumb, 20 bytes, Stack size 8 bytes, swm320_flash.o(.text))
<BR><BR>[Stack]<UL><LI>Max Depth = 8<LI>Call Chain = FLASH_Erase
</UL>
<BR>[Called By]<UL><LI><a href="#[c5]">&gt;&gt;</a>&nbsp;&nbsp;&nbsp;task_entry
<LI><a href="#[ed]">&gt;&gt;</a>&nbsp;&nbsp;&nbsp;cmd_reboot_ota
<LI><a href="#[4f]">&gt;&gt;</a>&nbsp;&nbsp;&nbsp;do_save
</UL>

<P><STRONG><a name="[110]"></a>FLASH_Write</STRONG> (Thumb, 38 bytes, Stack size 8 bytes, swm320_flash.o(.text))
<BR><BR>[Stack]<UL><LI>Max Depth = 8<LI>Call Chain = FLASH_Write
</UL>
<BR>[Called By]<UL><LI><a href="#[c5]">&gt;&gt;</a>&nbsp;&nbsp;&nbsp;task_entry
<LI><a href="#[ed]">&gt;&gt;</a>&nbsp;&nbsp;&nbsp;cmd_reboot_ota
<LI><a href="#[4f]">&gt;&gt;</a>&nbsp;&nbsp;&nbsp;do_save
</UL>

<P><STRONG><a name="[10e]"></a>Flash_Param_at_xMHz</STRONG> (Thumb, 58 bytes, Stack size 8 bytes, swm320_flash.o(.text))
<BR><BR>[Stack]<UL><LI>Max Depth = 8<LI>Call Chain = Flash_Param_at_xMHz
</UL>
<BR>[Called By]<UL><LI><a href="#[c5]">&gt;&gt;</a>&nbsp;&nbsp;&nbsp;task_entry
<LI><a href="#[ed]">&gt;&gt;</a>&nbsp;&nbsp;&nbsp;cmd_reboot_ota
<LI><a href="#[102]">&gt;&gt;</a>&nbsp;&nbsp;&nbsp;SystemInit
<LI><a href="#[4e]">&gt;&gt;</a>&nbsp;&nbsp;&nbsp;do_init
</UL>

<P><STRONG><a name="[106]"></a>PORT_Init</STRONG> (Thumb, 1058 bytes, Stack size 60 bytes, swm320_port.o(.text))
<BR><BR>[Stack]<UL><LI>Max Depth = 60<LI>Call Chain = PORT_Init
</UL>
<BR>[Called By]<UL><LI><a href="#[107]">&gt;&gt;</a>&nbsp;&nbsp;&nbsp;GPIO_Init
<LI><a href="#[104]">&gt;&gt;</a>&nbsp;&nbsp;&nbsp;io_init_all
<LI><a href="#[38]">&gt;&gt;</a>&nbsp;&nbsp;&nbsp;do_init
<LI><a href="#[2e]">&gt;&gt;</a>&nbsp;&nbsp;&nbsp;do_init
</UL>

<P><STRONG><a name="[135]"></a>RTC_Stop</STRONG> (Thumb, 6 bytes, Stack size 0 bytes, swm320_rtc.o(.text))
<BR><BR>[Called By]<UL><LI><a href="#[133]">&gt;&gt;</a>&nbsp;&nbsp;&nbsp;RTC_Init
<LI><a href="#[44]">&gt;&gt;</a>&nbsp;&nbsp;&nbsp;stop
</UL>

<P><STRONG><a name="[133]"></a>RTC_Init</STRONG> (Thumb, 136 bytes, Stack size 16 bytes, swm320_rtc.o(.text))
<BR><BR>[Stack]<UL><LI>Max Depth = 88<LI>Call Chain = RTC_Init &rArr; calcWeekDay
</UL>
<BR>[Calls]<UL><LI><a href="#[135]">&gt;&gt;</a>&nbsp;&nbsp;&nbsp;RTC_Stop
<LI><a href="#[182]">&gt;&gt;</a>&nbsp;&nbsp;&nbsp;NVIC_EnableIRQ
<LI><a href="#[180]">&gt;&gt;</a>&nbsp;&nbsp;&nbsp;calcWeekDay
</UL>
<BR>[Called By]<UL><LI><a href="#[42]">&gt;&gt;</a>&nbsp;&nbsp;&nbsp;init
</UL>

<P><STRONG><a name="[134]"></a>RTC_Start</STRONG> (Thumb, 6 bytes, Stack size 0 bytes, swm320_rtc.o(.text))
<BR><BR>[Called By]<UL><LI><a href="#[43]">&gt;&gt;</a>&nbsp;&nbsp;&nbsp;start
</UL>

<P><STRONG><a name="[136]"></a>RTC_GetDateTime</STRONG> (Thumb, 58 bytes, Stack size 0 bytes, swm320_rtc.o(.text))
<BR><BR>[Called By]<UL><LI><a href="#[b2]">&gt;&gt;</a>&nbsp;&nbsp;&nbsp;RTC_Handler
<LI><a href="#[45]">&gt;&gt;</a>&nbsp;&nbsp;&nbsp;read
</UL>

<P><STRONG><a name="[183]"></a>RTC_AlarmSetup</STRONG> (Thumb, 72 bytes, Stack size 0 bytes, swm320_rtc.o(.text), UNUSED)
<BR><BR>[Calls]<UL><LI><a href="#[183]">&gt;&gt;</a>&nbsp;&nbsp;&nbsp;RTC_AlarmSetup
<LI><a href="#[182]">&gt;&gt;</a>&nbsp;&nbsp;&nbsp;NVIC_EnableIRQ
</UL>
<BR>[Called By]<UL><LI><a href="#[183]">&gt;&gt;</a>&nbsp;&nbsp;&nbsp;RTC_AlarmSetup
</UL>

<P><STRONG><a name="[1e9]"></a>RTC_IntSecondEn</STRONG> (Thumb, 10 bytes, Stack size 0 bytes, swm320_rtc.o(.text), UNUSED)

<P><STRONG><a name="[1ea]"></a>RTC_IntSecondDis</STRONG> (Thumb, 10 bytes, Stack size 0 bytes, swm320_rtc.o(.text), UNUSED)

<P><STRONG><a name="[138]"></a>RTC_IntSecondClr</STRONG> (Thumb, 6 bytes, Stack size 0 bytes, swm320_rtc.o(.text))
<BR><BR>[Called By]<UL><LI><a href="#[b2]">&gt;&gt;</a>&nbsp;&nbsp;&nbsp;RTC_Handler
</UL>

<P><STRONG><a name="[137]"></a>RTC_IntSecondStat</STRONG> (Thumb, 8 bytes, Stack size 0 bytes, swm320_rtc.o(.text))
<BR><BR>[Called By]<UL><LI><a href="#[b2]">&gt;&gt;</a>&nbsp;&nbsp;&nbsp;RTC_Handler
</UL>

<P><STRONG><a name="[1eb]"></a>RTC_IntMinuteEn</STRONG> (Thumb, 10 bytes, Stack size 0 bytes, swm320_rtc.o(.text), UNUSED)

<P><STRONG><a name="[1ec]"></a>RTC_IntMinuteDis</STRONG> (Thumb, 10 bytes, Stack size 0 bytes, swm320_rtc.o(.text), UNUSED)

[...]
</UL>
<BR>[Calls]<UL><LI><a href="#[11a]">&gt;&gt;</a>&nbsp;&nbsp;&nbsp;vTaskDelay
<LI><a href="#[112]">&gt;&gt;</a>&nbsp;&nbsp;&nbsp;xTaskGetTickCount
<LI><a href="#[197]">&gt;&gt;</a>&nbsp;&nbsp;&nbsp;strstr
<LI><a href="#[114]">&gt;&gt;</a>&nbsp;&nbsp;&nbsp;__aeabi_memclr
<LI><a href="#[19c]">&gt;&gt;</a>&nbsp;&nbsp;&nbsp;__2snprintf
</UL>
<BR>[Address Reference Count : 1]<UL><LI> net_man.o(.data)
</UL>
<P><STRONG><a name="[1a2]"></a>str_split</STRONG> (Thumb, 84 bytes, Stack size 12 bytes, message.o(.text))
<BR><BR>[Stack]<UL><LI>Max Depth = 12<LI>Call Chain = str_split
</UL>
<BR>[Called By]<UL><LI><a href="#[1a1]">&gt;&gt;</a>&nbsp;&nbsp;&nbsp;msg_process_line
</UL>

<P><STRONG><a name="[ee]"></a>h_logon</STRONG> (Thumb, 22 bytes, Stack size 8 bytes, message.o(.text))
<BR><BR>[Stack]<UL><LI>Max Depth = 8<LI>Call Chain = h_logon
</UL>
<BR>[Address Reference Count : 1]<UL><LI> message.o(.constdata)
</UL>
<P><STRONG><a name="[ef]"></a>h_relogin</STRONG> (Thumb, 24 bytes, Stack size 8 bytes, message.o(.text))
<BR><BR>[Stack]<UL><LI>Max Depth = 8<LI>Call Chain = h_relogin
</UL>
<BR>[Address Reference Count : 1]<UL><LI> message.o(.constdata)
</UL>
<P><STRONG><a name="[f0]"></a>h_nologin</STRONG> (Thumb, 24 bytes, Stack size 8 bytes, message.o(.text))
<BR><BR>[Stack]<UL><LI>Max Depth = 8<LI>Call Chain = h_nologin
</UL>
<BR>[Address Reference Count : 1]<UL><LI> message.o(.constdata)
</UL>
<P><STRONG><a name="[f3]"></a>h_pong</STRONG> (Thumb, 4 bytes, Stack size 0 bytes, message.o(.text))
<BR>[Address Reference Count : 1]<UL><LI> message.o(.constdata)
</UL>
<P><STRONG><a name="[f1]"></a>h_over</STRONG> (Thumb, 40 bytes, Stack size 8 bytes, message.o(.text))
<BR><BR>[Stack]<UL><LI>Max Depth = 8<LI>Call Chain = h_over
</UL>
<BR>[Address Reference Count : 1]<UL><LI> message.o(.constdata)
</UL>
<P><STRONG><a name="[f7]"></a>h_time</STRONG> (Thumb, 58 bytes, Stack size 16 bytes, message.o(.text))
<BR><BR>[Stack]<UL><LI>Max Depth = 16<LI>Call Chain = h_time
</UL>
<BR>[Address Reference Count : 1]<UL><LI> message.o(.constdata)
</UL>
<P><STRONG><a name="[f6]"></a>h_jfpg</STRONG> (Thumb, 28 bytes, Stack size 8 bytes, message.o(.text))
<BR><BR>[Stack]<UL><LI>Max Depth = 8<LI>Call Chain = h_jfpg
</UL>
<BR>[Address Reference Count : 1]<UL><LI> message.o(.constdata)
</UL>
<P><STRONG><a name="[f2]"></a>h_log</STRONG> (Thumb, 4 bytes, Stack size 0 bytes, message.o(.text))
<BR>[Address Reference Count : 1]<UL><LI> message.o(.constdata)
</UL>
<P><STRONG><a name="[f4]"></a>h_PARAM</STRONG> (Thumb, 4 bytes, Stack size 0 bytes, message.o(.text))
<BR>[Address Reference Count : 1]<UL><LI> message.o(.constdata)
</UL>
<P><STRONG><a name="[f5]"></a>h_STATU</STRONG> (Thumb, 4 bytes, Stack size 0 bytes, message.o(.text))
<BR>[Address Reference Count : 1]<UL><LI> message.o(.constdata)
</UL>
<P><STRONG><a name="[f8]"></a>h_setparam</STRONG> (Thumb, 16 bytes, Stack size 8 bytes, message.o(.text))
<BR><BR>[Stack]<UL><LI>Max Depth = 8<LI>Call Chain = h_setparam
</UL>
<BR>[Address Reference Count : 1]<UL><LI> message.o(.constdata)
</UL>
<P><STRONG><a name="[f9]"></a>h_getstatu</STRONG> (Thumb, 16 bytes, Stack size 8 bytes, message.o(.text))
<BR><BR>[Stack]<UL><LI>Max Depth = 8<LI>Call Chain = h_getstatu
</UL>
<BR>[Address Reference Count : 1]<UL><LI> message.o(.constdata)
</UL>
<P><STRONG><a name="[fa]"></a>h_update</STRONG> (Thumb, 16 bytes, Stack size 8 bytes, message.o(.text))
<BR><BR>[Stack]<UL><LI>Max Depth = 8<LI>Call Chain = h_update
</UL>
<BR>[Address Reference Count : 1]<UL><LI> message.o(.constdata)
</UL>
<P><STRONG><a name="[fb]"></a>h_on</STRONG> (Thumb, 146 bytes, Stack size 64 bytes, message.o(.text))
<BR><BR>[Stack]<UL><LI>Max Depth = 152<LI>Call Chain = h_on &rArr; atol &rArr; strtol &rArr; _strtoul
</UL>
<BR>[Calls]<UL><LI><a href="#[19e]">&gt;&gt;</a>&nbsp;&nbsp;&nbsp;strncpy
<LI><a href="#[19d]">&gt;&gt;</a>&nbsp;&nbsp;&nbsp;atol
</UL>
<BR>[Address Reference Count : 1]<UL><LI> message.o(.constdata)
</UL>
<P><STRONG><a name="[fc]"></a>h_off</STRONG> (Thumb, 110 bytes, Stack size 56 bytes, message.o(.text))
<BR><BR>[Stack]<UL><LI>Max Depth = 144<LI>Call Chain = h_off &rArr; atol &rArr; strtol &rArr; _strtoul
</UL>
<BR>[Calls]<UL><LI><a href="#[19e]">&gt;&gt;</a>&nbsp;&nbsp;&nbsp;strncpy
<LI><a href="#[19d]">&gt;&gt;</a>&nbsp;&nbsp;&nbsp;atol
</UL>
<BR>[Address Reference Count : 1]<UL><LI> message.o(.constdata)
</UL>
<P><STRONG><a name="[fd]"></a>h_reboot</STRONG> (Thumb, 42 bytes, Stack size 0 bytes, message.o(.text))
<BR><BR>[Stack]<UL><LI>Max Depth = 56<LI>Call Chain = h_reboot &rArr; vTaskDelay &rArr; xTaskResumeAll &rArr; xTaskIncrementTick
</UL>
<BR>[Calls]<UL><LI><a href="#[11a]">&gt;&gt;</a>&nbsp;&nbsp;&nbsp;vTaskDelay
</UL>
<BR>[Address Reference Count : 1]<UL><LI> message.o(.constdata)
</UL>
<P><STRONG><a name="[fe]"></a>h_CLOSED</STRONG> (Thumb, 24 bytes, Stack size 8 bytes, message.o(.text))
<BR><BR>[Stack]<UL><LI>Max Depth = 8<LI>Call Chain = h_CLOSED
</UL>
<BR>[Address Reference Count : 1]<UL><LI> message.o(.constdata)
</UL>
<P><STRONG><a name="[19f]"></a>msg_dispatch</STRONG> (Thumb, 94 bytes, Stack size 24 bytes, message.o(.text))
<BR><BR>[Stack]<UL><LI>Max Depth = 36<LI>Call Chain = msg_dispatch &rArr; strncmp
</UL>
<BR>[Calls]<UL><LI><a href="#[1a0]">&gt;&gt;</a>&nbsp;&nbsp;&nbsp;strncmp
<LI><a href="#[195]">&gt;&gt;</a>&nbsp;&nbsp;&nbsp;strlen
</UL>
<BR>[Called By]<UL><LI><a href="#[1a1]">&gt;&gt;</a>&nbsp;&nbsp;&nbsp;msg_process_line
</UL>

<P><STRONG><a name="[1a1]"></a>msg_process_line</STRONG> (Thumb, 86 bytes, Stack size 88 bytes, message.o(.text))
<BR><BR>[Stack]<UL><LI>Max Depth = 124<LI>Call Chain = msg_process_line &rArr; msg_dispatch &rArr; strncmp
</UL>
<BR>[Calls]<UL><LI><a href="#[19f]">&gt;&gt;</a>&nbsp;&nbsp;&nbsp;msg_dispatch
<LI><a href="#[1a2]">&gt;&gt;</a>&nbsp;&nbsp;&nbsp;str_split
<LI><a href="#[105]">&gt;&gt;</a>&nbsp;&nbsp;&nbsp;__2printf
</UL>
<BR>[Called By]<UL><LI><a href="#[62]">&gt;&gt;</a>&nbsp;&nbsp;&nbsp;do_work
</UL>

<P><STRONG><a name="[1a3]"></a>msg_ping</STRONG> (Thumb, 36 bytes, Stack size 8 bytes, message.o(.text))
<BR><BR>[Stack]<UL><LI>Max Depth = 8<LI>Call Chain = msg_ping
</UL>
<BR>[Calls]<UL><LI><a href="#[112]">&gt;&gt;</a>&nbsp;&nbsp;&nbsp;xTaskGetTickCount
</UL>
<BR>[Called By]<UL><LI><a href="#[62]">&gt;&gt;</a>&nbsp;&nbsp;&nbsp;do_work
</UL>

<P><STRONG><a name="[1a4]"></a>msg_check_timeout</STRONG> (Thumb, 46 bytes, Stack size 8 bytes, message.o(.text))
<BR><BR>[Stack]<UL><LI>Max Depth = 8<LI>Call Chain = msg_check_timeout
</UL>
<BR>[Calls]<UL><LI><a href="#[112]">&gt;&gt;</a>&nbsp;&nbsp;&nbsp;xTaskGetTickCount
</UL>
<BR>[Called By]<UL><LI><a href="#[62]">&gt;&gt;</a>&nbsp;&nbsp;&nbsp;do_work
</UL>

<P><STRONG><a name="[1a5]"></a>pool_init</STRONG> (Thumb, 10 bytes, Stack size 0 bytes, message.o(.text))
<BR><BR>[Calls]<UL><LI><a href="#[193]">&gt;&gt;</a>&nbsp;&nbsp;&nbsp;__aeabi_memclr4
</UL>
<BR>[Called By]<UL><LI><a href="#[61]">&gt;&gt;</a>&nbsp;&nbsp;&nbsp;do_init
</UL>

<P><STRONG><a name="[1a6]"></a>pool_alloc</STRONG> (Thumb, 48 bytes, Stack size 0 bytes, message.o(.text))
<BR><BR>[Called By]<UL><LI><a href="#[65]">&gt;&gt;</a>&nbsp;&nbsp;&nbsp;do_add_event
</UL>

<P><STRONG><a name="[65]"></a>do_add_event</STRONG> (Thumb, 864 bytes, Stack size 24 bytes, message.o(.text))
<BR><BR>[Stack]<UL><LI>Max Depth = 24<LI>Call Chain = do_add_event
</UL>
<BR>[Calls]<UL><LI><a href="#[112]">&gt;&gt;</a>&nbsp;&nbsp;&nbsp;xTaskGetTickCount
<LI><a href="#[181]">&gt;&gt;</a>&nbsp;&nbsp;&nbsp;__aeabi_memcpy4
<LI><a href="#[1a6]">&gt;&gt;</a>&nbsp;&nbsp;&nbsp;pool_alloc
</UL>
<BR>[Address Reference Count : 1]<UL><LI> message.o(.data)
</UL>
<P><STRONG><a name="[66]"></a>do_ack_event</STRONG> (Thumb, 78 bytes, Stack size 16 bytes, message.o(.text))
<BR><BR>[Stack]<UL><LI>Max Depth = 24<LI>Call Chain = do_ack_event &rArr; strcmp
</UL>
<BR>[Calls]<UL><LI><a href="#[111]">&gt;&gt;</a>&nbsp;&nbsp;&nbsp;strcmp
<LI><a href="#[193]">&gt;&gt;</a>&nbsp;&nbsp;&nbsp;__aeabi_memclr4
</UL>
<BR>[Address Reference Count : 1]<UL><LI> message.o(.data)
</UL>
<P><STRONG><a name="[1a7]"></a>pool_work</STRONG> (Thumb, 202 bytes, Stack size 160 bytes, message.o(.text))
<BR><BR>[Stack]<UL><LI>Max Depth = 200<LI>Call Chain = pool_work &rArr; __2snprintf
</UL>
<BR>[Calls]<UL><LI><a href="#[112]">&gt;&gt;</a>&nbsp;&nbsp;&nbsp;xTaskGetTickCount
<LI><a href="#[193]">&gt;&gt;</a>&nbsp;&nbsp;&nbsp;__aeabi_memclr4
<LI><a href="#[19c]">&gt;&gt;</a>&nbsp;&nbsp;&nbsp;__2snprintf
</UL>
<BR>[Called By]<UL><LI><a href="#[62]">&gt;&gt;</a>&nbsp;&nbsp;&nbsp;do_work
</UL>

<P><STRONG><a name="[61]"></a>do_init</STRONG> (Thumb, 50 bytes, Stack size 8 bytes, message.o(.text))
<BR><BR>[Stack]<UL><LI>Max Depth = 8<LI>Call Chain = do_init
</UL>
<BR>[Calls]<UL><LI><a href="#[112]">&gt;&gt;</a>&nbsp;&nbsp;&nbsp;xTaskGetTickCount
<LI><a href="#[193]">&gt;&gt;</a>&nbsp;&nbsp;&nbsp;__aeabi_memclr4
<LI><a href="#[1a5]">&gt;&gt;</a>&nbsp;&nbsp;&nbsp;pool_init
</UL>
<BR>[Address Reference Count : 1]<UL><LI> message.o(.data)
</UL>
<P><STRONG><a name="[62]"></a>do_work</STRONG> (Thumb, 154 bytes, Stack size 32 bytes, message.o(.text))
<BR><BR>[Stack]<UL><LI>Max Depth = 232<LI>Call Chain = do_work &rArr; pool_work &rArr; __2snprintf
</UL>
<BR>[Calls]<UL><LI><a href="#[112]">&gt;&gt;</a>&nbsp;&nbsp;&nbsp;xTaskGetTickCount
<LI><a href="#[193]">&gt;&gt;</a>&nbsp;&nbsp;&nbsp;__aeabi_memclr4
<LI><a href="#[1a7]">&gt;&gt;</a>&nbsp;&nbsp;&nbsp;pool_work
<LI><a href="#[1a4]">&gt;&gt;</a>&nbsp;&nbsp;&nbsp;msg_check_timeout
<LI><a href="#[1a3]">&gt;&gt;</a>&nbsp;&nbsp;&nbsp;msg_ping
<LI><a href="#[1a1]">&gt;&gt;</a>&nbsp;&nbsp;&nbsp;msg_process_line
</UL>
<BR>[Address Reference Count : 1]<UL><LI> message.o(.data)
</UL>
<P><STRONG><a name="[63]"></a>do_is_online</STRONG> (Thumb, 6 bytes, Stack size 0 bytes, message.o(.text))
<BR>[Address Reference Count : 1]<UL><LI> message.o(.data)
</UL>
<P><STRONG><a name="[64]"></a>do_send_line</STRONG> (Thumb, 40 bytes, Stack size 8 bytes, message.o(.text))
<BR><BR>[Stack]<UL><LI>Max Depth = 8<LI>Call Chain = do_send_line
</UL>
<BR>[Address Reference Count : 1]<UL><LI> message.o(.data)
</UL>
<P><STRONG><a name="[67]"></a>do_set_online</STRONG> (Thumb, 36 bytes, Stack size 8 bytes, message.o(.text))
<BR><BR>[Stack]<UL><LI>Max Depth = 8<LI>Call Chain = do_set_online
</UL>
<BR>[Calls]<UL><LI><a href="#[112]">&gt;&gt;</a>&nbsp;&nbsp;&nbsp;xTaskGetTickCount
</UL>
<BR>[Address Reference Count : 1]<UL><LI> message.o(.data)
</UL>
<P><STRONG><a name="[1ac]"></a>relay_on</STRONG> (Thumb, 30 bytes, Stack size 0 bytes, sock_ctrl.o(.text))
<BR><BR>[Called By]<UL><LI><a href="#[1ab]">&gt;&gt;</a>&nbsp;&nbsp;&nbsp;process_orders
</UL>

<P><STRONG><a name="[1a9]"></a>relay_off</STRONG> (Thumb, 30 bytes, Stack size 0 bytes, sock_ctrl.o(.text))
<BR><BR>[Called By]<UL><LI><a href="#[69]">&gt;&gt;</a>&nbsp;&nbsp;&nbsp;do_work
<LI><a href="#[68]">&gt;&gt;</a>&nbsp;&nbsp;&nbsp;do_init
<LI><a href="#[1a8]">&gt;&gt;</a>&nbsp;&nbsp;&nbsp;finish_charging
</UL>

<P><STRONG><a name="[1a8]"></a>finish_charging</STRONG> (Thumb, 136 bytes, Stack size 56 bytes, sock_ctrl.o(.text))
<BR><BR>[Stack]<UL><LI>Max Depth = 64<LI>Call Chain = finish_charging &rArr; strncpy
</UL>
<BR>[Calls]<UL><LI><a href="#[19e]">&gt;&gt;</a>&nbsp;&nbsp;&nbsp;strncpy
<LI><a href="#[193]">&gt;&gt;</a>&nbsp;&nbsp;&nbsp;__aeabi_memclr4
<LI><a href="#[1a9]">&gt;&gt;</a>&nbsp;&nbsp;&nbsp;relay_off
</UL>
<BR>[Called By]<UL><LI><a href="#[1ab]">&gt;&gt;</a>&nbsp;&nbsp;&nbsp;process_orders
<LI><a href="#[1aa]">&gt;&gt;</a>&nbsp;&nbsp;&nbsp;safety_check
</UL>

<P><STRONG><a name="[1aa]"></a>safety_check</STRONG> (Thumb, 176 bytes, Stack size 24 bytes, sock_ctrl.o(.text))
<BR><BR>[Stack]<UL><LI>Max Depth = 88<LI>Call Chain = safety_check &rArr; finish_charging &rArr; strncpy
</UL>
<BR>[Calls]<UL><LI><a href="#[1a8]">&gt;&gt;</a>&nbsp;&nbsp;&nbsp;finish_charging
</UL>
<BR>[Called By]<UL><LI><a href="#[69]">&gt;&gt;</a>&nbsp;&nbsp;&nbsp;do_work
</UL>

<P><STRONG><a name="[1ab]"></a>process_orders</STRONG> (Thumb, 224 bytes, Stack size 56 bytes, sock_ctrl.o(.text))
<BR><BR>[Stack]<UL><LI>Max Depth = 168<LI>Call Chain = process_orders &rArr; xQueueGenericReceive &rArr; prvUnlockQueue &rArr; xTaskRemoveFromEventList
</UL>
<BR>[Calls]<UL><LI><a href="#[112]">&gt;&gt;</a>&nbsp;&nbsp;&nbsp;xTaskGetTickCount
<LI><a href="#[175]">&gt;&gt;</a>&nbsp;&nbsp;&nbsp;xQueueGenericReceive
<LI><a href="#[19e]">&gt;&gt;</a>&nbsp;&nbsp;&nbsp;strncpy
<LI><a href="#[1a8]">&gt;&gt;</a>&nbsp;&nbsp;&nbsp;finish_charging
<LI><a href="#[1ac]">&gt;&gt;</a>&nbsp;&nbsp;&nbsp;relay_on
</UL>
<BR>[Called By]<UL><LI><a href="#[69]">&gt;&gt;</a>&nbsp;&nbsp;&nbsp;do_work
</UL>

<P><STRONG><a name="[68]"></a>do_init</STRONG> (Thumb, 102 bytes, Stack size 32 bytes, sock_ctrl.o(.text))
<BR><BR>[Stack]<UL><LI>Max Depth = 128<LI>Call Chain = do_init &rArr; xQueueGenericCreate &rArr; pvPortMalloc &rArr; xTaskResumeAll &rArr; xTaskIncrementTick
</UL>
<BR>[Calls]<UL><LI><a href="#[169]">&gt;&gt;</a>&nbsp;&nbsp;&nbsp;xQueueGenericCreate
<LI><a href="#[193]">&gt;&gt;</a>&nbsp;&nbsp;&nbsp;__aeabi_memclr4
<LI><a href="#[1a9]">&gt;&gt;</a>&nbsp;&nbsp;&nbsp;relay_off
</UL>
<BR>[Address Reference Count : 1]<UL><LI> sock_ctrl.o(.data)
</UL>
<P><STRONG><a name="[69]"></a>do_work</STRONG> (Thumb, 98 bytes, Stack size 24 bytes, sock_ctrl.o(.text))
<BR><BR>[Stack]<UL><LI>Max Depth = 192<LI>Call Chain = do_work &rArr; process_orders &rArr; xQueueGenericReceive &rArr; prvUnlockQueue &rArr; xTaskRemoveFromEventList
</UL>
<BR>[Calls]<UL><LI><a href="#[112]">&gt;&gt;</a>&nbsp;&nbsp;&nbsp;xTaskGetTickCount
<LI><a href="#[1ab]">&gt;&gt;</a>&nbsp;&nbsp;&nbsp;process_orders
<LI><a href="#[1aa]">&gt;&gt;</a>&nbsp;&nbsp;&nbsp;safety_check
<LI><a href="#[1a9]">&gt;&gt;</a>&nbsp;&nbsp;&nbsp;relay_off
</UL>
<BR>[Address Reference Count : 1]<UL><LI> sock_ctrl.o(.data)
</UL>
<P><STRONG><a name="[6b]"></a>do_is_charging</STRONG> (Thumb, 32 bytes, Stack size 0 bytes, sock_ctrl.o(.text))
<BR>[Address Reference Count : 1]<UL><LI> sock_ctrl.o(.data)
</UL>
<P><STRONG><a name="[6c]"></a>do_get_state</STRONG> (Thumb, 24 bytes, Stack size 0 bytes, sock_ctrl.o(.text))
<BR>[Address Reference Count : 1]<UL><LI> sock_ctrl.o(.data)
</UL>
<P><STRONG><a name="[6a]"></a>do_send_order</STRONG> (Thumb, 68 bytes, Stack size 16 bytes, sock_ctrl.o(.text))
<BR><BR>[Stack]<UL><LI>Max Depth = 120<LI>Call Chain = do_send_order &rArr; xQueueGenericSend &rArr; prvUnlockQueue &rArr; xTaskRemoveFromEventList
</UL>
<BR>[Calls]<UL><LI><a href="#[16e]">&gt;&gt;</a>&nbsp;&nbsp;&nbsp;xQueueGenericSend
</UL>
<BR>[Address Reference Count : 1]<UL><LI> sock_ctrl.o(.data)
</UL>
<P><STRONG><a name="[6d]"></a>do_init</STRONG> (Thumb, 100 bytes, Stack size 32 bytes, calendar.o(.text))
<BR><BR>[Stack]<UL><LI>Max Depth = 32<LI>Call Chain = do_init
</UL>
<BR>[Address Reference Count : 1]<UL><LI> calendar.o(.data)
</UL>
<P><STRONG><a name="[6e]"></a>do_work</STRONG> (Thumb, 14 bytes, Stack size 0 bytes, calendar.o(.text))
<BR>[Address Reference Count : 1]<UL><LI> calendar.o(.data)
</UL>
<P><STRONG><a name="[6f]"></a>do_sync_by_str</STRONG> (Thumb, 358 bytes, Stack size 64 bytes, calendar.o(.text))
<BR><BR>[Stack]<UL><LI>Max Depth = 152<LI>Call Chain = do_sync_by_str &rArr; atol &rArr; strtol &rArr; _strtoul
</UL>
<BR>[Calls]<UL><LI><a href="#[195]">&gt;&gt;</a>&nbsp;&nbsp;&nbsp;strlen
<LI><a href="#[19d]">&gt;&gt;</a>&nbsp;&nbsp;&nbsp;atol
</UL>
<BR>[Address Reference Count : 1]<UL><LI> calendar.o(.data)
</UL>
<P><STRONG><a name="[70]"></a>do_get_dt</STRONG> (Thumb, 16 bytes, Stack size 0 bytes, calendar.o(.text))
<BR>[Address Reference Count : 1]<UL><LI> calendar.o(.data)
</UL>
<P><STRONG><a name="[71]"></a>do_set_dt</STRONG> (Thumb, 46 bytes, Stack size 16 bytes, calendar.o(.text))
<BR><BR>[Stack]<UL><LI>Max Depth = 16<LI>Call Chain = do_set_dt
</UL>
<BR>[Address Reference Count : 1]<UL><LI> calendar.o(.data)
</UL>
<P><STRONG><a name="[72]"></a>do_to_minutes</STRONG> (Thumb, 10 bytes, Stack size 0 bytes, calendar.o(.text))
<BR>[Address Reference Count : 1]<UL><LI> calendar.o(.data)
</UL>
<P><STRONG><a name="[73]"></a>do_get_time_segments</STRONG> (Thumb, 48 bytes, Stack size 12 bytes, calendar.o(.text))
<BR><BR>[Stack]<UL><LI>Max Depth = 12<LI>Call Chain = do_get_time_segments
</UL>
<BR>[Address Reference Count : 1]<UL><LI> calendar.o(.data)
</UL>
<P><STRONG><a name="[74]"></a>do_calculate_overlap</STRONG> (Thumb, 52 bytes, Stack size 16 bytes, calendar.o(.text))
<BR><BR>[Stack]<UL><LI>Max Depth = 16<LI>Call Chain = do_calculate_overlap
</UL>
<BR>[Address Reference Count : 1]<UL><LI> calendar.o(.data)
</UL>
<P><STRONG><a name="[75]"></a>do_datetime_to_minutes</STRONG> (Thumb, 178 bytes, Stack size 24 bytes, calendar.o(.text))
<BR><BR>[Stack]<UL><LI>Max Depth = 24<LI>Call Chain = do_datetime_to_minutes
</UL>
<BR>[Address Reference Count : 1]<UL><LI> calendar.o(.data)
</UL>
<P><STRONG><a name="[76]"></a>do_add_minutes</STRONG> (Thumb, 142 bytes, Stack size 20 bytes, calendar.o(.text))
<BR><BR>[Stack]<UL><LI>Max Depth = 20<LI>Call Chain = do_add_minutes
</UL>
<BR>[Address Reference Count : 1]<UL><LI> calendar.o(.data)
</UL>
<P><STRONG><a name="[77]"></a>do_parse_jfpg</STRONG> (Thumb, 324 bytes, Stack size 56 bytes, calendar.o(.text))
<BR><BR>[Stack]<UL><LI>Max Depth = 272<LI>Call Chain = do_parse_jfpg &rArr; __0sscanf &rArr; __vfscanf_char &rArr; __vfscanf &rArr; _scanf_int
</UL>
<BR>[Calls]<UL><LI><a href="#[10c]">&gt;&gt;</a>&nbsp;&nbsp;&nbsp;strchr
<LI><a href="#[1ad]">&gt;&gt;</a>&nbsp;&nbsp;&nbsp;__0sscanf
</UL>
<BR>[Address Reference Count : 1]<UL><LI> calendar.o(.data)
</UL>
<P><STRONG><a name="[78]"></a>do_get_slots</STRONG> (Thumb, 14 bytes, Stack size 0 bytes, calendar.o(.text))
<BR>[Address Reference Count : 1]<UL><LI> calendar.o(.data)
</UL>
<P><STRONG><a name="[1c8]"></a>_fp_digits</STRONG> (Thumb, 366 bytes, Stack size 64 bytes, printfa.o(i._fp_digits), UNUSED)
<BR><BR>[Calls]<UL><LI><a href="#[1b4]">&gt;&gt;</a>&nbsp;&nbsp;&nbsp;__aeabi_uldivmod
<LI><a href="#[1c0]">&gt;&gt;</a>&nbsp;&nbsp;&nbsp;__aeabi_dmul
<LI><a href="#[1c1]">&gt;&gt;</a>&nbsp;&nbsp;&nbsp;__aeabi_ddiv
<LI><a href="#[1ba]">&gt;&gt;</a>&nbsp;&nbsp;&nbsp;__aeabi_dadd
<LI><a href="#[1c2]">&gt;&gt;</a>&nbsp;&nbsp;&nbsp;__aeabi_d2ulz
<LI><a href="#[1c9]">&gt;&gt;</a>&nbsp;&nbsp;&nbsp;__aeabi_cdrcmple
</UL>
<BR>[Called By]<UL><LI><a href="#[1c5]">&gt;&gt;</a>&nbsp;&nbsp;&nbsp;_printf_core
</UL>

<P><STRONG><a name="[1c5]"></a>_printf_core</STRONG> (Thumb, 1704 bytes, Stack size 136 bytes, printfa.o(i._printf_core), UNUSED)
<BR><BR>[Calls]<UL><LI><a href="#[1b4]">&gt;&gt;</a>&nbsp;&nbsp;&nbsp;__aeabi_uldivmod
<LI><a href="#[1cc]">&gt;&gt;</a>&nbsp;&nbsp;&nbsp;__aeabi_uidivmod
<LI><a href="#[1ca]">&gt;&gt;</a>&nbsp;&nbsp;&nbsp;_printf_pre_padding
<LI><a href="#[1cb]">&gt;&gt;</a>&nbsp;&nbsp;&nbsp;_printf_post_padding
<LI><a href="#[1c8]">&gt;&gt;</a>&nbsp;&nbsp;&nbsp;_fp_digits
</UL>
<BR>[Called By]<UL><LI><a href="#[1c7]">&gt;&gt;</a>&nbsp;&nbsp;&nbsp;__0vsnprintf
<LI><a href="#[1c6]">&gt;&gt;</a>&nbsp;&nbsp;&nbsp;__0snprintf
<LI><a href="#[1c4]">&gt;&gt;</a>&nbsp;&nbsp;&nbsp;__0printf
</UL>

<P><STRONG><a name="[1cb]"></a>_printf_post_padding</STRONG> (Thumb, 36 bytes, Stack size 24 bytes, printfa.o(i._printf_post_padding), UNUSED)
<BR><BR>[Called By]<UL><LI><a href="#[1c5]">&gt;&gt;</a>&nbsp;&nbsp;&nbsp;_printf_core
</UL>

<P><STRONG><a name="[1ca]"></a>_printf_pre_padding</STRONG> (Thumb, 46 bytes, Stack size 24 bytes, printfa.o(i._printf_pre_padding), UNUSED)
<BR><BR>[Called By]<UL><LI><a href="#[1c5]">&gt;&gt;</a>&nbsp;&nbsp;&nbsp;_printf_core
</UL>

<P><STRONG><a name="[e4]"></a>_snputc</STRONG> (Thumb, 22 bytes, Stack size 0 bytes, printfa.o(i._snputc))
<BR>[Address Reference Count : 2]<UL><LI> printfa.o(i.__0snprintf)
<LI> printfa.o(i.__0vsnprintf)
</UL>
<P><STRONG><a name="[e1]"></a>_scanf_char_input</STRONG> (Thumb, 12 bytes, Stack size 0 bytes, scanf_char.o(.text))
<BR>[Address Reference Count : 1]<UL><LI> scanf_char.o(.text)
</UL><P>
<H3>
Undefined Global Symbols
</H3><HR></body></html>
