Component: ARM Compiler 5.06 update 7 (build 960) Tool: armlink [4d3601]

==============================================================================

Section Cross References

    main.o(.text) refers to system_swm320.o(.text) for SystemInit
    main.o(.text) refers to tasks.o(.text) for vTaskStartScheduler
    main.o(.text) refers to task_start.o(.data) for task_start
    io_config.o(.text) refers to printfa.o(i.__0printf) for __2printf
    io_config.o(.text) refers to swm320_port.o(.text) for PORT_Init
    io_config.o(.text) refers to swm320_gpio.o(.text) for GPIO_Init
    io_config.o(.text) refers to io_config.o(.constdata) for .constdata
    io_config.o(.constdata) refers to io_config.o(.conststring) for .conststring
    cmd_line.o(.text) refers to strchr.o(.text) for strchr
    cmd_line.o(.text) refers to printfa.o(i.__0printf) for __2printf
    cmd_line.o(.text) refers to swm320_flash.o(.text) for Flash_Param_at_xMHz
    cmd_line.o(.text) refers to strcmp.o(.text) for strcmp
    cmd_line.o(.text) refers to io_config.o(.text) for io_print_all
    cmd_line.o(.text) refers to tasks.o(.text) for xTaskGetTickCount
    cmd_line.o(.text) refers to memseta.o(.text) for __aeabi_memclr
    cmd_line.o(.text) refers to memcpya.o(.text) for __aeabi_memcpy
    cmd_line.o(.text) refers to cmd_line.o(.constdata) for .constdata
    cmd_line.o(.text) refers to drv_gpio.o(.data) for drv_gpio
    cmd_line.o(.text) refers to system_swm320.o(.data) for SystemCoreClock
    cmd_line.o(.text) refers to cmd_line.o(.data) for .data
    cmd_line.o(.text) refers to cmd_line.o(.bss) for .bss
    cmd_line.o(.text) refers to drv_uart0.o(.data) for uart0
    cmd_line.o(.constdata) refers to cmd_line.o(.conststring) for .conststring
    cmd_line.o(.constdata) refers to cmd_line.o(.text) for cmd_test
    led_board.o(.text) refers to memseta.o(.text) for __aeabi_memset
    led_board.o(.text) refers to led_board.o(.data) for .data
    led_board.o(.text) refers to drv_hc595.o(.data) for hc595_opt
    led_board.o(.text) refers to led_board.o(.bss) for .bss
    led_board.o(.text) refers to led_board.o(.constdata) for .constdata
    led_board.o(.data) refers to led_board.o(.text) for do_init
    led_board.o(.data) refers to led_board.o(.data) for m_led_board
    task_start.o(.text) refers to printfa.o(i.__0printf) for __2printf
    task_start.o(.text) refers to io_config.o(.text) for io_init_all
    task_start.o(.text) refers to swm320_flash.o(.text) for Flash_Param_at_xMHz
    task_start.o(.text) refers to tasks.o(.text) for vTaskDelay
    task_start.o(.text) refers to system_swm320.o(.data) for SystemCoreClock
    task_start.o(.text) refers to task_start.o(.conststring) for .conststring
    task_start.o(.text) refers to drv_uart0.o(.data) for uart0
    task_start.o(.text) refers to sysprt.o(.data) for sysprt
    task_start.o(.text) refers to drv_gpio.o(.data) for drv_gpio
    task_start.o(.text) refers to led_board.o(.data) for led_board
    task_start.o(.text) refers to drv_hlw8012.o(.data) for drv_hlw8012
    task_start.o(.text) refers to drv_fuse.o(.data) for drv_fuse
    task_start.o(.text) refers to flashdb.o(.data) for flashdb
    task_start.o(.text) refers to drv_uart1.o(.data) for uart1
    task_start.o(.text) refers to air_man.o(.data) for air_man
    task_start.o(.text) refers to air_man.o(.data) for air724
    task_start.o(.text) refers to net_man.o(.data) for net_man
    task_start.o(.text) refers to task_host.o(.data) for task_host
    task_start.o(.text) refers to task_listen.o(.data) for task_listen
    task_start.o(.text) refers to task_ctrl.o(.data) for task_ctrl
    task_start.o(.text) refers to task_start.o(.data) for .data
    task_start.o(.data) refers to task_start.o(.data) for handle
    task_start.o(.data) refers to task_start.o(.conststring) for .conststring
    task_start.o(.data) refers to task_start.o(.text) for create
    task_start.o(.data) refers to task_start.o(.data) for m_task_body
    task_start.o(.data) refers to task_start.o(.data) for m_task_body
    task_host.o(.text) refers to tasks.o(.text) for xTaskGetTickCount
    task_host.o(.text) refers to cmd_line.o(.text) for cmd_line_work
    task_host.o(.text) refers to sysprt.o(.data) for sysprt
    task_host.o(.text) refers to led_board.o(.data) for led_board
    task_host.o(.text) refers to drv_gpio.o(.data) for drv_gpio
    task_host.o(.text) refers to task_host.o(.data) for .data
    task_host.o(.data) refers to task_host.o(.data) for handle
    task_host.o(.data) refers to task_host.o(.conststring) for .conststring
    task_host.o(.data) refers to task_host.o(.text) for create
    task_host.o(.data) refers to task_host.o(.data) for m_task_body
    task_host.o(.data) refers to task_host.o(.data) for m_task_body
    task_ctrl.o(.text) refers to tasks.o(.text) for vTaskDelay
    task_ctrl.o(.text) refers to sysprt.o(.data) for sysprt
    task_ctrl.o(.text) refers to calendar.o(.data) for calendar
[...]
    .text                                    0x00019d6e   Section        0  llushr.o(.text)
    .text                                    0x00019d8e   Section        0  llsshr.o(.text)
    .text                                    0x00019db4   Section        0  ctype_o.o(.text)
    .text                                    0x00019dbc   Section        0  isspace_o.o(.text)
    .text                                    0x00019dd0   Section        0  _scanf.o(.text)
    .text                                    0x0001a100   Section        0  _strtoul.o(.text)
    .text                                    0x0001a19e   Section        0  depilogue.o(.text)
    .text                                    0x0001a258   Section        0  __dczerorl2.o(.text)
    i.__0printf                              0x0001a2b0   Section        0  printfa.o(i.__0printf)
    i.__0snprintf                            0x0001a2d0   Section        0  printfa.o(i.__0snprintf)
    i.__0vsnprintf                           0x0001a304   Section        0  printfa.o(i.__0vsnprintf)
    i.__aeabi_errno_addr                     0x0001a338   Section        0  errno.o(i.__aeabi_errno_addr)
    i.__scatterload_copy                     0x0001a340   Section       14  handlers.o(i.__scatterload_copy)
    i.__scatterload_null                     0x0001a34e   Section        2  handlers.o(i.__scatterload_null)
    i.__scatterload_zeroinit                 0x0001a350   Section       14  handlers.o(i.__scatterload_zeroinit)
    i._fp_digits                             0x0001a360   Section        0  printfa.o(i._fp_digits)
    _fp_digits                               0x0001a361   Thumb Code   366  printfa.o(i._fp_digits)
    i._printf_core                           0x0001a4e4   Section        0  printfa.o(i._printf_core)
    _printf_core                             0x0001a4e5   Thumb Code  1704  printfa.o(i._printf_core)
    i._printf_post_padding                   0x0001ab98   Section        0  printfa.o(i._printf_post_padding)
    _printf_post_padding                     0x0001ab99   Thumb Code    36  printfa.o(i._printf_post_padding)
    i._printf_pre_padding                    0x0001abbc   Section        0  printfa.o(i._printf_pre_padding)
    _printf_pre_padding                      0x0001abbd   Thumb Code    46  printfa.o(i._printf_pre_padding)
    i._snputc                                0x0001abea   Section        0  printfa.o(i._snputc)
    _snputc                                  0x0001abeb   Thumb Code    22  printfa.o(i._snputc)
    .constdata                               0x0001ac00   Section      168  io_config.o(.constdata)
    .constdata                               0x0001aca8   Section       81  cmd_line.o(.constdata)
    cmd_list                                 0x0001aca8   Data          72  cmd_line.o(.constdata)
    __func__                                 0x0001acf0   Data           9  cmd_line.o(.constdata)
    .constdata                               0x0001acf9   Section       14  led_board.o(.constdata)
    sock_led_map                             0x0001acf9   Data          14  led_board.o(.constdata)
    .constdata                               0x0001ad08   Section        8  drv_hlw8012.o(.constdata)
    pin_map                                  0x0001ad08   Data           8  drv_hlw8012.o(.constdata)
    .constdata                               0x0001ad10   Section       52  swm320_rtc.o(.constdata)
    .constdata                               0x0001ad44   Section       96  flashdb.o(.constdata)
    default_storage                          0x0001ad44   Data          96  flashdb.o(.constdata)
    .constdata                               0x0001ada4   Section       20  at_dev.o(.constdata)
    baud_list                                0x0001ada4   Data          20  at_dev.o(.constdata)
    .constdata                               0x0001adb8   Section       68  message.o(.constdata)
    g_cmd_handlers                           0x0001adb8   Data          68  message.o(.constdata)
    .constdata                               0x0001adfc   Section      129  ctype_o.o(.constdata)
    .constdata                               0x0001ae80   Section        4  ctype_o.o(.constdata)
    table                                    0x0001ae80   Data           4  ctype_o.o(.constdata)
    .conststring                             0x0001ae84   Section       55  io_config.o(.conststring)
    .conststring                             0x0001aebc   Section       58  cmd_line.o(.conststring)
    .conststring                             0x0001aef8   Section       25  task_start.o(.conststring)
    .conststring                             0x0001af14   Section       69  task_start.o(.conststring)
    .conststring                             0x0001af5c   Section       25  task_host.o(.conststring)
    .conststring                             0x0001af78   Section       25  task_ctrl.o(.conststring)
    .conststring                             0x0001af94   Section       25  task_listen.o(.conststring)
    .conststring                             0x0001afb0   Section      253  drvp_gpio.o(.conststring)
    .conststring                             0x0001b0b0   Section      121  message.o(.conststring)
    .data                                    0x20000000   Section        8  cmd_line.o(.data)
    cmd_len                                  0x20000000   Data           4  cmd_line.o(.data)
    sta                                      0x20000004   Data           4  cmd_line.o(.data)
    .data                                    0x20000008   Section       20  led_board.o(.data)
    m_led_board                              0x20000008   Data          20  led_board.o(.data)
    .data                                    0x2000001c   Section        4  led_board.o(.data)
    .data                                    0x20000020   Section       12  led_board.o(.data)
    disp                                     0x20000020   Data           2  led_board.o(.data)
    sock_mode                                0x20000022   Data           2  led_board.o(.data)
    sock_pos                                 0x20000024   Data           2  led_board.o(.data)
    work_tick                                0x20000028   Data           4  led_board.o(.data)
    .data                                    0x2000002c   Section       36  task_start.o(.data)
    m_task_body                              0x2000002c   Data          36  task_start.o(.data)
    .data                                    0x20000050   Section        8  task_start.o(.data)
    task_body                                0x20000050   Data           4  task_start.o(.data)
    ready_printed                            0x20000054   Data           4  task_start.o(.data)
    .data                                    0x20000058   Section        4  task_start.o(.data)
    .data                                    0x2000005c   Section        4  task_start.o(.data)
    handle                                   0x2000005c   Data           4  task_start.o(.data)
    .data                                    0x20000060   Section       36  task_host.o(.data)
    m_task_body                              0x20000060   Data          36  task_host.o(.data)
    .data                                    0x20000084   Section        4  task_host.o(.data)
    task_body                                0x20000084   Data           4  task_host.o(.data)
    .data                                    0x20000088   Section        4  task_host.o(.data)
    .data                                    0x2000008c   Section        4  task_host.o(.data)
    handle                                   0x2000008c   Data           4  task_host.o(.data)
    .data                                    0x20000090   Section       36  task_ctrl.o(.data)
    m_task_body                              0x20000090   Data          36  task_ctrl.o(.data)
    .data                                    0x200000b4   Section        4  task_ctrl.o(.data)
    task_body                                0x200000b4   Data           4  task_ctrl.o(.data)
    .data                                    0x200000b8   Section        4  task_ctrl.o(.data)
    .data                                    0x200000bc   Section        4  task_ctrl.o(.data)
    handle                                   0x200000bc   Data           4  task_ctrl.o(.data)
    .data                                    0x200000c0   Section       36  task_listen.o(.data)
    m_task_body                              0x200000c0   Data          36  task_listen.o(.data)
    .data                                    0x200000e4   Section        4  task_listen.o(.data)
    task_body                                0x200000e4   Data           4  task_listen.o(.data)
    .data                                    0x200000e8   Section        4  task_listen.o(.data)
    .data                                    0x200000ec   Section        4  task_listen.o(.data)
    handle                                   0x200000ec   Data           4  task_listen.o(.data)
    .data                                    0x200000f0   Section       12  drv_uart0.o(.data)
    g_uart0_rx                               0x200000f0   Data           4  drv_uart0.o(.data)
    g_uart0_tx                               0x200000f4   Data           4  drv_uart0.o(.data)
    tx_running                               0x200000f8   Data           4  drv_uart0.o(.data)
    .data                                    0x200000fc   Section       20  drv_uart0.o(.data)
    m_uart0                                  0x200000fc   Data          20  drv_uart0.o(.data)
    .data                                    0x20000110   Section        4  drv_uart0.o(.data)
    .data                                    0x20000114   Section       24  drv_gpio.o(.data)
    m_drv_gpio                               0x20000114   Data          24  drv_gpio.o(.data)
    .data                                    0x2000012c   Section        4  drv_gpio.o(.data)
    .data                                    0x20000130   Section       16  drv_loop.o(.data)
    m_loop                                   0x20000130   Data          16  drv_loop.o(.data)
    .data                                    0x20000140   Section        4  drv_loop.o(.data)
    .data                                    0x20000144   Section       12  drv_hc595.o(.data)
    m_hc595_opt                              0x20000144   Data          12  drv_hc595.o(.data)
    .data                                    0x20000150   Section        4  drv_hc595.o(.data)
    .data                                    0x20000154   Section       20  drv_hlw8012.o(.data)
    m_drv_hlw8012                            0x20000154   Data          20  drv_hlw8012.o(.data)
    .data                                    0x20000168   Section        4  drv_hlw8012.o(.data)
    .data                                    0x2000016c   Section       40  drv_hlw8012.o(.data)
    otick_cyc                                0x2000016c   Data           4  drv_hlw8012.o(.data)
    min_cntr                                 0x20000170   Data           4  drv_hlw8012.o(.data)
    min_pulse                                0x20000174   Data           8  drv_hlw8012.o(.data)
    pulse                                    0x2000017c   Data           8  drv_hlw8012.o(.data)
    last_tick                                0x20000184   Data           8  drv_hlw8012.o(.data)
    isr_arg                                  0x2000018c   Data           8  drv_hlw8012.o(.data)
    .data                                    0x20000194   Section       24  drv_fuse.o(.data)
    sta                                      0x20000194   Data           1  drv_fuse.o(.data)
    fuse_err                                 0x20000198   Data           4  drv_fuse.o(.data)
    otick                                    0x2000019c   Data           4  drv_fuse.o(.data)
    otick_sec                                0x200001a0   Data           4  drv_fuse.o(.data)
    pulse                                    0x200001a4   Data           4  drv_fuse.o(.data)
    init_done                                0x200001a8   Data           4  drv_fuse.o(.data)
    .data                                    0x200001ac   Section       12  drv_fuse.o(.data)
    m_drv_fuse                               0x200001ac   Data          12  drv_fuse.o(.data)
    .data                                    0x200001b8   Section        4  drv_fuse.o(.data)
    .data                                    0x200001bc   Section       12  drv_uart1.o(.data)
    g_uart1_rx                               0x200001bc   Data           4  drv_uart1.o(.data)
    g_uart1_tx                               0x200001c0   Data           4  drv_uart1.o(.data)
    tx1_running                              0x200001c4   Data           4  drv_uart1.o(.data)
    .data                                    0x200001c8   Section       20  drv_uart1.o(.data)
    m_uart1                                  0x200001c8   Data          20  drv_uart1.o(.data)
    .data                                    0x200001dc   Section        4  drv_uart1.o(.data)
    .data                                    0x200001e0   Section     2080  drvp_gpio.o(.data)
    swm32_pin_map                            0x200001e0   Data        2080  drvp_gpio.o(.data)
    .data                                    0x20000a00   Section       24  drvp_gpio.o(.data)
    m_drvp_gpio                              0x20000a00   Data          24  drvp_gpio.o(.data)
    .data                                    0x20000a18   Section        4  drvp_gpio.o(.data)
    .data                                    0x20000a1c   Section        8  drvp_uart0.o(.data)
    rx_callback                              0x20000a1c   Data           4  drvp_uart0.o(.data)
    tx_callback                              0x20000a20   Data           4  drvp_uart0.o(.data)
    .data                                    0x20000a24   Section       40  drvp_uart0.o(.data)
    m_drvp_uart0                             0x20000a24   Data          40  drvp_uart0.o(.data)
    .data                                    0x20000a4c   Section        4  drvp_uart0.o(.data)
    .data                                    0x20000a50   Section        8  drvp_uart1.o(.data)
    rx1_callback                             0x20000a50   Data           4  drvp_uart1.o(.data)
    tx1_callback                             0x20000a54   Data           4  drvp_uart1.o(.data)
    .data                                    0x20000a58   Section       40  drvp_uart1.o(.data)
    m_drvp_uart1                             0x20000a58   Data          40  drvp_uart1.o(.data)
    .data                                    0x20000a80   Section        4  drvp_uart1.o(.data)
    .data                                    0x20000a84   Section       16  drvp_rtc.o(.data)
    m_drvp_rtc                               0x20000a84   Data          16  drvp_rtc.o(.data)
    .data                                    0x20000a94   Section        4  drvp_rtc.o(.data)
    .data                                    0x20000a98   Section        8  drvp_rtc.o(.data)
    .data                                    0x20000aa0   Section       60  tasks.o(.data)
    uxDeletedTasksWaitingCleanUp             0x20000aa4   Data           4  tasks.o(.data)
    uxCurrentNumberOfTasks                   0x20000aa8   Data           4  tasks.o(.data)
    xTickCount                               0x20000aac   Data           4  tasks.o(.data)
    uxTopReadyPriority                       0x20000ab0   Data           4  tasks.o(.data)
    xSchedulerRunning                        0x20000ab4   Data           4  tasks.o(.data)
    uxPendedTicks                            0x20000ab8   Data           4  tasks.o(.data)
    xYieldPending                            0x20000abc   Data           4  tasks.o(.data)
    xNumOfOverflows                          0x20000ac0   Data           4  tasks.o(.data)
    uxTaskNumber                             0x20000ac4   Data           4  tasks.o(.data)
    xNextTaskUnblockTime                     0x20000ac8   Data           4  tasks.o(.data)
    xIdleTaskHandle                          0x20000acc   Data           4  tasks.o(.data)
    uxSchedulerSuspended                     0x20000ad0   Data           4  tasks.o(.data)
    pxDelayedTaskList                        0x20000ad4   Data           4  tasks.o(.data)
    pxOverflowDelayedTaskList                0x20000ad8   Data           4  tasks.o(.data)
    .data                                    0x20000adc   Section        4  port.o(.data)
    uxCriticalNesting                        0x20000adc   Data           4  port.o(.data)
    .data                                    0x20000ae0   Section       24  heap_4.o(.data)
    pxEnd                                    0x20000ae0   Data           4  heap_4.o(.data)
    xFreeBytesRemaining                      0x20000ae4   Data           4  heap_4.o(.data)
    xMinimumEverFreeBytesRemaining           0x20000ae8   Data           4  heap_4.o(.data)
    xBlockAllocatedBit                       0x20000aec   Data           4  heap_4.o(.data)
    xStart                                   0x20000af0   Data           8  heap_4.o(.data)
    .data                                    0x20000af8   Section       16  swm320_flash.o(.data)
    .data                                    0x20000b08   Section        8  system_swm320.o(.data)
    .data                                    0x20000b10   Section        4  sysprt.o(.data)
    g_prt_mq                                 0x20000b10   Data           4  sysprt.o(.data)
    .data                                    0x20000b14   Section       32  sysprt.o(.data)
    m_sysprt                                 0x20000b14   Data          32  sysprt.o(.data)
    .data                                    0x20000b34   Section        4  sysprt.o(.data)
    .data                                    0x20000b38   Section       16  flashdb.o(.data)
    m_flashdb                                0x20000b38   Data          16  flashdb.o(.data)
    .data                                    0x20000b48   Section        4  flashdb.o(.data)
    .data                                    0x20000b4c   Section       20  at_dev.o(.data)
    m_at_man                                 0x20000b4c   Data          20  at_dev.o(.data)
    .data                                    0x20000b60   Section        4  at_dev.o(.data)
    .data                                    0x20000b64   Section       20  air_man.o(.data)
    m_air_man                                0x20000b64   Data          20  air_man.o(.data)
    .data                                    0x20000b78   Section        4  air_man.o(.data)
    .data                                    0x20000b7c   Section        4  air_man.o(.data)
    .data                                    0x20000b80   Section       12  net_man.o(.data)
    g_phase                                  0x20000b80   Data           4  net_man.o(.data)
    g_step                                   0x20000b84   Data           4  net_man.o(.data)
    g_reconnect                              0x20000b88   Data           4  net_man.o(.data)
    .data                                    0x20000b8c   Section       20  net_man.o(.data)
    m_net_man                                0x20000b8c   Data          20  net_man.o(.data)
    .data                                    0x20000ba0   Section        4  net_man.o(.data)
    .data                                    0x20000ba4   Section       96  message.o(.data)
    g_dev                                    0x20000bac   Data           4  message.o(.data)
    g_linelen                                0x20000bb0   Data           4  message.o(.data)
    g_logon_ok                               0x20000bb4   Data           4  message.o(.data)
    g_last_ping_tick                         0x20000bb8   Data           4  message.o(.data)
    g_last_recv_tick                         0x20000bbc   Data           4  message.o(.data)
    g_cmd_names                              0x20000bc0   Data          68  message.o(.data)
    .data                                    0x20000c04   Section       28  message.o(.data)
    m_msg_man                                0x20000c04   Data          28  message.o(.data)
    .data                                    0x20000c20   Section        4  sock_ctrl.o(.data)
    g_order_queue                            0x20000c20   Data           4  sock_ctrl.o(.data)
    .data                                    0x20000c24   Section       20  sock_ctrl.o(.data)
    m_sock_ctrl                              0x20000c24   Data          20  sock_ctrl.o(.data)
    .data                                    0x20000c38   Section        4  sock_ctrl.o(.data)
    .data                                    0x20000c3c   Section       12  calendar.o(.data)
    g_slot_count                             0x20000c3c   Data           4  calendar.o(.data)
    g_cached_dt                              0x20000c40   Data           8  calendar.o(.data)
    .data                                    0x20000c48   Section       48  calendar.o(.data)
    m_calendar                               0x20000c48   Data          48  calendar.o(.data)
    .data                                    0x20000c78   Section        4  calendar.o(.data)
    .data                                    0x20000c7c   Section        4  stdout.o(.data)
    .data                                    0x20000c80   Section        4  errno.o(.data)
    _errno                                   0x20000c80   Data           4  errno.o(.data)
    .bss                                     0x20000c84   Section      128  cmd_line.o(.bss)
    cmd_buf                                  0x20000c84   Data         128  cmd_line.o(.bss)
    .bss                                     0x20000d04   Section       12  led_board.o(.bss)
    g_led_bus                                0x20000d04   Data          12  led_board.o(.bss)
    .bss                                     0x20000d10   Section      360  drvp_gpio.o(.bss)
    gpio_index                               0x20000d10   Data         336  drvp_gpio.o(.bss)
    init_done                                0x20000e60   Data          24  drvp_gpio.o(.bss)
    .bss                                     0x20000e78   Section      200  tasks.o(.bss)
    pxReadyTasksLists                        0x20000e78   Data         100  tasks.o(.bss)
    xDelayedTaskList1                        0x20000edc   Data          20  tasks.o(.bss)
    xDelayedTaskList2                        0x20000ef0   Data          20  tasks.o(.bss)
    xPendingReadyList                        0x20000f04   Data          20  tasks.o(.bss)
    xTasksWaitingTermination                 0x20000f18   Data          20  tasks.o(.bss)
    xSuspendedTaskList                       0x20000f2c   Data          20  tasks.o(.bss)
    .bss                                     0x20000f40   Section    92160  heap_4.o(.bss)
    ucHeap                                   0x20000f40   Data       92160  heap_4.o(.bss)
    .bss                                     0x20017740   Section       96  flashdb.o(.bss)
    g_storage                                0x20017740   Data          96  flashdb.o(.bss)
    .bss                                     0x200177a0   Section     1544  message.o(.bss)
    g_linebuf                                0x200177a0   Data        1024  message.o(.bss)
    g_pool                                   0x20017ba0   Data         520  message.o(.bss)
    .bss                                     0x20017da8   Section       96  sock_ctrl.o(.bss)
    g_sock                                   0x20017da8   Data          96  sock_ctrl.o(.bss)
    .bss                                     0x20017e08   Section      288  calendar.o(.bss)
    g_slots                                  0x20017e08   Data         288  calendar.o(.bss)
    STACK                                    0x20017f28   Section     4096  startup_swm320.o(STACK)

    Global Symbols

    Symbol Name                              Value     Ov Type        Size  Object(Section)

    BuildAttributes$$THM_ISAv4$E$P$D$K$B$S$7EM$PE$A:L22UL41UL21$X:L11$S22US41US21$IEEE1$IW$USESV6$~STKCKD$USESV7$~SHL$OSPACE$ROPI$EBA8$MICROLIB$REQ8$PRES8$EABIv2 0x00000000   Number         0  anon$$obj.o ABSOLUTE
    __ARM_use_no_argv                        0x00000000   Number         0  main.o ABSOLUTE
    _printf_a                                0x00000000   Number         0  stubs.o ABSOLUTE
    _printf_c                                0x00000000   Number         0  stubs.o ABSOLUTE
    _printf_charcount                        0x00000000   Number         0  stubs.o ABSOLUTE
    _printf_d                                0x00000000   Number         0  stubs.o ABSOLUTE
    _printf_e                                0x00000000   Number         0  stubs.o ABSOLUTE
    _printf_f                                0x00000000   Number         0  stubs.o ABSOLUTE
    _printf_flags                            0x00000000   Number         0  stubs.o ABSOLUTE
    _printf_fp_dec                           0x00000000   Number         0  stubs.o ABSOLUTE
    _printf_fp_hex                           0x00000000   Number         0  stubs.o ABSOLUTE
    _printf_g                                0x00000000   Number         0  stubs.o ABSOLUTE
    _printf_i                                0x00000000   Number         0  stubs.o ABSOLUTE
    _printf_int_dec                          0x00000000   Number         0  stubs.o ABSOLUTE
    _printf_l                                0x00000000   Number         0  stubs.o ABSOLUTE
    _printf_lc                               0x00000000   Number         0  stubs.o ABSOLUTE
    _printf_ll                               0x00000000   Number         0  stubs.o ABSOLUTE
    _printf_lld                              0x00000000   Number         0  stubs.o ABSOLUTE
    _printf_lli                              0x00000000   Number         0  stubs.o ABSOLUTE
    _printf_llo                              0x00000000   Number         0  stubs.o ABSOLUTE
    _printf_llu                              0x00000000   Number         0  stubs.o ABSOLUTE
    _printf_llx                              0x00000000   Number         0  stubs.o ABSOLUTE
    _printf_longlong_dec                     0x00000000   Number         0  stubs.o ABSOLUTE
    _printf_longlong_hex                     0x00000000   Number         0  stubs.o ABSOLUTE
    _printf_longlong_oct                     0x00000000   Number         0  stubs.o ABSOLUTE
    _printf_ls                               0x00000000   Number         0  stubs.o ABSOLUTE
    _printf_mbtowc                           0x00000000   Number         0  stubs.o ABSOLUTE
    _printf_n                                0x00000000   Number         0  stubs.o ABSOLUTE
    _printf_o                                0x00000000   Number         0  stubs.o ABSOLUTE
    _printf_p                                0x00000000   Number         0  stubs.o ABSOLUTE
    _printf_percent                          0x00000000   Number         0  stubs.o ABSOLUTE
    _printf_pre_padding                      0x00000000   Number         0  stubs.o ABSOLUTE
    _printf_return_value                     0x00000000   Number         0  stubs.o ABSOLUTE
    _printf_s                                0x00000000   Number         0  stubs.o ABSOLUTE
    _printf_sizespec                         0x00000000   Number         0  stubs.o ABSOLUTE
    _printf_str                              0x00000000   Number         0  stubs.o ABSOLUTE
    _printf_truncate_signed                  0x00000000   Number         0  stubs.o ABSOLUTE
    _printf_truncate_unsigned                0x00000000   Number         0  stubs.o ABSOLUTE
    _printf_u                                0x00000000   Number         0  stubs.o ABSOLUTE
    _printf_wc                               0x00000000   Number         0  stubs.o ABSOLUTE
    _printf_wctomb                           0x00000000   Number         0  stubs.o ABSOLUTE
    _printf_widthprec                        0x00000000   Number         0  stubs.o ABSOLUTE
    _printf_x                                0x00000000   Number         0  stubs.o ABSOLUTE
    __arm_fini_                               - Undefined Weak Reference
    __cpp_initialize__aeabi_                  - Undefined Weak Reference
    __cxa_finalize                            - Undefined Weak Reference
    _clock_init                               - Undefined Weak Reference
    _microlib_exit                            - Undefined Weak Reference
    _scanf_longlong                           - Undefined Weak Reference
    _scanf_real                               - Undefined Weak Reference
    _scanf_string                             - Undefined Weak Reference
    __Vectors_Size                           0x00000148   Number         0  startup_swm320.o ABSOLUTE
    __Vectors                                0x00011800   Data           4  startup_swm320.o(RESET)
    __Vectors_End                            0x00011948   Data           0  startup_swm320.o(RESET)
    __main                                   0x00011949   Thumb Code     0  entry.o(.ARM.Collect$$$$00000000)
    _main_stk                                0x00011949   Thumb Code     0  entry2.o(.ARM.Collect$$$$00000001)
    _main_scatterload                        0x0001194d   Thumb Code     0  entry5.o(.ARM.Collect$$$$00000004)
    __main_after_scatterload                 0x00011951   Thumb Code     0  entry5.o(.ARM.Collect$$$$00000004)
    _main_clock                              0x00011951   Thumb Code     0  entry7b.o(.ARM.Collect$$$$00000008)
    _main_cpp_init                           0x00011951   Thumb Code     0  entry8b.o(.ARM.Collect$$$$0000000A)
    _main_init                               0x00011951   Thumb Code     0  entry9a.o(.ARM.Collect$$$$0000000B)
    __rt_lib_shutdown_fini                   0x00011959   Thumb Code     0  entry12b.o(.ARM.Collect$$$$0000000E)
    __rt_final_cpp                           0x0001195d   Thumb Code     0  entry10a.o(.ARM.Collect$$$$0000000F)
    __rt_final_exit                          0x0001195d   Thumb Code     0  entry11a.o(.ARM.Collect$$$$00000011)
    SVC_Handler                              0x00011961   Thumb Code    32  port.o(.emb_text)
    __asm___6_port_c_39a90d8d__prvStartFirstTask 0x00011985   Thumb Code    28  port.o(.emb_text)
    PendSV_Handler                           0x000119a5   Thumb Code    72  port.o(.emb_text)
    vPortGetIPSR                             0x000119f1   Thumb Code     6  port.o(.emb_text)
    main                                     0x000119f9   Thumb Code    30  main.o(.text)
    io_init_all                              0x00011a21   Thumb Code   112  io_config.o(.text)
    io_print_all                             0x00011a91   Thumb Code    48  io_config.o(.text)
    cmd_line_work                            0x00011d8d   Thumb Code   258  cmd_line.o(.text)
    fputc                                    0x00012ad1   Thumb Code    14  drv_uart0.o(.text)
    GPIOA_Handler                            0x00013381   Thumb Code     4  drvp_gpio.o(.text)
    GPIOB_Handler                            0x00013385   Thumb Code     4  drvp_gpio.o(.text)
    GPIOC_Handler                            0x00013389   Thumb Code     4  drvp_gpio.o(.text)
    GPIOM_Handler                            0x0001338d   Thumb Code     4  drvp_gpio.o(.text)
    GPION_Handler                            0x00013391   Thumb Code     4  drvp_gpio.o(.text)
    GPIOP_Handler                            0x00013395   Thumb Code     4  drvp_gpio.o(.text)
    UART0_Handler                            0x00013479   Thumb Code   144  drvp_uart0.o(.text)
    UART1_Handler                            0x000135d7   Thumb Code   144  drvp_uart1.o(.text)
    RTC_Handler                              0x000136c1   Thumb Code    56  drvp_rtc.o(.text)
    xTaskCreate                              0x00013845   Thumb Code    96  tasks.o(.text)
    vTaskDelete                              0x000138d7   Thumb Code   138  tasks.o(.text)
    xTaskIncrementTick                       0x00013961   Thumb Code   174  tasks.o(.text)
    xTaskResumeAll                           0x00013a0f   Thumb Code   168  tasks.o(.text)
    vTaskSuspendAll                          0x00013b2d   Thumb Code    10  tasks.o(.text)
    vTaskDelayUntil                          0x00013b37   Thumb Code    84  tasks.o(.text)
    vTaskDelay                               0x00013b8b   Thumb Code    48  tasks.o(.text)
    uxTaskPriorityGet                        0x00013bbb   Thumb Code    24  tasks.o(.text)
    uxTaskPriorityGetFromISR                 0x00013bd3   Thumb Code    34  tasks.o(.text)
    vTaskPrioritySet                         0x00013bf5   Thumb Code   172  tasks.o(.text)
    vTaskSwitchContext                       0x00013ca1   Thumb Code    64  tasks.o(.text)
    vTaskSuspend                             0x00013ce1   Thumb Code   140  tasks.o(.text)
    vTaskResume                              0x00013d8b   Thumb Code    98  tasks.o(.text)
    xTaskResumeFromISR                       0x00013ded   Thumb Code   108  tasks.o(.text)
    vTaskStartScheduler                      0x00013ec3   Thumb Code    66  tasks.o(.text)
    vTaskEndScheduler                        0x00013f05   Thumb Code    48  tasks.o(.text)
    xTaskGetTickCount                        0x00013f35   Thumb Code     6  tasks.o(.text)
    xTaskGetTickCountFromISR                 0x00013f3b   Thumb Code     6  tasks.o(.text)
    uxTaskGetNumberOfTasks                   0x00013f41   Thumb Code     6  tasks.o(.text)
    pcTaskGetName                            0x00013f47   Thumb Code    12  tasks.o(.text)
    vTaskPlaceOnEventList                    0x00013f53   Thumb Code    24  tasks.o(.text)
    vTaskPlaceOnUnorderedEventList           0x00013f6b   Thumb Code    32  tasks.o(.text)
    xTaskRemoveFromEventList                 0x00013f8b   Thumb Code    92  tasks.o(.text)
    xTaskRemoveFromUnorderedEventList        0x00013fe7   Thumb Code    74  tasks.o(.text)
    vTaskSetTimeOutState                     0x00014031   Thumb Code    12  tasks.o(.text)
    xTaskCheckForTimeOut                     0x0001403d   Thumb Code    74  tasks.o(.text)
    vTaskMissedYield                         0x00014087   Thumb Code     8  tasks.o(.text)
    xTaskGetCurrentTaskHandle                0x0001408f   Thumb Code     6  tasks.o(.text)
    vTaskPriorityInherit                     0x00014095   Thumb Code   128  tasks.o(.text)
    xTaskPriorityDisinherit                  0x00014115   Thumb Code   104  tasks.o(.text)
    uxTaskResetEventItemValue                0x0001417d   Thumb Code    20  tasks.o(.text)
    pvTaskIncrementMutexHeldCount            0x00014191   Thumb Code    20  tasks.o(.text)
    ulTaskNotifyTake                         0x000141a5   Thumb Code    96  tasks.o(.text)
    xTaskNotifyWait                          0x00014205   Thumb Code   134  tasks.o(.text)
    xTaskGenericNotify                       0x0001428b   Thumb Code   170  tasks.o(.text)
    xTaskGenericNotifyFromISR                0x00014335   Thumb Code   192  tasks.o(.text)
    vTaskNotifyGiveFromISR                   0x000143f5   Thumb Code   132  tasks.o(.text)
    xTaskNotifyStateClear                    0x00014479   Thumb Code    46  tasks.o(.text)
    xQueueGenericReset                       0x000144b1   Thumb Code   114  queue.o(.text)
    xQueueGenericCreate                      0x00014539   Thumb Code    50  queue.o(.text)
    xQueueGenericSend                        0x00014661   Thumb Code   244  queue.o(.text)
    xQueueCreateMutex                        0x0001476b   Thumb Code    24  queue.o(.text)
    xQueueGenericSendFromISR                 0x00014783   Thumb Code   100  queue.o(.text)
    xQueueGiveFromISR                        0x000147e7   Thumb Code    86  queue.o(.text)
    xQueueGenericReceive                     0x0001487f   Thumb Code   316  queue.o(.text)
    xQueueReceiveFromISR                     0x000149bb   Thumb Code   100  queue.o(.text)
    xQueuePeekFromISR                        0x00014a1f   Thumb Code    50  queue.o(.text)
    uxQueueMessagesWaiting                   0x00014a51   Thumb Code    18  queue.o(.text)
    uxQueueSpacesAvailable                   0x00014a63   Thumb Code    22  queue.o(.text)
    uxQueueMessagesWaitingFromISR            0x00014a79   Thumb Code     4  queue.o(.text)
    vQueueDelete                             0x00014a7d   Thumb Code     4  queue.o(.text)
    xQueueIsQueueEmptyFromISR                0x00014a81   Thumb Code    14  queue.o(.text)
    xQueueIsQueueFullFromISR                 0x00014a8f   Thumb Code    16  queue.o(.text)
    vListInitialise                          0x00014a9f   Thumb Code    22  list.o(.text)
    vListInitialiseItem                      0x00014ab5   Thumb Code     6  list.o(.text)
    vListInsertEnd                           0x00014abb   Thumb Code    24  list.o(.text)
    vListInsert                              0x00014ad3   Thumb Code    48  list.o(.text)
    uxListRemove                             0x00014b03   Thumb Code    36  list.o(.text)
    pxPortInitialiseStack                    0x00014b39   Thumb Code    24  port.o(.text)
    vPortSetupTimerInterrupt                 0x00014b51   Thumb Code    14  port.o(.text)
    xPortStartScheduler                      0x00014b5f   Thumb Code    38  port.o(.text)
    vPortEndScheduler                        0x00014b85   Thumb Code     2  port.o(.text)
    vPortEnterCritical                       0x00014b87   Thumb Code    24  port.o(.text)
    vPortExitCritical                        0x00014b9f   Thumb Code    18  port.o(.text)
    SysTick_Handler                          0x00014bb1   Thumb Code    40  port.o(.text)
    pvPortMalloc                             0x00014c7b   Thumb Code   148  heap_4.o(.text)
    vPortFree                                0x00014d0f   Thumb Code    60  heap_4.o(.text)
    xPortGetFreeHeapSize                     0x00014d4b   Thumb Code     8  heap_4.o(.text)
    xPortGetMinimumEverFreeHeapSize          0x00014d53   Thumb Code     8  heap_4.o(.text)
    vPortInitialiseBlocks                    0x00014d5b   Thumb Code     2  heap_4.o(.text)
    EXTI_Close                               0x00014d65   Thumb Code    12  swm320_exti.o(.text)
    EXTI_Init                                0x00014d71   Thumb Code   100  swm320_exti.o(.text)
    EXTI_Open                                0x00014dd5   Thumb Code    12  swm320_exti.o(.text)
    EXTI_State                               0x00014de1   Thumb Code    10  swm320_exti.o(.text)
    EXTI_RawState                            0x00014deb   Thumb Code    10  swm320_exti.o(.text)
    EXTI_Clear                               0x00014df5   Thumb Code     8  swm320_exti.o(.text)
    GPIO_Init                                0x00014dfd   Thumb Code   486  swm320_gpio.o(.text)
    GPIO_SetBit                              0x00014fe3   Thumb Code    16  swm320_gpio.o(.text)
    GPIO_ClrBit                              0x00014ff3   Thumb Code    16  swm320_gpio.o(.text)
    GPIO_InvBit                              0x00015003   Thumb Code    20  swm320_gpio.o(.text)
    GPIO_GetBit                              0x00015017   Thumb Code    10  swm320_gpio.o(.text)
    GPIO_SetBits                             0x00015021   Thumb Code    20  swm320_gpio.o(.text)
    GPIO_ClrBits                             0x00015035   Thumb Code    20  swm320_gpio.o(.text)
    GPIO_InvBits                             0x00015049   Thumb Code    20  swm320_gpio.o(.text)
    GPIO_GetBits                             0x0001505d   Thumb Code    18  swm320_gpio.o(.text)
    GPIO_AtomicSetBits                       0x0001506f   Thumb Code    24  swm320_gpio.o(.text)
    GPIO_AtomicClrBits                       0x00015087   Thumb Code    24  swm320_gpio.o(.text)
    GPIO_AtomicInvBits                       0x0001509f   Thumb Code    24  swm320_gpio.o(.text)
    FLASH_Erase                              0x000150d5   Thumb Code    20  swm320_flash.o(.text)
    FLASH_Write                              0x000150e9   Thumb Code    38  swm320_flash.o(.text)
    Flash_Param_at_xMHz                      0x0001510f   Thumb Code    58  swm320_flash.o(.text)
    PORT_Init                                0x0001515d   Thumb Code  1058  swm320_port.o(.text)
    RTC_Stop                                 0x0001561b   Thumb Code     6  swm320_rtc.o(.text)
    RTC_Init                                 0x00015621   Thumb Code   136  swm320_rtc.o(.text)
    RTC_Start                                0x000156a9   Thumb Code     6  swm320_rtc.o(.text)
    RTC_GetDateTime                          0x000156af   Thumb Code    58  swm320_rtc.o(.text)
    RTC_AlarmSetup                           0x000156e9   Thumb Code    72  swm320_rtc.o(.text)
    RTC_IntSecondEn                          0x00015731   Thumb Code    10  swm320_rtc.o(.text)
    RTC_IntSecondDis                         0x0001573b   Thumb Code    10  swm320_rtc.o(.text)
    RTC_IntSecondClr                         0x00015745   Thumb Code     6  swm320_rtc.o(.text)
    RTC_IntSecondStat                        0x0001574b   Thumb Code     8  swm320_rtc.o(.text)
    RTC_IntMinuteEn                          0x00015753   Thumb Code    10  swm320_rtc.o(.text)
    RTC_IntMinuteDis                         0x0001575d   Thumb Code    10  swm320_rtc.o(.text)
    RTC_IntMinuteClr                         0x00015767   Thumb Code     6  swm320_rtc.o(.text)
    RTC_IntMinuteStat                        0x0001576d   Thumb Code     8  swm320_rtc.o(.text)
    RTC_IntHourEn                            0x00015775   Thumb Code    10  swm320_rtc.o(.text)
    RTC_IntHourDis                           0x0001577f   Thumb Code    10  swm320_rtc.o(.text)
    RTC_IntHourClr                           0x00015789   Thumb Code     6  swm320_rtc.o(.text)
    RTC_IntHourStat                          0x0001578f   Thumb Code     8  swm320_rtc.o(.text)
    RTC_IntDateEn                            0x00015797   Thumb Code    10  swm320_rtc.o(.text)
    RTC_IntDateDis                           0x000157a1   Thumb Code    10  swm320_rtc.o(.text)
    RTC_IntDateClr                           0x000157ab   Thumb Code     6  swm320_rtc.o(.text)
    RTC_IntDateStat                          0x000157b1   Thumb Code     8  swm320_rtc.o(.text)
    RTC_IntAlarmEn                           0x000157b9   Thumb Code    10  swm320_rtc.o(.text)
    RTC_IntAlarmDis                          0x000157c3   Thumb Code    10  swm320_rtc.o(.text)
    RTC_IntAlarmClr                          0x000157cd   Thumb Code     6  swm320_rtc.o(.text)
    RTC_IntAlarmStat                         0x000157d3   Thumb Code     8  swm320_rtc.o(.text)
    UART_Close                               0x00015801   Thumb Code    10  swm320_uart.o(.text)
    UART_Init                                0x0001580b   Thumb Code   428  swm320_uart.o(.text)
    UART_Open                                0x000159b7   Thumb Code    10  swm320_uart.o(.text)
    UART_WriteByte                           0x000159c1   Thumb Code     4  swm320_uart.o(.text)
    UART_ReadByte                            0x000159c5   Thumb Code    20  swm320_uart.o(.text)
    UART_IsTXBusy                            0x000159d9   Thumb Code    10  swm320_uart.o(.text)
    UART_IsRXFIFOEmpty                       0x000159e3   Thumb Code    10  swm320_uart.o(.text)
    UART_IsTXFIFOFull                        0x000159ed   Thumb Code     8  swm320_uart.o(.text)
    UART_SetBaudrate                         0x000159f5   Thumb Code    28  swm320_uart.o(.text)
    UART_GetBaudrate                         0x00015a11   Thumb Code    20  swm320_uart.o(.text)
    UART_CTSConfig                           0x00015a25   Thumb Code    20  swm320_uart.o(.text)
    UART_CTSLineState                        0x00015a39   Thumb Code     8  swm320_uart.o(.text)
    UART_RTSConfig                           0x00015a41   Thumb Code    28  swm320_uart.o(.text)
    UART_RTSLineState                        0x00015a5d   Thumb Code     8  swm320_uart.o(.text)
    UART_LINConfig                           0x00015a65   Thumb Code    20  swm320_uart.o(.text)
    UART_LINGenerate                         0x00015a79   Thumb Code    10  swm320_uart.o(.text)
    UART_LINIsDetected                       0x00015a83   Thumb Code     8  swm320_uart.o(.text)
    UART_LINIsGenerated                      0x00015a8b   Thumb Code     8  swm320_uart.o(.text)
    UART_ABRStart                            0x00015a93   Thumb Code    80  swm320_uart.o(.text)
    UART_ABRIsDone                           0x00015ae3   Thumb Code    24  swm320_uart.o(.text)
    UART_INTEn                               0x00015afb   Thumb Code     8  swm320_uart.o(.text)
    UART_INTDis                              0x00015b03   Thumb Code     8  swm320_uart.o(.text)
    UART_INTStat                             0x00015b0b   Thumb Code    48  swm320_uart.o(.text)
    SystemCoreClockUpdate                    0x00015b71   Thumb Code   112  system_swm320.o(.text)
    PLLInit                                  0x00015c0d   Thumb Code    56  system_swm320.o(.text)
    switchCLK_PLL                            0x00015c45   Thumb Code    36  system_swm320.o(.text)
    switchCLK_XTAL                           0x00015c69   Thumb Code    38  system_swm320.o(.text)
    switchCLK_32KHz                          0x00015c8f   Thumb Code    46  system_swm320.o(.text)
    switchCLK_40MHz                          0x00015cbd   Thumb Code    34  system_swm320.o(.text)
    switchCLK_20MHz                          0x00015cdf   Thumb Code    34  system_swm320.o(.text)
    SystemInit                               0x00015d01   Thumb Code   102  system_swm320.o(.text)
    Reset_Handler                            0x00015d95   Thumb Code     4  startup_swm320.o(.text)
    NMI_Handler                              0x00015d99   Thumb Code     2  startup_swm320.o(.text)
    HardFault_Handler                        0x00015d9b   Thumb Code     2  startup_swm320.o(.text)
    MemManage_Handler                        0x00015d9d   Thumb Code     2  startup_swm320.o(.text)
    BusFault_Handler                         0x00015d9f   Thumb Code     2  startup_swm320.o(.text)
    UsageFault_Handler                       0x00015da1   Thumb Code     2  startup_swm320.o(.text)
    DebugMon_Handler                         0x00015da5   Thumb Code     2  startup_swm320.o(.text)
    GPIOA0_Handler                           0x00015dab   Thumb Code     2  startup_swm320.o(.text)
    GPIOA1_Handler                           0x00015dad   Thumb Code     2  startup_swm320.o(.text)
    GPIOA2_Handler                           0x00015daf   Thumb Code     2  startup_swm320.o(.text)
    GPIOA3_Handler                           0x00015db1   Thumb Code     2  startup_swm320.o(.text)
    GPIOA4_Handler                           0x00015db3   Thumb Code     2  startup_swm320.o(.text)
    GPIOA5_Handler                           0x00015db5   Thumb Code     2  startup_swm320.o(.text)
    GPIOA6_Handler                           0x00015db7   Thumb Code     2  startup_swm320.o(.text)
    GPIOA7_Handler                           0x00015db9   Thumb Code     2  startup_swm320.o(.text)
    GPIOB0_Handler                           0x00015dbb   Thumb Code     2  startup_swm320.o(.text)
    GPIOB1_Handler                           0x00015dbd   Thumb Code     2  startup_swm320.o(.text)
    GPIOB2_Handler                           0x00015dbf   Thumb Code     2  startup_swm320.o(.text)
    GPIOB3_Handler                           0x00015dc1   Thumb Code     2  startup_swm320.o(.text)
    GPIOB4_Handler                           0x00015dc3   Thumb Code     2  startup_swm320.o(.text)
    GPIOB5_Handler                           0x00015dc5   Thumb Code     2  startup_swm320.o(.text)
    GPIOB6_Handler                           0x00015dc7   Thumb Code     2  startup_swm320.o(.text)
    GPIOB7_Handler                           0x00015dc9   Thumb Code     2  startup_swm320.o(.text)
    GPIOC0_Handler                           0x00015dcb   Thumb Code     2  startup_swm320.o(.text)
    GPIOC1_Handler                           0x00015dcd   Thumb Code     2  startup_swm320.o(.text)
    GPIOC2_Handler                           0x00015dcf   Thumb Code     2  startup_swm320.o(.text)
    GPIOC3_Handler                           0x00015dd1   Thumb Code     2  startup_swm320.o(.text)
    GPIOC4_Handler                           0x00015dd3   Thumb Code     2  startup_swm320.o(.text)
    GPIOC5_Handler                           0x00015dd5   Thumb Code     2  startup_swm320.o(.text)
    GPIOC6_Handler                           0x00015dd7   Thumb Code     2  startup_swm320.o(.text)
    GPIOC7_Handler                           0x00015dd9   Thumb Code     2  startup_swm320.o(.text)
    GPIOM0_Handler                           0x00015ddb   Thumb Code     2  startup_swm320.o(.text)
    GPIOM1_Handler                           0x00015ddd   Thumb Code     2  startup_swm320.o(.text)
    GPIOM2_Handler                           0x00015ddf   Thumb Code     2  startup_swm320.o(.text)
    GPIOM3_Handler                           0x00015de1   Thumb Code     2  startup_swm320.o(.text)
    GPIOM4_Handler                           0x00015de3   Thumb Code     2  startup_swm320.o(.text)
    GPIOM5_Handler                           0x00015de5   Thumb Code     2  startup_swm320.o(.text)
    GPIOM6_Handler                           0x00015de7   Thumb Code     2  startup_swm320.o(.text)
    GPIOM7_Handler                           0x00015de9   Thumb Code     2  startup_swm320.o(.text)
    DMA_Handler                              0x00015deb   Thumb Code     2  startup_swm320.o(.text)
    LCD_Handler                              0x00015ded   Thumb Code     2  startup_swm320.o(.text)
    NORFLC_Handler                           0x00015def   Thumb Code     2  startup_swm320.o(.text)
    CAN_Handler                              0x00015df1   Thumb Code     2  startup_swm320.o(.text)
    PULSE_Handler                            0x00015df3   Thumb Code     2  startup_swm320.o(.text)
    WDT_Handler                              0x00015df5   Thumb Code     2  startup_swm320.o(.text)
    PWM_Handler                              0x00015df7   Thumb Code     2  startup_swm320.o(.text)
    UART2_Handler                            0x00015dfd   Thumb Code     2  startup_swm320.o(.text)
    UART3_Handler                            0x00015dff   Thumb Code     2  startup_swm320.o(.text)
    I2C0_Handler                             0x00015e01   Thumb Code     2  startup_swm320.o(.text)
    I2C1_Handler                             0x00015e03   Thumb Code     2  startup_swm320.o(.text)
    SPI0_Handler                             0x00015e05   Thumb Code     2  startup_swm320.o(.text)
    ADC0_Handler                             0x00015e07   Thumb Code     2  startup_swm320.o(.text)
    BOD_Handler                              0x00015e0b   Thumb Code     2  startup_swm320.o(.text)
    SDIO_Handler                             0x00015e0d   Thumb Code     2  startup_swm320.o(.text)
    ADC1_Handler                             0x00015e1b   Thumb Code     2  startup_swm320.o(.text)
    FPU_Handler                              0x00015e1d   Thumb Code     2  startup_swm320.o(.text)
    SPI1_Handler                             0x00015e1f   Thumb Code     2  startup_swm320.o(.text)
    TIMR0_Handler                            0x00015e21   Thumb Code     2  startup_swm320.o(.text)
    TIMR1_Handler                            0x00015e23   Thumb Code     2  startup_swm320.o(.text)
    TIMR2_Handler                            0x00015e25   Thumb Code     2  startup_swm320.o(.text)
    TIMR3_Handler                            0x00015e27   Thumb Code     2  startup_swm320.o(.text)
    TIMR4_Handler                            0x00015e29   Thumb Code     2  startup_swm320.o(.text)
    TIMR5_Handler                            0x00015e2b   Thumb Code     2  startup_swm320.o(.text)
    __aeabi_memcpy                           0x0001957d   Thumb Code    36  memcpya.o(.text)
    __aeabi_memcpy4                          0x0001957d   Thumb Code     0  memcpya.o(.text)
    __aeabi_memcpy8                          0x0001957d   Thumb Code     0  memcpya.o(.text)
    __aeabi_memset                           0x000195a1   Thumb Code    14  memseta.o(.text)
    __aeabi_memset4                          0x000195a1   Thumb Code     0  memseta.o(.text)
    __aeabi_memset8                          0x000195a1   Thumb Code     0  memseta.o(.text)
    __aeabi_memclr                           0x000195af   Thumb Code     4  memseta.o(.text)
    __aeabi_memclr4                          0x000195af   Thumb Code     0  memseta.o(.text)
    __aeabi_memclr8                          0x000195af   Thumb Code     0  memseta.o(.text)
    _memset$wrapper                          0x000195b3   Thumb Code    18  memseta.o(.text)
    strstr                                   0x000195c5   Thumb Code    36  strstr.o(.text)
    strncpy                                  0x000195e9   Thumb Code    24  strncpy.o(.text)
    strchr                                   0x00019601   Thumb Code    20  strchr.o(.text)
    strlen                                   0x00019615   Thumb Code    14  strlen.o(.text)
    strcmp                                   0x00019623   Thumb Code    28  strcmp.o(.text)
    strncmp                                  0x0001963f   Thumb Code    30  strncmp.o(.text)
    __0sscanf                                0x0001965d   Thumb Code    48  __0sscanf.o(.text)
    _scanf_int                               0x00019695   Thumb Code   332  _scanf_int.o(.text)
    atoi                                     0x000197e1   Thumb Code    26  atoi.o(.text)
    atol                                     0x000197fb   Thumb Code    26  atol.o(.text)
    __aeabi_f2d                              0x00019815   Thumb Code    38  f2d.o(.text)
    __aeabi_uidiv                            0x0001983b   Thumb Code     0  uidiv.o(.text)
    __aeabi_uidivmod                         0x0001983b   Thumb Code    44  uidiv.o(.text)
    __aeabi_uldivmod                         0x00019867   Thumb Code    98  uldiv.o(.text)
    _chval                                   0x000198c9   Thumb Code    28  _chval.o(.text)
    __vfscanf_char                           0x000198f1   Thumb Code    20  scanf_char.o(.text)
    _sgetc                                   0x0001990d   Thumb Code    30  _sgetc.o(.text)
    _sbackspace                              0x0001992b   Thumb Code    34  _sgetc.o(.text)
    strtol                                   0x0001994d   Thumb Code   112  strtol.o(.text)
    __I$use$fp                               0x000199bd   Thumb Code     0  iusefp.o(.text)
    __aeabi_dadd                             0x000199bd   Thumb Code   322  dadd.o(.text)
    __aeabi_dsub                             0x00019aff   Thumb Code     6  dadd.o(.text)
    __aeabi_drsub                            0x00019b05   Thumb Code     6  dadd.o(.text)
    __aeabi_dmul                             0x00019b0b   Thumb Code   228  dmul.o(.text)
    __aeabi_ddiv                             0x00019bef   Thumb Code   222  ddiv.o(.text)
    __aeabi_d2ulz                            0x00019ccd   Thumb Code    48  dfixul.o(.text)
    __aeabi_cdrcmple                         0x00019cfd   Thumb Code    48  cdrcmple.o(.text)
    __scatterload                            0x00019d2d   Thumb Code    28  init.o(.text)
    __scatterload_rt2                        0x00019d2d   Thumb Code     0  init.o(.text)
    __aeabi_llsl                             0x00019d51   Thumb Code    30  llshl.o(.text)
    _ll_shift_l                              0x00019d51   Thumb Code     0  llshl.o(.text)
    __aeabi_llsr                             0x00019d6f   Thumb Code    32  llushr.o(.text)
    _ll_ushift_r                             0x00019d6f   Thumb Code     0  llushr.o(.text)
    __aeabi_lasr                             0x00019d8f   Thumb Code    36  llsshr.o(.text)
    _ll_sshift_r                             0x00019d8f   Thumb Code     0  llsshr.o(.text)
    __rt_ctype_table                         0x00019db5   Thumb Code     4  ctype_o.o(.text)
    isspace                                  0x00019dbd   Thumb Code    18  isspace_o.o(.text)
    __vfscanf                                0x00019dd1   Thumb Code   810  _scanf.o(.text)
    _strtoul                                 0x0001a101   Thumb Code   158  _strtoul.o(.text)
    _double_round                            0x0001a19f   Thumb Code    30  depilogue.o(.text)
    _double_epilogue                         0x0001a1bd   Thumb Code   156  depilogue.o(.text)
    __decompress                             0x0001a259   Thumb Code     0  __dczerorl2.o(.text)
    __decompress1                            0x0001a259   Thumb Code    86  __dczerorl2.o(.text)
    __0printf                                0x0001a2b1   Thumb Code    22  printfa.o(i.__0printf)
    __1printf                                0x0001a2b1   Thumb Code     0  printfa.o(i.__0printf)
    __2printf                                0x0001a2b1   Thumb Code     0  printfa.o(i.__0printf)
    __c89printf                              0x0001a2b1   Thumb Code     0  printfa.o(i.__0printf)
    printf                                   0x0001a2b1   Thumb Code     0  printfa.o(i.__0printf)
    __0snprintf                              0x0001a2d1   Thumb Code    48  printfa.o(i.__0snprintf)
    __1snprintf                              0x0001a2d1   Thumb Code     0  printfa.o(i.__0snprintf)
    __2snprintf                              0x0001a2d1   Thumb Code     0  printfa.o(i.__0snprintf)
    __c89snprintf                            0x0001a2d1   Thumb Code     0  printfa.o(i.__0snprintf)
    snprintf                                 0x0001a2d1   Thumb Code     0  printfa.o(i.__0snprintf)
    __0vsnprintf                             0x0001a305   Thumb Code    46  printfa.o(i.__0vsnprintf)
    __1vsnprintf                             0x0001a305   Thumb Code     0  printfa.o(i.__0vsnprintf)
    __2vsnprintf                             0x0001a305   Thumb Code     0  printfa.o(i.__0vsnprintf)
    __c89vsnprintf                           0x0001a305   Thumb Code     0  printfa.o(i.__0vsnprintf)
    vsnprintf                                0x0001a305   Thumb Code     0  printfa.o(i.__0vsnprintf)
    __aeabi_errno_addr                       0x0001a339   Thumb Code     4  errno.o(i.__aeabi_errno_addr)
    __rt_errno_addr                          0x0001a339   Thumb Code     0  errno.o(i.__aeabi_errno_addr)
    __scatterload_copy                       0x0001a341   Thumb Code    14  handlers.o(i.__scatterload_copy)
    __scatterload_null                       0x0001a34f   Thumb Code     2  handlers.o(i.__scatterload_null)
    __scatterload_zeroinit                   0x0001a351   Thumb Code    14  handlers.o(i.__scatterload_zeroinit)
    io_table                                 0x0001ac00   Data         168  io_config.o(.constdata)
    __ctype_table                            0x0001adfc   Data         129  ctype_o.o(.constdata)
    Region$$Table$$Base                      0x0001b12c   Number         0  anon$$obj.o(Region$$Table)
    Region$$Table$$Limit                     0x0001b14c   Number         0  anon$$obj.o(Region$$Table)
    led_board                                0x2000001c   Data           4  led_board.o(.data)
    task_start                               0x20000058   Data           4  task_start.o(.data)
    task_host                                0x20000088   Data           4  task_host.o(.data)
    task_ctrl                                0x200000b8   Data           4  task_ctrl.o(.data)
    task_listen                              0x200000e8   Data           4  task_listen.o(.data)
    uart0                                    0x20000110   Data           4  drv_uart0.o(.data)
    drv_gpio                                 0x2000012c   Data           4  drv_gpio.o(.data)
    loop                                     0x20000140   Data           4  drv_loop.o(.data)
    hc595_opt                                0x20000150   Data           4  drv_hc595.o(.data)
    drv_hlw8012                              0x20000168   Data           4  drv_hlw8012.o(.data)
    drv_fuse                                 0x200001b8   Data           4  drv_fuse.o(.data)
    uart1                                    0x200001dc   Data           4  drv_uart1.o(.data)
    drvp_gpio                                0x20000a18   Data           4  drvp_gpio.o(.data)
    drvp_uart0                               0x20000a4c   Data           4  drvp_uart0.o(.data)
    drvp_uart1                               0x20000a80   Data           4  drvp_uart1.o(.data)
    drvp_rtc                                 0x20000a94   Data           4  drvp_rtc.o(.data)
    g_rtc_dt                                 0x20000a98   Data           8  drvp_rtc.o(.data)
    pxCurrentTCB                             0x20000aa0   Data           4  tasks.o(.data)
    IAP_Cache_Reset                          0x20000af8   Data           4  swm320_flash.o(.data)
    IAP_Flash_Param                          0x20000afc   Data           4  swm320_flash.o(.data)
    IAP_Flash_Erase                          0x20000b00   Data           4  swm320_flash.o(.data)
    IAP_Flash_Write                          0x20000b04   Data           4  swm320_flash.o(.data)
    SystemCoreClock                          0x20000b08   Data           4  system_swm320.o(.data)
    CyclesPerUs                              0x20000b0c   Data           4  system_swm320.o(.data)
    sysprt                                   0x20000b34   Data           4  sysprt.o(.data)
    flashdb                                  0x20000b48   Data           4  flashdb.o(.data)
    at_man                                   0x20000b60   Data           4  at_dev.o(.data)
    air_man                                  0x20000b78   Data           4  air_man.o(.data)
    air724                                   0x20000b7c   Data           4  air_man.o(.data)
    net_man                                  0x20000ba0   Data           4  net_man.o(.data)
    g_msg_need_reconnect                     0x20000ba4   Data           4  message.o(.data)
    msg_man                                  0x20000ba8   Data           4  message.o(.data)
    sock_ctrl                                0x20000c38   Data           4  sock_ctrl.o(.data)
    calendar                                 0x20000c78   Data           4  calendar.o(.data)
    __stdout                                 0x20000c7c   Data           4  stdout.o(.data)
    __initial_sp                             0x20018f28   Data           0  startup_swm320.o(STACK)



==============================================================================

Memory Map of the image

  Image Entry point : 0x00011949

  Load Region LR_IROM1 (Base: 0x00011800, Size: 0x0000a5d0, Max: 0x0002e800, ABSOLUTE, COMPRESSED[0x00009de8])

    Execution Region ER_IROM1 (Exec base: 0x00011800, Load base: 0x00011800, Size: 0x0000994c, Max: 0x0002e800, ABSOLUTE)

    Exec Addr    Load Addr    Size         Type   Attr      Idx    E Section Name        Object

    0x00011800   0x00011800   0x00000148   Data   RO         1450    RESET               startup_swm320.o
    0x00011948   0x00011948   0x00000000   Code   RO         1721  * .ARM.Collect$$$$00000000  mc_w.l(entry.o)
    0x00011948   0x00011948   0x00000004   Code   RO         2013    .ARM.Collect$$$$00000001  mc_w.l(entry2.o)
    0x0001194c   0x0001194c   0x00000004   Code   RO         2016    .ARM.Collect$$$$00000004  mc_w.l(entry5.o)
    0x00011950   0x00011950   0x00000000   Code   RO         2018    .ARM.Collect$$$$00000008  mc_w.l(entry7b.o)
    0x00011950   0x00011950   0x00000000   Code   RO         2020    .ARM.Collect$$$$0000000A  mc_w.l(entry8b.o)
    0x00011950   0x00011950   0x00000008   Code   RO         2021    .ARM.Collect$$$$0000000B  mc_w.l(entry9a.o)
    0x00011958   0x00011958   0x00000004   Code   RO         2028    .ARM.Collect$$$$0000000E  mc_w.l(entry12b.o)
    0x0001195c   0x0001195c   0x00000000   Code   RO         2023    .ARM.Collect$$$$0000000F  mc_w.l(entry10a.o)
    0x0001195c   0x0001195c   0x00000000   Code   RO         2025    .ARM.Collect$$$$00000011  mc_w.l(entry11a.o)
    0x0001195c   0x0001195c   0x00000004   Code   RO         2014    .ARM.Collect$$$$00002712  mc_w.l(entry2.o)
    0x00011960   0x00011960   0x00000096   Code   RO          941    .emb_text           port.o
    0x000119f6   0x000119f6   0x00000002   PAD
    0x000119f8   0x000119f8   0x00000028   Code   RO            4    .text               main.o
    0x00011a20   0x00011a20   0x00000114   Code   RO          163    .text               io_config.o
    0x00011b34   0x00011b34   0x000005a0   Code   RO          194    .text               cmd_line.o
    0x000120d4   0x000120d4   0x0000019c   Code   RO          257    .text               led_board.o
    0x00012270   0x00012270   0x00000590   Code   RO          294    .text               task_start.o
    0x00012800   0x00012800   0x00000080   Code   RO          393    .text               task_host.o
    0x00012880   0x00012880   0x000000b4   Code   RO          430    .text               task_ctrl.o
    0x00012934   0x00012934   0x0000009c   Code   RO          476    .text               task_listen.o
    0x000129d0   0x000129d0   0x00000124   Code   RO          510    .text               drv_uart0.o
    0x00012af4   0x00012af4   0x0000003c   Code   RO          543    .text               drv_gpio.o
    0x00012b30   0x00012b30   0x0000006a   Code   RO          561    .text               drv_loop.o
    0x00012b9a   0x00012b9a   0x00000002   PAD
    0x00012b9c   0x00012b9c   0x000000ec   Code   RO          579    .text               drv_hc595.o
    0x00012c88   0x00012c88   0x00000238   Code   RO          604    .text               drv_hlw8012.o
    0x00012ec0   0x00012ec0   0x00000134   Code   RO          636    .text               drv_fuse.o
    0x00012ff4   0x00012ff4   0x00000114   Code   RO          667    .text               drv_uart1.o
    0x00013108   0x00013108   0x000002b0   Code   RO          698    .text               drvp_gpio.o
    0x000133b8   0x000133b8   0x0000015c   Code   RO          736    .text               drvp_uart0.o
    0x00013514   0x00013514   0x00000160   Code   RO          768    .text               drvp_uart1.o
    0x00013674   0x00013674   0x0000008c   Code   RO          800    .text               drvp_rtc.o
    0x00013700   0x00013700   0x00000db0   Code   RO          829    .text               tasks.o
    0x000144b0   0x000144b0   0x000005ee   Code   RO          875    .text               queue.o
    0x00014a9e   0x00014a9e   0x00000088   Code   RO          899    .text               list.o
    0x00014b26   0x00014b26   0x00000002   PAD
    0x00014b28   0x00014b28   0x000000c0   Code   RO          942    .text               port.o
    0x00014be8   0x00014be8   0x0000017c   Code   RO          971    .text               heap_4.o
    0x00014d64   0x00014d64   0x00000098   Code   RO         1013    .text               swm320_exti.o
    0x00014dfc   0x00014dfc   0x000002d8   Code   RO         1037    .text               swm320_gpio.o
    0x000150d4   0x000150d4   0x00000088   Code   RO         1185    .text               swm320_flash.o
    0x0001515c   0x0001515c   0x0000042c   Code   RO         1215    .text               swm320_port.o
    0x00015588   0x00015588   0x00000278   Code   RO         1335    .text               swm320_rtc.o
    0x00015800   0x00015800   0x00000370   Code   RO         1390    .text               swm320_uart.o
    0x00015b70   0x00015b70   0x00000224   Code   RO         1414    .text               system_swm320.o
    0x00015d94   0x00015d94   0x0000009c   Code   RO         1451    .text               startup_swm320.o
    0x00015e30   0x00015e30   0x000001a0   Code   RO         1458    .text               sysprt.o
    0x00015fd0   0x00015fd0   0x00000270   Code   RO         1499    .text               flashdb.o
    0x00016240   0x00016240   0x00000534   Code   RO         1531    .text               at_dev.o
    0x00016774   0x00016774   0x00000864   Code   RO         1562    .text               air_man.o
    0x00016fd8   0x00016fd8   0x00000f90   Code   RO         1593    .text               net_man.o
    0x00017f68   0x00017f68   0x00000a98   Code   RO         1624    .text               message.o
    0x00018a00   0x00018a00   0x000005ec   Code   RO         1660    .text               sock_ctrl.o
    0x00018fec   0x00018fec   0x00000590   Code   RO         1692    .text               calendar.o
    0x0001957c   0x0001957c   0x00000024   Code   RO         1724    .text               mc_w.l(memcpya.o)
    0x000195a0   0x000195a0   0x00000024   Code   RO         1726    .text               mc_w.l(memseta.o)
    0x000195c4   0x000195c4   0x00000024   Code   RO         1728    .text               mc_w.l(strstr.o)
    0x000195e8   0x000195e8   0x00000018   Code   RO         1730    .text               mc_w.l(strncpy.o)
    0x00019600   0x00019600   0x00000014   Code   RO         1732    .text               mc_w.l(strchr.o)
    0x00019614   0x00019614   0x0000000e   Code   RO         1734    .text               mc_w.l(strlen.o)
    0x00019622   0x00019622   0x0000001c   Code   RO         1736    .text               mc_w.l(strcmp.o)
    0x0001963e   0x0001963e   0x0000001e   Code   RO         1738    .text               mc_w.l(strncmp.o)
    0x0001965c   0x0001965c   0x00000038   Code   RO         2003    .text               mc_w.l(__0sscanf.o)
    0x00019694   0x00019694   0x0000014c   Code   RO         2005    .text               mc_w.l(_scanf_int.o)
    0x000197e0   0x000197e0   0x0000001a   Code   RO         2007    .text               mc_w.l(atoi.o)
    0x000197fa   0x000197fa   0x0000001a   Code   RO         2009    .text               mc_w.l(atol.o)
    0x00019814   0x00019814   0x00000026   Code   RO         2011    .text               mf_w.l(f2d.o)
    0x0001983a   0x0001983a   0x0000002c   Code   RO         2030    .text               mc_w.l(uidiv.o)
    0x00019866   0x00019866   0x00000062   Code   RO         2032    .text               mc_w.l(uldiv.o)
    0x000198c8   0x000198c8   0x0000001c   Code   RO         2041    .text               mc_w.l(_chval.o)
    0x000198e4   0x000198e4   0x00000028   Code   RO         2043    .text               mc_w.l(scanf_char.o)
    0x0001990c   0x0001990c   0x00000040   Code   RO         2045    .text               mc_w.l(_sgetc.o)
    0x0001994c   0x0001994c   0x00000070   Code   RO         2047    .text               mc_w.l(strtol.o)
    0x000199bc   0x000199bc   0x00000000   Code   RO         2049    .text               mc_w.l(iusefp.o)
    0x000199bc   0x000199bc   0x0000014e   Code   RO         2050    .text               mf_w.l(dadd.o)
    0x00019b0a   0x00019b0a   0x000000e4   Code   RO         2052    .text               mf_w.l(dmul.o)
    0x00019bee   0x00019bee   0x000000de   Code   RO         2054    .text               mf_w.l(ddiv.o)
    0x00019ccc   0x00019ccc   0x00000030   Code   RO         2056    .text               mf_w.l(dfixul.o)
    0x00019cfc   0x00019cfc   0x00000030   Code   RO         2058    .text               mf_w.l(cdrcmple.o)
    0x00019d2c   0x00019d2c   0x00000024   Code   RO         2060    .text               mc_w.l(init.o)
    0x00019d50   0x00019d50   0x0000001e   Code   RO         2062    .text               mc_w.l(llshl.o)
    0x00019d6e   0x00019d6e   0x00000020   Code   RO         2064    .text               mc_w.l(llushr.o)
    0x00019d8e   0x00019d8e   0x00000024   Code   RO         2066    .text               mc_w.l(llsshr.o)
    0x00019db2   0x00019db2   0x00000002   PAD
    0x00019db4   0x00019db4   0x00000008   Code   RO         2070    .text               mc_w.l(ctype_o.o)
    0x00019dbc   0x00019dbc   0x00000012   Code   RO         2092    .text               mc_w.l(isspace_o.o)
    0x00019dce   0x00019dce   0x00000002   PAD
    0x00019dd0   0x00019dd0   0x00000330   Code   RO         2098    .text               mc_w.l(_scanf.o)
    0x0001a100   0x0001a100   0x0000009e   Code   RO         2100    .text               mc_w.l(_strtoul.o)
    0x0001a19e   0x0001a19e   0x000000ba   Code   RO         2102    .text               mf_w.l(depilogue.o)
    0x0001a258   0x0001a258   0x00000056   Code   RO         2115    .text               mc_w.l(__dczerorl2.o)
    0x0001a2ae   0x0001a2ae   0x00000002   PAD
    0x0001a2b0   0x0001a2b0   0x00000020   Code   RO         1975    i.__0printf         mc_w.l(printfa.o)
    0x0001a2d0   0x0001a2d0   0x00000034   Code   RO         1976    i.__0snprintf       mc_w.l(printfa.o)
    0x0001a304   0x0001a304   0x00000034   Code   RO         1980    i.__0vsnprintf      mc_w.l(printfa.o)
    0x0001a338   0x0001a338   0x00000008   Code   RO         2034    i.__aeabi_errno_addr  mc_w.l(errno.o)
    0x0001a340   0x0001a340   0x0000000e   Code   RO         2109    i.__scatterload_copy  mc_w.l(handlers.o)
    0x0001a34e   0x0001a34e   0x00000002   Code   RO         2110    i.__scatterload_null  mc_w.l(handlers.o)
    0x0001a350   0x0001a350   0x0000000e   Code   RO         2111    i.__scatterload_zeroinit  mc_w.l(handlers.o)
    0x0001a35e   0x0001a35e   0x00000002   PAD
    0x0001a360   0x0001a360   0x00000184   Code   RO         1982    i._fp_digits        mc_w.l(printfa.o)
    0x0001a4e4   0x0001a4e4   0x000006b4   Code   RO         1983    i._printf_core      mc_w.l(printfa.o)
    0x0001ab98   0x0001ab98   0x00000024   Code   RO         1984    i._printf_post_padding  mc_w.l(printfa.o)
    0x0001abbc   0x0001abbc   0x0000002e   Code   RO         1985    i._printf_pre_padding  mc_w.l(printfa.o)
    0x0001abea   0x0001abea   0x00000016   Code   RO         1986    i._snputc           mc_w.l(printfa.o)
    0x0001ac00   0x0001ac00   0x000000a8   Data   RO          164    .constdata          io_config.o
    0x0001aca8   0x0001aca8   0x00000051   Data   RO          196    .constdata          cmd_line.o
    0x0001acf9   0x0001acf9   0x0000000e   Data   RO          259    .constdata          led_board.o
    0x0001ad07   0x0001ad07   0x00000001   PAD
    0x0001ad08   0x0001ad08   0x00000008   Data   RO          605    .constdata          drv_hlw8012.o
    0x0001ad10   0x0001ad10   0x00000034   Data   RO         1336    .constdata          swm320_rtc.o
    0x0001ad44   0x0001ad44   0x00000060   Data   RO         1501    .constdata          flashdb.o
    0x0001ada4   0x0001ada4   0x00000014   Data   RO         1532    .constdata          at_dev.o
    0x0001adb8   0x0001adb8   0x00000044   Data   RO         1626    .constdata          message.o
    0x0001adfc   0x0001adfc   0x00000081   Data   RO         2071    .constdata          mc_w.l(ctype_o.o)
    0x0001ae7d   0x0001ae7d   0x00000003   PAD
    0x0001ae80   0x0001ae80   0x00000004   Data   RO         2072    .constdata          mc_w.l(ctype_o.o)
    0x0001ae84   0x0001ae84   0x00000037   Data   RO          165    .conststring        io_config.o
    0x0001aebb   0x0001aebb   0x00000001   PAD
    0x0001aebc   0x0001aebc   0x0000003a   Data   RO          197    .conststring        cmd_line.o
    0x0001aef6   0x0001aef6   0x00000002   PAD
    0x0001aef8   0x0001aef8   0x00000019   Data   RO          295    .conststring        task_start.o
    0x0001af11   0x0001af11   0x00000003   PAD
    0x0001af14   0x0001af14   0x00000045   Data   RO          296    .conststring        task_start.o
    0x0001af59   0x0001af59   0x00000003   PAD
    0x0001af5c   0x0001af5c   0x00000019   Data   RO          394    .conststring        task_host.o
    0x0001af75   0x0001af75   0x00000003   PAD
    0x0001af78   0x0001af78   0x00000019   Data   RO          431    .conststring        task_ctrl.o
    0x0001af91   0x0001af91   0x00000003   PAD
    0x0001af94   0x0001af94   0x00000019   Data   RO          477    .conststring        task_listen.o
    0x0001afad   0x0001afad   0x00000003   PAD
    0x0001afb0   0x0001afb0   0x000000fd   Data   RO          700    .conststring        drvp_gpio.o
    0x0001b0ad   0x0001b0ad   0x00000003   PAD
    0x0001b0b0   0x0001b0b0   0x00000079   Data   RO         1627    .conststring        message.o
    0x0001b129   0x0001b129   0x00000003   PAD
    0x0001b12c   0x0001b12c   0x00000020   Data   RO         2107    Region$$Table       anon$$obj.o


    Execution Region RW_IRAM1 (Exec base: 0x20000000, Load base: 0x0001b14c, Size: 0x00018f28, Max: 0x00020000, ABSOLUTE, COMPRESSED[0x0000049c])

    Exec Addr    Load Addr    Size         Type   Attr      Idx    E Section Name        Object

    0x20000000   COMPRESSED   0x00000008   Data   RW          198    .data               cmd_line.o
    0x20000008   COMPRESSED   0x00000014   Data   RW          260    .data               led_board.o
    0x2000001c   COMPRESSED   0x00000004   Data   RW          261    .data               led_board.o
    0x20000020   COMPRESSED   0x0000000c   Data   RW          262    .data               led_board.o
    0x2000002c   COMPRESSED   0x00000024   Data   RW          297    .data               task_start.o
    0x20000050   COMPRESSED   0x00000008   Data   RW          298    .data               task_start.o
    0x20000058   COMPRESSED   0x00000004   Data   RW          299    .data               task_start.o
    0x2000005c   COMPRESSED   0x00000004   Data   RW          300    .data               task_start.o
    0x20000060   COMPRESSED   0x00000024   Data   RW          395    .data               task_host.o
    0x20000084   COMPRESSED   0x00000004   Data   RW          396    .data               task_host.o
    0x20000088   COMPRESSED   0x00000004   Data   RW          397    .data               task_host.o
    0x2000008c   COMPRESSED   0x00000004   Data   RW          398    .data               task_host.o
    0x20000090   COMPRESSED   0x00000024   Data   RW          432    .data               task_ctrl.o
    0x200000b4   COMPRESSED   0x00000004   Data   RW          433    .data               task_ctrl.o
    0x200000b8   COMPRESSED   0x00000004   Data   RW          434    .data               task_ctrl.o
    0x200000bc   COMPRESSED   0x00000004   Data   RW          435    .data               task_ctrl.o
    0x200000c0   COMPRESSED   0x00000024   Data   RW          478    .data               task_listen.o
    0x200000e4   COMPRESSED   0x00000004   Data   RW          479    .data               task_listen.o
    0x200000e8   COMPRESSED   0x00000004   Data   RW          480    .data               task_listen.o
    0x200000ec   COMPRESSED   0x00000004   Data   RW          481    .data               task_listen.o
    0x200000f0   COMPRESSED   0x0000000c   Data   RW          511    .data               drv_uart0.o
    0x200000fc   COMPRESSED   0x00000014   Data   RW          512    .data               drv_uart0.o
    0x20000110   COMPRESSED   0x00000004   Data   RW          513    .data               drv_uart0.o
    0x20000114   COMPRESSED   0x00000018   Data   RW          544    .data               drv_gpio.o
    0x2000012c   COMPRESSED   0x00000004   Data   RW          545    .data               drv_gpio.o
    0x20000130   COMPRESSED   0x00000010   Data   RW          562    .data               drv_loop.o
    0x20000140   COMPRESSED   0x00000004   Data   RW          563    .data               drv_loop.o
    0x20000144   COMPRESSED   0x0000000c   Data   RW          580    .data               drv_hc595.o
    0x20000150   COMPRESSED   0x00000004   Data   RW          581    .data               drv_hc595.o
    0x20000154   COMPRESSED   0x00000014   Data   RW          606    .data               drv_hlw8012.o
    0x20000168   COMPRESSED   0x00000004   Data   RW          607    .data               drv_hlw8012.o
    0x2000016c   COMPRESSED   0x00000028   Data   RW          608    .data               drv_hlw8012.o
    0x20000194   COMPRESSED   0x00000018   Data   RW          637    .data               drv_fuse.o
    0x200001ac   COMPRESSED   0x0000000c   Data   RW          638    .data               drv_fuse.o
    0x200001b8   COMPRESSED   0x00000004   Data   RW          639    .data               drv_fuse.o
    0x200001bc   COMPRESSED   0x0000000c   Data   RW          668    .data               drv_uart1.o
    0x200001c8   COMPRESSED   0x00000014   Data   RW          669    .data               drv_uart1.o
    0x200001dc   COMPRESSED   0x00000004   Data   RW          670    .data               drv_uart1.o
    0x200001e0   COMPRESSED   0x00000820   Data   RW          701    .data               drvp_gpio.o
    0x20000a00   COMPRESSED   0x00000018   Data   RW          702    .data               drvp_gpio.o
    0x20000a18   COMPRESSED   0x00000004   Data   RW          703    .data               drvp_gpio.o
    0x20000a1c   COMPRESSED   0x00000008   Data   RW          737    .data               drvp_uart0.o
    0x20000a24   COMPRESSED   0x00000028   Data   RW          738    .data               drvp_uart0.o
    0x20000a4c   COMPRESSED   0x00000004   Data   RW          739    .data               drvp_uart0.o
    0x20000a50   COMPRESSED   0x00000008   Data   RW          769    .data               drvp_uart1.o
    0x20000a58   COMPRESSED   0x00000028   Data   RW          770    .data               drvp_uart1.o
    0x20000a80   COMPRESSED   0x00000004   Data   RW          771    .data               drvp_uart1.o
    0x20000a84   COMPRESSED   0x00000010   Data   RW          801    .data               drvp_rtc.o
    0x20000a94   COMPRESSED   0x00000004   Data   RW          802    .data               drvp_rtc.o
    0x20000a98   COMPRESSED   0x00000008   Data   RW          803    .data               drvp_rtc.o
    0x20000aa0   COMPRESSED   0x0000003c   Data   RW          831    .data               tasks.o
    0x20000adc   COMPRESSED   0x00000004   Data   RW          943    .data               port.o
    0x20000ae0   COMPRESSED   0x00000018   Data   RW          973    .data               heap_4.o
    0x20000af8   COMPRESSED   0x00000010   Data   RW         1186    .data               swm320_flash.o
    0x20000b08   COMPRESSED   0x00000008   Data   RW         1415    .data               system_swm320.o
    0x20000b10   COMPRESSED   0x00000004   Data   RW         1459    .data               sysprt.o
    0x20000b14   COMPRESSED   0x00000020   Data   RW         1460    .data               sysprt.o
    0x20000b34   COMPRESSED   0x00000004   Data   RW         1461    .data               sysprt.o
    0x20000b38   COMPRESSED   0x00000010   Data   RW         1502    .data               flashdb.o
    0x20000b48   COMPRESSED   0x00000004   Data   RW         1503    .data               flashdb.o
    0x20000b4c   COMPRESSED   0x00000014   Data   RW         1533    .data               at_dev.o
    0x20000b60   COMPRESSED   0x00000004   Data   RW         1534    .data               at_dev.o
    0x20000b64   COMPRESSED   0x00000014   Data   RW         1563    .data               air_man.o
    0x20000b78   COMPRESSED   0x00000004   Data   RW         1564    .data               air_man.o
    0x20000b7c   COMPRESSED   0x00000004   Data   RW         1565    .data               air_man.o
    0x20000b80   COMPRESSED   0x0000000c   Data   RW         1594    .data               net_man.o
    0x20000b8c   COMPRESSED   0x00000014   Data   RW         1595    .data               net_man.o
    0x20000ba0   COMPRESSED   0x00000004   Data   RW         1596    .data               net_man.o
    0x20000ba4   COMPRESSED   0x00000060   Data   RW         1628    .data               message.o
    0x20000c04   COMPRESSED   0x0000001c   Data   RW         1629    .data               message.o
    0x20000c20   COMPRESSED   0x00000004   Data   RW         1662    .data               sock_ctrl.o
    0x20000c24   COMPRESSED   0x00000014   Data   RW         1663    .data               sock_ctrl.o
    0x20000c38   COMPRESSED   0x00000004   Data   RW         1664    .data               sock_ctrl.o
    0x20000c3c   COMPRESSED   0x0000000c   Data   RW         1694    .data               calendar.o
    0x20000c48   COMPRESSED   0x00000030   Data   RW         1695    .data               calendar.o
    0x20000c78   COMPRESSED   0x00000004   Data   RW         1696    .data               calendar.o
    0x20000c7c   COMPRESSED   0x00000004   Data   RW         2029    .data               mc_w.l(stdout.o)
    0x20000c80   COMPRESSED   0x00000004   Data   RW         2037    .data               mc_w.l(errno.o)
    0x20000c84        -       0x00000080   Zero   RW          195    .bss                cmd_line.o
    0x20000d04        -       0x0000000c   Zero   RW          258    .bss                led_board.o
    0x20000d10        -       0x00000168   Zero   RW          699    .bss                drvp_gpio.o
    0x20000e78        -       0x000000c8   Zero   RW          830    .bss                tasks.o
    0x20000f40        -       0x00016800   Zero   RW          972    .bss                heap_4.o
    0x20017740        -       0x00000060   Zero   RW         1500    .bss                flashdb.o
    0x200177a0        -       0x00000608   Zero   RW         1625    .bss                message.o
    0x20017da8        -       0x00000060   Zero   RW         1661    .bss                sock_ctrl.o
    0x20017e08        -       0x00000120   Zero   RW         1693    .bss                calendar.o
    0x20017f28        -       0x00001000   Zero   RW         1448    STACK               startup_swm320.o


==============================================================================

Image component sizes


      Code (inc. data)   RO Data    RW Data    ZI Data      Debug   Object Name

      2148        572          0         28          0       9277   air_man.o
      1332        556         20         24          0       4737   at_dev.o
      1424        258          0         64        288       6439   calendar.o
      1440        558        139          8        128      28055   cmd_line.o
       308        116          0         40          0       1639   drv_fuse.o
        60          6          0         28          0       2059   drv_gpio.o
       236          4          0         16          0       2516   drv_hc595.o
       568        202          8         64          0       3282   drv_hlw8012.o
       106          0          0         20          0       2035   drv_loop.o
       292         22          0         36          0       3815   drv_uart0.o
       276         20          0         36          0       2852   drv_uart1.o
       688         44        253       2108        360      28149   drvp_gpio.o
       140          8          0         28          0       2114   drvp_rtc.o
       348         12          0         52          0       2981   drvp_uart0.o
       352         14          0         52          0       2985   drvp_uart1.o
       624        338         96         20         96       3246   flashdb.o
       380          8          0         24      92160       3428   heap_4.o
       276        116        223          0          0       2502   io_config.o
       412         18         14         36         12       3992   led_board.o
       136          0          0          0          0       1850   list.o
        40         10          0          0          0     114139   main.o
      2712       1078        189        124       1544      10483   message.o
      3984       1794          0         36          0       5578   net_man.o
       342         28          0          4          0       7020   port.o
      1518          4          0          0          0      19548   queue.o
      1516        596          0         28         96       5312   sock_ctrl.o
       156          4        328          0       4096       3344   startup_swm320.o
       152          0          0          0          0       1941   swm320_exti.o
       136         20          0         16          0       2268   swm320_flash.o
       728         30          0          0          0       4089   swm320_gpio.o
      1068         16          0          0          0       1500   swm320_port.o
       632         16         52          0          0       5333   swm320_rtc.o
       880         10          0          0          0       6041   swm320_uart.o
       416         34          0         40          0       3981   sysprt.o
       548         46          0          8          0       2182   system_swm320.o
       180         96         25         48          0       1952   task_ctrl.o
       128         20         25         48          0       1068   task_host.o
       156         70         25         48          0        958   task_listen.o
      1424        852         94         52          0      10516   task_start.o
      3504         72          0         60        200      30212   tasks.o

    ----------------------------------------------------------------------
     31772       7668       1548       3196      98980     355418   Object Totals
         0          0         32          0          0          0   (incl. Generated)
         6          0         25          0          0          0   (incl. Padding)

    ----------------------------------------------------------------------

      Code (inc. data)   RO Data    RW Data    ZI Data      Debug   Library Member Name

        56          8          0          0          0         84   __0sscanf.o
        86          0          0          0          0          0   __dczerorl2.o
        28          0          0          0          0         68   _chval.o
       816          6          0          0          0        112   _scanf.o
       332          0          0          0          0         96   _scanf_int.o
        64          0          0          0          0         84   _sgetc.o
       158          0          0          0          0         92   _strtoul.o
        26          0          0          0          0         80   atoi.o
        26          0          0          0          0         80   atol.o
         8          4        133          0          0         68   ctype_o.o
         0          0          0          0          0          0   entry.o
         0          0          0          0          0          0   entry10a.o
         0          0          0          0          0          0   entry11a.o
         4          0          0          0          0          0   entry12b.o
         8          4          0          0          0          0   entry2.o
         4          0          0          0          0          0   entry5.o
         0          0          0          0          0          0   entry7b.o
         0          0          0          0          0          0   entry8b.o
         8          4          0          0          0          0   entry9a.o
         8          4          0          4          0         68   errno.o
        30          0          0          0          0          0   handlers.o
        36          8          0          0          0         68   init.o
        18          0          0          0          0         76   isspace_o.o
         0          0          0          0          0          0   iusefp.o
        30          0          0          0          0         68   llshl.o
        36          0          0          0          0         68   llsshr.o
        32          0          0          0          0         68   llushr.o
        36          0          0          0          0         68   memcpya.o
        36          0          0          0          0        108   memseta.o
      2344        100          0          0          0        700   printfa.o
        40          8          0          0          0         84   scanf_char.o
         0          0          0          4          0          0   stdout.o
        20          0          0          0          0         68   strchr.o
        28          0          0          0          0         76   strcmp.o
        14          0          0          0          0         68   strlen.o
        30          0          0          0          0         80   strncmp.o
        24          0          0          0          0         76   strncpy.o
        36          0          0          0          0         80   strstr.o
       112          0          0          0          0         88   strtol.o
        44          0          0          0          0         80   uidiv.o
        98          0          0          0          0         92   uldiv.o
        48          0          0          0          0         68   cdrcmple.o
       334          0          0          0          0        148   dadd.o
       222          0          0          0          0        100   ddiv.o
       186          0          0          0          0        176   depilogue.o
        48          0          0          0          0         68   dfixul.o
       228          0          0          0          0         96   dmul.o
        38          0          0          0          0         68   f2d.o

    ----------------------------------------------------------------------
      5788        146        136          8          0       3572   Library Totals
         8          0          3          0          0          0   (incl. Padding)

    ----------------------------------------------------------------------

      Code (inc. data)   RO Data    RW Data    ZI Data      Debug   Library Name

      4676        146        133          8          0       2848   mc_w.l
      1104          0          0          0          0        724   mf_w.l

    ----------------------------------------------------------------------
      5788        146        136          8          0       3572   Library Totals

    ----------------------------------------------------------------------

==============================================================================


      Code (inc. data)   RO Data    RW Data    ZI Data      Debug   

     37560       7814       1684       3204      98980     354334   Grand Totals
     37560       7814       1684       1180      98980     354334   ELF Image Totals (compressed)
     37560       7814       1684       1180          0          0   ROM Totals

==============================================================================

    Total RO  Size (Code + RO Data)                39244 (  38.32kB)
    Total RW  Size (RW Data + ZI Data)            102184 (  99.79kB)
    Total ROM Size (Code + RO Data + RW Data)      40424 (  39.48kB)

==============================================================================

