<html>
<body>
<pre>
<h1>礦ision Build Log</h1>
<h2>Tool Versions:</h2>
IDE-Version: μVision V5.25.3.0
Copyright (C) 2018 ARM Ltd and ARM Germany GmbH. All rights reserved.
License Information: 1 Administrator, Administrator, LIC=LSNXV-P329G-BS2YX-HQLXA-D5AI5-P9TTY
 
Tool Versions:
Toolchain:       MDK-ARM Plus  Version: 5.34.0.0
Toolchain Path:  D:\Keil_v5\ARM\ARMCC\Bin
C Compiler:      Armcc.exe V5.06 update 7 (build 960)
Assembler:       Armasm.exe V5.06 update 7 (build 960)
Linker/Locator:  ArmLink.exe V5.06 update 7 (build 960)
Library Manager: ArmAr.exe V5.06 update 7 (build 960)
Hex Converter:   FromElf.exe V5.06 update 7 (build 960)
CPU DLL:         SARMCM3.DLL V5.34.0.0
Dialog DLL:      DCM.DLL V1.17.3.0
Target DLL:      Segger\JL2CM3.dll V2.99.38.0
Dialog DLL:      TCM.DLL V1.48.0.0
 
<h2>Project:</h2>
D:\Claude demo\智能充电桩\智能充电桩实现\step08_freertos\step08_freertos.uvprojx
Project File Date:  06/19/2026

<h2>Output:</h2>
*** Using Compiler 'V5.06 update 7 (build 960)', folder: 'D:\Keil_v5\ARM\ARMCC\Bin'
Build target 'SWM320'
compiling loopbuf.c...
compiling event_groups.c...
compiling timers.c...
compiling list.c...
compiling croutine.c...
compiling heap_4.c...
compiling queue.c...
compiling port.c...
compiling io_config.c...
compiling frame_parser.c...
compiling tasks.c...
compiling main.c...
compiling cmd_line.c...
compiling drv_uart0.c...
compiling SWM320_adc.c...
compiling SWM320_gpio.c...
compiling SWM320_exti.c...
compiling SWM320_i2c.c...
compiling SWM320_pwm.c...
compiling SWM320_timr.c...
compiling SWM320_dma.c...
compiling SWM320_wdt.c...
compiling SWM320_flash.c...
compiling SWM320_port.c...
compiling SWM320_spi.c...
compiling SWM320_crc.c...
compiling SWM320_can.c...
assembling startup_SWM320.s...
compiling SWM320_lcd.c...
compiling SWM320_rtc.c...
compiling system_SWM320.c...
compiling SWM320_sdio.c...
compiling SWM320_uart.c...
linking...
Program Size: Code=13288 RO-data=652 RW-data=136 ZI-data=96848  
FromELF: creating hex file...
After Build - User command #1: fromelf --bin -o "D:\Claude demo\智能充电桩\智能充电桩实现\step08_freertos\out\step08_freertos.bin" "D:\Claude demo\智能充电桩\智能充电桩实现\step08_freertos\out\step08_freertos.axf"
After Build - User command #2: cmd /c "if not exist .\Flash mkdir .\Flash && copy "D:\Claude demo\智能充电桩\智能充电桩实现\step08_freertos\out\step08_freertos.hex" .\Flash\ && copy "D:\Claude demo\智能充电桩\智能充电桩实现\step08_freertos\out\step08_freertos.bin" .\Flash\"
".\out\step08_freertos.axf" - 0 Error(s), 0 Warning(s).

<h2>Software Packages used:</h2>

<h2>Collection of Component include folders:</h2>
  .\RTE\_SWM320

<h2>Collection of Component Files used:</h2>
Build Time Elapsed:  00:00:05
</pre>
</body>
</html>
