Component: ARM Compiler 5.06 update 7 (build 960) Tool: armlink [4d3601]

==============================================================================

Section Cross References

    main.o(.text) refers to system_swm320.o(.text) for SystemInit
    main.o(.text) refers to tasks.o(.text) for vTaskStartScheduler
    main.o(.text) refers to task_start.o(.data) for task_start
    io_config.o(.text) refers to printfa.o(i.__0printf) for __2printf
    io_config.o(.text) refers to swm320_port.o(.text) for PORT_Init
    io_config.o(.text) refers to swm320_gpio.o(.text) for GPIO_Init
    io_config.o(.text) refers to io_config.o(.constdata) for .constdata
    io_config.o(.constdata) refers to io_config.o(.conststring) for .conststring
    cmd_line.o(.text) refers to strchr.o(.text) for strchr
    cmd_line.o(.text) refers to printfa.o(i.__0printf) for __2printf
    cmd_line.o(.text) refers to strcmp.o(.text) for strcmp
    cmd_line.o(.text) refers to io_config.o(.text) for io_print_all
    cmd_line.o(.text) refers to tasks.o(.text) for xTaskGetTickCount
    cmd_line.o(.text) refers to memseta.o(.text) for __aeabi_memclr
    cmd_line.o(.text) refers to memcpya.o(.text) for __aeabi_memcpy
    cmd_line.o(.text) refers to cmd_line.o(.constdata) for .constdata
    cmd_line.o(.text) refers to drv_gpio.o(.data) for drv_gpio
    cmd_line.o(.text) refers to system_swm320.o(.data) for SystemCoreClock
    cmd_line.o(.text) refers to cmd_line.o(.data) for .data
    cmd_line.o(.text) refers to cmd_line.o(.bss) for .bss
    cmd_line.o(.text) refers to drv_uart0.o(.data) for uart0
    cmd_line.o(.constdata) refers to cmd_line.o(.conststring) for .conststring
    cmd_line.o(.constdata) refers to cmd_line.o(.text) for cmd_test
    led_board.o(.text) refers to memseta.o(.text) for __aeabi_memset
    led_board.o(.text) refers to led_board.o(.data) for .data
    led_board.o(.text) refers to drv_hc595.o(.data) for hc595_opt
    led_board.o(.text) refers to led_board.o(.bss) for .bss
    led_board.o(.text) refers to led_board.o(.constdata) for .constdata
    led_board.o(.data) refers to led_board.o(.text) for do_init
    led_board.o(.data) refers to led_board.o(.data) for m_led_board
    task_start.o(.text) refers to printfa.o(i.__0printf) for __2printf
    task_start.o(.text) refers to io_config.o(.text) for io_init_all
    task_start.o(.text) refers to tasks.o(.text) for vTaskDelay
    task_start.o(.text) refers to system_swm320.o(.data) for SystemCoreClock
    task_start.o(.text) refers to task_start.o(.conststring) for .conststring
    task_start.o(.text) refers to drv_uart0.o(.data) for uart0
    task_start.o(.text) refers to sysprt.o(.data) for sysprt
    task_start.o(.text) refers to drv_gpio.o(.data) for drv_gpio
    task_start.o(.text) refers to led_board.o(.data) for led_board
    task_start.o(.text) refers to drv_hlw8012.o(.data) for drv_hlw8012
    task_start.o(.text) refers to drv_fuse.o(.data) for drv_fuse
    task_start.o(.text) refers to flashdb.o(.data) for flashdb
    task_start.o(.text) refers to drv_uart1.o(.data) for uart1
    task_start.o(.text) refers to air_man.o(.data) for air_man
    task_start.o(.text) refers to air_man.o(.data) for air724
    task_start.o(.text) refers to net_man.o(.data) for net_man
    task_start.o(.text) refers to task_host.o(.data) for task_host
    task_start.o(.text) refers to task_listen.o(.data) for task_listen
    task_start.o(.text) refers to task_ctrl.o(.data) for task_ctrl
    task_start.o(.text) refers to task_start.o(.data) for .data
    task_start.o(.data) refers to task_start.o(.data) for handle
    task_start.o(.data) refers to task_start.o(.conststring) for .conststring
    task_start.o(.data) refers to task_start.o(.text) for create
    task_start.o(.data) refers to task_start.o(.data) for m_task_body
    task_start.o(.data) refers to task_start.o(.data) for m_task_body
    task_host.o(.text) refers to tasks.o(.text) for xTaskGetTickCount
    task_host.o(.text) refers to cmd_line.o(.text) for cmd_line_work
    task_host.o(.text) refers to sysprt.o(.data) for sysprt
    task_host.o(.text) refers to led_board.o(.data) for led_board
    task_host.o(.text) refers to drv_gpio.o(.data) for drv_gpio
    task_host.o(.text) refers to task_host.o(.data) for .data
    task_host.o(.data) refers to task_host.o(.data) for handle
    task_host.o(.data) refers to task_host.o(.conststring) for .conststring
    task_host.o(.data) refers to task_host.o(.text) for create
    task_host.o(.data) refers to task_host.o(.data) for m_task_body
    task_host.o(.data) refers to task_host.o(.data) for m_task_body
    task_ctrl.o(.text) refers to tasks.o(.text) for vTaskDelay
    task_ctrl.o(.text) refers to sysprt.o(.data) for sysprt
    task_ctrl.o(.text) refers to sock_ctrl.o(.data) for sock_ctrl
    task_ctrl.o(.text) refers to task_ctrl.o(.data) for .data
    task_ctrl.o(.data) refers to task_ctrl.o(.data) for handle
    task_ctrl.o(.data) refers to task_ctrl.o(.conststring) for .conststring
[...]
    do_CIPSTART                              0x00004ea1   Thumb Code    78  air_man.o(.text)
    do_CIPCLOSE                              0x00004eef   Thumb Code   292  air_man.o(.text)
    do_create_dev                            0x00005013   Thumb Code   192  air_man.o(.text)
    do_delete_dev                            0x000050d3   Thumb Code    50  air_man.o(.text)
    do_send_str                              0x00005105   Thumb Code    52  air_man.o(.text)
    do_clr_rxbuf                             0x00005139   Thumb Code    50  air_man.o(.text)
    do_ptf_rxbuf                             0x0000516b   Thumb Code   110  air_man.o(.text)
    .text                                    0x00005324   Section        0  net_man.o(.text)
    do_init                                  0x00005325   Thumb Code    20  net_man.o(.text)
    do_is_ready                              0x00005339   Thumb Code    16  net_man.o(.text)
    do_get_state                             0x00005349   Thumb Code    28  net_man.o(.text)
    do_force_reset                           0x00005365   Thumb Code    20  net_man.o(.text)
    do_work                                  0x00005379   Thumb Code  3670  net_man.o(.text)
    .text                                    0x000062b4   Section        0  message.o(.text)
    str_split                                0x000062b5   Thumb Code    84  message.o(.text)
    h_logon                                  0x00006309   Thumb Code    22  message.o(.text)
    h_relogin                                0x0000631f   Thumb Code    24  message.o(.text)
    h_nologin                                0x00006337   Thumb Code    24  message.o(.text)
    h_pong                                   0x0000634f   Thumb Code     4  message.o(.text)
    h_over                                   0x00006353   Thumb Code    40  message.o(.text)
    h_time                                   0x0000637b   Thumb Code    28  message.o(.text)
    h_jfpg                                   0x00006397   Thumb Code    28  message.o(.text)
    h_log                                    0x000063b3   Thumb Code     4  message.o(.text)
    h_PARAM                                  0x000063b7   Thumb Code     4  message.o(.text)
    h_STATU                                  0x000063bb   Thumb Code     4  message.o(.text)
    h_setparam                               0x000063bf   Thumb Code    16  message.o(.text)
    h_getstatu                               0x000063cf   Thumb Code    16  message.o(.text)
    h_update                                 0x000063df   Thumb Code    16  message.o(.text)
    h_on                                     0x000063ef   Thumb Code   146  message.o(.text)
    h_off                                    0x00006481   Thumb Code   110  message.o(.text)
    h_reboot                                 0x000064ef   Thumb Code    42  message.o(.text)
    h_CLOSED                                 0x00006519   Thumb Code    24  message.o(.text)
    msg_dispatch                             0x00006531   Thumb Code    94  message.o(.text)
    msg_process_line                         0x0000658f   Thumb Code    86  message.o(.text)
    msg_ping                                 0x000065e5   Thumb Code    36  message.o(.text)
    msg_check_timeout                        0x00006609   Thumb Code    46  message.o(.text)
    pool_init                                0x00006637   Thumb Code    10  message.o(.text)
    pool_alloc                               0x00006641   Thumb Code    48  message.o(.text)
    do_add_event                             0x00006671   Thumb Code   818  message.o(.text)
    do_ack_event                             0x000069a3   Thumb Code    78  message.o(.text)
    pool_work                                0x000069f1   Thumb Code   202  message.o(.text)
    do_init                                  0x00006abb   Thumb Code    50  message.o(.text)
    do_work                                  0x00006aed   Thumb Code   154  message.o(.text)
    do_is_online                             0x00006b87   Thumb Code     6  message.o(.text)
    do_send_line                             0x00006b8d   Thumb Code    40  message.o(.text)
    do_set_online                            0x00006bb5   Thumb Code    36  message.o(.text)
    .text                                    0x00006d24   Section        0  sock_ctrl.o(.text)
    relay_on                                 0x00006d25   Thumb Code    30  sock_ctrl.o(.text)
    relay_off                                0x00006d43   Thumb Code    30  sock_ctrl.o(.text)
    finish_charging                          0x00006d61   Thumb Code   136  sock_ctrl.o(.text)
    safety_check                             0x00006de9   Thumb Code   176  sock_ctrl.o(.text)
    process_orders                           0x00006e99   Thumb Code   224  sock_ctrl.o(.text)
    do_init                                  0x00006f79   Thumb Code   102  sock_ctrl.o(.text)
    do_work                                  0x00006fdf   Thumb Code    98  sock_ctrl.o(.text)
    do_is_charging                           0x00007041   Thumb Code    32  sock_ctrl.o(.text)
    do_get_state                             0x00007061   Thumb Code    24  sock_ctrl.o(.text)
    do_send_order                            0x00007079   Thumb Code    68  sock_ctrl.o(.text)
    .text                                    0x00007310   Section        0  memcpya.o(.text)
    .text                                    0x00007334   Section        0  memseta.o(.text)
    .text                                    0x00007358   Section        0  strstr.o(.text)
    .text                                    0x0000737c   Section        0  strncpy.o(.text)
    .text                                    0x00007394   Section        0  strchr.o(.text)
    .text                                    0x000073a8   Section        0  strlen.o(.text)
    .text                                    0x000073b6   Section        0  strcmp.o(.text)
    .text                                    0x000073d2   Section        0  strncmp.o(.text)
    .text                                    0x000073f0   Section        0  atoi.o(.text)
    .text                                    0x0000740a   Section        0  atol.o(.text)
    .text                                    0x00007424   Section        0  f2d.o(.text)
    .text                                    0x0000744a   Section        0  uidiv.o(.text)
    .text                                    0x00007476   Section        0  uldiv.o(.text)
    .text                                    0x000074d8   Section        0  strtol.o(.text)
    .text                                    0x00007548   Section        0  iusefp.o(.text)
    .text                                    0x00007548   Section        0  dadd.o(.text)
    .text                                    0x00007696   Section        0  dmul.o(.text)
    .text                                    0x0000777a   Section        0  ddiv.o(.text)
    .text                                    0x00007858   Section        0  dfixul.o(.text)
    .text                                    0x00007888   Section       48  cdrcmple.o(.text)
    .text                                    0x000078b8   Section       36  init.o(.text)
    .text                                    0x000078dc   Section        0  llshl.o(.text)
    .text                                    0x000078fa   Section        0  llushr.o(.text)
    .text                                    0x0000791a   Section        0  llsshr.o(.text)
    .text                                    0x00007940   Section        0  ctype_o.o(.text)
    .text                                    0x00007948   Section        0  _strtoul.o(.text)
    .text                                    0x000079e6   Section        0  depilogue.o(.text)
    .text                                    0x00007aa0   Section        0  _chval.o(.text)
    .text                                    0x00007abc   Section        0  __dczerorl2.o(.text)
    i.__0printf                              0x00007b14   Section        0  printfa.o(i.__0printf)
    i.__0snprintf                            0x00007b34   Section        0  printfa.o(i.__0snprintf)
    i.__0vsnprintf                           0x00007b68   Section        0  printfa.o(i.__0vsnprintf)
    i.__aeabi_errno_addr                     0x00007b9c   Section        0  errno.o(i.__aeabi_errno_addr)
    i.__scatterload_copy                     0x00007ba4   Section       14  handlers.o(i.__scatterload_copy)
    i.__scatterload_null                     0x00007bb2   Section        2  handlers.o(i.__scatterload_null)
    i.__scatterload_zeroinit                 0x00007bb4   Section       14  handlers.o(i.__scatterload_zeroinit)
    i._fp_digits                             0x00007bc4   Section        0  printfa.o(i._fp_digits)
    _fp_digits                               0x00007bc5   Thumb Code   366  printfa.o(i._fp_digits)
    i._printf_core                           0x00007d48   Section        0  printfa.o(i._printf_core)
    _printf_core                             0x00007d49   Thumb Code  1704  printfa.o(i._printf_core)
    i._printf_post_padding                   0x000083fc   Section        0  printfa.o(i._printf_post_padding)
    _printf_post_padding                     0x000083fd   Thumb Code    36  printfa.o(i._printf_post_padding)
    i._printf_pre_padding                    0x00008420   Section        0  printfa.o(i._printf_pre_padding)
    _printf_pre_padding                      0x00008421   Thumb Code    46  printfa.o(i._printf_pre_padding)
    i._snputc                                0x0000844e   Section        0  printfa.o(i._snputc)
    _snputc                                  0x0000844f   Thumb Code    22  printfa.o(i._snputc)
    .constdata                               0x00008464   Section      168  io_config.o(.constdata)
    .constdata                               0x0000850c   Section       73  cmd_line.o(.constdata)
    cmd_list                                 0x0000850c   Data          64  cmd_line.o(.constdata)
    __func__                                 0x0000854c   Data           9  cmd_line.o(.constdata)
    .constdata                               0x00008555   Section       14  led_board.o(.constdata)
    sock_led_map                             0x00008555   Data          14  led_board.o(.constdata)
    .constdata                               0x00008564   Section        8  drv_hlw8012.o(.constdata)
    pin_map                                  0x00008564   Data           8  drv_hlw8012.o(.constdata)
    .constdata                               0x0000856c   Section       96  flashdb.o(.constdata)
    default_storage                          0x0000856c   Data          96  flashdb.o(.constdata)
    .constdata                               0x000085cc   Section       20  at_dev.o(.constdata)
    baud_list                                0x000085cc   Data          20  at_dev.o(.constdata)
    .constdata                               0x000085e0   Section       68  message.o(.constdata)
    g_cmd_handlers                           0x000085e0   Data          68  message.o(.constdata)
    .constdata                               0x00008624   Section      129  ctype_o.o(.constdata)
    .constdata                               0x000086a8   Section        4  ctype_o.o(.constdata)
    table                                    0x000086a8   Data           4  ctype_o.o(.constdata)
    .conststring                             0x000086ac   Section       55  io_config.o(.conststring)
    .conststring                             0x000086e4   Section       54  cmd_line.o(.conststring)
    .conststring                             0x0000871c   Section       25  task_start.o(.conststring)
    .conststring                             0x00008738   Section       69  task_start.o(.conststring)
    .conststring                             0x00008780   Section       25  task_host.o(.conststring)
    .conststring                             0x0000879c   Section       25  task_ctrl.o(.conststring)
    .conststring                             0x000087b8   Section       25  task_listen.o(.conststring)
    .conststring                             0x000087d4   Section      253  drvp_gpio.o(.conststring)
    .conststring                             0x000088d4   Section      121  message.o(.conststring)
    .data                                    0x20000000   Section        8  cmd_line.o(.data)
    cmd_len                                  0x20000000   Data           4  cmd_line.o(.data)
    sta                                      0x20000004   Data           4  cmd_line.o(.data)
    .data                                    0x20000008   Section       20  led_board.o(.data)
    m_led_board                              0x20000008   Data          20  led_board.o(.data)
    .data                                    0x2000001c   Section        4  led_board.o(.data)
    .data                                    0x20000020   Section       12  led_board.o(.data)
    disp                                     0x20000020   Data           2  led_board.o(.data)
    sock_mode                                0x20000022   Data           2  led_board.o(.data)
    sock_pos                                 0x20000024   Data           2  led_board.o(.data)
    work_tick                                0x20000028   Data           4  led_board.o(.data)
    .data                                    0x2000002c   Section       36  task_start.o(.data)
    m_task_body                              0x2000002c   Data          36  task_start.o(.data)
    .data                                    0x20000050   Section        8  task_start.o(.data)
    task_body                                0x20000050   Data           4  task_start.o(.data)
    ready_printed                            0x20000054   Data           4  task_start.o(.data)
    .data                                    0x20000058   Section        4  task_start.o(.data)
    .data                                    0x2000005c   Section        4  task_start.o(.data)
    handle                                   0x2000005c   Data           4  task_start.o(.data)
    .data                                    0x20000060   Section       36  task_host.o(.data)
    m_task_body                              0x20000060   Data          36  task_host.o(.data)
    .data                                    0x20000084   Section        4  task_host.o(.data)
    task_body                                0x20000084   Data           4  task_host.o(.data)
    .data                                    0x20000088   Section        4  task_host.o(.data)
    .data                                    0x2000008c   Section        4  task_host.o(.data)
    handle                                   0x2000008c   Data           4  task_host.o(.data)
    .data                                    0x20000090   Section       36  task_ctrl.o(.data)
    m_task_body                              0x20000090   Data          36  task_ctrl.o(.data)
    .data                                    0x200000b4   Section        4  task_ctrl.o(.data)
    task_body                                0x200000b4   Data           4  task_ctrl.o(.data)
    .data                                    0x200000b8   Section        4  task_ctrl.o(.data)
    .data                                    0x200000bc   Section        4  task_ctrl.o(.data)
    handle                                   0x200000bc   Data           4  task_ctrl.o(.data)
    .data                                    0x200000c0   Section       36  task_listen.o(.data)
    m_task_body                              0x200000c0   Data          36  task_listen.o(.data)
    .data                                    0x200000e4   Section        4  task_listen.o(.data)
    task_body                                0x200000e4   Data           4  task_listen.o(.data)
    .data                                    0x200000e8   Section        4  task_listen.o(.data)
    .data                                    0x200000ec   Section        4  task_listen.o(.data)
    handle                                   0x200000ec   Data           4  task_listen.o(.data)
    .data                                    0x200000f0   Section       12  drv_uart0.o(.data)
    g_uart0_rx                               0x200000f0   Data           4  drv_uart0.o(.data)
    g_uart0_tx                               0x200000f4   Data           4  drv_uart0.o(.data)
    tx_running                               0x200000f8   Data           4  drv_uart0.o(.data)
    .data                                    0x200000fc   Section       20  drv_uart0.o(.data)
    m_uart0                                  0x200000fc   Data          20  drv_uart0.o(.data)
    .data                                    0x20000110   Section        4  drv_uart0.o(.data)
    .data                                    0x20000114   Section       24  drv_gpio.o(.data)
    m_drv_gpio                               0x20000114   Data          24  drv_gpio.o(.data)
    .data                                    0x2000012c   Section        4  drv_gpio.o(.data)
    .data                                    0x20000130   Section       16  drv_loop.o(.data)
    m_loop                                   0x20000130   Data          16  drv_loop.o(.data)
    .data                                    0x20000140   Section        4  drv_loop.o(.data)
    .data                                    0x20000144   Section       12  drv_hc595.o(.data)
    m_hc595_opt                              0x20000144   Data          12  drv_hc595.o(.data)
    .data                                    0x20000150   Section        4  drv_hc595.o(.data)
    .data                                    0x20000154   Section       20  drv_hlw8012.o(.data)
    m_drv_hlw8012                            0x20000154   Data          20  drv_hlw8012.o(.data)
    .data                                    0x20000168   Section        4  drv_hlw8012.o(.data)
    .data                                    0x2000016c   Section       40  drv_hlw8012.o(.data)
    otick_cyc                                0x2000016c   Data           4  drv_hlw8012.o(.data)
    min_cntr                                 0x20000170   Data           4  drv_hlw8012.o(.data)
    min_pulse                                0x20000174   Data           8  drv_hlw8012.o(.data)
    pulse                                    0x2000017c   Data           8  drv_hlw8012.o(.data)
    last_tick                                0x20000184   Data           8  drv_hlw8012.o(.data)
    isr_arg                                  0x2000018c   Data           8  drv_hlw8012.o(.data)
    .data                                    0x20000194   Section       24  drv_fuse.o(.data)
    sta                                      0x20000194   Data           1  drv_fuse.o(.data)
    fuse_err                                 0x20000198   Data           4  drv_fuse.o(.data)
    otick                                    0x2000019c   Data           4  drv_fuse.o(.data)
    otick_sec                                0x200001a0   Data           4  drv_fuse.o(.data)
    pulse                                    0x200001a4   Data           4  drv_fuse.o(.data)
    init_done                                0x200001a8   Data           4  drv_fuse.o(.data)
    .data                                    0x200001ac   Section       12  drv_fuse.o(.data)
    m_drv_fuse                               0x200001ac   Data          12  drv_fuse.o(.data)
    .data                                    0x200001b8   Section        4  drv_fuse.o(.data)
    .data                                    0x200001bc   Section       12  drv_uart1.o(.data)
    g_uart1_rx                               0x200001bc   Data           4  drv_uart1.o(.data)
    g_uart1_tx                               0x200001c0   Data           4  drv_uart1.o(.data)
    tx1_running                              0x200001c4   Data           4  drv_uart1.o(.data)
    .data                                    0x200001c8   Section       20  drv_uart1.o(.data)
    m_uart1                                  0x200001c8   Data          20  drv_uart1.o(.data)
    .data                                    0x200001dc   Section        4  drv_uart1.o(.data)
    .data                                    0x200001e0   Section     2080  drvp_gpio.o(.data)
    swm32_pin_map                            0x200001e0   Data        2080  drvp_gpio.o(.data)
    .data                                    0x20000a00   Section       24  drvp_gpio.o(.data)
    m_drvp_gpio                              0x20000a00   Data          24  drvp_gpio.o(.data)
    .data                                    0x20000a18   Section        4  drvp_gpio.o(.data)
    .data                                    0x20000a1c   Section        8  drvp_uart0.o(.data)
    rx_callback                              0x20000a1c   Data           4  drvp_uart0.o(.data)
    tx_callback                              0x20000a20   Data           4  drvp_uart0.o(.data)
    .data                                    0x20000a24   Section       40  drvp_uart0.o(.data)
    m_drvp_uart0                             0x20000a24   Data          40  drvp_uart0.o(.data)
    .data                                    0x20000a4c   Section        4  drvp_uart0.o(.data)
    .data                                    0x20000a50   Section        8  drvp_uart1.o(.data)
    rx1_callback                             0x20000a50   Data           4  drvp_uart1.o(.data)
    tx1_callback                             0x20000a54   Data           4  drvp_uart1.o(.data)
    .data                                    0x20000a58   Section       40  drvp_uart1.o(.data)
    m_drvp_uart1                             0x20000a58   Data          40  drvp_uart1.o(.data)
    .data                                    0x20000a80   Section        4  drvp_uart1.o(.data)
    .data                                    0x20000a84   Section       60  tasks.o(.data)
    uxDeletedTasksWaitingCleanUp             0x20000a88   Data           4  tasks.o(.data)
    uxCurrentNumberOfTasks                   0x20000a8c   Data           4  tasks.o(.data)
    xTickCount                               0x20000a90   Data           4  tasks.o(.data)
    uxTopReadyPriority                       0x20000a94   Data           4  tasks.o(.data)
    xSchedulerRunning                        0x20000a98   Data           4  tasks.o(.data)
    uxPendedTicks                            0x20000a9c   Data           4  tasks.o(.data)
    xYieldPending                            0x20000aa0   Data           4  tasks.o(.data)
    xNumOfOverflows                          0x20000aa4   Data           4  tasks.o(.data)
    uxTaskNumber                             0x20000aa8   Data           4  tasks.o(.data)
    xNextTaskUnblockTime                     0x20000aac   Data           4  tasks.o(.data)
    xIdleTaskHandle                          0x20000ab0   Data           4  tasks.o(.data)
    uxSchedulerSuspended                     0x20000ab4   Data           4  tasks.o(.data)
    pxDelayedTaskList                        0x20000ab8   Data           4  tasks.o(.data)
    pxOverflowDelayedTaskList                0x20000abc   Data           4  tasks.o(.data)
    .data                                    0x20000ac0   Section        4  port.o(.data)
    uxCriticalNesting                        0x20000ac0   Data           4  port.o(.data)
    .data                                    0x20000ac4   Section       24  heap_4.o(.data)
    pxEnd                                    0x20000ac4   Data           4  heap_4.o(.data)
    xFreeBytesRemaining                      0x20000ac8   Data           4  heap_4.o(.data)
    xMinimumEverFreeBytesRemaining           0x20000acc   Data           4  heap_4.o(.data)
    xBlockAllocatedBit                       0x20000ad0   Data           4  heap_4.o(.data)
    xStart                                   0x20000ad4   Data           8  heap_4.o(.data)
    .data                                    0x20000adc   Section       16  swm320_flash.o(.data)
    .data                                    0x20000aec   Section        8  system_swm320.o(.data)
    .data                                    0x20000af4   Section        4  sysprt.o(.data)
    g_prt_mq                                 0x20000af4   Data           4  sysprt.o(.data)
    .data                                    0x20000af8   Section       32  sysprt.o(.data)
    m_sysprt                                 0x20000af8   Data          32  sysprt.o(.data)
    .data                                    0x20000b18   Section        4  sysprt.o(.data)
    .data                                    0x20000b1c   Section       16  flashdb.o(.data)
    m_flashdb                                0x20000b1c   Data          16  flashdb.o(.data)
    .data                                    0x20000b2c   Section        4  flashdb.o(.data)
    .data                                    0x20000b30   Section       20  at_dev.o(.data)
    m_at_man                                 0x20000b30   Data          20  at_dev.o(.data)
    .data                                    0x20000b44   Section        4  at_dev.o(.data)
    .data                                    0x20000b48   Section       20  air_man.o(.data)
    m_air_man                                0x20000b48   Data          20  air_man.o(.data)
    .data                                    0x20000b5c   Section        4  air_man.o(.data)
    .data                                    0x20000b60   Section        4  air_man.o(.data)
    .data                                    0x20000b64   Section       12  net_man.o(.data)
    g_phase                                  0x20000b64   Data           4  net_man.o(.data)
    g_step                                   0x20000b68   Data           4  net_man.o(.data)
    g_reconnect                              0x20000b6c   Data           4  net_man.o(.data)
    .data                                    0x20000b70   Section       20  net_man.o(.data)
    m_net_man                                0x20000b70   Data          20  net_man.o(.data)
    .data                                    0x20000b84   Section        4  net_man.o(.data)
    .data                                    0x20000b88   Section       96  message.o(.data)
    g_dev                                    0x20000b90   Data           4  message.o(.data)
    g_linelen                                0x20000b94   Data           4  message.o(.data)
    g_logon_ok                               0x20000b98   Data           4  message.o(.data)
    g_last_ping_tick                         0x20000b9c   Data           4  message.o(.data)
    g_last_recv_tick                         0x20000ba0   Data           4  message.o(.data)
    g_cmd_names                              0x20000ba4   Data          68  message.o(.data)
    .data                                    0x20000be8   Section       28  message.o(.data)
    m_msg_man                                0x20000be8   Data          28  message.o(.data)
    .data                                    0x20000c04   Section        4  sock_ctrl.o(.data)
    g_order_queue                            0x20000c04   Data           4  sock_ctrl.o(.data)
    .data                                    0x20000c08   Section       20  sock_ctrl.o(.data)
    m_sock_ctrl                              0x20000c08   Data          20  sock_ctrl.o(.data)
    .data                                    0x20000c1c   Section        4  sock_ctrl.o(.data)
    .data                                    0x20000c20   Section        4  stdout.o(.data)
    .data                                    0x20000c24   Section        4  errno.o(.data)
    _errno                                   0x20000c24   Data           4  errno.o(.data)
    .bss                                     0x20000c28   Section      128  cmd_line.o(.bss)
    cmd_buf                                  0x20000c28   Data         128  cmd_line.o(.bss)
    .bss                                     0x20000ca8   Section       12  led_board.o(.bss)
    g_led_bus                                0x20000ca8   Data          12  led_board.o(.bss)
    .bss                                     0x20000cb4   Section      360  drvp_gpio.o(.bss)
    gpio_index                               0x20000cb4   Data         336  drvp_gpio.o(.bss)
    init_done                                0x20000e04   Data          24  drvp_gpio.o(.bss)
    .bss                                     0x20000e1c   Section      200  tasks.o(.bss)
    pxReadyTasksLists                        0x20000e1c   Data         100  tasks.o(.bss)
    xDelayedTaskList1                        0x20000e80   Data          20  tasks.o(.bss)
    xDelayedTaskList2                        0x20000e94   Data          20  tasks.o(.bss)
    xPendingReadyList                        0x20000ea8   Data          20  tasks.o(.bss)
    xTasksWaitingTermination                 0x20000ebc   Data          20  tasks.o(.bss)
    xSuspendedTaskList                       0x20000ed0   Data          20  tasks.o(.bss)
    .bss                                     0x20000ee4   Section    92160  heap_4.o(.bss)
    ucHeap                                   0x20000ee4   Data       92160  heap_4.o(.bss)
    .bss                                     0x200176e4   Section       96  flashdb.o(.bss)
    g_storage                                0x200176e4   Data          96  flashdb.o(.bss)
    .bss                                     0x20017744   Section     1544  message.o(.bss)
    g_linebuf                                0x20017744   Data        1024  message.o(.bss)
    g_pool                                   0x20017b44   Data         520  message.o(.bss)
    .bss                                     0x20017d4c   Section       96  sock_ctrl.o(.bss)
    g_sock                                   0x20017d4c   Data          96  sock_ctrl.o(.bss)
    STACK                                    0x20017db0   Section     4096  startup_swm320.o(STACK)

    Global Symbols

    Symbol Name                              Value     Ov Type        Size  Object(Section)

    BuildAttributes$$THM_ISAv4$E$P$D$K$B$S$7EM$PE$A:L22UL41UL21$X:L11$S22US41US21$IEEE1$IW$USESV6$~STKCKD$USESV7$~SHL$OSPACE$ROPI$EBA8$MICROLIB$REQ8$PRES8$EABIv2 0x00000000   Number         0  anon$$obj.o ABSOLUTE
    __ARM_use_no_argv                        0x00000000   Number         0  main.o ABSOLUTE
    __Vectors                                0x00000000   Data           4  startup_swm320.o(RESET)
    _printf_a                                0x00000000   Number         0  stubs.o ABSOLUTE
    _printf_c                                0x00000000   Number         0  stubs.o ABSOLUTE
    _printf_charcount                        0x00000000   Number         0  stubs.o ABSOLUTE
    _printf_d                                0x00000000   Number         0  stubs.o ABSOLUTE
    _printf_e                                0x00000000   Number         0  stubs.o ABSOLUTE
    _printf_f                                0x00000000   Number         0  stubs.o ABSOLUTE
    _printf_flags                            0x00000000   Number         0  stubs.o ABSOLUTE
    _printf_fp_dec                           0x00000000   Number         0  stubs.o ABSOLUTE
    _printf_fp_hex                           0x00000000   Number         0  stubs.o ABSOLUTE
    _printf_g                                0x00000000   Number         0  stubs.o ABSOLUTE
    _printf_i                                0x00000000   Number         0  stubs.o ABSOLUTE
    _printf_int_dec                          0x00000000   Number         0  stubs.o ABSOLUTE
    _printf_l                                0x00000000   Number         0  stubs.o ABSOLUTE
    _printf_lc                               0x00000000   Number         0  stubs.o ABSOLUTE
    _printf_ll                               0x00000000   Number         0  stubs.o ABSOLUTE
    _printf_lld                              0x00000000   Number         0  stubs.o ABSOLUTE
    _printf_lli                              0x00000000   Number         0  stubs.o ABSOLUTE
    _printf_llo                              0x00000000   Number         0  stubs.o ABSOLUTE
    _printf_llu                              0x00000000   Number         0  stubs.o ABSOLUTE
    _printf_llx                              0x00000000   Number         0  stubs.o ABSOLUTE
    _printf_longlong_dec                     0x00000000   Number         0  stubs.o ABSOLUTE
    _printf_longlong_hex                     0x00000000   Number         0  stubs.o ABSOLUTE
    _printf_longlong_oct                     0x00000000   Number         0  stubs.o ABSOLUTE
    _printf_ls                               0x00000000   Number         0  stubs.o ABSOLUTE
    _printf_mbtowc                           0x00000000   Number         0  stubs.o ABSOLUTE
    _printf_n                                0x00000000   Number         0  stubs.o ABSOLUTE
    _printf_o                                0x00000000   Number         0  stubs.o ABSOLUTE
    _printf_p                                0x00000000   Number         0  stubs.o ABSOLUTE
    _printf_percent                          0x00000000   Number         0  stubs.o ABSOLUTE
    _printf_pre_padding                      0x00000000   Number         0  stubs.o ABSOLUTE
    _printf_return_value                     0x00000000   Number         0  stubs.o ABSOLUTE
    _printf_s                                0x00000000   Number         0  stubs.o ABSOLUTE
    _printf_sizespec                         0x00000000   Number         0  stubs.o ABSOLUTE
    _printf_str                              0x00000000   Number         0  stubs.o ABSOLUTE
    _printf_truncate_signed                  0x00000000   Number         0  stubs.o ABSOLUTE
    _printf_truncate_unsigned                0x00000000   Number         0  stubs.o ABSOLUTE
    _printf_u                                0x00000000   Number         0  stubs.o ABSOLUTE
    _printf_wc                               0x00000000   Number         0  stubs.o ABSOLUTE
    _printf_wctomb                           0x00000000   Number         0  stubs.o ABSOLUTE
    _printf_widthprec                        0x00000000   Number         0  stubs.o ABSOLUTE
    _printf_x                                0x00000000   Number         0  stubs.o ABSOLUTE
    __arm_fini_                               - Undefined Weak Reference
    __cpp_initialize__aeabi_                  - Undefined Weak Reference
    __cxa_finalize                            - Undefined Weak Reference
    _clock_init                               - Undefined Weak Reference
    _microlib_exit                            - Undefined Weak Reference
    __Vectors_End                            0x00000148   Data           0  startup_swm320.o(RESET)
    __Vectors_Size                           0x00000148   Number         0  startup_swm320.o ABSOLUTE
    __main                                   0x00000149   Thumb Code     0  entry.o(.ARM.Collect$$$$00000000)
    _main_stk                                0x00000149   Thumb Code     0  entry2.o(.ARM.Collect$$$$00000001)
    _main_scatterload                        0x0000014d   Thumb Code     0  entry5.o(.ARM.Collect$$$$00000004)
    __main_after_scatterload                 0x00000151   Thumb Code     0  entry5.o(.ARM.Collect$$$$00000004)
    _main_clock                              0x00000151   Thumb Code     0  entry7b.o(.ARM.Collect$$$$00000008)
    _main_cpp_init                           0x00000151   Thumb Code     0  entry8b.o(.ARM.Collect$$$$0000000A)
    _main_init                               0x00000151   Thumb Code     0  entry9a.o(.ARM.Collect$$$$0000000B)
    __rt_lib_shutdown_fini                   0x00000159   Thumb Code     0  entry12b.o(.ARM.Collect$$$$0000000E)
    __rt_final_cpp                           0x0000015d   Thumb Code     0  entry10a.o(.ARM.Collect$$$$0000000F)
    __rt_final_exit                          0x0000015d   Thumb Code     0  entry11a.o(.ARM.Collect$$$$00000011)
    SVC_Handler                              0x00000161   Thumb Code    32  port.o(.emb_text)
    __asm___6_port_c_39a90d8d__prvStartFirstTask 0x00000185   Thumb Code    28  port.o(.emb_text)
    PendSV_Handler                           0x000001a5   Thumb Code    72  port.o(.emb_text)
    vPortGetIPSR                             0x000001f1   Thumb Code     6  port.o(.emb_text)
    main                                     0x000001f9   Thumb Code    22  main.o(.text)
    io_init_all                              0x00000215   Thumb Code   112  io_config.o(.text)
    io_print_all                             0x00000285   Thumb Code    48  io_config.o(.text)
    cmd_line_work                            0x00000533   Thumb Code   258  cmd_line.o(.text)
    fputc                                    0x00001121   Thumb Code    14  drv_uart0.o(.text)
    GPIOA_Handler                            0x000019d1   Thumb Code     4  drvp_gpio.o(.text)
    GPIOB_Handler                            0x000019d5   Thumb Code     4  drvp_gpio.o(.text)
    GPIOC_Handler                            0x000019d9   Thumb Code     4  drvp_gpio.o(.text)
    GPIOM_Handler                            0x000019dd   Thumb Code     4  drvp_gpio.o(.text)
    GPION_Handler                            0x000019e1   Thumb Code     4  drvp_gpio.o(.text)
    GPIOP_Handler                            0x000019e5   Thumb Code     4  drvp_gpio.o(.text)
    UART0_Handler                            0x00001ac9   Thumb Code   144  drvp_uart0.o(.text)
    UART1_Handler                            0x00001c27   Thumb Code   144  drvp_uart1.o(.text)
    xTaskCreate                              0x00001e09   Thumb Code    96  tasks.o(.text)
    vTaskDelete                              0x00001e9b   Thumb Code   138  tasks.o(.text)
    xTaskIncrementTick                       0x00001f25   Thumb Code   174  tasks.o(.text)
    xTaskResumeAll                           0x00001fd3   Thumb Code   168  tasks.o(.text)
    vTaskSuspendAll                          0x000020f1   Thumb Code    10  tasks.o(.text)
    vTaskDelayUntil                          0x000020fb   Thumb Code    84  tasks.o(.text)
    vTaskDelay                               0x0000214f   Thumb Code    48  tasks.o(.text)
    uxTaskPriorityGet                        0x0000217f   Thumb Code    24  tasks.o(.text)
    uxTaskPriorityGetFromISR                 0x00002197   Thumb Code    34  tasks.o(.text)
    vTaskPrioritySet                         0x000021b9   Thumb Code   172  tasks.o(.text)
    vTaskSwitchContext                       0x00002265   Thumb Code    64  tasks.o(.text)
    vTaskSuspend                             0x000022a5   Thumb Code   140  tasks.o(.text)
    vTaskResume                              0x0000234f   Thumb Code    98  tasks.o(.text)
    xTaskResumeFromISR                       0x000023b1   Thumb Code   108  tasks.o(.text)
    vTaskStartScheduler                      0x00002487   Thumb Code    66  tasks.o(.text)
    vTaskEndScheduler                        0x000024c9   Thumb Code    48  tasks.o(.text)
    xTaskGetTickCount                        0x000024f9   Thumb Code     6  tasks.o(.text)
    xTaskGetTickCountFromISR                 0x000024ff   Thumb Code     6  tasks.o(.text)
    uxTaskGetNumberOfTasks                   0x00002505   Thumb Code     6  tasks.o(.text)
    pcTaskGetName                            0x0000250b   Thumb Code    12  tasks.o(.text)
    vTaskPlaceOnEventList                    0x00002517   Thumb Code    24  tasks.o(.text)
    vTaskPlaceOnUnorderedEventList           0x0000252f   Thumb Code    32  tasks.o(.text)
    xTaskRemoveFromEventList                 0x0000254f   Thumb Code    92  tasks.o(.text)
    xTaskRemoveFromUnorderedEventList        0x000025ab   Thumb Code    74  tasks.o(.text)
    vTaskSetTimeOutState                     0x000025f5   Thumb Code    12  tasks.o(.text)
    xTaskCheckForTimeOut                     0x00002601   Thumb Code    74  tasks.o(.text)
    vTaskMissedYield                         0x0000264b   Thumb Code     8  tasks.o(.text)
    xTaskGetCurrentTaskHandle                0x00002653   Thumb Code     6  tasks.o(.text)
    vTaskPriorityInherit                     0x00002659   Thumb Code   128  tasks.o(.text)
    xTaskPriorityDisinherit                  0x000026d9   Thumb Code   104  tasks.o(.text)
    uxTaskResetEventItemValue                0x00002741   Thumb Code    20  tasks.o(.text)
    pvTaskIncrementMutexHeldCount            0x00002755   Thumb Code    20  tasks.o(.text)
    ulTaskNotifyTake                         0x00002769   Thumb Code    96  tasks.o(.text)
    xTaskNotifyWait                          0x000027c9   Thumb Code   134  tasks.o(.text)
    xTaskGenericNotify                       0x0000284f   Thumb Code   170  tasks.o(.text)
    xTaskGenericNotifyFromISR                0x000028f9   Thumb Code   192  tasks.o(.text)
    vTaskNotifyGiveFromISR                   0x000029b9   Thumb Code   132  tasks.o(.text)
    xTaskNotifyStateClear                    0x00002a3d   Thumb Code    46  tasks.o(.text)
    xQueueGenericReset                       0x00002a75   Thumb Code   114  queue.o(.text)
    xQueueGenericCreate                      0x00002afd   Thumb Code    50  queue.o(.text)
    xQueueGenericSend                        0x00002c25   Thumb Code   244  queue.o(.text)
    xQueueCreateMutex                        0x00002d2f   Thumb Code    24  queue.o(.text)
    xQueueGenericSendFromISR                 0x00002d47   Thumb Code   100  queue.o(.text)
    xQueueGiveFromISR                        0x00002dab   Thumb Code    86  queue.o(.text)
    xQueueGenericReceive                     0x00002e43   Thumb Code   316  queue.o(.text)
    xQueueReceiveFromISR                     0x00002f7f   Thumb Code   100  queue.o(.text)
    xQueuePeekFromISR                        0x00002fe3   Thumb Code    50  queue.o(.text)
    uxQueueMessagesWaiting                   0x00003015   Thumb Code    18  queue.o(.text)
    uxQueueSpacesAvailable                   0x00003027   Thumb Code    22  queue.o(.text)
    uxQueueMessagesWaitingFromISR            0x0000303d   Thumb Code     4  queue.o(.text)
    vQueueDelete                             0x00003041   Thumb Code     4  queue.o(.text)
    xQueueIsQueueEmptyFromISR                0x00003045   Thumb Code    14  queue.o(.text)
    xQueueIsQueueFullFromISR                 0x00003053   Thumb Code    16  queue.o(.text)
    vListInitialise                          0x00003063   Thumb Code    22  list.o(.text)
    vListInitialiseItem                      0x00003079   Thumb Code     6  list.o(.text)
    vListInsertEnd                           0x0000307f   Thumb Code    24  list.o(.text)
    vListInsert                              0x00003097   Thumb Code    48  list.o(.text)
    uxListRemove                             0x000030c7   Thumb Code    36  list.o(.text)
    pxPortInitialiseStack                    0x000030fd   Thumb Code    24  port.o(.text)
    vPortSetupTimerInterrupt                 0x00003115   Thumb Code    14  port.o(.text)
    xPortStartScheduler                      0x00003123   Thumb Code    38  port.o(.text)
    vPortEndScheduler                        0x00003149   Thumb Code     2  port.o(.text)
    vPortEnterCritical                       0x0000314b   Thumb Code    24  port.o(.text)
    vPortExitCritical                        0x00003163   Thumb Code    18  port.o(.text)
    SysTick_Handler                          0x00003175   Thumb Code    40  port.o(.text)
    pvPortMalloc                             0x0000323f   Thumb Code   148  heap_4.o(.text)
    vPortFree                                0x000032d3   Thumb Code    60  heap_4.o(.text)
    xPortGetFreeHeapSize                     0x0000330f   Thumb Code     8  heap_4.o(.text)
    xPortGetMinimumEverFreeHeapSize          0x00003317   Thumb Code     8  heap_4.o(.text)
    vPortInitialiseBlocks                    0x0000331f   Thumb Code     2  heap_4.o(.text)
    EXTI_Close                               0x00003329   Thumb Code    12  swm320_exti.o(.text)
    EXTI_Init                                0x00003335   Thumb Code   100  swm320_exti.o(.text)
    EXTI_Open                                0x00003399   Thumb Code    12  swm320_exti.o(.text)
    EXTI_State                               0x000033a5   Thumb Code    10  swm320_exti.o(.text)
    EXTI_RawState                            0x000033af   Thumb Code    10  swm320_exti.o(.text)
    EXTI_Clear                               0x000033b9   Thumb Code     8  swm320_exti.o(.text)
    GPIO_Init                                0x000033c1   Thumb Code   486  swm320_gpio.o(.text)
    GPIO_SetBit                              0x000035a7   Thumb Code    16  swm320_gpio.o(.text)
    GPIO_ClrBit                              0x000035b7   Thumb Code    16  swm320_gpio.o(.text)
    GPIO_InvBit                              0x000035c7   Thumb Code    20  swm320_gpio.o(.text)
    GPIO_GetBit                              0x000035db   Thumb Code    10  swm320_gpio.o(.text)
    GPIO_SetBits                             0x000035e5   Thumb Code    20  swm320_gpio.o(.text)
    GPIO_ClrBits                             0x000035f9   Thumb Code    20  swm320_gpio.o(.text)
    GPIO_InvBits                             0x0000360d   Thumb Code    20  swm320_gpio.o(.text)
    GPIO_GetBits                             0x00003621   Thumb Code    18  swm320_gpio.o(.text)
    GPIO_AtomicSetBits                       0x00003633   Thumb Code    24  swm320_gpio.o(.text)
    GPIO_AtomicClrBits                       0x0000364b   Thumb Code    24  swm320_gpio.o(.text)
    GPIO_AtomicInvBits                       0x00003663   Thumb Code    24  swm320_gpio.o(.text)
    FLASH_Erase                              0x00003699   Thumb Code    20  swm320_flash.o(.text)
    FLASH_Write                              0x000036ad   Thumb Code    38  swm320_flash.o(.text)
    Flash_Param_at_xMHz                      0x000036d3   Thumb Code    58  swm320_flash.o(.text)
    PORT_Init                                0x00003721   Thumb Code  1058  swm320_port.o(.text)
    UART_Close                               0x00003b4d   Thumb Code    10  swm320_uart.o(.text)
    UART_Init                                0x00003b57   Thumb Code   428  swm320_uart.o(.text)
    UART_Open                                0x00003d03   Thumb Code    10  swm320_uart.o(.text)
    UART_WriteByte                           0x00003d0d   Thumb Code     4  swm320_uart.o(.text)
    UART_ReadByte                            0x00003d11   Thumb Code    20  swm320_uart.o(.text)
    UART_IsTXBusy                            0x00003d25   Thumb Code    10  swm320_uart.o(.text)
    UART_IsRXFIFOEmpty                       0x00003d2f   Thumb Code    10  swm320_uart.o(.text)
    UART_IsTXFIFOFull                        0x00003d39   Thumb Code     8  swm320_uart.o(.text)
    UART_SetBaudrate                         0x00003d41   Thumb Code    28  swm320_uart.o(.text)
    UART_GetBaudrate                         0x00003d5d   Thumb Code    20  swm320_uart.o(.text)
    UART_CTSConfig                           0x00003d71   Thumb Code    20  swm320_uart.o(.text)
    UART_CTSLineState                        0x00003d85   Thumb Code     8  swm320_uart.o(.text)
    UART_RTSConfig                           0x00003d8d   Thumb Code    28  swm320_uart.o(.text)
    UART_RTSLineState                        0x00003da9   Thumb Code     8  swm320_uart.o(.text)
    UART_LINConfig                           0x00003db1   Thumb Code    20  swm320_uart.o(.text)
    UART_LINGenerate                         0x00003dc5   Thumb Code    10  swm320_uart.o(.text)
    UART_LINIsDetected                       0x00003dcf   Thumb Code     8  swm320_uart.o(.text)
    UART_LINIsGenerated                      0x00003dd7   Thumb Code     8  swm320_uart.o(.text)
    UART_ABRStart                            0x00003ddf   Thumb Code    80  swm320_uart.o(.text)
    UART_ABRIsDone                           0x00003e2f   Thumb Code    24  swm320_uart.o(.text)
    UART_INTEn                               0x00003e47   Thumb Code     8  swm320_uart.o(.text)
    UART_INTDis                              0x00003e4f   Thumb Code     8  swm320_uart.o(.text)
    UART_INTStat                             0x00003e57   Thumb Code    48  swm320_uart.o(.text)
    SystemCoreClockUpdate                    0x00003ebd   Thumb Code   112  system_swm320.o(.text)
    PLLInit                                  0x00003f59   Thumb Code    56  system_swm320.o(.text)
    switchCLK_PLL                            0x00003f91   Thumb Code    36  system_swm320.o(.text)
    switchCLK_XTAL                           0x00003fb5   Thumb Code    38  system_swm320.o(.text)
    switchCLK_32KHz                          0x00003fdb   Thumb Code    46  system_swm320.o(.text)
    switchCLK_40MHz                          0x00004009   Thumb Code    34  system_swm320.o(.text)
    switchCLK_20MHz                          0x0000402b   Thumb Code    34  system_swm320.o(.text)
    SystemInit                               0x0000404d   Thumb Code   102  system_swm320.o(.text)
    Reset_Handler                            0x000040e1   Thumb Code     4  startup_swm320.o(.text)
    NMI_Handler                              0x000040e5   Thumb Code     2  startup_swm320.o(.text)
    HardFault_Handler                        0x000040e7   Thumb Code     2  startup_swm320.o(.text)
    MemManage_Handler                        0x000040e9   Thumb Code     2  startup_swm320.o(.text)
    BusFault_Handler                         0x000040eb   Thumb Code     2  startup_swm320.o(.text)
    UsageFault_Handler                       0x000040ed   Thumb Code     2  startup_swm320.o(.text)
    DebugMon_Handler                         0x000040f1   Thumb Code     2  startup_swm320.o(.text)
    GPIOA0_Handler                           0x000040f7   Thumb Code     2  startup_swm320.o(.text)
    GPIOA1_Handler                           0x000040f9   Thumb Code     2  startup_swm320.o(.text)
    GPIOA2_Handler                           0x000040fb   Thumb Code     2  startup_swm320.o(.text)
    GPIOA3_Handler                           0x000040fd   Thumb Code     2  startup_swm320.o(.text)
    GPIOA4_Handler                           0x000040ff   Thumb Code     2  startup_swm320.o(.text)
    GPIOA5_Handler                           0x00004101   Thumb Code     2  startup_swm320.o(.text)
    GPIOA6_Handler                           0x00004103   Thumb Code     2  startup_swm320.o(.text)
    GPIOA7_Handler                           0x00004105   Thumb Code     2  startup_swm320.o(.text)
    GPIOB0_Handler                           0x00004107   Thumb Code     2  startup_swm320.o(.text)
    GPIOB1_Handler                           0x00004109   Thumb Code     2  startup_swm320.o(.text)
    GPIOB2_Handler                           0x0000410b   Thumb Code     2  startup_swm320.o(.text)
    GPIOB3_Handler                           0x0000410d   Thumb Code     2  startup_swm320.o(.text)
    GPIOB4_Handler                           0x0000410f   Thumb Code     2  startup_swm320.o(.text)
    GPIOB5_Handler                           0x00004111   Thumb Code     2  startup_swm320.o(.text)
    GPIOB6_Handler                           0x00004113   Thumb Code     2  startup_swm320.o(.text)
    GPIOB7_Handler                           0x00004115   Thumb Code     2  startup_swm320.o(.text)
    GPIOC0_Handler                           0x00004117   Thumb Code     2  startup_swm320.o(.text)
    GPIOC1_Handler                           0x00004119   Thumb Code     2  startup_swm320.o(.text)
    GPIOC2_Handler                           0x0000411b   Thumb Code     2  startup_swm320.o(.text)
    GPIOC3_Handler                           0x0000411d   Thumb Code     2  startup_swm320.o(.text)
    GPIOC4_Handler                           0x0000411f   Thumb Code     2  startup_swm320.o(.text)
    GPIOC5_Handler                           0x00004121   Thumb Code     2  startup_swm320.o(.text)
    GPIOC6_Handler                           0x00004123   Thumb Code     2  startup_swm320.o(.text)
    GPIOC7_Handler                           0x00004125   Thumb Code     2  startup_swm320.o(.text)
    GPIOM0_Handler                           0x00004127   Thumb Code     2  startup_swm320.o(.text)
    GPIOM1_Handler                           0x00004129   Thumb Code     2  startup_swm320.o(.text)
    GPIOM2_Handler                           0x0000412b   Thumb Code     2  startup_swm320.o(.text)
    GPIOM3_Handler                           0x0000412d   Thumb Code     2  startup_swm320.o(.text)
    GPIOM4_Handler                           0x0000412f   Thumb Code     2  startup_swm320.o(.text)
    GPIOM5_Handler                           0x00004131   Thumb Code     2  startup_swm320.o(.text)
    GPIOM6_Handler                           0x00004133   Thumb Code     2  startup_swm320.o(.text)
    GPIOM7_Handler                           0x00004135   Thumb Code     2  startup_swm320.o(.text)
    DMA_Handler                              0x00004137   Thumb Code     2  startup_swm320.o(.text)
    LCD_Handler                              0x00004139   Thumb Code     2  startup_swm320.o(.text)
    NORFLC_Handler                           0x0000413b   Thumb Code     2  startup_swm320.o(.text)
    CAN_Handler                              0x0000413d   Thumb Code     2  startup_swm320.o(.text)
    PULSE_Handler                            0x0000413f   Thumb Code     2  startup_swm320.o(.text)
    WDT_Handler                              0x00004141   Thumb Code     2  startup_swm320.o(.text)
    PWM_Handler                              0x00004143   Thumb Code     2  startup_swm320.o(.text)
    UART2_Handler                            0x00004149   Thumb Code     2  startup_swm320.o(.text)
    UART3_Handler                            0x0000414b   Thumb Code     2  startup_swm320.o(.text)
    I2C0_Handler                             0x0000414d   Thumb Code     2  startup_swm320.o(.text)
    I2C1_Handler                             0x0000414f   Thumb Code     2  startup_swm320.o(.text)
    SPI0_Handler                             0x00004151   Thumb Code     2  startup_swm320.o(.text)
    ADC0_Handler                             0x00004153   Thumb Code     2  startup_swm320.o(.text)
    RTC_Handler                              0x00004155   Thumb Code     2  startup_swm320.o(.text)
    BOD_Handler                              0x00004157   Thumb Code     2  startup_swm320.o(.text)
    SDIO_Handler                             0x00004159   Thumb Code     2  startup_swm320.o(.text)
    ADC1_Handler                             0x00004167   Thumb Code     2  startup_swm320.o(.text)
    FPU_Handler                              0x00004169   Thumb Code     2  startup_swm320.o(.text)
    SPI1_Handler                             0x0000416b   Thumb Code     2  startup_swm320.o(.text)
    TIMR0_Handler                            0x0000416d   Thumb Code     2  startup_swm320.o(.text)
    TIMR1_Handler                            0x0000416f   Thumb Code     2  startup_swm320.o(.text)
    TIMR2_Handler                            0x00004171   Thumb Code     2  startup_swm320.o(.text)
    TIMR3_Handler                            0x00004173   Thumb Code     2  startup_swm320.o(.text)
    TIMR4_Handler                            0x00004175   Thumb Code     2  startup_swm320.o(.text)
    TIMR5_Handler                            0x00004177   Thumb Code     2  startup_swm320.o(.text)
    __aeabi_memcpy                           0x00007311   Thumb Code    36  memcpya.o(.text)
    __aeabi_memcpy4                          0x00007311   Thumb Code     0  memcpya.o(.text)
    __aeabi_memcpy8                          0x00007311   Thumb Code     0  memcpya.o(.text)
    __aeabi_memset                           0x00007335   Thumb Code    14  memseta.o(.text)
    __aeabi_memset4                          0x00007335   Thumb Code     0  memseta.o(.text)
    __aeabi_memset8                          0x00007335   Thumb Code     0  memseta.o(.text)
    __aeabi_memclr                           0x00007343   Thumb Code     4  memseta.o(.text)
    __aeabi_memclr4                          0x00007343   Thumb Code     0  memseta.o(.text)
    __aeabi_memclr8                          0x00007343   Thumb Code     0  memseta.o(.text)
    _memset$wrapper                          0x00007347   Thumb Code    18  memseta.o(.text)
    strstr                                   0x00007359   Thumb Code    36  strstr.o(.text)
    strncpy                                  0x0000737d   Thumb Code    24  strncpy.o(.text)
    strchr                                   0x00007395   Thumb Code    20  strchr.o(.text)
    strlen                                   0x000073a9   Thumb Code    14  strlen.o(.text)
    strcmp                                   0x000073b7   Thumb Code    28  strcmp.o(.text)
    strncmp                                  0x000073d3   Thumb Code    30  strncmp.o(.text)
    atoi                                     0x000073f1   Thumb Code    26  atoi.o(.text)
    atol                                     0x0000740b   Thumb Code    26  atol.o(.text)
    __aeabi_f2d                              0x00007425   Thumb Code    38  f2d.o(.text)
    __aeabi_uidiv                            0x0000744b   Thumb Code     0  uidiv.o(.text)
    __aeabi_uidivmod                         0x0000744b   Thumb Code    44  uidiv.o(.text)
    __aeabi_uldivmod                         0x00007477   Thumb Code    98  uldiv.o(.text)
    strtol                                   0x000074d9   Thumb Code   112  strtol.o(.text)
    __I$use$fp                               0x00007549   Thumb Code     0  iusefp.o(.text)
    __aeabi_dadd                             0x00007549   Thumb Code   322  dadd.o(.text)
    __aeabi_dsub                             0x0000768b   Thumb Code     6  dadd.o(.text)
    __aeabi_drsub                            0x00007691   Thumb Code     6  dadd.o(.text)
    __aeabi_dmul                             0x00007697   Thumb Code   228  dmul.o(.text)
    __aeabi_ddiv                             0x0000777b   Thumb Code   222  ddiv.o(.text)
    __aeabi_d2ulz                            0x00007859   Thumb Code    48  dfixul.o(.text)
    __aeabi_cdrcmple                         0x00007889   Thumb Code    48  cdrcmple.o(.text)
    __scatterload                            0x000078b9   Thumb Code    28  init.o(.text)
    __scatterload_rt2                        0x000078b9   Thumb Code     0  init.o(.text)
    __aeabi_llsl                             0x000078dd   Thumb Code    30  llshl.o(.text)
    _ll_shift_l                              0x000078dd   Thumb Code     0  llshl.o(.text)
    __aeabi_llsr                             0x000078fb   Thumb Code    32  llushr.o(.text)
    _ll_ushift_r                             0x000078fb   Thumb Code     0  llushr.o(.text)
    __aeabi_lasr                             0x0000791b   Thumb Code    36  llsshr.o(.text)
    _ll_sshift_r                             0x0000791b   Thumb Code     0  llsshr.o(.text)
    __rt_ctype_table                         0x00007941   Thumb Code     4  ctype_o.o(.text)
    _strtoul                                 0x00007949   Thumb Code   158  _strtoul.o(.text)
    _double_round                            0x000079e7   Thumb Code    30  depilogue.o(.text)
    _double_epilogue                         0x00007a05   Thumb Code   156  depilogue.o(.text)
    _chval                                   0x00007aa1   Thumb Code    28  _chval.o(.text)
    __decompress                             0x00007abd   Thumb Code     0  __dczerorl2.o(.text)
    __decompress1                            0x00007abd   Thumb Code    86  __dczerorl2.o(.text)
    __0printf                                0x00007b15   Thumb Code    22  printfa.o(i.__0printf)
    __1printf                                0x00007b15   Thumb Code     0  printfa.o(i.__0printf)
    __2printf                                0x00007b15   Thumb Code     0  printfa.o(i.__0printf)
    __c89printf                              0x00007b15   Thumb Code     0  printfa.o(i.__0printf)
    printf                                   0x00007b15   Thumb Code     0  printfa.o(i.__0printf)
    __0snprintf                              0x00007b35   Thumb Code    48  printfa.o(i.__0snprintf)
    __1snprintf                              0x00007b35   Thumb Code     0  printfa.o(i.__0snprintf)
    __2snprintf                              0x00007b35   Thumb Code     0  printfa.o(i.__0snprintf)
    __c89snprintf                            0x00007b35   Thumb Code     0  printfa.o(i.__0snprintf)
    snprintf                                 0x00007b35   Thumb Code     0  printfa.o(i.__0snprintf)
    __0vsnprintf                             0x00007b69   Thumb Code    46  printfa.o(i.__0vsnprintf)
    __1vsnprintf                             0x00007b69   Thumb Code     0  printfa.o(i.__0vsnprintf)
    __2vsnprintf                             0x00007b69   Thumb Code     0  printfa.o(i.__0vsnprintf)
    __c89vsnprintf                           0x00007b69   Thumb Code     0  printfa.o(i.__0vsnprintf)
    vsnprintf                                0x00007b69   Thumb Code     0  printfa.o(i.__0vsnprintf)
    __aeabi_errno_addr                       0x00007b9d   Thumb Code     4  errno.o(i.__aeabi_errno_addr)
    __rt_errno_addr                          0x00007b9d   Thumb Code     0  errno.o(i.__aeabi_errno_addr)
    __scatterload_copy                       0x00007ba5   Thumb Code    14  handlers.o(i.__scatterload_copy)
    __scatterload_null                       0x00007bb3   Thumb Code     2  handlers.o(i.__scatterload_null)
    __scatterload_zeroinit                   0x00007bb5   Thumb Code    14  handlers.o(i.__scatterload_zeroinit)
    io_table                                 0x00008464   Data         168  io_config.o(.constdata)
    __ctype_table                            0x00008624   Data         129  ctype_o.o(.constdata)
    Region$$Table$$Base                      0x00008950   Number         0  anon$$obj.o(Region$$Table)
    Region$$Table$$Limit                     0x00008970   Number         0  anon$$obj.o(Region$$Table)
    led_board                                0x2000001c   Data           4  led_board.o(.data)
    task_start                               0x20000058   Data           4  task_start.o(.data)
    task_host                                0x20000088   Data           4  task_host.o(.data)
    task_ctrl                                0x200000b8   Data           4  task_ctrl.o(.data)
    task_listen                              0x200000e8   Data           4  task_listen.o(.data)
    uart0                                    0x20000110   Data           4  drv_uart0.o(.data)
    drv_gpio                                 0x2000012c   Data           4  drv_gpio.o(.data)
    loop                                     0x20000140   Data           4  drv_loop.o(.data)
    hc595_opt                                0x20000150   Data           4  drv_hc595.o(.data)
    drv_hlw8012                              0x20000168   Data           4  drv_hlw8012.o(.data)
    drv_fuse                                 0x200001b8   Data           4  drv_fuse.o(.data)
    uart1                                    0x200001dc   Data           4  drv_uart1.o(.data)
    drvp_gpio                                0x20000a18   Data           4  drvp_gpio.o(.data)
    drvp_uart0                               0x20000a4c   Data           4  drvp_uart0.o(.data)
    drvp_uart1                               0x20000a80   Data           4  drvp_uart1.o(.data)
    pxCurrentTCB                             0x20000a84   Data           4  tasks.o(.data)
    IAP_Cache_Reset                          0x20000adc   Data           4  swm320_flash.o(.data)
    IAP_Flash_Param                          0x20000ae0   Data           4  swm320_flash.o(.data)
    IAP_Flash_Erase                          0x20000ae4   Data           4  swm320_flash.o(.data)
    IAP_Flash_Write                          0x20000ae8   Data           4  swm320_flash.o(.data)
    SystemCoreClock                          0x20000aec   Data           4  system_swm320.o(.data)
    CyclesPerUs                              0x20000af0   Data           4  system_swm320.o(.data)
    sysprt                                   0x20000b18   Data           4  sysprt.o(.data)
    flashdb                                  0x20000b2c   Data           4  flashdb.o(.data)
    at_man                                   0x20000b44   Data           4  at_dev.o(.data)
    air_man                                  0x20000b5c   Data           4  air_man.o(.data)
    air724                                   0x20000b60   Data           4  air_man.o(.data)
    net_man                                  0x20000b84   Data           4  net_man.o(.data)
    g_msg_need_reconnect                     0x20000b88   Data           4  message.o(.data)
    msg_man                                  0x20000b8c   Data           4  message.o(.data)
    sock_ctrl                                0x20000c1c   Data           4  sock_ctrl.o(.data)
    __stdout                                 0x20000c20   Data           4  stdout.o(.data)
    __initial_sp                             0x20018db0   Data           0  startup_swm320.o(STACK)



==============================================================================

Memory Map of the image

  Image Entry point : 0x00000149

  Load Region LR_IROM1 (Base: 0x00000000, Size: 0x00009598, Max: 0x00080000, ABSOLUTE, COMPRESSED[0x00008db0])

    Execution Region ER_IROM1 (Exec base: 0x00000000, Load base: 0x00000000, Size: 0x00008970, Max: 0x00080000, ABSOLUTE)

    Exec Addr    Load Addr    Size         Type   Attr      Idx    E Section Name        Object

    0x00000000   0x00000000   0x00000148   Data   RO         1407    RESET               startup_swm320.o
    0x00000148   0x00000148   0x00000000   Code   RO         1646  * .ARM.Collect$$$$00000000  mc_w.l(entry.o)
    0x00000148   0x00000148   0x00000004   Code   RO         1934    .ARM.Collect$$$$00000001  mc_w.l(entry2.o)
    0x0000014c   0x0000014c   0x00000004   Code   RO         1937    .ARM.Collect$$$$00000004  mc_w.l(entry5.o)
    0x00000150   0x00000150   0x00000000   Code   RO         1939    .ARM.Collect$$$$00000008  mc_w.l(entry7b.o)
    0x00000150   0x00000150   0x00000000   Code   RO         1941    .ARM.Collect$$$$0000000A  mc_w.l(entry8b.o)
    0x00000150   0x00000150   0x00000008   Code   RO         1942    .ARM.Collect$$$$0000000B  mc_w.l(entry9a.o)
    0x00000158   0x00000158   0x00000004   Code   RO         1949    .ARM.Collect$$$$0000000E  mc_w.l(entry12b.o)
    0x0000015c   0x0000015c   0x00000000   Code   RO         1944    .ARM.Collect$$$$0000000F  mc_w.l(entry10a.o)
    0x0000015c   0x0000015c   0x00000000   Code   RO         1946    .ARM.Collect$$$$00000011  mc_w.l(entry11a.o)
    0x0000015c   0x0000015c   0x00000004   Code   RO         1935    .ARM.Collect$$$$00002712  mc_w.l(entry2.o)
    0x00000160   0x00000160   0x00000096   Code   RO          898    .emb_text           port.o
    0x000001f6   0x000001f6   0x00000002   PAD
    0x000001f8   0x000001f8   0x0000001c   Code   RO            4    .text               main.o
    0x00000214   0x00000214   0x00000114   Code   RO          160    .text               io_config.o
    0x00000328   0x00000328   0x000004e0   Code   RO          191    .text               cmd_line.o
    0x00000808   0x00000808   0x0000019c   Code   RO          254    .text               led_board.o
    0x000009a4   0x000009a4   0x000004c8   Code   RO          291    .text               task_start.o
    0x00000e6c   0x00000e6c   0x00000080   Code   RO          390    .text               task_host.o
    0x00000eec   0x00000eec   0x00000098   Code   RO          427    .text               task_ctrl.o
    0x00000f84   0x00000f84   0x0000009c   Code   RO          465    .text               task_listen.o
    0x00001020   0x00001020   0x00000124   Code   RO          499    .text               drv_uart0.o
    0x00001144   0x00001144   0x0000003c   Code   RO          532    .text               drv_gpio.o
    0x00001180   0x00001180   0x0000006a   Code   RO          550    .text               drv_loop.o
    0x000011ea   0x000011ea   0x00000002   PAD
    0x000011ec   0x000011ec   0x000000ec   Code   RO          568    .text               drv_hc595.o
    0x000012d8   0x000012d8   0x00000238   Code   RO          593    .text               drv_hlw8012.o
    0x00001510   0x00001510   0x00000134   Code   RO          625    .text               drv_fuse.o
    0x00001644   0x00001644   0x00000114   Code   RO          656    .text               drv_uart1.o
    0x00001758   0x00001758   0x000002b0   Code   RO          687    .text               drvp_gpio.o
    0x00001a08   0x00001a08   0x0000015c   Code   RO          725    .text               drvp_uart0.o
    0x00001b64   0x00001b64   0x00000160   Code   RO          757    .text               drvp_uart1.o
    0x00001cc4   0x00001cc4   0x00000db0   Code   RO          786    .text               tasks.o
    0x00002a74   0x00002a74   0x000005ee   Code   RO          832    .text               queue.o
    0x00003062   0x00003062   0x00000088   Code   RO          856    .text               list.o
    0x000030ea   0x000030ea   0x00000002   PAD
    0x000030ec   0x000030ec   0x000000c0   Code   RO          899    .text               port.o
    0x000031ac   0x000031ac   0x0000017c   Code   RO          928    .text               heap_4.o
    0x00003328   0x00003328   0x00000098   Code   RO          970    .text               swm320_exti.o
    0x000033c0   0x000033c0   0x000002d8   Code   RO          994    .text               swm320_gpio.o
    0x00003698   0x00003698   0x00000088   Code   RO         1142    .text               swm320_flash.o
    0x00003720   0x00003720   0x0000042c   Code   RO         1172    .text               swm320_port.o
    0x00003b4c   0x00003b4c   0x00000370   Code   RO         1347    .text               swm320_uart.o
    0x00003ebc   0x00003ebc   0x00000224   Code   RO         1371    .text               system_swm320.o
    0x000040e0   0x000040e0   0x0000009c   Code   RO         1408    .text               startup_swm320.o
    0x0000417c   0x0000417c   0x000001a0   Code   RO         1415    .text               sysprt.o
    0x0000431c   0x0000431c   0x00000270   Code   RO         1456    .text               flashdb.o
    0x0000458c   0x0000458c   0x00000534   Code   RO         1488    .text               at_dev.o
    0x00004ac0   0x00004ac0   0x00000864   Code   RO         1519    .text               air_man.o
    0x00005324   0x00005324   0x00000f90   Code   RO         1550    .text               net_man.o
    0x000062b4   0x000062b4   0x00000a70   Code   RO         1581    .text               message.o
    0x00006d24   0x00006d24   0x000005ec   Code   RO         1617    .text               sock_ctrl.o
    0x00007310   0x00007310   0x00000024   Code   RO         1649    .text               mc_w.l(memcpya.o)
    0x00007334   0x00007334   0x00000024   Code   RO         1651    .text               mc_w.l(memseta.o)
    0x00007358   0x00007358   0x00000024   Code   RO         1653    .text               mc_w.l(strstr.o)
    0x0000737c   0x0000737c   0x00000018   Code   RO         1655    .text               mc_w.l(strncpy.o)
    0x00007394   0x00007394   0x00000014   Code   RO         1657    .text               mc_w.l(strchr.o)
    0x000073a8   0x000073a8   0x0000000e   Code   RO         1659    .text               mc_w.l(strlen.o)
    0x000073b6   0x000073b6   0x0000001c   Code   RO         1661    .text               mc_w.l(strcmp.o)
    0x000073d2   0x000073d2   0x0000001e   Code   RO         1663    .text               mc_w.l(strncmp.o)
    0x000073f0   0x000073f0   0x0000001a   Code   RO         1928    .text               mc_w.l(atoi.o)
    0x0000740a   0x0000740a   0x0000001a   Code   RO         1930    .text               mc_w.l(atol.o)
    0x00007424   0x00007424   0x00000026   Code   RO         1932    .text               mf_w.l(f2d.o)
    0x0000744a   0x0000744a   0x0000002c   Code   RO         1951    .text               mc_w.l(uidiv.o)
    0x00007476   0x00007476   0x00000062   Code   RO         1953    .text               mc_w.l(uldiv.o)
    0x000074d8   0x000074d8   0x00000070   Code   RO         1962    .text               mc_w.l(strtol.o)
    0x00007548   0x00007548   0x00000000   Code   RO         1964    .text               mc_w.l(iusefp.o)
    0x00007548   0x00007548   0x0000014e   Code   RO         1965    .text               mf_w.l(dadd.o)
    0x00007696   0x00007696   0x000000e4   Code   RO         1967    .text               mf_w.l(dmul.o)
    0x0000777a   0x0000777a   0x000000de   Code   RO         1969    .text               mf_w.l(ddiv.o)
    0x00007858   0x00007858   0x00000030   Code   RO         1971    .text               mf_w.l(dfixul.o)
    0x00007888   0x00007888   0x00000030   Code   RO         1973    .text               mf_w.l(cdrcmple.o)
    0x000078b8   0x000078b8   0x00000024   Code   RO         1975    .text               mc_w.l(init.o)
    0x000078dc   0x000078dc   0x0000001e   Code   RO         1977    .text               mc_w.l(llshl.o)
    0x000078fa   0x000078fa   0x00000020   Code   RO         1979    .text               mc_w.l(llushr.o)
    0x0000791a   0x0000791a   0x00000024   Code   RO         1981    .text               mc_w.l(llsshr.o)
    0x0000793e   0x0000793e   0x00000002   PAD
    0x00007940   0x00007940   0x00000008   Code   RO         1983    .text               mc_w.l(ctype_o.o)
    0x00007948   0x00007948   0x0000009e   Code   RO         2011    .text               mc_w.l(_strtoul.o)
    0x000079e6   0x000079e6   0x000000ba   Code   RO         2013    .text               mf_w.l(depilogue.o)
    0x00007aa0   0x00007aa0   0x0000001c   Code   RO         2015    .text               mc_w.l(_chval.o)
    0x00007abc   0x00007abc   0x00000056   Code   RO         2025    .text               mc_w.l(__dczerorl2.o)
    0x00007b12   0x00007b12   0x00000002   PAD
    0x00007b14   0x00007b14   0x00000020   Code   RO         1900    i.__0printf         mc_w.l(printfa.o)
    0x00007b34   0x00007b34   0x00000034   Code   RO         1901    i.__0snprintf       mc_w.l(printfa.o)
    0x00007b68   0x00007b68   0x00000034   Code   RO         1905    i.__0vsnprintf      mc_w.l(printfa.o)
    0x00007b9c   0x00007b9c   0x00000008   Code   RO         1955    i.__aeabi_errno_addr  mc_w.l(errno.o)
    0x00007ba4   0x00007ba4   0x0000000e   Code   RO         2019    i.__scatterload_copy  mc_w.l(handlers.o)
    0x00007bb2   0x00007bb2   0x00000002   Code   RO         2020    i.__scatterload_null  mc_w.l(handlers.o)
    0x00007bb4   0x00007bb4   0x0000000e   Code   RO         2021    i.__scatterload_zeroinit  mc_w.l(handlers.o)
    0x00007bc2   0x00007bc2   0x00000002   PAD
    0x00007bc4   0x00007bc4   0x00000184   Code   RO         1907    i._fp_digits        mc_w.l(printfa.o)
    0x00007d48   0x00007d48   0x000006b4   Code   RO         1908    i._printf_core      mc_w.l(printfa.o)
    0x000083fc   0x000083fc   0x00000024   Code   RO         1909    i._printf_post_padding  mc_w.l(printfa.o)
    0x00008420   0x00008420   0x0000002e   Code   RO         1910    i._printf_pre_padding  mc_w.l(printfa.o)
    0x0000844e   0x0000844e   0x00000016   Code   RO         1911    i._snputc           mc_w.l(printfa.o)
    0x00008464   0x00008464   0x000000a8   Data   RO          161    .constdata          io_config.o
    0x0000850c   0x0000850c   0x00000049   Data   RO          193    .constdata          cmd_line.o
    0x00008555   0x00008555   0x0000000e   Data   RO          256    .constdata          led_board.o
    0x00008563   0x00008563   0x00000001   PAD
    0x00008564   0x00008564   0x00000008   Data   RO          594    .constdata          drv_hlw8012.o
    0x0000856c   0x0000856c   0x00000060   Data   RO         1458    .constdata          flashdb.o
    0x000085cc   0x000085cc   0x00000014   Data   RO         1489    .constdata          at_dev.o
    0x000085e0   0x000085e0   0x00000044   Data   RO         1583    .constdata          message.o
    0x00008624   0x00008624   0x00000081   Data   RO         1984    .constdata          mc_w.l(ctype_o.o)
    0x000086a5   0x000086a5   0x00000003   PAD
    0x000086a8   0x000086a8   0x00000004   Data   RO         1985    .constdata          mc_w.l(ctype_o.o)
    0x000086ac   0x000086ac   0x00000037   Data   RO          162    .conststring        io_config.o
    0x000086e3   0x000086e3   0x00000001   PAD
    0x000086e4   0x000086e4   0x00000036   Data   RO          194    .conststring        cmd_line.o
    0x0000871a   0x0000871a   0x00000002   PAD
    0x0000871c   0x0000871c   0x00000019   Data   RO          292    .conststring        task_start.o
    0x00008735   0x00008735   0x00000003   PAD
    0x00008738   0x00008738   0x00000045   Data   RO          293    .conststring        task_start.o
    0x0000877d   0x0000877d   0x00000003   PAD
    0x00008780   0x00008780   0x00000019   Data   RO          391    .conststring        task_host.o
    0x00008799   0x00008799   0x00000003   PAD
    0x0000879c   0x0000879c   0x00000019   Data   RO          428    .conststring        task_ctrl.o
    0x000087b5   0x000087b5   0x00000003   PAD
    0x000087b8   0x000087b8   0x00000019   Data   RO          466    .conststring        task_listen.o
    0x000087d1   0x000087d1   0x00000003   PAD
    0x000087d4   0x000087d4   0x000000fd   Data   RO          689    .conststring        drvp_gpio.o
    0x000088d1   0x000088d1   0x00000003   PAD
    0x000088d4   0x000088d4   0x00000079   Data   RO         1584    .conststring        message.o
    0x0000894d   0x0000894d   0x00000003   PAD
    0x00008950   0x00008950   0x00000020   Data   RO         2017    Region$$Table       anon$$obj.o


    Execution Region RW_IRAM1 (Exec base: 0x20000000, Load base: 0x00008970, Size: 0x00018db0, Max: 0x00020000, ABSOLUTE, COMPRESSED[0x00000440])

    Exec Addr    Load Addr    Size         Type   Attr      Idx    E Section Name        Object

    0x20000000   COMPRESSED   0x00000008   Data   RW          195    .data               cmd_line.o
    0x20000008   COMPRESSED   0x00000014   Data   RW          257    .data               led_board.o
    0x2000001c   COMPRESSED   0x00000004   Data   RW          258    .data               led_board.o
    0x20000020   COMPRESSED   0x0000000c   Data   RW          259    .data               led_board.o
    0x2000002c   COMPRESSED   0x00000024   Data   RW          294    .data               task_start.o
    0x20000050   COMPRESSED   0x00000008   Data   RW          295    .data               task_start.o
    0x20000058   COMPRESSED   0x00000004   Data   RW          296    .data               task_start.o
    0x2000005c   COMPRESSED   0x00000004   Data   RW          297    .data               task_start.o
    0x20000060   COMPRESSED   0x00000024   Data   RW          392    .data               task_host.o
    0x20000084   COMPRESSED   0x00000004   Data   RW          393    .data               task_host.o
    0x20000088   COMPRESSED   0x00000004   Data   RW          394    .data               task_host.o
    0x2000008c   COMPRESSED   0x00000004   Data   RW          395    .data               task_host.o
    0x20000090   COMPRESSED   0x00000024   Data   RW          429    .data               task_ctrl.o
    0x200000b4   COMPRESSED   0x00000004   Data   RW          430    .data               task_ctrl.o
    0x200000b8   COMPRESSED   0x00000004   Data   RW          431    .data               task_ctrl.o
    0x200000bc   COMPRESSED   0x00000004   Data   RW          432    .data               task_ctrl.o
    0x200000c0   COMPRESSED   0x00000024   Data   RW          467    .data               task_listen.o
    0x200000e4   COMPRESSED   0x00000004   Data   RW          468    .data               task_listen.o
    0x200000e8   COMPRESSED   0x00000004   Data   RW          469    .data               task_listen.o
    0x200000ec   COMPRESSED   0x00000004   Data   RW          470    .data               task_listen.o
    0x200000f0   COMPRESSED   0x0000000c   Data   RW          500    .data               drv_uart0.o
    0x200000fc   COMPRESSED   0x00000014   Data   RW          501    .data               drv_uart0.o
    0x20000110   COMPRESSED   0x00000004   Data   RW          502    .data               drv_uart0.o
    0x20000114   COMPRESSED   0x00000018   Data   RW          533    .data               drv_gpio.o
    0x2000012c   COMPRESSED   0x00000004   Data   RW          534    .data               drv_gpio.o
    0x20000130   COMPRESSED   0x00000010   Data   RW          551    .data               drv_loop.o
    0x20000140   COMPRESSED   0x00000004   Data   RW          552    .data               drv_loop.o
    0x20000144   COMPRESSED   0x0000000c   Data   RW          569    .data               drv_hc595.o
    0x20000150   COMPRESSED   0x00000004   Data   RW          570    .data               drv_hc595.o
    0x20000154   COMPRESSED   0x00000014   Data   RW          595    .data               drv_hlw8012.o
    0x20000168   COMPRESSED   0x00000004   Data   RW          596    .data               drv_hlw8012.o
    0x2000016c   COMPRESSED   0x00000028   Data   RW          597    .data               drv_hlw8012.o
    0x20000194   COMPRESSED   0x00000018   Data   RW          626    .data               drv_fuse.o
    0x200001ac   COMPRESSED   0x0000000c   Data   RW          627    .data               drv_fuse.o
    0x200001b8   COMPRESSED   0x00000004   Data   RW          628    .data               drv_fuse.o
    0x200001bc   COMPRESSED   0x0000000c   Data   RW          657    .data               drv_uart1.o
    0x200001c8   COMPRESSED   0x00000014   Data   RW          658    .data               drv_uart1.o
    0x200001dc   COMPRESSED   0x00000004   Data   RW          659    .data               drv_uart1.o
    0x200001e0   COMPRESSED   0x00000820   Data   RW          690    .data               drvp_gpio.o
    0x20000a00   COMPRESSED   0x00000018   Data   RW          691    .data               drvp_gpio.o
    0x20000a18   COMPRESSED   0x00000004   Data   RW          692    .data               drvp_gpio.o
    0x20000a1c   COMPRESSED   0x00000008   Data   RW          726    .data               drvp_uart0.o
    0x20000a24   COMPRESSED   0x00000028   Data   RW          727    .data               drvp_uart0.o
    0x20000a4c   COMPRESSED   0x00000004   Data   RW          728    .data               drvp_uart0.o
    0x20000a50   COMPRESSED   0x00000008   Data   RW          758    .data               drvp_uart1.o
    0x20000a58   COMPRESSED   0x00000028   Data   RW          759    .data               drvp_uart1.o
    0x20000a80   COMPRESSED   0x00000004   Data   RW          760    .data               drvp_uart1.o
    0x20000a84   COMPRESSED   0x0000003c   Data   RW          788    .data               tasks.o
    0x20000ac0   COMPRESSED   0x00000004   Data   RW          900    .data               port.o
    0x20000ac4   COMPRESSED   0x00000018   Data   RW          930    .data               heap_4.o
    0x20000adc   COMPRESSED   0x00000010   Data   RW         1143    .data               swm320_flash.o
    0x20000aec   COMPRESSED   0x00000008   Data   RW         1372    .data               system_swm320.o
    0x20000af4   COMPRESSED   0x00000004   Data   RW         1416    .data               sysprt.o
    0x20000af8   COMPRESSED   0x00000020   Data   RW         1417    .data               sysprt.o
    0x20000b18   COMPRESSED   0x00000004   Data   RW         1418    .data               sysprt.o
    0x20000b1c   COMPRESSED   0x00000010   Data   RW         1459    .data               flashdb.o
    0x20000b2c   COMPRESSED   0x00000004   Data   RW         1460    .data               flashdb.o
    0x20000b30   COMPRESSED   0x00000014   Data   RW         1490    .data               at_dev.o
    0x20000b44   COMPRESSED   0x00000004   Data   RW         1491    .data               at_dev.o
    0x20000b48   COMPRESSED   0x00000014   Data   RW         1520    .data               air_man.o
    0x20000b5c   COMPRESSED   0x00000004   Data   RW         1521    .data               air_man.o
    0x20000b60   COMPRESSED   0x00000004   Data   RW         1522    .data               air_man.o
    0x20000b64   COMPRESSED   0x0000000c   Data   RW         1551    .data               net_man.o
    0x20000b70   COMPRESSED   0x00000014   Data   RW         1552    .data               net_man.o
    0x20000b84   COMPRESSED   0x00000004   Data   RW         1553    .data               net_man.o
    0x20000b88   COMPRESSED   0x00000060   Data   RW         1585    .data               message.o
    0x20000be8   COMPRESSED   0x0000001c   Data   RW         1586    .data               message.o
    0x20000c04   COMPRESSED   0x00000004   Data   RW         1619    .data               sock_ctrl.o
    0x20000c08   COMPRESSED   0x00000014   Data   RW         1620    .data               sock_ctrl.o
    0x20000c1c   COMPRESSED   0x00000004   Data   RW         1621    .data               sock_ctrl.o
    0x20000c20   COMPRESSED   0x00000004   Data   RW         1950    .data               mc_w.l(stdout.o)
    0x20000c24   COMPRESSED   0x00000004   Data   RW         1958    .data               mc_w.l(errno.o)
    0x20000c28        -       0x00000080   Zero   RW          192    .bss                cmd_line.o
    0x20000ca8        -       0x0000000c   Zero   RW          255    .bss                led_board.o
    0x20000cb4        -       0x00000168   Zero   RW          688    .bss                drvp_gpio.o
    0x20000e1c        -       0x000000c8   Zero   RW          787    .bss                tasks.o
    0x20000ee4        -       0x00016800   Zero   RW          929    .bss                heap_4.o
    0x200176e4        -       0x00000060   Zero   RW         1457    .bss                flashdb.o
    0x20017744        -       0x00000608   Zero   RW         1582    .bss                message.o
    0x20017d4c        -       0x00000060   Zero   RW         1618    .bss                sock_ctrl.o
    0x20017dac   COMPRESSED   0x00000004   PAD
    0x20017db0        -       0x00001000   Zero   RW         1405    STACK               startup_swm320.o


==============================================================================

Image component sizes


      Code (inc. data)   RO Data    RW Data    ZI Data      Debug   Object Name

      2148        572          0         28          0       9261   air_man.o
      1332        556         20         24          0       4713   at_dev.o
      1248        468        127          8        128      27607   cmd_line.o
       308        116          0         40          0       1623   drv_fuse.o
        60          6          0         28          0       2039   drv_gpio.o
       236          4          0         16          0       2492   drv_hc595.o
       568        202          8         64          0       3258   drv_hlw8012.o
       106          0          0         20          0       2015   drv_loop.o
       292         22          0         36          0       3783   drv_uart0.o
       276         20          0         36          0       2828   drv_uart1.o
       688         44        253       2108        360      28125   drvp_gpio.o
       348         12          0         52          0       2961   drvp_uart0.o
       352         14          0         52          0       2969   drvp_uart1.o
       624        338         96         20         96       3206   flashdb.o
       380          8          0         24      92160       3412   heap_4.o
       276        116        223          0          0       2482   io_config.o
       412         18         14         36         12       3956   led_board.o
       136          0          0          0          0       1838   list.o
        28          6          0          0          0     112459   main.o
      2672       1066        189        124       1544      10379   message.o
      3984       1794          0         36          0       5558   net_man.o
       342         28          0          4          0       6992   port.o
      1518          4          0          0          0      19520   queue.o
      1516        596          0         28         96       5288   sock_ctrl.o
       156          4        328          0       4096       3336   startup_swm320.o
       152          0          0          0          0       1925   swm320_exti.o
       136         20          0         16          0       2240   swm320_flash.o
       728         30          0          0          0       4073   swm320_gpio.o
      1068         16          0          0          0       1492   swm320_port.o
       880         10          0          0          0       6025   swm320_uart.o
       416         34          0         40          0       3965   sysprt.o
       548         46          0          8          0       2170   system_swm320.o
       152         82         25         48          0       1924   task_ctrl.o
       128         20         25         48          0       1060   task_host.o
       156         70         25         48          0        950   task_listen.o
      1224        728         94         52          0       9520   task_start.o
      3504         72          0         60        200      30180   tasks.o

    ----------------------------------------------------------------------
     29104       7142       1484       3104      98696     337624   Object Totals
         0          0         32          0          0          0   (incl. Generated)
         6          0         25          0          4          0   (incl. Padding)

    ----------------------------------------------------------------------

      Code (inc. data)   RO Data    RW Data    ZI Data      Debug   Library Member Name

        86          0          0          0          0          0   __dczerorl2.o
        28          0          0          0          0         68   _chval.o
       158          0          0          0          0         92   _strtoul.o
        26          0          0          0          0         80   atoi.o
        26          0          0          0          0         80   atol.o
         8          4        133          0          0         68   ctype_o.o
         0          0          0          0          0          0   entry.o
         0          0          0          0          0          0   entry10a.o
         0          0          0          0          0          0   entry11a.o
         4          0          0          0          0          0   entry12b.o
         8          4          0          0          0          0   entry2.o
         4          0          0          0          0          0   entry5.o
         0          0          0          0          0          0   entry7b.o
         0          0          0          0          0          0   entry8b.o
         8          4          0          0          0          0   entry9a.o
         8          4          0          4          0         68   errno.o
        30          0          0          0          0          0   handlers.o
        36          8          0          0          0         68   init.o
         0          0          0          0          0          0   iusefp.o
        30          0          0          0          0         68   llshl.o
        36          0          0          0          0         68   llsshr.o
        32          0          0          0          0         68   llushr.o
        36          0          0          0          0         68   memcpya.o
        36          0          0          0          0        108   memseta.o
      2344        100          0          0          0        700   printfa.o
         0          0          0          4          0          0   stdout.o
        20          0          0          0          0         68   strchr.o
        28          0          0          0          0         76   strcmp.o
        14          0          0          0          0         68   strlen.o
        30          0          0          0          0         80   strncmp.o
        24          0          0          0          0         76   strncpy.o
        36          0          0          0          0         80   strstr.o
       112          0          0          0          0         88   strtol.o
        44          0          0          0          0         80   uidiv.o
        98          0          0          0          0         92   uldiv.o
        48          0          0          0          0         68   cdrcmple.o
       334          0          0          0          0        148   dadd.o
       222          0          0          0          0        100   ddiv.o
       186          0          0          0          0        176   depilogue.o
        48          0          0          0          0         68   dfixul.o
       228          0          0          0          0         96   dmul.o
        38          0          0          0          0         68   f2d.o

    ----------------------------------------------------------------------
      4460        124        136          8          0       3036   Library Totals
         6          0          3          0          0          0   (incl. Padding)

    ----------------------------------------------------------------------

      Code (inc. data)   RO Data    RW Data    ZI Data      Debug   Library Name

      3350        124        133          8          0       2312   mc_w.l
      1104          0          0          0          0        724   mf_w.l

    ----------------------------------------------------------------------
      4460        124        136          8          0       3036   Library Totals

    ----------------------------------------------------------------------

==============================================================================


      Code (inc. data)   RO Data    RW Data    ZI Data      Debug   

     33564       7266       1620       3112      98696     336576   Grand Totals
     33564       7266       1620       1088      98696     336576   ELF Image Totals (compressed)
     33564       7266       1620       1088          0          0   ROM Totals

==============================================================================

    Total RO  Size (Code + RO Data)                35184 (  34.36kB)
    Total RW  Size (RW Data + ZI Data)            101808 (  99.42kB)
    Total ROM Size (Code + RO Data + RW Data)      36272 (  35.42kB)

==============================================================================

